:buildSrc:compileJava NO-SOURCE
:buildSrc:compileGroovy UP-TO-DATE
:buildSrc:processResources NO-SOURCE
:buildSrc:classes UP-TO-DATE
:buildSrc:jar UP-TO-DATE
:buildSrc:assemble UP-TO-DATE
:buildSrc:compileTestJava NO-SOURCE
:buildSrc:compileTestGroovy NO-SOURCE
:buildSrc:processTestResources NO-SOURCE
:buildSrc:testClasses UP-TO-DATE
:buildSrc:test NO-SOURCE
:buildSrc:check UP-TO-DATE
:buildSrc:build UP-TO-DATE
Configuration(s) specified but the install task does not exist in project :release.
:documentation:clean
:hibernate-c3p0:clean UP-TO-DATE
:hibernate-core:clean
:hibernate-ehcache:clean UP-TO-DATE
:hibernate-enhance-maven-plugin:clean UP-TO-DATE
:hibernate-entitymanager:clean UP-TO-DATE
:hibernate-envers:clean
:hibernate-gradle-plugin:clean UP-TO-DATE
:hibernate-hikaricp:clean UP-TO-DATE
:hibernate-infinispan:clean UP-TO-DATE
:hibernate-java8:clean UP-TO-DATE
:hibernate-jcache:clean UP-TO-DATE
:hibernate-jpamodelgen:clean UP-TO-DATE
:hibernate-orm-modules:clean UP-TO-DATE
:hibernate-osgi:clean UP-TO-DATE
:hibernate-proxool:clean UP-TO-DATE
:hibernate-spatial:clean
:hibernate-testing:clean UP-TO-DATE
:release:clean
:hibernate-core:generateGrammarSource
Starting custom Antlr (v4) grammar generation
:hibernate-core:xjc
:hibernate-core:compileJava/home/aboriero/hibernate/wip60/hibernate-orm/hibernate-core/src/main/java/org/hibernate/engine/spi/SharedSessionContractImplementor.java:29: error: package org.hibernate.loader.custom does not exist
import org.hibernate.loader.custom.CustomQuery;
                                  ^
/home/aboriero/hibernate/wip60/hibernate-orm/hibernate-core/src/main/java/org/hibernate/engine/profile/FetchProfile.java:14: error: cannot find symbol
import org.hibernate.type.internal.BagType;
                                  ^
  symbol:   class BagType
  location: package org.hibernate.type.internal
/home/aboriero/hibernate/wip60/hibernate-orm/hibernate-core/src/main/java/org/hibernate/dialect/Dialect.java:1168: error: cannot find symbol
	public LockingStrategy getLockingStrategy(Lockable lockable, LockMode lockMode) {
	                                          ^
  symbol:   class Lockable
  location: class Dialect
/home/aboriero/hibernate/wip60/hibernate-orm/hibernate-core/src/main/java/org/hibernate/engine/spi/QueryParameters.java:22: error: package org.hibernate.hql.internal.classic does not exist
import org.hibernate.hql.internal.classic.ParserHelper;
                                         ^
/home/aboriero/hibernate/wip60/hibernate-orm/hibernate-core/src/main/java/org/hibernate/engine/spi/QueryParameters.java:27: error: package org.hibernate.query.internal.old does not exist
import org.hibernate.query.internal.old.QueryParameterBindingsImpl;
                                       ^
/home/aboriero/hibernate/wip60/hibernate-orm/hibernate-core/src/main/java/org/hibernate/engine/spi/QueryParameters.java:29: error: cannot find symbol
import org.hibernate.type.ComponentType;
                         ^
  symbol:   class ComponentType
  location: package org.hibernate.type
/home/aboriero/hibernate/wip60/hibernate-orm/hibernate-core/src/main/java/org/hibernate/engine/spi/SharedSessionContractImplementor.java:292: error: cannot find symbol
	List listCustomQuery(CustomQuery customQuery, QueryParameters queryParameters)
	                     ^
  symbol:   class CustomQuery
  location: interface SharedSessionContractImplementor
/home/aboriero/hibernate/wip60/hibernate-orm/hibernate-core/src/main/java/org/hibernate/engine/spi/SharedSessionContractImplementor.java:298: error: cannot find symbol
	ScrollableResultsImplementor scrollCustomQuery(CustomQuery customQuery, QueryParameters queryParameters)
	                                               ^
  symbol:   class CustomQuery
  location: interface SharedSessionContractImplementor
/home/aboriero/hibernate/wip60/hibernate-orm/hibernate-core/src/main/java/org/hibernate/boot/model/TypeContributions.java:25: error: cannot find symbol
	void contributeType(BasicType type, BasicTypeRegistry.Key key);
	                                                     ^
  symbol:   class Key
  location: class BasicTypeRegistry
/home/aboriero/hibernate/wip60/hibernate-orm/hibernate-core/src/main/java/org/hibernate/hql/spi/id/MultiTableBulkIdStrategy.java:65: error: cannot find symbol
	UpdateHandler buildUpdateHandler(SessionFactoryImplementor factory, HqlSqlWalker walker);
	                                                                    ^
  symbol:   class HqlSqlWalker
  location: interface MultiTableBulkIdStrategy
/home/aboriero/hibernate/wip60/hibernate-orm/hibernate-core/src/main/java/org/hibernate/hql/spi/id/MultiTableBulkIdStrategy.java:85: error: cannot find symbol
	DeleteHandler buildDeleteHandler(SessionFactoryImplementor factory, HqlSqlWalker walker);
	                                                                    ^
  symbol:   class HqlSqlWalker
  location: interface MultiTableBulkIdStrategy
/home/aboriero/hibernate/wip60/hibernate-orm/hibernate-core/src/main/java/org/hibernate/engine/query/spi/HQLQueryPlan.java:26: error: package org.hibernate.hql.internal does not exist
import org.hibernate.hql.internal.QuerySplitter;
                                 ^
/home/aboriero/hibernate/wip60/hibernate-orm/hibernate-core/src/main/java/org/hibernate/engine/query/spi/HQLQueryPlan.java:27: error: cannot find symbol
import org.hibernate.hql.spi.FilterTranslator;
                            ^
  symbol:   class FilterTranslator
  location: package org.hibernate.hql.spi
/home/aboriero/hibernate/wip60/hibernate-orm/hibernate-core/src/main/java/org/hibernate/engine/query/spi/HQLQueryPlan.java:28: error: cannot find symbol
import org.hibernate.hql.spi.ParameterTranslations;
                            ^
  symbol:   class ParameterTranslations
  location: package org.hibernate.hql.spi
/home/aboriero/hibernate/wip60/hibernate-orm/hibernate-core/src/main/java/org/hibernate/engine/query/spi/HQLQueryPlan.java:29: error: cannot find symbol
import org.hibernate.hql.spi.QueryTranslator;
                            ^
  symbol:   class QueryTranslator
  location: package org.hibernate.hql.spi
/home/aboriero/hibernate/wip60/hibernate-orm/hibernate-core/src/main/java/org/hibernate/engine/query/spi/HQLQueryPlan.java:30: error: cannot find symbol
import org.hibernate.hql.spi.QueryTranslatorFactory;
                            ^
  symbol:   class QueryTranslatorFactory
  location: package org.hibernate.hql.spi
/home/aboriero/hibernate/wip60/hibernate-orm/hibernate-core/src/main/java/org/hibernate/engine/spi/QueryParameters.java:243: error: cannot find symbol
			QueryParameterBindingsImpl queryParameterBindings,
			^
  symbol:   class QueryParameterBindingsImpl
  location: class QueryParameters
/home/aboriero/hibernate/wip60/hibernate-orm/hibernate-core/src/main/java/org/hibernate/sql/ast/tree/spi/expression/AggregateFunction.java:9: error: cannot find symbol
import org.hibernate.sql.ast.produce.spi.AllowableFunctionReturnType;
                                        ^
  symbol:   class AllowableFunctionReturnType
  location: package org.hibernate.sql.ast.produce.spi
/home/aboriero/hibernate/wip60/hibernate-orm/hibernate-core/src/main/java/org/hibernate/sql/ast/tree/spi/expression/NonStandardFunction.java:17: error: cannot find symbol
import org.hibernate.sql.ast.produce.spi.AllowableFunctionReturnType;
                                        ^
  symbol:   class AllowableFunctionReturnType
  location: package org.hibernate.sql.ast.produce.spi
/home/aboriero/hibernate/wip60/hibernate-orm/hibernate-core/src/main/java/org/hibernate/action/internal/EntityUpdateAction.java:32: error: cannot find symbol
import org.hibernate.type.TypeHelper;
                         ^
  symbol:   class TypeHelper
  location: package org.hibernate.type
/home/aboriero/hibernate/wip60/hibernate-orm/hibernate-core/src/main/java/org/hibernate/engine/spi/CascadingAction.java:14: error: cannot find symbol
import org.hibernate.type.CollectionType;
                         ^
  symbol:   class CollectionType
  location: package org.hibernate.type
/home/aboriero/hibernate/wip60/hibernate-orm/hibernate-core/src/main/java/org/hibernate/hql/spi/id/MultiTableBulkIdStrategy.java:51: error: cannot find symbol
		Queryable getTargetedQueryable();
		^
  symbol:   class Queryable
  location: interface UpdateHandler
/home/aboriero/hibernate/wip60/hibernate-orm/hibernate-core/src/main/java/org/hibernate/hql/spi/id/MultiTableBulkIdStrategy.java:71: error: cannot find symbol
		Queryable getTargetedQueryable();
		^
  symbol:   class Queryable
  location: interface DeleteHandler
/home/aboriero/hibernate/wip60/hibernate-orm/hibernate-core/src/main/java/org/hibernate/engine/query/spi/HQLQueryPlan.java:52: error: cannot find symbol
	private final QueryTranslator[] translators;
	              ^
  symbol:   class QueryTranslator
  location: class HQLQueryPlan
/home/aboriero/hibernate/wip60/hibernate-orm/hibernate-core/src/main/java/org/hibernate/engine/query/spi/HQLQueryPlan.java:55: error: cannot find symbol
	private final OldParameterMetadataImpl parameterMetadata;
	              ^
  symbol:   class OldParameterMetadataImpl
  location: class HQLQueryPlan
/home/aboriero/hibernate/wip60/hibernate-orm/hibernate-core/src/main/java/org/hibernate/engine/query/spi/HQLQueryPlan.java:153: error: cannot find symbol
	public OldParameterMetadataImpl getParameterMetadata() {
	       ^
  symbol:   class OldParameterMetadataImpl
  location: class HQLQueryPlan
/home/aboriero/hibernate/wip60/hibernate-orm/hibernate-core/src/main/java/org/hibernate/engine/query/spi/HQLQueryPlan.java:379: error: cannot find symbol
	private OldParameterMetadataImpl buildParameterMetadata(ParameterTranslations parameterTranslations, String hql) {
	                                                        ^
  symbol:   class ParameterTranslations
  location: class HQLQueryPlan
/home/aboriero/hibernate/wip60/hibernate-orm/hibernate-core/src/main/java/org/hibernate/engine/query/spi/HQLQueryPlan.java:379: error: cannot find symbol
	private OldParameterMetadataImpl buildParameterMetadata(ParameterTranslations parameterTranslations, String hql) {
	        ^
  symbol:   class OldParameterMetadataImpl
  location: class HQLQueryPlan
/home/aboriero/hibernate/wip60/hibernate-orm/hibernate-core/src/main/java/org/hibernate/engine/query/spi/HQLQueryPlan.java:428: error: cannot find symbol
	public QueryTranslator[] getTranslators() {
	       ^
  symbol:   class QueryTranslator
  location: class HQLQueryPlan
/home/aboriero/hibernate/wip60/hibernate-orm/hibernate-core/src/main/java/org/hibernate/engine/spi/SubselectFetch.java:16: error: package org.hibernate.persister.entity does not exist
import org.hibernate.persister.entity.Loadable;
                                     ^
/home/aboriero/hibernate/wip60/hibernate-orm/hibernate-core/src/main/java/org/hibernate/engine/spi/SubselectFetch.java:17: error: package org.hibernate.persister.entity does not exist
import org.hibernate.persister.entity.PropertyMapping;
                                     ^
/home/aboriero/hibernate/wip60/hibernate-orm/hibernate-core/src/main/java/org/hibernate/sql/ast/tree/spi/expression/AggregateFunction.java:18: error: cannot find symbol
	AllowableFunctionReturnType getType();
	^
  symbol:   class AllowableFunctionReturnType
  location: interface AggregateFunction
/home/aboriero/hibernate/wip60/hibernate-orm/hibernate-core/src/main/java/org/hibernate/sql/ast/tree/spi/expression/NonStandardFunction.java:31: error: cannot find symbol
	private final AllowableFunctionReturnType resultType;
	              ^
  symbol:   class AllowableFunctionReturnType
  location: class NonStandardFunction
/home/aboriero/hibernate/wip60/hibernate-orm/hibernate-core/src/main/java/org/hibernate/sql/ast/tree/spi/expression/NonStandardFunction.java:35: error: cannot find symbol
			AllowableFunctionReturnType resultType,
			^
  symbol:   class AllowableFunctionReturnType
  location: class NonStandardFunction
/home/aboriero/hibernate/wip60/hibernate-orm/hibernate-core/src/main/java/org/hibernate/sql/ast/tree/spi/expression/NonStandardFunction.java:62: error: cannot find symbol
	public AllowableFunctionReturnType getType() {
	       ^
  symbol:   class AllowableFunctionReturnType
  location: class NonStandardFunction
/home/aboriero/hibernate/wip60/hibernate-orm/hibernate-core/src/main/java/org/hibernate/engine/spi/CascadingAction.java:54: error: cannot find symbol
			CollectionType collectionType,
			^
  symbol:   class CollectionType
  location: interface CascadingAction
/home/aboriero/hibernate/wip60/hibernate-orm/hibernate-core/src/main/java/org/hibernate/engine/spi/SubselectFetch.java:33: error: cannot find symbol
	private final Loadable loadable;
	              ^
  symbol:   class Loadable
  location: class SubselectFetch
/home/aboriero/hibernate/wip60/hibernate-orm/hibernate-core/src/main/java/org/hibernate/engine/spi/SubselectFetch.java:59: error: cannot find symbol
			final Loadable loadable,
			      ^
  symbol:   class Loadable
  location: class SubselectFetch
/home/aboriero/hibernate/wip60/hibernate-orm/hibernate-core/src/main/java/org/hibernate/engine/spi/SubselectFetch.java:91: error: cannot find symbol
			final Loadable loadable,
			      ^
  symbol:   class Loadable
  location: class SubselectFetch
/home/aboriero/hibernate/wip60/hibernate-orm/hibernate-core/src/main/java/org/hibernate/boot/MetadataBuilder.java:301: error: cannot find symbol
	MetadataBuilder applyBasicType(org.hibernate.type.spi.BasicType type, BasicTypeRegistry.Key registryKey);
	                                                                                       ^
  symbol:   class Key
  location: class BasicTypeRegistry
/home/aboriero/hibernate/wip60/hibernate-orm/hibernate-core/src/main/java/org/hibernate/boot/internal/MetadataBuilderImpl.java:243: error: cannot find symbol
	public MetadataBuilder applyBasicType(org.hibernate.type.spi.BasicType type, BasicTypeRegistry.Key registryKey) {
	                                                                                              ^
  symbol:   class Key
  location: class BasicTypeRegistry
/home/aboriero/hibernate/wip60/hibernate-orm/hibernate-core/src/main/java/org/hibernate/boot/internal/MetadataBuilderImpl.java:265: error: cannot find symbol
	public void contributeType(org.hibernate.type.spi.BasicType type, BasicTypeRegistry.Key registryKey) {
	                                                                                   ^
  symbol:   class Key
  location: class BasicTypeRegistry
/home/aboriero/hibernate/wip60/hibernate-orm/hibernate-core/src/main/java/org/hibernate/boot/spi/BasicTypeRegistration.java:12: error: cannot find symbol
import org.hibernate.usertype.CompositeUserType;
                             ^
  symbol:   class CompositeUserType
  location: package org.hibernate.usertype
/home/aboriero/hibernate/wip60/hibernate-orm/hibernate-core/src/main/java/org/hibernate/boot/spi/BasicTypeRegistration.java:20: error: cannot find symbol
	private final BasicTypeRegistry.Key registryKey;
	                               ^
  symbol:   class Key
  location: class BasicTypeRegistry
/home/aboriero/hibernate/wip60/hibernate-orm/hibernate-core/src/main/java/org/hibernate/boot/spi/BasicTypeRegistration.java:22: error: cannot find symbol
	public BasicTypeRegistration(BasicType basicType, BasicTypeRegistry.Key registryKey) {
	                                                                   ^
  symbol:   class Key
  location: class BasicTypeRegistry
/home/aboriero/hibernate/wip60/hibernate-orm/hibernate-core/src/main/java/org/hibernate/boot/spi/BasicTypeRegistration.java:31: error: cannot find symbol
	public BasicTypeRegistration(CompositeUserType type, String[] keys) {
	                             ^
  symbol:   class CompositeUserType
  location: class BasicTypeRegistration
/home/aboriero/hibernate/wip60/hibernate-orm/hibernate-core/src/main/java/org/hibernate/boot/spi/BasicTypeRegistration.java:39: error: cannot find symbol
	public BasicTypeRegistry.Key getRegistryKey() {
	                        ^
  symbol:   class Key
  location: class BasicTypeRegistry
/home/aboriero/hibernate/wip60/hibernate-orm/hibernate-core/src/main/java/org/hibernate/boot/spi/AbstractDelegatingMetadataBuilderImplementor.java:156: error: cannot find symbol
	public MetadataBuilder applyBasicType(BasicType type, BasicTypeRegistry.Key registryKey) {
	                                                                       ^
  symbol:   class Key
  location: class BasicTypeRegistry
/home/aboriero/hibernate/wip60/hibernate-orm/hibernate-core/src/main/java/org/hibernate/proxy/ProxyFactory.java:15: error: cannot find symbol
import org.hibernate.type.spi.EmbeddedType;
                             ^
  symbol:   class EmbeddedType
  location: package org.hibernate.type.spi
/home/aboriero/hibernate/wip60/hibernate-orm/hibernate-core/src/main/java/org/hibernate/proxy/ProxyFactory.java:54: error: cannot find symbol
			EmbeddedType componentIdType) throws HibernateException;
			^
  symbol:   class EmbeddedType
  location: interface ProxyFactory
/home/aboriero/hibernate/wip60/hibernate-orm/hibernate-core/src/main/java/org/hibernate/cache/internal/OldNaturalIdCacheKey.java:18: error: cannot find symbol
import org.hibernate.type.spi.EntityType;
                             ^
  symbol:   class EntityType
  location: package org.hibernate.type.spi
/home/aboriero/hibernate/wip60/hibernate-orm/hibernate-core/src/main/java/org/hibernate/cache/internal/StandardQueryCache.java:30: error: cannot find symbol
import org.hibernate.type.TypeHelper;
                         ^
  symbol:   class TypeHelper
  location: package org.hibernate.type
/home/aboriero/hibernate/wip60/hibernate-orm/hibernate-core/src/main/java/org/hibernate/cache/spi/entry/StandardCacheEntryImpl.java:22: error: cannot find symbol
import org.hibernate.type.TypeHelper;
                         ^
  symbol:   class TypeHelper
  location: package org.hibernate.type
/home/aboriero/hibernate/wip60/hibernate-orm/hibernate-core/src/main/java/org/hibernate/cache/spi/entry/StructuredCacheEntry.java:14: error: cannot find symbol
import org.hibernate.type.TypeHelper;
                         ^
  symbol:   class TypeHelper
  location: package org.hibernate.type
/home/aboriero/hibernate/wip60/hibernate-orm/hibernate-core/src/main/java/org/hibernate/cfg/Configuration.java:57: error: cannot find symbol
import org.hibernate.type.CompositeCustomType;
                         ^
  symbol:   class CompositeCustomType
  location: package org.hibernate.type
/home/aboriero/hibernate/wip60/hibernate-orm/hibernate-core/src/main/java/org/hibernate/cfg/Configuration.java:58: error: cannot find symbol
import org.hibernate.type.CustomType;
                         ^
  symbol:   class CustomType
  location: package org.hibernate.type
/home/aboriero/hibernate/wip60/hibernate-orm/hibernate-core/src/main/java/org/hibernate/cfg/Configuration.java:60: error: cannot find symbol
import org.hibernate.usertype.CompositeUserType;
                             ^
  symbol:   class CompositeUserType
  location: package org.hibernate.usertype
/home/aboriero/hibernate/wip60/hibernate-orm/hibernate-core/src/main/java/org/hibernate/cfg/Configuration.java:342: error: cannot find symbol
	public Configuration registerTypeOverride(CompositeUserType type, String[] keys) {
	                                          ^
  symbol:   class CompositeUserType
  location: class Configuration
/home/aboriero/hibernate/wip60/hibernate-orm/hibernate-core/src/main/java/org/hibernate/criterion/AbstractEmptinessExpression.java:14: error: package org.hibernate.persister.collection does not exist
import org.hibernate.persister.collection.QueryableCollection;
                                         ^
/home/aboriero/hibernate/wip60/hibernate-orm/hibernate-core/src/main/java/org/hibernate/criterion/AbstractEmptinessExpression.java:15: error: package org.hibernate.persister.entity does not exist
import org.hibernate.persister.entity.Loadable;
                                     ^
/home/aboriero/hibernate/wip60/hibernate-orm/hibernate-core/src/main/java/org/hibernate/criterion/AbstractEmptinessExpression.java:16: error: package org.hibernate.persister.entity does not exist
import org.hibernate.persister.entity.PropertyMapping;
                                     ^
/home/aboriero/hibernate/wip60/hibernate-orm/hibernate-core/src/main/java/org/hibernate/criterion/AbstractEmptinessExpression.java:18: error: cannot find symbol
import org.hibernate.type.CollectionType;
                         ^
  symbol:   class CollectionType
  location: package org.hibernate.type
/home/aboriero/hibernate/wip60/hibernate-orm/hibernate-core/src/main/java/org/hibernate/criterion/AbstractEmptinessExpression.java:65: error: cannot find symbol
	protected QueryableCollection getQueryableCollection(
	          ^
  symbol:   class QueryableCollection
  location: class AbstractEmptinessExpression
/home/aboriero/hibernate/wip60/hibernate-orm/hibernate-core/src/main/java/org/hibernate/criterion/SubqueryExpression.java:16: error: package org.hibernate.loader.criteria does not exist
import org.hibernate.loader.criteria.CriteriaJoinWalker;
                                    ^
/home/aboriero/hibernate/wip60/hibernate-orm/hibernate-core/src/main/java/org/hibernate/criterion/SubqueryExpression.java:17: error: package org.hibernate.loader.criteria does not exist
import org.hibernate.loader.criteria.CriteriaQueryTranslator;
                                    ^
/home/aboriero/hibernate/wip60/hibernate-orm/hibernate-core/src/main/java/org/hibernate/criterion/SubqueryExpression.java:18: error: package org.hibernate.persister.entity does not exist
import org.hibernate.persister.entity.OuterJoinLoadable;
                                     ^
/home/aboriero/hibernate/wip60/hibernate-orm/hibernate-core/src/main/java/org/hibernate/criterion/SubqueryExpression.java:33: error: cannot find symbol
	private CriteriaQueryTranslator innerQuery;
	        ^
  symbol:   class CriteriaQueryTranslator
  location: class SubqueryExpression
/home/aboriero/hibernate/wip60/hibernate-orm/hibernate-core/src/main/java/org/hibernate/criterion/SizeExpression.java:14: error: package org.hibernate.persister.collection does not exist
import org.hibernate.persister.collection.QueryableCollection;
                                         ^
/home/aboriero/hibernate/wip60/hibernate-orm/hibernate-core/src/main/java/org/hibernate/criterion/SizeExpression.java:15: error: package org.hibernate.persister.entity does not exist
import org.hibernate.persister.entity.Loadable;
                                     ^
/home/aboriero/hibernate/wip60/hibernate-orm/hibernate-core/src/main/java/org/hibernate/criterion/InExpression.java:15: error: cannot find symbol
import org.hibernate.type.spi.EmbeddedType;
                             ^
  symbol:   class EmbeddedType
  location: package org.hibernate.type.spi
/home/aboriero/hibernate/wip60/hibernate-orm/hibernate-core/src/main/java/org/hibernate/criterion/Example.java:21: error: cannot find symbol
import org.hibernate.type.spi.EmbeddedType;
                             ^
  symbol:   class EmbeddedType
  location: package org.hibernate.type.spi
/home/aboriero/hibernate/wip60/hibernate-orm/hibernate-core/src/main/java/org/hibernate/criterion/Example.java:290: error: cannot find symbol
			EmbeddedType type,
			^
  symbol:   class EmbeddedType
  location: class Example
/home/aboriero/hibernate/wip60/hibernate-orm/hibernate-core/src/main/java/org/hibernate/criterion/Example.java:363: error: cannot find symbol
			EmbeddedType type,
			^
  symbol:   class EmbeddedType
  location: class Example
/home/aboriero/hibernate/wip60/hibernate-orm/hibernate-core/src/main/java/org/hibernate/dialect/FrontBaseDialect.java:19: error: package org.hibernate.persister.entity does not exist
import org.hibernate.persister.entity.Lockable;
                                     ^
/home/aboriero/hibernate/wip60/hibernate-orm/hibernate-core/src/main/java/org/hibernate/dialect/FrontBaseDialect.java:100: error: cannot find symbol
	public LockingStrategy getLockingStrategy(Lockable lockable, LockMode lockMode) {
	                                          ^
  symbol:   class Lockable
  location: class FrontBaseDialect
/home/aboriero/hibernate/wip60/hibernate-orm/hibernate-core/src/main/java/org/hibernate/dialect/MckoiDialect.java:22: error: package org.hibernate.persister.entity does not exist
import org.hibernate.persister.entity.Lockable;
                                     ^
/home/aboriero/hibernate/wip60/hibernate-orm/hibernate-core/src/main/java/org/hibernate/dialect/MckoiDialect.java:112: error: cannot find symbol
	public LockingStrategy getLockingStrategy(Lockable lockable, LockMode lockMode) {
	                                          ^
  symbol:   class Lockable
  location: class MckoiDialect
/home/aboriero/hibernate/wip60/hibernate-orm/hibernate-core/src/main/java/org/hibernate/dialect/Oracle12cDialect.java:18: error: cannot find symbol
import org.hibernate.type.MaterializedBlobType;
                         ^
  symbol:   class MaterializedBlobType
  location: package org.hibernate.type
/home/aboriero/hibernate/wip60/hibernate-orm/hibernate-core/src/main/java/org/hibernate/dialect/Oracle12cDialect.java:19: error: cannot find symbol
import org.hibernate.type.WrappedMaterializedBlobType;
                         ^
  symbol:   class WrappedMaterializedBlobType
  location: package org.hibernate.type
/home/aboriero/hibernate/wip60/hibernate-orm/hibernate-core/src/main/java/org/hibernate/dialect/PointbaseDialect.java:20: error: package org.hibernate.persister.entity does not exist
import org.hibernate.persister.entity.Lockable;
                                     ^
/home/aboriero/hibernate/wip60/hibernate-orm/hibernate-core/src/main/java/org/hibernate/dialect/PointbaseDialect.java:76: error: cannot find symbol
	public LockingStrategy getLockingStrategy(Lockable lockable, LockMode lockMode) {
	                                          ^
  symbol:   class Lockable
  location: class PointbaseDialect
/home/aboriero/hibernate/wip60/hibernate-orm/hibernate-core/src/main/java/org/hibernate/dialect/PostgreSQL82Dialect.java:15: error: cannot find symbol
import org.hibernate.type.PostgresUUIDType;
                         ^
  symbol:   class PostgresUUIDType
  location: package org.hibernate.type
/home/aboriero/hibernate/wip60/hibernate-orm/hibernate-core/src/main/java/org/hibernate/dialect/function/StandardSQLFunction.java:59: error: constructor StandardSQLFunction(String,Type) is already defined in class StandardSQLFunction
	public StandardSQLFunction(String name, org.hibernate.type.Type registeredType) {
	       ^
/home/aboriero/hibernate/wip60/hibernate-orm/hibernate-core/src/main/java/org/hibernate/dialect/lock/AbstractSelectLockingStrategy.java:11: error: package org.hibernate.persister.entity does not exist
import org.hibernate.persister.entity.Lockable;
                                     ^
/home/aboriero/hibernate/wip60/hibernate-orm/hibernate-core/src/main/java/org/hibernate/dialect/lock/AbstractSelectLockingStrategy.java:20: error: cannot find symbol
	private final Lockable lockable;
	              ^
  symbol:   class Lockable
  location: class AbstractSelectLockingStrategy
/home/aboriero/hibernate/wip60/hibernate-orm/hibernate-core/src/main/java/org/hibernate/dialect/lock/AbstractSelectLockingStrategy.java:24: error: cannot find symbol
	protected AbstractSelectLockingStrategy(Lockable lockable, LockMode lockMode) {
	                                        ^
  symbol:   class Lockable
  location: class AbstractSelectLockingStrategy
/home/aboriero/hibernate/wip60/hibernate-orm/hibernate-core/src/main/java/org/hibernate/dialect/lock/AbstractSelectLockingStrategy.java:30: error: cannot find symbol
	protected Lockable getLockable() {
	          ^
  symbol:   class Lockable
  location: class AbstractSelectLockingStrategy
/home/aboriero/hibernate/wip60/hibernate-orm/hibernate-core/src/main/java/org/hibernate/dialect/lock/OptimisticForceIncrementLockingStrategy.java:17: error: package org.hibernate.persister.entity does not exist
import org.hibernate.persister.entity.Lockable;
                                     ^
/home/aboriero/hibernate/wip60/hibernate-orm/hibernate-core/src/main/java/org/hibernate/dialect/lock/OptimisticForceIncrementLockingStrategy.java:29: error: cannot find symbol
	private final Lockable lockable;
	              ^
  symbol:   class Lockable
  location: class OptimisticForceIncrementLockingStrategy
/home/aboriero/hibernate/wip60/hibernate-orm/hibernate-core/src/main/java/org/hibernate/dialect/lock/OptimisticForceIncrementLockingStrategy.java:38: error: cannot find symbol
	public OptimisticForceIncrementLockingStrategy(Lockable lockable, LockMode lockMode) {
	                                               ^
  symbol:   class Lockable
  location: class OptimisticForceIncrementLockingStrategy
/home/aboriero/hibernate/wip60/hibernate-orm/hibernate-core/src/main/java/org/hibernate/dialect/lock/OptimisticLockingStrategy.java:18: error: package org.hibernate.persister.entity does not exist
import org.hibernate.persister.entity.Lockable;
                                     ^
/home/aboriero/hibernate/wip60/hibernate-orm/hibernate-core/src/main/java/org/hibernate/dialect/lock/OptimisticLockingStrategy.java:30: error: cannot find symbol
	private final Lockable lockable;
	              ^
  symbol:   class Lockable
  location: class OptimisticLockingStrategy
/home/aboriero/hibernate/wip60/hibernate-orm/hibernate-core/src/main/java/org/hibernate/dialect/lock/OptimisticLockingStrategy.java:39: error: cannot find symbol
	public OptimisticLockingStrategy(Lockable lockable, LockMode lockMode) {
	                                 ^
  symbol:   class Lockable
  location: class OptimisticLockingStrategy
/home/aboriero/hibernate/wip60/hibernate-orm/hibernate-core/src/main/java/org/hibernate/dialect/lock/PessimisticReadSelectLockingStrategy.java:20: error: package org.hibernate.persister.entity does not exist
import org.hibernate.persister.entity.Lockable;
                                     ^
/home/aboriero/hibernate/wip60/hibernate-orm/hibernate-core/src/main/java/org/hibernate/dialect/lock/PessimisticReadSelectLockingStrategy.java:49: error: cannot find symbol
	public PessimisticReadSelectLockingStrategy(Lockable lockable, LockMode lockMode) {
	                                            ^
  symbol:   class Lockable
  location: class PessimisticReadSelectLockingStrategy
/home/aboriero/hibernate/wip60/hibernate-orm/hibernate-core/src/main/java/org/hibernate/dialect/lock/PessimisticReadUpdateLockingStrategy.java:20: error: package org.hibernate.persister.entity does not exist
import org.hibernate.persister.entity.Lockable;
                                     ^
/home/aboriero/hibernate/wip60/hibernate-orm/hibernate-core/src/main/java/org/hibernate/dialect/lock/PessimisticReadUpdateLockingStrategy.java:43: error: cannot find symbol
	private final Lockable lockable;
	              ^
  symbol:   class Lockable
  location: class PessimisticReadUpdateLockingStrategy
/home/aboriero/hibernate/wip60/hibernate-orm/hibernate-core/src/main/java/org/hibernate/dialect/lock/PessimisticReadUpdateLockingStrategy.java:54: error: cannot find symbol
	public PessimisticReadUpdateLockingStrategy(Lockable lockable, LockMode lockMode) {
	                                            ^
  symbol:   class Lockable
  location: class PessimisticReadUpdateLockingStrategy
/home/aboriero/hibernate/wip60/hibernate-orm/hibernate-core/src/main/java/org/hibernate/dialect/lock/PessimisticWriteSelectLockingStrategy.java:20: error: package org.hibernate.persister.entity does not exist
import org.hibernate.persister.entity.Lockable;
                                     ^
/home/aboriero/hibernate/wip60/hibernate-orm/hibernate-core/src/main/java/org/hibernate/dialect/lock/PessimisticWriteSelectLockingStrategy.java:48: error: cannot find symbol
	public PessimisticWriteSelectLockingStrategy(Lockable lockable, LockMode lockMode) {
	                                             ^
  symbol:   class Lockable
  location: class PessimisticWriteSelectLockingStrategy
/home/aboriero/hibernate/wip60/hibernate-orm/hibernate-core/src/main/java/org/hibernate/dialect/lock/PessimisticWriteUpdateLockingStrategy.java:20: error: package org.hibernate.persister.entity does not exist
import org.hibernate.persister.entity.Lockable;
                                     ^
/home/aboriero/hibernate/wip60/hibernate-orm/hibernate-core/src/main/java/org/hibernate/dialect/lock/PessimisticWriteUpdateLockingStrategy.java:43: error: cannot find symbol
	private final Lockable lockable;
	              ^
  symbol:   class Lockable
  location: class PessimisticWriteUpdateLockingStrategy
/home/aboriero/hibernate/wip60/hibernate-orm/hibernate-core/src/main/java/org/hibernate/dialect/lock/PessimisticWriteUpdateLockingStrategy.java:53: error: cannot find symbol
	public PessimisticWriteUpdateLockingStrategy(Lockable lockable, LockMode lockMode) {
	                                             ^
  symbol:   class Lockable
  location: class PessimisticWriteUpdateLockingStrategy
/home/aboriero/hibernate/wip60/hibernate-orm/hibernate-core/src/main/java/org/hibernate/dialect/lock/SelectLockingStrategy.java:20: error: package org.hibernate.persister.entity does not exist
import org.hibernate.persister.entity.Lockable;
                                     ^
/home/aboriero/hibernate/wip60/hibernate-orm/hibernate-core/src/main/java/org/hibernate/dialect/lock/SelectLockingStrategy.java:43: error: cannot find symbol
	public SelectLockingStrategy(Lockable lockable, LockMode lockMode) {
	                             ^
  symbol:   class Lockable
  location: class SelectLockingStrategy
/home/aboriero/hibernate/wip60/hibernate-orm/hibernate-core/src/main/java/org/hibernate/dialect/lock/UpdateLockingStrategy.java:20: error: package org.hibernate.persister.entity does not exist
import org.hibernate.persister.entity.Lockable;
                                     ^
/home/aboriero/hibernate/wip60/hibernate-orm/hibernate-core/src/main/java/org/hibernate/dialect/lock/UpdateLockingStrategy.java:40: error: cannot find symbol
	private final Lockable lockable;
	              ^
  symbol:   class Lockable
  location: class UpdateLockingStrategy
/home/aboriero/hibernate/wip60/hibernate-orm/hibernate-core/src/main/java/org/hibernate/dialect/lock/UpdateLockingStrategy.java:51: error: cannot find symbol
	public UpdateLockingStrategy(Lockable lockable, LockMode lockMode) {
	                             ^
  symbol:   class Lockable
  location: class UpdateLockingStrategy
/home/aboriero/hibernate/wip60/hibernate-orm/hibernate-core/src/main/java/org/hibernate/dialect/lock/PessimisticForceIncrementLockingStrategy.java:16: error: package org.hibernate.persister.entity does not exist
import org.hibernate.persister.entity.Lockable;
                                     ^
/home/aboriero/hibernate/wip60/hibernate-orm/hibernate-core/src/main/java/org/hibernate/dialect/lock/PessimisticForceIncrementLockingStrategy.java:27: error: cannot find symbol
	private final Lockable lockable;
	              ^
  symbol:   class Lockable
  location: class PessimisticForceIncrementLockingStrategy
/home/aboriero/hibernate/wip60/hibernate-orm/hibernate-core/src/main/java/org/hibernate/dialect/lock/PessimisticForceIncrementLockingStrategy.java:36: error: cannot find symbol
	public PessimisticForceIncrementLockingStrategy(Lockable lockable, LockMode lockMode) {
	                                                ^
  symbol:   class Lockable
  location: class PessimisticForceIncrementLockingStrategy
/home/aboriero/hibernate/wip60/hibernate-orm/hibernate-core/src/main/java/org/hibernate/dialect/Cache71Dialect.java:45: error: package org.hibernate.persister.entity does not exist
import org.hibernate.persister.entity.Lockable;
                                     ^
/home/aboriero/hibernate/wip60/hibernate-orm/hibernate-core/src/main/java/org/hibernate/dialect/Cache71Dialect.java:517: error: cannot find symbol
	public LockingStrategy getLockingStrategy(Lockable lockable, LockMode lockMode) {
	                                          ^
  symbol:   class Lockable
  location: class Cache71Dialect
/home/aboriero/hibernate/wip60/hibernate-orm/hibernate-core/src/main/java/org/hibernate/dialect/HSQLDialect.java:50: error: package org.hibernate.persister.entity does not exist
import org.hibernate.persister.entity.Lockable;
                                     ^
/home/aboriero/hibernate/wip60/hibernate-orm/hibernate-core/src/main/java/org/hibernate/dialect/HSQLDialect.java:581: error: cannot find symbol
	public LockingStrategy getLockingStrategy(Lockable lockable, LockMode lockMode) {
	                                          ^
  symbol:   class Lockable
  location: class HSQLDialect
/home/aboriero/hibernate/wip60/hibernate-orm/hibernate-core/src/main/java/org/hibernate/dialect/HSQLDialect.java:607: error: cannot find symbol
		public ReadUncommittedLockingStrategy(Lockable lockable, LockMode lockMode) {
		                                      ^
  symbol:   class Lockable
  location: class ReadUncommittedLockingStrategy
/home/aboriero/hibernate/wip60/hibernate-orm/hibernate-core/src/main/java/org/hibernate/dialect/RDMSOS2200Dialect.java:28: error: package org.hibernate.persister.entity does not exist
import org.hibernate.persister.entity.Lockable;
                                     ^
/home/aboriero/hibernate/wip60/hibernate-orm/hibernate-core/src/main/java/org/hibernate/dialect/RDMSOS2200Dialect.java:379: error: cannot find symbol
	public LockingStrategy getLockingStrategy(Lockable lockable, LockMode lockMode) {
	                                          ^
  symbol:   class Lockable
  location: class RDMSOS2200Dialect
/home/aboriero/hibernate/wip60/hibernate-orm/hibernate-core/src/main/java/org/hibernate/dialect/TimesTenDialect.java:29: error: package org.hibernate.persister.entity does not exist
import org.hibernate.persister.entity.Lockable;
                                     ^
/home/aboriero/hibernate/wip60/hibernate-orm/hibernate-core/src/main/java/org/hibernate/dialect/TimesTenDialect.java:236: error: cannot find symbol
	public LockingStrategy getLockingStrategy(Lockable lockable, LockMode lockMode) {
	                                          ^
  symbol:   class Lockable
  location: class TimesTenDialect
/home/aboriero/hibernate/wip60/hibernate-orm/hibernate-core/src/main/java/org/hibernate/engine/internal/StatefulPersistenceContext.java:64: error: cannot find symbol
import org.hibernate.type.spi.CollectionType;
                             ^
  symbol:   class CollectionType
  location: package org.hibernate.type.spi
/home/aboriero/hibernate/wip60/hibernate-orm/hibernate-core/src/main/java/org/hibernate/engine/internal/JoinSequence.java:16: error: package org.hibernate.persister.collection does not exist
import org.hibernate.persister.collection.QueryableCollection;
                                         ^
/home/aboriero/hibernate/wip60/hibernate-orm/hibernate-core/src/main/java/org/hibernate/engine/internal/JoinSequence.java:17: error: package org.hibernate.persister.entity does not exist
import org.hibernate.persister.entity.Joinable;
                                     ^
/home/aboriero/hibernate/wip60/hibernate-orm/hibernate-core/src/main/java/org/hibernate/engine/internal/JoinSequence.java:21: error: cannot find symbol
import org.hibernate.type.spi.AssociationType;
                             ^
  symbol:   class AssociationType
  location: package org.hibernate.type.spi
/home/aboriero/hibernate/wip60/hibernate-orm/hibernate-core/src/main/java/org/hibernate/engine/internal/JoinSequence.java:44: error: cannot find symbol
	private Joinable rootJoinable;
	        ^
  symbol:   class Joinable
  location: class JoinSequence
/home/aboriero/hibernate/wip60/hibernate-orm/hibernate-core/src/main/java/org/hibernate/engine/internal/JoinSequence.java:122: error: cannot find symbol
			AssociationType associationType,
			^
  symbol:   class AssociationType
  location: class JoinSequence
/home/aboriero/hibernate/wip60/hibernate-orm/hibernate-core/src/main/java/org/hibernate/engine/internal/JoinSequence.java:380: error: cannot find symbol
	private boolean isManyToManyRoot(Joinable joinable) {
	                                 ^
  symbol:   class Joinable
  location: class JoinSequence
/home/aboriero/hibernate/wip60/hibernate-orm/hibernate-core/src/main/java/org/hibernate/engine/internal/JoinSequence.java:390: error: cannot find symbol
			Joinable joinable,
			^
  symbol:   class Joinable
  location: class JoinSequence
/home/aboriero/hibernate/wip60/hibernate-orm/hibernate-core/src/main/java/org/hibernate/engine/internal/JoinSequence.java:457: error: cannot find symbol
	public JoinSequence setRoot(Joinable joinable, String alias) {
	                            ^
  symbol:   class Joinable
  location: class JoinSequence
/home/aboriero/hibernate/wip60/hibernate-orm/hibernate-core/src/main/java/org/hibernate/engine/internal/JoinSequence.java:525: error: cannot find symbol
		private final AssociationType associationType;
		              ^
  symbol:   class AssociationType
  location: class Join
/home/aboriero/hibernate/wip60/hibernate-orm/hibernate-core/src/main/java/org/hibernate/engine/internal/JoinSequence.java:526: error: cannot find symbol
		private final Joinable joinable;
		              ^
  symbol:   class Joinable
  location: class Join
/home/aboriero/hibernate/wip60/hibernate-orm/hibernate-core/src/main/java/org/hibernate/engine/internal/JoinSequence.java:533: error: cannot find symbol
				AssociationType associationType,
				^
  symbol:   class AssociationType
  location: class Join
/home/aboriero/hibernate/wip60/hibernate-orm/hibernate-core/src/main/java/org/hibernate/engine/internal/JoinSequence.java:548: error: cannot find symbol
		public AssociationType getAssociationType() {
		       ^
  symbol:   class AssociationType
  location: class Join
/home/aboriero/hibernate/wip60/hibernate-orm/hibernate-core/src/main/java/org/hibernate/engine/internal/JoinSequence.java:552: error: cannot find symbol
		public Joinable getJoinable() {
		       ^
  symbol:   class Joinable
  location: class Join
/home/aboriero/hibernate/wip60/hibernate-orm/hibernate-core/src/main/java/org/hibernate/engine/internal/AbstractEntityEntry.java:30: error: package org.hibernate.persister.entity does not exist
import org.hibernate.persister.entity.UniqueKeyLoadable;
                                     ^
/home/aboriero/hibernate/wip60/hibernate-orm/hibernate-core/src/main/java/org/hibernate/engine/internal/Cascade.java:28: error: cannot find symbol
import org.hibernate.type.CollectionType;
                         ^
  symbol:   class CollectionType
  location: package org.hibernate.type
/home/aboriero/hibernate/wip60/hibernate-orm/hibernate-core/src/main/java/org/hibernate/engine/internal/Cascade.java:30: error: cannot find symbol
import org.hibernate.type.spi.AssociationType;
                             ^
  symbol:   class AssociationType
  location: package org.hibernate.type.spi
/home/aboriero/hibernate/wip60/hibernate-orm/hibernate-core/src/main/java/org/hibernate/engine/internal/Cascade.java:31: error: cannot find symbol
import org.hibernate.type.spi.EmbeddedType;
                             ^
  symbol:   class EmbeddedType
  location: package org.hibernate.type.spi
/home/aboriero/hibernate/wip60/hibernate-orm/hibernate-core/src/main/java/org/hibernate/engine/internal/Cascade.java:32: error: cannot find symbol
import org.hibernate.type.spi.EntityType;
                             ^
  symbol:   class EntityType
  location: package org.hibernate.type.spi
/home/aboriero/hibernate/wip60/hibernate-orm/hibernate-core/src/main/java/org/hibernate/engine/internal/Cascade.java:262: error: cannot find symbol
	private static boolean cascadeAssociationNow(final CascadePoint cascadePoint, AssociationType associationType) {
	                                                                              ^
  symbol:   class AssociationType
  location: class Cascade
/home/aboriero/hibernate/wip60/hibernate-orm/hibernate-core/src/main/java/org/hibernate/engine/internal/Cascade.java:273: error: cannot find symbol
			final EmbeddedType componentType,
			      ^
  symbol:   class EmbeddedType
  location: class Cascade
/home/aboriero/hibernate/wip60/hibernate-orm/hibernate-core/src/main/java/org/hibernate/engine/internal/Cascade.java:346: error: cannot find symbol
			final CollectionType type) {
			      ^
  symbol:   class CollectionType
  location: class Cascade
/home/aboriero/hibernate/wip60/hibernate-orm/hibernate-core/src/main/java/org/hibernate/engine/internal/Cascade.java:412: error: cannot find symbol
			final CollectionType collectionType,
			      ^
  symbol:   class CollectionType
  location: class Cascade
/home/aboriero/hibernate/wip60/hibernate-orm/hibernate-core/src/main/java/org/hibernate/engine/internal/Collections.java:24: error: cannot find symbol
import org.hibernate.type.CollectionType;
                         ^
  symbol:   class CollectionType
  location: package org.hibernate.type
/home/aboriero/hibernate/wip60/hibernate-orm/hibernate-core/src/main/java/org/hibernate/engine/internal/Collections.java:145: error: cannot find symbol
			CollectionType type,
			^
  symbol:   class CollectionType
  location: class Collections
/home/aboriero/hibernate/wip60/hibernate-orm/hibernate-core/src/main/java/org/hibernate/engine/internal/ForeignKeys.java:20: error: cannot find symbol
import org.hibernate.type.spi.EmbeddedType;
                             ^
  symbol:   class EmbeddedType
  location: package org.hibernate.type.spi
/home/aboriero/hibernate/wip60/hibernate-orm/hibernate-core/src/main/java/org/hibernate/engine/internal/ForeignKeys.java:21: error: cannot find symbol
import org.hibernate.type.spi.EntityType;
                             ^
  symbol:   class EntityType
  location: package org.hibernate.type.spi
/home/aboriero/hibernate/wip60/hibernate-orm/hibernate-core/src/main/java/org/hibernate/engine/internal/Nullability.java:17: error: cannot find symbol
import org.hibernate.type.CollectionType;
                         ^
  symbol:   class CollectionType
  location: package org.hibernate.type
/home/aboriero/hibernate/wip60/hibernate-orm/hibernate-core/src/main/java/org/hibernate/engine/internal/Nullability.java:18: error: cannot find symbol
import org.hibernate.type.spi.EmbeddedType;
                             ^
  symbol:   class EmbeddedType
  location: package org.hibernate.type.spi
/home/aboriero/hibernate/wip60/hibernate-orm/hibernate-core/src/main/java/org/hibernate/engine/internal/Nullability.java:160: error: cannot find symbol
	private String checkComponentNullability(Object value, EmbeddedType compositeType) throws HibernateException {
	                                                       ^
  symbol:   class EmbeddedType
  location: class Nullability
/home/aboriero/hibernate/wip60/hibernate-orm/hibernate-core/src/main/java/org/hibernate/engine/internal/TwoPhaseLoad.java:38: error: cannot find symbol
import org.hibernate.type.TypeHelper;
                         ^
  symbol:   class TypeHelper
  location: package org.hibernate.type
/home/aboriero/hibernate/wip60/hibernate-orm/hibernate-core/src/main/java/org/hibernate/engine/internal/JoinHelper.java:31: error: cannot find symbol
			AssociationType type,
			^
  symbol:   class AssociationType
  location: class JoinHelper
/home/aboriero/hibernate/wip60/hibernate-orm/hibernate-core/src/main/java/org/hibernate/engine/internal/JoinHelper.java:34: error: cannot find symbol
			OuterJoinLoadable lhsPersister,
			^
  symbol:   class OuterJoinLoadable
  location: class JoinHelper
/home/aboriero/hibernate/wip60/hibernate-orm/hibernate-core/src/main/java/org/hibernate/engine/internal/JoinHelper.java:35: error: cannot find symbol
			Mapping mapping) {
			^
  symbol:   class Mapping
  location: class JoinHelper
/home/aboriero/hibernate/wip60/hibernate-orm/hibernate-core/src/main/java/org/hibernate/engine/internal/JoinHelper.java:50: error: cannot find symbol
			AssociationType type,
			^
  symbol:   class AssociationType
  location: class JoinHelper
/home/aboriero/hibernate/wip60/hibernate-orm/hibernate-core/src/main/java/org/hibernate/engine/internal/JoinHelper.java:52: error: cannot find symbol
			OuterJoinLoadable lhsPersister,
			^
  symbol:   class OuterJoinLoadable
  location: class JoinHelper
/home/aboriero/hibernate/wip60/hibernate-orm/hibernate-core/src/main/java/org/hibernate/engine/internal/JoinHelper.java:53: error: cannot find symbol
			Mapping mapping) {
			^
  symbol:   class Mapping
  location: class JoinHelper
/home/aboriero/hibernate/wip60/hibernate-orm/hibernate-core/src/main/java/org/hibernate/engine/internal/JoinHelper.java:73: error: cannot find symbol
			AssociationType associationType,
			^
  symbol:   class AssociationType
  location: class JoinHelper
/home/aboriero/hibernate/wip60/hibernate-orm/hibernate-core/src/main/java/org/hibernate/engine/internal/JoinHelper.java:77: error: cannot find symbol
			OuterJoinLoadable lhsPersister,
			^
  symbol:   class OuterJoinLoadable
  location: class JoinHelper
/home/aboriero/hibernate/wip60/hibernate-orm/hibernate-core/src/main/java/org/hibernate/engine/internal/JoinHelper.java:78: error: cannot find symbol
			Mapping mapping) {
			^
  symbol:   class Mapping
  location: class JoinHelper
/home/aboriero/hibernate/wip60/hibernate-orm/hibernate-core/src/main/java/org/hibernate/engine/internal/JoinHelper.java:98: error: cannot find symbol
	private static String[] toColumns(OuterJoinLoadable persister, String columnQualifier, int propertyIndex) {
	                                  ^
  symbol:   class OuterJoinLoadable
  location: class JoinHelper
/home/aboriero/hibernate/wip60/hibernate-orm/hibernate-core/src/main/java/org/hibernate/engine/internal/JoinHelper.java:126: error: cannot find symbol
			AssociationType type,
			^
  symbol:   class AssociationType
  location: class JoinHelper
/home/aboriero/hibernate/wip60/hibernate-orm/hibernate-core/src/main/java/org/hibernate/engine/internal/JoinHelper.java:129: error: cannot find symbol
			OuterJoinLoadable lhsPersister,
			^
  symbol:   class OuterJoinLoadable
  location: class JoinHelper
/home/aboriero/hibernate/wip60/hibernate-orm/hibernate-core/src/main/java/org/hibernate/engine/internal/JoinHelper.java:130: error: cannot find symbol
			Mapping mapping) {
			^
  symbol:   class Mapping
  location: class JoinHelper
/home/aboriero/hibernate/wip60/hibernate-orm/hibernate-core/src/main/java/org/hibernate/engine/internal/JoinHelper.java:167: error: cannot find symbol
			AssociationType type,
			^
  symbol:   class AssociationType
  location: class JoinHelper
/home/aboriero/hibernate/wip60/hibernate-orm/hibernate-core/src/main/java/org/hibernate/engine/internal/JoinHelper.java:169: error: cannot find symbol
			OuterJoinLoadable lhsPersister) {
			^
  symbol:   class OuterJoinLoadable
  location: class JoinHelper
/home/aboriero/hibernate/wip60/hibernate-orm/hibernate-core/src/main/java/org/hibernate/engine/internal/JoinHelper.java:207: error: cannot find symbol
	public static String[] getRHSColumnNames(AssociationType type, SessionFactoryImplementor factory) {
	                                         ^
  symbol:   class AssociationType
  location: class JoinHelper
/home/aboriero/hibernate/wip60/hibernate-orm/hibernate-core/src/main/java/org/hibernate/engine/query/spi/NativeSQLQueryPlan.java:26: error: package org.hibernate.loader.custom does not exist
import org.hibernate.loader.custom.CustomQuery;
                                  ^
/home/aboriero/hibernate/wip60/hibernate-orm/hibernate-core/src/main/java/org/hibernate/engine/query/spi/NativeSQLQueryPlan.java:38: error: cannot find symbol
	private final CustomQuery customQuery;
	              ^
  symbol:   class CustomQuery
  location: class NativeSQLQueryPlan
/home/aboriero/hibernate/wip60/hibernate-orm/hibernate-core/src/main/java/org/hibernate/engine/query/spi/NativeSQLQueryPlan.java:46: error: cannot find symbol
	public NativeSQLQueryPlan(String sourceQuery, CustomQuery customQuery) {
	                                              ^
  symbol:   class CustomQuery
  location: class NativeSQLQueryPlan
/home/aboriero/hibernate/wip60/hibernate-orm/hibernate-core/src/main/java/org/hibernate/engine/query/spi/NativeSQLQueryPlan.java:55: error: cannot find symbol
	public CustomQuery getCustomQuery() {
	       ^
  symbol:   class CustomQuery
  location: class NativeSQLQueryPlan
/home/aboriero/hibernate/wip60/hibernate-orm/hibernate-core/src/main/java/org/hibernate/engine/query/spi/QueryPlanCache.java:30: error: package org.hibernate.query.internal.old does not exist
import org.hibernate.query.internal.old.OldParameterMetadataImpl;
                                       ^
/home/aboriero/hibernate/wip60/hibernate-orm/hibernate-core/src/main/java/org/hibernate/engine/query/spi/QueryPlanCache.java:67: error: cannot find symbol
	private final BoundedConcurrentHashMap<String,OldParameterMetadataImpl> parameterMetadataCache;
	                                              ^
  symbol:   class OldParameterMetadataImpl
  location: class QueryPlanCache
/home/aboriero/hibernate/wip60/hibernate-orm/hibernate-core/src/main/java/org/hibernate/engine/spi/CascadingActions.java:24: error: cannot find symbol
import org.hibernate.type.CollectionType;
                         ^
  symbol:   class CollectionType
  location: package org.hibernate.type
/home/aboriero/hibernate/wip60/hibernate-orm/hibernate-core/src/main/java/org/hibernate/engine/spi/CascadingActions.java:25: error: cannot find symbol
import org.hibernate.type.spi.EntityType;
                             ^
  symbol:   class EntityType
  location: package org.hibernate.type.spi
/home/aboriero/hibernate/wip60/hibernate-orm/hibernate-core/src/main/java/org/hibernate/engine/spi/CascadingActions.java:485: error: cannot find symbol
			CollectionType collectionType,
			^
  symbol:   class CollectionType
  location: class CascadingActions
/home/aboriero/hibernate/wip60/hibernate-orm/hibernate-core/src/main/java/org/hibernate/engine/spi/CascadingActions.java:496: error: cannot find symbol
			CollectionType collectionType,
			^
  symbol:   class CollectionType
  location: class CascadingActions
/home/aboriero/hibernate/wip60/hibernate-orm/hibernate-core/src/main/java/org/hibernate/engine/spi/SessionDelegatorBaseImpl.java:57: error: package org.hibernate.loader.custom does not exist
import org.hibernate.loader.custom.CustomQuery;
                                  ^
/home/aboriero/hibernate/wip60/hibernate-orm/hibernate-core/src/main/java/org/hibernate/engine/spi/SessionDelegatorBaseImpl.java:242: error: cannot find symbol
	public List listCustomQuery(CustomQuery customQuery, QueryParameters queryParameters) throws HibernateException {
	                            ^
  symbol:   class CustomQuery
  location: class SessionDelegatorBaseImpl
/home/aboriero/hibernate/wip60/hibernate-orm/hibernate-core/src/main/java/org/hibernate/engine/spi/SessionDelegatorBaseImpl.java:247: error: cannot find symbol
	public ScrollableResultsImplementor scrollCustomQuery(CustomQuery customQuery, QueryParameters queryParameters) throws HibernateException {
	                                                      ^
  symbol:   class CustomQuery
  location: class SessionDelegatorBaseImpl
/home/aboriero/hibernate/wip60/hibernate-orm/hibernate-core/src/main/java/org/hibernate/event/internal/AbstractSaveEventListener.java:40: error: cannot find symbol
import org.hibernate.type.TypeHelper;
                         ^
  symbol:   class TypeHelper
  location: package org.hibernate.type
/home/aboriero/hibernate/wip60/hibernate-orm/hibernate-core/src/main/java/org/hibernate/event/internal/AbstractReassociateEventListener.java:21: error: cannot find symbol
import org.hibernate.type.TypeHelper;
                         ^
  symbol:   class TypeHelper
  location: package org.hibernate.type
/home/aboriero/hibernate/wip60/hibernate-orm/hibernate-core/src/main/java/org/hibernate/event/internal/DirtyCollectionSearchVisitor.java:13: error: cannot find symbol
import org.hibernate.type.CollectionType;
                         ^
  symbol:   class CollectionType
  location: package org.hibernate.type
/home/aboriero/hibernate/wip60/hibernate-orm/hibernate-core/src/main/java/org/hibernate/event/internal/AbstractVisitor.java:13: error: cannot find symbol
import org.hibernate.type.CollectionType;
                         ^
  symbol:   class CollectionType
  location: package org.hibernate.type
/home/aboriero/hibernate/wip60/hibernate-orm/hibernate-core/src/main/java/org/hibernate/event/internal/AbstractVisitor.java:14: error: cannot find symbol
import org.hibernate.type.spi.EmbeddedType;
                             ^
  symbol:   class EmbeddedType
  location: package org.hibernate.type.spi
/home/aboriero/hibernate/wip60/hibernate-orm/hibernate-core/src/main/java/org/hibernate/event/internal/AbstractVisitor.java:15: error: cannot find symbol
import org.hibernate.type.spi.EntityType;
                             ^
  symbol:   class EntityType
  location: package org.hibernate.type.spi
/home/aboriero/hibernate/wip60/hibernate-orm/hibernate-core/src/main/java/org/hibernate/event/internal/DirtyCollectionSearchVisitor.java:37: error: cannot find symbol
	Object processCollection(Object collection, CollectionType type) throws HibernateException {
	                                            ^
  symbol:   class CollectionType
  location: class DirtyCollectionSearchVisitor
/home/aboriero/hibernate/wip60/hibernate-orm/hibernate-core/src/main/java/org/hibernate/event/internal/AbstractVisitor.java:83: error: cannot find symbol
	Object processComponent(Object component, EmbeddedType componentType) throws HibernateException {
	                                          ^
  symbol:   class EmbeddedType
  location: class AbstractVisitor
/home/aboriero/hibernate/wip60/hibernate-orm/hibernate-core/src/main/java/org/hibernate/event/internal/AbstractVisitor.java:139: error: cannot find symbol
	Object processCollection(Object collection, CollectionType type)
	                                            ^
  symbol:   class CollectionType
  location: class AbstractVisitor
/home/aboriero/hibernate/wip60/hibernate-orm/hibernate-core/src/main/java/org/hibernate/event/internal/AbstractVisitor.java:152: error: cannot find symbol
	Object processEntity(Object value, EntityType entityType)
	                                   ^
  symbol:   class EntityType
  location: class AbstractVisitor
/home/aboriero/hibernate/wip60/hibernate-orm/hibernate-core/src/main/java/org/hibernate/event/internal/EvictVisitor.java:17: error: cannot find symbol
import org.hibernate.type.CollectionType;
                         ^
  symbol:   class CollectionType
  location: package org.hibernate.type
/home/aboriero/hibernate/wip60/hibernate-orm/hibernate-core/src/main/java/org/hibernate/event/internal/EvictVisitor.java:34: error: cannot find symbol
	Object processCollection(Object collection, CollectionType type) throws HibernateException {
	                                            ^
  symbol:   class CollectionType
  location: class EvictVisitor
/home/aboriero/hibernate/wip60/hibernate-orm/hibernate-core/src/main/java/org/hibernate/event/internal/EvictVisitor.java:41: error: cannot find symbol
	public void evictCollection(Object value, CollectionType type) {
	                                          ^
  symbol:   class CollectionType
  location: class EvictVisitor
/home/aboriero/hibernate/wip60/hibernate-orm/hibernate-core/src/main/java/org/hibernate/event/internal/FlushVisitor.java:13: error: cannot find symbol
import org.hibernate.type.CollectionType;
                         ^
  symbol:   class CollectionType
  location: package org.hibernate.type
/home/aboriero/hibernate/wip60/hibernate-orm/hibernate-core/src/main/java/org/hibernate/event/internal/FlushVisitor.java:26: error: cannot find symbol
	Object processCollection(Object collection, CollectionType type)
	                                            ^
  symbol:   class CollectionType
  location: class FlushVisitor
/home/aboriero/hibernate/wip60/hibernate-orm/hibernate-core/src/main/java/org/hibernate/event/internal/DefaultDeleteEventListener.java:40: error: cannot find symbol
import org.hibernate.type.TypeHelper;
                         ^
  symbol:   class TypeHelper
  location: package org.hibernate.type
/home/aboriero/hibernate/wip60/hibernate-orm/hibernate-core/src/main/java/org/hibernate/event/internal/DefaultFlushEntityEventListener.java:36: error: package org.hibernate.metadata does not exist
import org.hibernate.metadata.ClassMetadata;
                             ^
/home/aboriero/hibernate/wip60/hibernate-orm/hibernate-core/src/main/java/org/hibernate/event/internal/DefaultLoadEventListener.java:47: error: cannot find symbol
import org.hibernate.type.EmbeddedComponentType;
                         ^
  symbol:   class EmbeddedComponentType
  location: package org.hibernate.type
/home/aboriero/hibernate/wip60/hibernate-orm/hibernate-core/src/main/java/org/hibernate/event/internal/DefaultLoadEventListener.java:48: error: cannot find symbol
import org.hibernate.type.spi.EntityType;
                             ^
  symbol:   class EntityType
  location: package org.hibernate.type.spi
/home/aboriero/hibernate/wip60/hibernate-orm/hibernate-core/src/main/java/org/hibernate/event/internal/DefaultLoadEventListener.java:50: error: cannot find symbol
import org.hibernate.type.TypeHelper;
                         ^
  symbol:   class TypeHelper
  location: package org.hibernate.type
/home/aboriero/hibernate/wip60/hibernate-orm/hibernate-core/src/main/java/org/hibernate/event/internal/DefaultLoadEventListener.java:174: error: cannot find symbol
			EmbeddedComponentType dependentIdType,
			^
  symbol:   class EmbeddedComponentType
  location: class DefaultLoadEventListener
/home/aboriero/hibernate/wip60/hibernate-orm/hibernate-core/src/main/java/org/hibernate/event/internal/DefaultMergeEventListener.java:42: error: cannot find symbol
import org.hibernate.type.TypeHelper;
                         ^
  symbol:   class TypeHelper
  location: package org.hibernate.type
/home/aboriero/hibernate/wip60/hibernate-orm/hibernate-core/src/main/java/org/hibernate/event/internal/OnLockVisitor.java:16: error: cannot find symbol
import org.hibernate.type.CollectionType;
                         ^
  symbol:   class CollectionType
  location: package org.hibernate.type
/home/aboriero/hibernate/wip60/hibernate-orm/hibernate-core/src/main/java/org/hibernate/event/internal/ReattachVisitor.java:18: error: cannot find symbol
import org.hibernate.type.spi.EmbeddedType;
                             ^
  symbol:   class EmbeddedType
  location: package org.hibernate.type.spi
/home/aboriero/hibernate/wip60/hibernate-orm/hibernate-core/src/main/java/org/hibernate/event/internal/ProxyVisitor.java:15: error: cannot find symbol
import org.hibernate.type.CollectionType;
                         ^
  symbol:   class CollectionType
  location: package org.hibernate.type
/home/aboriero/hibernate/wip60/hibernate-orm/hibernate-core/src/main/java/org/hibernate/event/internal/ProxyVisitor.java:16: error: cannot find symbol
import org.hibernate.type.spi.EntityType;
                             ^
  symbol:   class EntityType
  location: package org.hibernate.type.spi
/home/aboriero/hibernate/wip60/hibernate-orm/hibernate-core/src/main/java/org/hibernate/event/internal/OnLockVisitor.java:34: error: cannot find symbol
	public Object processCollection(Object collection, CollectionType type) throws HibernateException {
	                                                   ^
  symbol:   class CollectionType
  location: class OnLockVisitor
/home/aboriero/hibernate/wip60/hibernate-orm/hibernate-core/src/main/java/org/hibernate/event/internal/ReattachVisitor.java:60: error: cannot find symbol
	Object processComponent(Object component, EmbeddedType componentType) throws HibernateException {
	                                          ^
  symbol:   class EmbeddedType
  location: class ReattachVisitor
/home/aboriero/hibernate/wip60/hibernate-orm/hibernate-core/src/main/java/org/hibernate/event/internal/ProxyVisitor.java:29: error: cannot find symbol
	Object processEntity(Object value, EntityType entityType) throws HibernateException {
	                                   ^
  symbol:   class EntityType
  location: class ProxyVisitor
/home/aboriero/hibernate/wip60/hibernate-orm/hibernate-core/src/main/java/org/hibernate/event/internal/ProxyVisitor.java:65: error: cannot find symbol
	protected void reattachCollection(PersistentCollection collection, CollectionType type)
	                                                                   ^
  symbol:   class CollectionType
  location: class ProxyVisitor
/home/aboriero/hibernate/wip60/hibernate-orm/hibernate-core/src/main/java/org/hibernate/event/internal/OnReplicateVisitor.java:16: error: cannot find symbol
import org.hibernate.type.CollectionType;
                         ^
  symbol:   class CollectionType
  location: package org.hibernate.type
/home/aboriero/hibernate/wip60/hibernate-orm/hibernate-core/src/main/java/org/hibernate/event/internal/OnReplicateVisitor.java:39: error: cannot find symbol
	public Object processCollection(Object collection, CollectionType type) throws HibernateException {
	                                                   ^
  symbol:   class CollectionType
  location: class OnReplicateVisitor
/home/aboriero/hibernate/wip60/hibernate-orm/hibernate-core/src/main/java/org/hibernate/event/internal/OnUpdateVisitor.java:15: error: cannot find symbol
import org.hibernate.type.CollectionType;
                         ^
  symbol:   class CollectionType
  location: package org.hibernate.type
/home/aboriero/hibernate/wip60/hibernate-orm/hibernate-core/src/main/java/org/hibernate/event/internal/OnUpdateVisitor.java:34: error: cannot find symbol
	Object processCollection(Object collection, CollectionType type) throws HibernateException {
	                                            ^
  symbol:   class CollectionType
  location: class OnUpdateVisitor
/home/aboriero/hibernate/wip60/hibernate-orm/hibernate-core/src/main/java/org/hibernate/event/internal/WrapVisitor.java:19: error: cannot find symbol
import org.hibernate.type.CollectionType;
                         ^
  symbol:   class CollectionType
  location: package org.hibernate.type
/home/aboriero/hibernate/wip60/hibernate-orm/hibernate-core/src/main/java/org/hibernate/event/internal/WrapVisitor.java:20: error: cannot find symbol
import org.hibernate.type.spi.EmbeddedType;
                             ^
  symbol:   class EmbeddedType
  location: package org.hibernate.type.spi
/home/aboriero/hibernate/wip60/hibernate-orm/hibernate-core/src/main/java/org/hibernate/event/internal/WrapVisitor.java:42: error: cannot find symbol
	Object processCollection(Object collection, CollectionType collectionType)
	                                            ^
  symbol:   class CollectionType
  location: class WrapVisitor
/home/aboriero/hibernate/wip60/hibernate-orm/hibernate-core/src/main/java/org/hibernate/event/internal/WrapVisitor.java:61: error: cannot find symbol
	final Object processArrayOrNewCollection(Object collection, CollectionType collectionType)
	                                                            ^
  symbol:   class CollectionType
  location: class WrapVisitor
/home/aboriero/hibernate/wip60/hibernate-orm/hibernate-core/src/main/java/org/hibernate/event/internal/WrapVisitor.java:116: error: cannot find symbol
	Object processComponent(Object component, EmbeddedType componentType) throws HibernateException {
	                                          ^
  symbol:   class EmbeddedType
  location: class WrapVisitor
/home/aboriero/hibernate/wip60/hibernate-orm/hibernate-core/src/main/java/org/hibernate/hql/spi/id/global/GlobalTemporaryTableBulkIdStrategy.java:21: error: package org.hibernate.hql.internal.ast does not exist
import org.hibernate.hql.internal.ast.HqlSqlWalker;
                                     ^
/home/aboriero/hibernate/wip60/hibernate-orm/hibernate-core/src/main/java/org/hibernate/hql/spi/id/global/GlobalTemporaryTableBulkIdStrategy.java:22: error: package org.hibernate.hql.internal.ast.tree does not exist
import org.hibernate.hql.internal.ast.tree.DeleteStatement;
                                          ^
/home/aboriero/hibernate/wip60/hibernate-orm/hibernate-core/src/main/java/org/hibernate/hql/spi/id/global/GlobalTemporaryTableBulkIdStrategy.java:23: error: package org.hibernate.hql.internal.ast.tree does not exist
import org.hibernate.hql.internal.ast.tree.FromElement;
                                          ^
/home/aboriero/hibernate/wip60/hibernate-orm/hibernate-core/src/main/java/org/hibernate/hql/spi/id/global/GlobalTemporaryTableBulkIdStrategy.java:24: error: package org.hibernate.hql.internal.ast.tree does not exist
import org.hibernate.hql.internal.ast.tree.UpdateStatement;
                                          ^
/home/aboriero/hibernate/wip60/hibernate-orm/hibernate-core/src/main/java/org/hibernate/hql/spi/id/global/GlobalTemporaryTableBulkIdStrategy.java:35: error: package org.hibernate.persister.entity does not exist
import org.hibernate.persister.entity.Queryable;
                                     ^
/home/aboriero/hibernate/wip60/hibernate-orm/hibernate-core/src/main/java/org/hibernate/hql/spi/id/AbstractMultiTableBulkIdStrategyImpl.java:25: error: package org.hibernate.persister.entity does not exist
import org.hibernate.persister.entity.Queryable;
                                     ^
/home/aboriero/hibernate/wip60/hibernate-orm/hibernate-core/src/main/java/org/hibernate/hql/spi/id/global/GlobalTemporaryTableBulkIdStrategy.java:148: error: cannot find symbol
	public UpdateHandler buildUpdateHandler(SessionFactoryImplementor factory, HqlSqlWalker walker) {
	                                                                           ^
  symbol:   class HqlSqlWalker
  location: class GlobalTemporaryTableBulkIdStrategy
/home/aboriero/hibernate/wip60/hibernate-orm/hibernate-core/src/main/java/org/hibernate/hql/spi/id/global/GlobalTemporaryTableBulkIdStrategy.java:187: error: cannot find symbol
	public DeleteHandler buildDeleteHandler(SessionFactoryImplementor factory, HqlSqlWalker walker) {
	                                                                           ^
  symbol:   class HqlSqlWalker
  location: class GlobalTemporaryTableBulkIdStrategy
/home/aboriero/hibernate/wip60/hibernate-orm/hibernate-core/src/main/java/org/hibernate/hql/spi/id/AbstractMultiTableBulkIdStrategyImpl.java:179: error: cannot find symbol
	protected TT getIdTableInfo(Queryable targetedPersister) {
	                            ^
  symbol:   class Queryable
  location: class AbstractMultiTableBulkIdStrategyImpl<TT,CT>
  where TT,CT are type-variables:
    TT extends IdTableInfo declared in class AbstractMultiTableBulkIdStrategyImpl
    CT extends PreparationContext declared in class AbstractMultiTableBulkIdStrategyImpl
/home/aboriero/hibernate/wip60/hibernate-orm/hibernate-core/src/main/java/org/hibernate/hql/spi/id/local/LocalTemporaryTableBulkIdStrategy.java:17: error: package org.hibernate.hql.internal.ast does not exist
import org.hibernate.hql.internal.ast.HqlSqlWalker;
                                     ^
/home/aboriero/hibernate/wip60/hibernate-orm/hibernate-core/src/main/java/org/hibernate/hql/spi/id/local/LocalTemporaryTableBulkIdStrategy.java:18: error: package org.hibernate.hql.internal.ast.tree does not exist
import org.hibernate.hql.internal.ast.tree.DeleteStatement;
                                          ^
/home/aboriero/hibernate/wip60/hibernate-orm/hibernate-core/src/main/java/org/hibernate/hql/spi/id/local/LocalTemporaryTableBulkIdStrategy.java:19: error: package org.hibernate.hql.internal.ast.tree does not exist
import org.hibernate.hql.internal.ast.tree.FromElement;
                                          ^
/home/aboriero/hibernate/wip60/hibernate-orm/hibernate-core/src/main/java/org/hibernate/hql/spi/id/local/LocalTemporaryTableBulkIdStrategy.java:20: error: package org.hibernate.hql.internal.ast.tree does not exist
import org.hibernate.hql.internal.ast.tree.UpdateStatement;
                                          ^
/home/aboriero/hibernate/wip60/hibernate-orm/hibernate-core/src/main/java/org/hibernate/hql/spi/id/local/LocalTemporaryTableBulkIdStrategy.java:30: error: package org.hibernate.persister.entity does not exist
import org.hibernate.persister.entity.Queryable;
                                     ^
/home/aboriero/hibernate/wip60/hibernate-orm/hibernate-core/src/main/java/org/hibernate/hql/spi/id/local/LocalTemporaryTableBulkIdStrategy.java:98: error: cannot find symbol
	public UpdateHandler buildUpdateHandler(SessionFactoryImplementor factory, HqlSqlWalker walker) {
	                                                                           ^
  symbol:   class HqlSqlWalker
  location: class LocalTemporaryTableBulkIdStrategy
/home/aboriero/hibernate/wip60/hibernate-orm/hibernate-core/src/main/java/org/hibernate/hql/spi/id/local/LocalTemporaryTableBulkIdStrategy.java:129: error: cannot find symbol
	public DeleteHandler buildDeleteHandler(SessionFactoryImplementor factory, HqlSqlWalker walker) {
	                                                                           ^
  symbol:   class HqlSqlWalker
  location: class LocalTemporaryTableBulkIdStrategy
/home/aboriero/hibernate/wip60/hibernate-orm/hibernate-core/src/main/java/org/hibernate/hql/spi/id/persistent/DeleteHandlerImpl.java:15: error: package org.hibernate.hql.internal.ast does not exist
import org.hibernate.hql.internal.ast.HqlSqlWalker;
                                     ^
/home/aboriero/hibernate/wip60/hibernate-orm/hibernate-core/src/main/java/org/hibernate/hql/spi/id/persistent/DeleteHandlerImpl.java:18: error: package org.hibernate.persister.entity does not exist
import org.hibernate.persister.entity.Queryable;
                                     ^
/home/aboriero/hibernate/wip60/hibernate-orm/hibernate-core/src/main/java/org/hibernate/hql/spi/id/persistent/Helper.java:15: error: cannot find symbol
import org.hibernate.type.UUIDCharType;
                         ^
  symbol:   class UUIDCharType
  location: package org.hibernate.type
/home/aboriero/hibernate/wip60/hibernate-orm/hibernate-core/src/main/java/org/hibernate/hql/spi/id/TableBasedDeleteHandlerImpl.java:17: error: package org.hibernate.hql.internal.ast does not exist
import org.hibernate.hql.internal.ast.HqlSqlWalker;
                                     ^
/home/aboriero/hibernate/wip60/hibernate-orm/hibernate-core/src/main/java/org/hibernate/hql/spi/id/TableBasedDeleteHandlerImpl.java:18: error: package org.hibernate.hql.internal.ast.tree does not exist
import org.hibernate.hql.internal.ast.tree.DeleteStatement;
                                          ^
/home/aboriero/hibernate/wip60/hibernate-orm/hibernate-core/src/main/java/org/hibernate/hql/spi/id/TableBasedDeleteHandlerImpl.java:19: error: package org.hibernate.hql.internal.ast.tree does not exist
import org.hibernate.hql.internal.ast.tree.FromElement;
                                          ^
/home/aboriero/hibernate/wip60/hibernate-orm/hibernate-core/src/main/java/org/hibernate/hql/spi/id/TableBasedDeleteHandlerImpl.java:22: error: package org.hibernate.persister.collection does not exist
import org.hibernate.persister.collection.AbstractCollectionPersister;
                                         ^
/home/aboriero/hibernate/wip60/hibernate-orm/hibernate-core/src/main/java/org/hibernate/hql/spi/id/TableBasedDeleteHandlerImpl.java:23: error: package org.hibernate.persister.entity does not exist
import org.hibernate.persister.entity.Queryable;
                                     ^
/home/aboriero/hibernate/wip60/hibernate-orm/hibernate-core/src/main/java/org/hibernate/hql/spi/id/TableBasedDeleteHandlerImpl.java:25: error: cannot find symbol
import org.hibernate.type.CollectionType;
                         ^
  symbol:   class CollectionType
  location: package org.hibernate.type
/home/aboriero/hibernate/wip60/hibernate-orm/hibernate-core/src/main/java/org/hibernate/hql/spi/id/AbstractTableBasedBulkIdHandler.java:16: error: package org.hibernate.hql.internal.ast does not exist
import org.hibernate.hql.internal.ast.HqlSqlWalker;
                                     ^
/home/aboriero/hibernate/wip60/hibernate-orm/hibernate-core/src/main/java/org/hibernate/hql/spi/id/AbstractTableBasedBulkIdHandler.java:17: error: package org.hibernate.hql.internal.ast does not exist
import org.hibernate.hql.internal.ast.SqlGenerator;
                                     ^
/home/aboriero/hibernate/wip60/hibernate-orm/hibernate-core/src/main/java/org/hibernate/hql/spi/id/AbstractTableBasedBulkIdHandler.java:20: error: package org.hibernate.persister.entity does not exist
import org.hibernate.persister.entity.Queryable;
                                     ^
/home/aboriero/hibernate/wip60/hibernate-orm/hibernate-core/src/main/java/org/hibernate/hql/spi/id/AbstractTableBasedBulkIdHandler.java:25: error: package antlr does not exist
import antlr.RecognitionException;
            ^
/home/aboriero/hibernate/wip60/hibernate-orm/hibernate-core/src/main/java/org/hibernate/hql/spi/id/AbstractTableBasedBulkIdHandler.java:26: error: package antlr.collections does not exist
import antlr.collections.AST;
                        ^
/home/aboriero/hibernate/wip60/hibernate-orm/hibernate-core/src/main/java/org/hibernate/hql/spi/id/persistent/DeleteHandlerImpl.java:31: error: cannot find symbol
			HqlSqlWalker walker,
			^
  symbol:   class HqlSqlWalker
  location: class DeleteHandlerImpl
/home/aboriero/hibernate/wip60/hibernate-orm/hibernate-core/src/main/java/org/hibernate/hql/spi/id/persistent/DeleteHandlerImpl.java:43: error: cannot find symbol
	protected String generateIdSubselect(Queryable persister, IdTableInfo idTableInfo) {
	                                     ^
  symbol:   class Queryable
  location: class DeleteHandlerImpl
/home/aboriero/hibernate/wip60/hibernate-orm/hibernate-core/src/main/java/org/hibernate/hql/spi/id/persistent/DeleteHandlerImpl.java:59: error: cannot find symbol
	protected void releaseFromUse(Queryable persister, SharedSessionContractImplementor session) {
	                              ^
  symbol:   class Queryable
  location: class DeleteHandlerImpl
/home/aboriero/hibernate/wip60/hibernate-orm/hibernate-core/src/main/java/org/hibernate/hql/spi/id/TableBasedDeleteHandlerImpl.java:38: error: cannot find symbol
	private final Queryable targetedPersister;
	              ^
  symbol:   class Queryable
  location: class TableBasedDeleteHandlerImpl
/home/aboriero/hibernate/wip60/hibernate-orm/hibernate-core/src/main/java/org/hibernate/hql/spi/id/TableBasedDeleteHandlerImpl.java:46: error: cannot find symbol
			HqlSqlWalker walker,
			^
  symbol:   class HqlSqlWalker
  location: class TableBasedDeleteHandlerImpl
/home/aboriero/hibernate/wip60/hibernate-orm/hibernate-core/src/main/java/org/hibernate/hql/spi/id/TableBasedDeleteHandlerImpl.java:99: error: cannot find symbol
	public Queryable getTargetedQueryable() {
	       ^
  symbol:   class Queryable
  location: class TableBasedDeleteHandlerImpl
/home/aboriero/hibernate/wip60/hibernate-orm/hibernate-core/src/main/java/org/hibernate/hql/spi/id/AbstractTableBasedBulkIdHandler.java:43: error: cannot find symbol
	private final HqlSqlWalker walker;
	              ^
  symbol:   class HqlSqlWalker
  location: class AbstractTableBasedBulkIdHandler
/home/aboriero/hibernate/wip60/hibernate-orm/hibernate-core/src/main/java/org/hibernate/hql/spi/id/AbstractTableBasedBulkIdHandler.java:47: error: cannot find symbol
			HqlSqlWalker walker) {
			^
  symbol:   class HqlSqlWalker
  location: class AbstractTableBasedBulkIdHandler
/home/aboriero/hibernate/wip60/hibernate-orm/hibernate-core/src/main/java/org/hibernate/hql/spi/id/AbstractTableBasedBulkIdHandler.java:56: error: cannot find symbol
	protected HqlSqlWalker walker() {
	          ^
  symbol:   class HqlSqlWalker
  location: class AbstractTableBasedBulkIdHandler
/home/aboriero/hibernate/wip60/hibernate-orm/hibernate-core/src/main/java/org/hibernate/hql/spi/id/AbstractTableBasedBulkIdHandler.java:60: error: cannot find symbol
	public abstract Queryable getTargetedQueryable();
	                ^
  symbol:   class Queryable
  location: class AbstractTableBasedBulkIdHandler
/home/aboriero/hibernate/wip60/hibernate-orm/hibernate-core/src/main/java/org/hibernate/hql/spi/id/AbstractTableBasedBulkIdHandler.java:94: error: cannot find symbol
	protected ProcessedWhereClause processWhereClause(AST whereClause) {
	                                                  ^
  symbol:   class AST
  location: class AbstractTableBasedBulkIdHandler
/home/aboriero/hibernate/wip60/hibernate-orm/hibernate-core/src/main/java/org/hibernate/hql/spi/id/AbstractTableBasedBulkIdHandler.java:183: error: cannot find symbol
	protected String generateIdSubselect(Queryable persister, IdTableInfo idTableInfo) {
	                                     ^
  symbol:   class Queryable
  location: class AbstractTableBasedBulkIdHandler
/home/aboriero/hibernate/wip60/hibernate-orm/hibernate-core/src/main/java/org/hibernate/hql/spi/id/AbstractTableBasedBulkIdHandler.java:188: error: cannot find symbol
	protected void prepareForUse(Queryable persister, SharedSessionContractImplementor session) {
	                             ^
  symbol:   class Queryable
  location: class AbstractTableBasedBulkIdHandler
/home/aboriero/hibernate/wip60/hibernate-orm/hibernate-core/src/main/java/org/hibernate/hql/spi/id/AbstractTableBasedBulkIdHandler.java:191: error: cannot find symbol
	protected void releaseFromUse(Queryable persister, SharedSessionContractImplementor session) {
	                              ^
  symbol:   class Queryable
  location: class AbstractTableBasedBulkIdHandler
/home/aboriero/hibernate/wip60/hibernate-orm/hibernate-core/src/main/java/org/hibernate/hql/spi/id/persistent/UpdateHandlerImpl.java:15: error: package org.hibernate.hql.internal.ast does not exist
import org.hibernate.hql.internal.ast.HqlSqlWalker;
                                     ^
/home/aboriero/hibernate/wip60/hibernate-orm/hibernate-core/src/main/java/org/hibernate/hql/spi/id/persistent/UpdateHandlerImpl.java:18: error: package org.hibernate.persister.entity does not exist
import org.hibernate.persister.entity.Queryable;
                                     ^
/home/aboriero/hibernate/wip60/hibernate-orm/hibernate-core/src/main/java/org/hibernate/hql/spi/id/TableBasedUpdateHandlerImpl.java:19: error: package org.hibernate.hql.internal.ast does not exist
import org.hibernate.hql.internal.ast.HqlSqlWalker;
                                     ^
/home/aboriero/hibernate/wip60/hibernate-orm/hibernate-core/src/main/java/org/hibernate/hql/spi/id/TableBasedUpdateHandlerImpl.java:20: error: package org.hibernate.hql.internal.ast.tree does not exist
import org.hibernate.hql.internal.ast.tree.AssignmentSpecification;
                                          ^
/home/aboriero/hibernate/wip60/hibernate-orm/hibernate-core/src/main/java/org/hibernate/hql/spi/id/TableBasedUpdateHandlerImpl.java:21: error: package org.hibernate.hql.internal.ast.tree does not exist
import org.hibernate.hql.internal.ast.tree.FromElement;
                                          ^
/home/aboriero/hibernate/wip60/hibernate-orm/hibernate-core/src/main/java/org/hibernate/hql/spi/id/TableBasedUpdateHandlerImpl.java:22: error: package org.hibernate.hql.internal.ast.tree does not exist
import org.hibernate.hql.internal.ast.tree.UpdateStatement;
                                          ^
/home/aboriero/hibernate/wip60/hibernate-orm/hibernate-core/src/main/java/org/hibernate/hql/spi/id/TableBasedUpdateHandlerImpl.java:25: error: package org.hibernate.persister.entity does not exist
import org.hibernate.persister.entity.Queryable;
                                     ^
/home/aboriero/hibernate/wip60/hibernate-orm/hibernate-core/src/main/java/org/hibernate/hql/spi/id/persistent/UpdateHandlerImpl.java:31: error: cannot find symbol
			HqlSqlWalker walker,
			^
  symbol:   class HqlSqlWalker
  location: class UpdateHandlerImpl
/home/aboriero/hibernate/wip60/hibernate-orm/hibernate-core/src/main/java/org/hibernate/hql/spi/id/persistent/UpdateHandlerImpl.java:43: error: cannot find symbol
	protected String generateIdSubselect(Queryable persister, IdTableInfo idTableInfo) {
	                                     ^
  symbol:   class Queryable
  location: class UpdateHandlerImpl
/home/aboriero/hibernate/wip60/hibernate-orm/hibernate-core/src/main/java/org/hibernate/hql/spi/id/persistent/UpdateHandlerImpl.java:59: error: cannot find symbol
	protected void releaseFromUse(Queryable persister, SharedSessionContractImplementor session) {
	                              ^
  symbol:   class Queryable
  location: class UpdateHandlerImpl
/home/aboriero/hibernate/wip60/hibernate-orm/hibernate-core/src/main/java/org/hibernate/hql/spi/id/TableBasedUpdateHandlerImpl.java:39: error: cannot find symbol
	private final Queryable targetedPersister;
	              ^
  symbol:   class Queryable
  location: class TableBasedUpdateHandlerImpl
/home/aboriero/hibernate/wip60/hibernate-orm/hibernate-core/src/main/java/org/hibernate/hql/spi/id/TableBasedUpdateHandlerImpl.java:50: error: cannot find symbol
			HqlSqlWalker walker,
			^
  symbol:   class HqlSqlWalker
  location: class TableBasedUpdateHandlerImpl
/home/aboriero/hibernate/wip60/hibernate-orm/hibernate-core/src/main/java/org/hibernate/hql/spi/id/TableBasedUpdateHandlerImpl.java:100: error: cannot find symbol
	public Queryable getTargetedQueryable() {
	       ^
  symbol:   class Queryable
  location: class TableBasedUpdateHandlerImpl
/home/aboriero/hibernate/wip60/hibernate-orm/hibernate-core/src/main/java/org/hibernate/hql/spi/id/persistent/PersistentTableBulkIdStrategy.java:22: error: package org.hibernate.hql.internal.ast does not exist
import org.hibernate.hql.internal.ast.HqlSqlWalker;
                                     ^
/home/aboriero/hibernate/wip60/hibernate-orm/hibernate-core/src/main/java/org/hibernate/hql/spi/id/persistent/PersistentTableBulkIdStrategy.java:23: error: package org.hibernate.hql.internal.ast.tree does not exist
import org.hibernate.hql.internal.ast.tree.DeleteStatement;
                                          ^
/home/aboriero/hibernate/wip60/hibernate-orm/hibernate-core/src/main/java/org/hibernate/hql/spi/id/persistent/PersistentTableBulkIdStrategy.java:24: error: package org.hibernate.hql.internal.ast.tree does not exist
import org.hibernate.hql.internal.ast.tree.FromElement;
                                          ^
/home/aboriero/hibernate/wip60/hibernate-orm/hibernate-core/src/main/java/org/hibernate/hql/spi/id/persistent/PersistentTableBulkIdStrategy.java:25: error: package org.hibernate.hql.internal.ast.tree does not exist
import org.hibernate.hql.internal.ast.tree.UpdateStatement;
                                          ^
/home/aboriero/hibernate/wip60/hibernate-orm/hibernate-core/src/main/java/org/hibernate/hql/spi/id/persistent/PersistentTableBulkIdStrategy.java:34: error: package org.hibernate.persister.entity does not exist
import org.hibernate.persister.entity.Queryable;
                                     ^
/home/aboriero/hibernate/wip60/hibernate-orm/hibernate-core/src/main/java/org/hibernate/hql/spi/id/persistent/PersistentTableBulkIdStrategy.java:156: error: cannot find symbol
	public UpdateHandler buildUpdateHandler(SessionFactoryImplementor factory, HqlSqlWalker walker) {
	                                                                           ^
  symbol:   class HqlSqlWalker
  location: class PersistentTableBulkIdStrategy
/home/aboriero/hibernate/wip60/hibernate-orm/hibernate-core/src/main/java/org/hibernate/hql/spi/id/persistent/PersistentTableBulkIdStrategy.java:170: error: cannot find symbol
	public DeleteHandler buildDeleteHandler(SessionFactoryImplementor factory, HqlSqlWalker walker) {
	                                                                           ^
  symbol:   class HqlSqlWalker
  location: class PersistentTableBulkIdStrategy
/home/aboriero/hibernate/wip60/hibernate-orm/hibernate-core/src/main/java/org/hibernate/id/IdentifierGeneratorHelper.java:22: error: cannot find symbol
import org.hibernate.type.CustomType;
                         ^
  symbol:   class CustomType
  location: package org.hibernate.type
/home/aboriero/hibernate/wip60/hibernate-orm/hibernate-core/src/main/java/org/hibernate/internal/DynamicFilterAliasGenerator.java:9: error: package org.hibernate.persister.entity does not exist
import org.hibernate.persister.entity.AbstractEntityPersister;
                                     ^
/home/aboriero/hibernate/wip60/hibernate-orm/hibernate-core/src/main/java/org/hibernate/internal/FilterConfiguration.java:15: error: package org.hibernate.persister.entity does not exist
import org.hibernate.persister.entity.Joinable;
                                     ^
/home/aboriero/hibernate/wip60/hibernate-orm/hibernate-core/src/main/java/org/hibernate/internal/ScrollableResultsImpl.java:18: error: package org.hibernate.hql.internal does not exist
import org.hibernate.hql.internal.HolderInstantiator;
                                 ^
/home/aboriero/hibernate/wip60/hibernate-orm/hibernate-core/src/main/java/org/hibernate/internal/ScrollableResultsImpl.java:19: error: cannot find symbol
import org.hibernate.loader.Loader;
                           ^
  symbol:   class Loader
  location: package org.hibernate.loader
/home/aboriero/hibernate/wip60/hibernate-orm/hibernate-core/src/main/java/org/hibernate/internal/AbstractScrollableResults.java:23: error: package org.hibernate.hql.internal does not exist
import org.hibernate.hql.internal.HolderInstantiator;
                                 ^
/home/aboriero/hibernate/wip60/hibernate-orm/hibernate-core/src/main/java/org/hibernate/internal/AbstractScrollableResults.java:24: error: cannot find symbol
import org.hibernate.loader.Loader;
                           ^
  symbol:   class Loader
  location: package org.hibernate.loader
/home/aboriero/hibernate/wip60/hibernate-orm/hibernate-core/src/main/java/org/hibernate/internal/ScrollableResultsImpl.java:45: error: cannot find symbol
			Loader loader,
			^
  symbol:   class Loader
  location: class ScrollableResultsImpl
/home/aboriero/hibernate/wip60/hibernate-orm/hibernate-core/src/main/java/org/hibernate/internal/ScrollableResultsImpl.java:47: error: cannot find symbol
			Type[] types, HolderInstantiator holderInstantiator) {
			              ^
  symbol:   class HolderInstantiator
  location: class ScrollableResultsImpl
/home/aboriero/hibernate/wip60/hibernate-orm/hibernate-core/src/main/java/org/hibernate/internal/AbstractScrollableResults.java:40: error: cannot find symbol
	private final Loader loader;
	              ^
  symbol:   class Loader
  location: class AbstractScrollableResults
/home/aboriero/hibernate/wip60/hibernate-orm/hibernate-core/src/main/java/org/hibernate/internal/AbstractScrollableResults.java:43: error: cannot find symbol
	private HolderInstantiator holderInstantiator;
	        ^
  symbol:   class HolderInstantiator
  location: class AbstractScrollableResults
/home/aboriero/hibernate/wip60/hibernate-orm/hibernate-core/src/main/java/org/hibernate/internal/AbstractScrollableResults.java:50: error: cannot find symbol
			Loader loader,
			^
  symbol:   class Loader
  location: class AbstractScrollableResults
/home/aboriero/hibernate/wip60/hibernate-orm/hibernate-core/src/main/java/org/hibernate/internal/AbstractScrollableResults.java:53: error: cannot find symbol
			HolderInstantiator holderInstantiator) {
			^
  symbol:   class HolderInstantiator
  location: class AbstractScrollableResults
/home/aboriero/hibernate/wip60/hibernate-orm/hibernate-core/src/main/java/org/hibernate/internal/AbstractScrollableResults.java:79: error: cannot find symbol
	protected Loader getLoader() {
	          ^
  symbol:   class Loader
  location: class AbstractScrollableResults
/home/aboriero/hibernate/wip60/hibernate-orm/hibernate-core/src/main/java/org/hibernate/internal/AbstractScrollableResults.java:91: error: cannot find symbol
	protected HolderInstantiator getHolderInstantiator() {
	          ^
  symbol:   class HolderInstantiator
  location: class AbstractScrollableResults
/home/aboriero/hibernate/wip60/hibernate-orm/hibernate-core/src/main/java/org/hibernate/internal/FetchingScrollableResultsImpl.java:16: error: package org.hibernate.hql.internal does not exist
import org.hibernate.hql.internal.HolderInstantiator;
                                 ^
/home/aboriero/hibernate/wip60/hibernate-orm/hibernate-core/src/main/java/org/hibernate/internal/FetchingScrollableResultsImpl.java:17: error: cannot find symbol
import org.hibernate.loader.Loader;
                           ^
  symbol:   class Loader
  location: package org.hibernate.loader
/home/aboriero/hibernate/wip60/hibernate-orm/hibernate-core/src/main/java/org/hibernate/internal/FetchingScrollableResultsImpl.java:45: error: cannot find symbol
			Loader loader,
			^
  symbol:   class Loader
  location: class FetchingScrollableResultsImpl
/home/aboriero/hibernate/wip60/hibernate-orm/hibernate-core/src/main/java/org/hibernate/internal/FetchingScrollableResultsImpl.java:48: error: cannot find symbol
			HolderInstantiator holderInstantiator) {
			^
  symbol:   class HolderInstantiator
  location: class FetchingScrollableResultsImpl
/home/aboriero/hibernate/wip60/hibernate-orm/hibernate-core/src/main/java/org/hibernate/internal/IteratorImpl.java:18: error: package org.hibernate.hql.internal does not exist
import org.hibernate.hql.internal.HolderInstantiator;
                                 ^
/home/aboriero/hibernate/wip60/hibernate-orm/hibernate-core/src/main/java/org/hibernate/internal/IteratorImpl.java:19: error: cannot find symbol
import org.hibernate.type.spi.EntityType;
                             ^
  symbol:   class EntityType
  location: package org.hibernate.type.spi
/home/aboriero/hibernate/wip60/hibernate-orm/hibernate-core/src/main/java/org/hibernate/internal/IteratorImpl.java:40: error: cannot find symbol
	private HolderInstantiator holderInstantiator;
	        ^
  symbol:   class HolderInstantiator
  location: class IteratorImpl
/home/aboriero/hibernate/wip60/hibernate-orm/hibernate-core/src/main/java/org/hibernate/internal/IteratorImpl.java:49: error: cannot find symbol
			HolderInstantiator holderInstantiator) throws HibernateException, SQLException {
			^
  symbol:   class HolderInstantiator
  location: class IteratorImpl
/home/aboriero/hibernate/wip60/hibernate-orm/hibernate-core/src/main/java/org/hibernate/internal/SessionImpl.java:143: error: package org.hibernate.jpa.graph.internal does not exist
import org.hibernate.jpa.graph.internal.EntityGraphImpl;
                                       ^
/home/aboriero/hibernate/wip60/hibernate-orm/hibernate-core/src/main/java/org/hibernate/internal/SessionImpl.java:148: error: package org.hibernate.loader.criteria does not exist
import org.hibernate.loader.criteria.CriteriaLoader;
                                    ^
/home/aboriero/hibernate/wip60/hibernate-orm/hibernate-core/src/main/java/org/hibernate/internal/SessionImpl.java:149: error: package org.hibernate.loader.custom does not exist
import org.hibernate.loader.custom.CustomLoader;
                                  ^
/home/aboriero/hibernate/wip60/hibernate-orm/hibernate-core/src/main/java/org/hibernate/internal/SessionImpl.java:150: error: package org.hibernate.loader.custom does not exist
import org.hibernate.loader.custom.CustomQuery;
                                  ^
/home/aboriero/hibernate/wip60/hibernate-orm/hibernate-core/src/main/java/org/hibernate/internal/SessionImpl.java:153: error: package org.hibernate.persister.entity does not exist
import org.hibernate.persister.entity.OuterJoinLoadable;
                                     ^
/home/aboriero/hibernate/wip60/hibernate-orm/hibernate-core/src/main/java/org/hibernate/internal/SessionImpl.java:1924: error: cannot find symbol
	private OuterJoinLoadable getOuterJoinLoadable(String entityName) throws MappingException {
	        ^
  symbol:   class OuterJoinLoadable
  location: class SessionImpl
/home/aboriero/hibernate/wip60/hibernate-orm/hibernate-core/src/main/java/org/hibernate/internal/SessionImpl.java:2072: error: cannot find symbol
	public ScrollableResultsImplementor scrollCustomQuery(CustomQuery customQuery, QueryParameters queryParameters) {
	                                                      ^
  symbol:   class CustomQuery
  location: class SessionImpl
/home/aboriero/hibernate/wip60/hibernate-orm/hibernate-core/src/main/java/org/hibernate/internal/SessionImpl.java:2096: error: cannot find symbol
	public List listCustomQuery(CustomQuery customQuery, QueryParameters queryParameters) {
	                            ^
  symbol:   class CustomQuery
  location: class SessionImpl
/home/aboriero/hibernate/wip60/hibernate-orm/hibernate-core/src/main/java/org/hibernate/internal/StatelessSessionImpl.java:41: error: package org.hibernate.loader.criteria does not exist
import org.hibernate.loader.criteria.CriteriaLoader;
                                    ^
/home/aboriero/hibernate/wip60/hibernate-orm/hibernate-core/src/main/java/org/hibernate/internal/StatelessSessionImpl.java:42: error: package org.hibernate.loader.custom does not exist
import org.hibernate.loader.custom.CustomLoader;
                                  ^
/home/aboriero/hibernate/wip60/hibernate-orm/hibernate-core/src/main/java/org/hibernate/internal/StatelessSessionImpl.java:43: error: package org.hibernate.loader.custom does not exist
import org.hibernate.loader.custom.CustomQuery;
                                  ^
/home/aboriero/hibernate/wip60/hibernate-orm/hibernate-core/src/main/java/org/hibernate/internal/StatelessSessionImpl.java:45: error: package org.hibernate.persister.entity does not exist
import org.hibernate.persister.entity.OuterJoinLoadable;
                                     ^
/home/aboriero/hibernate/wip60/hibernate-orm/hibernate-core/src/main/java/org/hibernate/internal/StatelessSessionImpl.java:563: error: cannot find symbol
	private OuterJoinLoadable getOuterJoinLoadable(String entityName) throws MappingException {
	        ^
  symbol:   class OuterJoinLoadable
  location: class StatelessSessionImpl
/home/aboriero/hibernate/wip60/hibernate-orm/hibernate-core/src/main/java/org/hibernate/internal/StatelessSessionImpl.java:572: error: cannot find symbol
	public List listCustomQuery(CustomQuery customQuery, QueryParameters queryParameters)
	                            ^
  symbol:   class CustomQuery
  location: class StatelessSessionImpl
/home/aboriero/hibernate/wip60/hibernate-orm/hibernate-core/src/main/java/org/hibernate/internal/StatelessSessionImpl.java:591: error: cannot find symbol
	public ScrollableResultsImplementor scrollCustomQuery(CustomQuery customQuery, QueryParameters queryParameters)
	                                                      ^
  symbol:   class CustomQuery
  location: class StatelessSessionImpl
/home/aboriero/hibernate/wip60/hibernate-orm/hibernate-core/src/main/java/org/hibernate/loader/spi/AfterLoadAction.java:10: error: package org.hibernate.persister.entity does not exist
import org.hibernate.persister.entity.Loadable;
                                     ^
/home/aboriero/hibernate/wip60/hibernate-orm/hibernate-core/src/main/java/org/hibernate/loader/spi/AfterLoadAction.java:16: error: cannot find symbol
	void afterLoad(SharedSessionContractImplementor session, Object entity, Loadable persister);
	                                                                        ^
  symbol:   class Loadable
  location: interface AfterLoadAction
/home/aboriero/hibernate/wip60/hibernate-orm/hibernate-core/src/main/java/org/hibernate/metamodel/internal/EmbeddableTypeImpl.java:12: error: cannot find symbol
import org.hibernate.type.ComponentType;
                         ^
  symbol:   class ComponentType
  location: package org.hibernate.type
/home/aboriero/hibernate/wip60/hibernate-orm/hibernate-core/src/main/java/org/hibernate/metamodel/internal/EmbeddableTypeImpl.java:22: error: cannot find symbol
	private final ComponentType hibernateType;
	              ^
  symbol:   class ComponentType
  location: class EmbeddableTypeImpl<X>
  where X is a type-variable:
    X extends Object declared in class EmbeddableTypeImpl
/home/aboriero/hibernate/wip60/hibernate-orm/hibernate-core/src/main/java/org/hibernate/metamodel/internal/EmbeddableTypeImpl.java:24: error: cannot find symbol
	public EmbeddableTypeImpl(Class<X> javaType, AbstractManagedType parent, ComponentType hibernateType) {
	                                                                         ^
  symbol:   class ComponentType
  location: class EmbeddableTypeImpl<X>
  where X is a type-variable:
    X extends Object declared in class EmbeddableTypeImpl
/home/aboriero/hibernate/wip60/hibernate-orm/hibernate-core/src/main/java/org/hibernate/metamodel/internal/EmbeddableTypeImpl.java:38: error: cannot find symbol
	public ComponentType getHibernateType() {
	       ^
  symbol:   class ComponentType
  location: class EmbeddableTypeImpl<X>
  where X is a type-variable:
    X extends Object declared in class EmbeddableTypeImpl
/home/aboriero/hibernate/wip60/hibernate-orm/hibernate-core/src/main/java/org/hibernate/metamodel/internal/MetadataContext.java:34: error: cannot find symbol
import org.hibernate.type.spi.EntityType;
                             ^
  symbol:   class EntityType
  location: package org.hibernate.type.spi
/home/aboriero/hibernate/wip60/hibernate-orm/hibernate-core/src/main/java/org/hibernate/metamodel/internal/AttributeFactory.java:34: error: cannot find symbol
import org.hibernate.type.ComponentType;
                         ^
  symbol:   class ComponentType
  location: package org.hibernate.type
/home/aboriero/hibernate/wip60/hibernate-orm/hibernate-core/src/main/java/org/hibernate/metamodel/internal/AttributeFactory.java:35: error: cannot find symbol
import org.hibernate.type.EmbeddedComponentType;
                         ^
  symbol:   class EmbeddedComponentType
  location: package org.hibernate.type
/home/aboriero/hibernate/wip60/hibernate-orm/hibernate-core/src/main/java/org/hibernate/metamodel/internal/AttributeFactory.java:36: error: cannot find symbol
import org.hibernate.type.spi.EntityType;
                             ^
  symbol:   class EntityType
  location: package org.hibernate.type.spi
/home/aboriero/hibernate/wip60/hibernate-orm/hibernate-core/src/main/java/org/hibernate/tuple/entity/EntityMetamodel.java:43: error: cannot find symbol
import org.hibernate.type.spi.AssociationType;
                             ^
  symbol:   class AssociationType
  location: package org.hibernate.type.spi
/home/aboriero/hibernate/wip60/hibernate-orm/hibernate-core/src/main/java/org/hibernate/tuple/entity/EntityMetamodel.java:44: error: cannot find symbol
import org.hibernate.type.spi.EmbeddedType;
                             ^
  symbol:   class EmbeddedType
  location: package org.hibernate.type.spi
/home/aboriero/hibernate/wip60/hibernate-orm/hibernate-core/src/main/java/org/hibernate/tuple/entity/EntityMetamodel.java:45: error: cannot find symbol
import org.hibernate.type.spi.EntityType;
                             ^
  symbol:   class EntityType
  location: package org.hibernate.type.spi
/home/aboriero/hibernate/wip60/hibernate-orm/hibernate-core/src/main/java/org/hibernate/tuple/entity/EntityMetamodel.java:64: error: cannot find symbol
	private EntityType entityType;
	        ^
  symbol:   class EntityType
  location: class EntityMetamodel
/home/aboriero/hibernate/wip60/hibernate-orm/hibernate-core/src/main/java/org/hibernate/tuple/NonIdentifierAttribute.java:11: error: package org.hibernate.persister.walking.spi does not exist
import org.hibernate.persister.walking.spi.AttributeDefinition;
                                          ^
/home/aboriero/hibernate/wip60/hibernate-orm/hibernate-core/src/main/java/org/hibernate/tuple/NonIdentifierAttribute.java:16: error: cannot find symbol
public interface NonIdentifierAttribute extends Attribute, AttributeDefinition {
                                                           ^
  symbol: class AttributeDefinition
/home/aboriero/hibernate/wip60/hibernate-orm/hibernate-core/src/main/java/org/hibernate/tuple/entity/EntityMetamodel.java:891: error: cannot find symbol
	public EntityType getEntityType() {
	       ^
  symbol:   class EntityType
  location: class EntityMetamodel
/home/aboriero/hibernate/wip60/hibernate-orm/hibernate-core/src/main/java/org/hibernate/tuple/AbstractNonIdentifierAttribute.java:12: error: package org.hibernate.persister.walking.spi does not exist
import org.hibernate.persister.walking.spi.AttributeSource;
                                          ^
/home/aboriero/hibernate/wip60/hibernate-orm/hibernate-core/src/main/java/org/hibernate/tuple/AbstractNonIdentifierAttribute.java:19: error: cannot find symbol
	private final AttributeSource source;
	              ^
  symbol:   class AttributeSource
  location: class AbstractNonIdentifierAttribute
/home/aboriero/hibernate/wip60/hibernate-orm/hibernate-core/src/main/java/org/hibernate/tuple/AbstractNonIdentifierAttribute.java:27: error: cannot find symbol
			AttributeSource source,
			^
  symbol:   class AttributeSource
  location: class AbstractNonIdentifierAttribute
/home/aboriero/hibernate/wip60/hibernate-orm/hibernate-core/src/main/java/org/hibernate/tuple/AbstractNonIdentifierAttribute.java:41: error: cannot find symbol
	public AttributeSource getSource() {
	       ^
  symbol:   class AttributeSource
  location: class AbstractNonIdentifierAttribute
/home/aboriero/hibernate/wip60/hibernate-orm/hibernate-core/src/main/java/org/hibernate/tuple/AbstractNonIdentifierAttribute.java:45: error: cannot find symbol
	protected AttributeSource source() {
	          ^
  symbol:   class AttributeSource
  location: class AbstractNonIdentifierAttribute
/home/aboriero/hibernate/wip60/hibernate-orm/hibernate-core/src/main/java/org/hibernate/metamodel/internal/Helper.java:15: error: cannot find symbol
import org.hibernate.type.spi.EmbeddedType;
                             ^
  symbol:   class EmbeddedType
  location: package org.hibernate.type.spi
/home/aboriero/hibernate/wip60/hibernate-orm/hibernate-core/src/main/java/org/hibernate/metamodel/internal/Helper.java:71: error: cannot find symbol
		private final EmbeddedType compositeType;
		              ^
  symbol:   class EmbeddedType
  location: class ComponentAttributeSource
/home/aboriero/hibernate/wip60/hibernate-orm/hibernate-core/src/main/java/org/hibernate/metamodel/internal/Helper.java:74: error: cannot find symbol
		public ComponentAttributeSource(EmbeddedType compositeType) {
		                                ^
  symbol:   class EmbeddedType
  location: class ComponentAttributeSource
/home/aboriero/hibernate/wip60/hibernate-orm/hibernate-core/src/main/java/org/hibernate/metamodel/model/domain/internal/SingleTableEntityDescriptor.java:30: error: package org.hibernate.metadata does not exist
import org.hibernate.metadata.ClassMetadata;
                             ^
/home/aboriero/hibernate/wip60/hibernate-orm/hibernate-core/src/main/java/org/hibernate/metamodel/model/domain/internal/SingleTableEntityDescriptor.java:328: error: cannot find symbol
	public ClassMetadata getClassMetadata() {
	       ^
  symbol:   class ClassMetadata
  location: class SingleTableEntityDescriptor<T>
  where T is a type-variable:
    T extends Object declared in class SingleTableEntityDescriptor
/home/aboriero/hibernate/wip60/hibernate-orm/hibernate-core/src/main/java/org/hibernate/query/internal/AbstractQuery.java:49: error: package org.hibernate.hql.internal does not exist
import org.hibernate.hql.internal.QueryExecutionRequestException;
                                 ^
/home/aboriero/hibernate/wip60/hibernate-orm/hibernate-core/src/main/java/org/hibernate/proxy/map/MapProxyFactory.java:17: error: cannot find symbol
import org.hibernate.type.spi.EmbeddedType;
                             ^
  symbol:   class EmbeddedType
  location: package org.hibernate.type.spi
/home/aboriero/hibernate/wip60/hibernate-orm/hibernate-core/src/main/java/org/hibernate/proxy/map/MapProxyFactory.java:32: error: cannot find symbol
			EmbeddedType componentIdType) throws HibernateException {
			^
  symbol:   class EmbeddedType
  location: class MapProxyFactory
/home/aboriero/hibernate/wip60/hibernate-orm/hibernate-core/src/main/java/org/hibernate/proxy/pojo/bytebuddy/ByteBuddyInterceptor.java:18: error: cannot find symbol
import org.hibernate.type.spi.EmbeddedType;
                             ^
  symbol:   class EmbeddedType
  location: package org.hibernate.type.spi
/home/aboriero/hibernate/wip60/hibernate-orm/hibernate-core/src/main/java/org/hibernate/proxy/pojo/BasicLazyInitializer.java:16: error: cannot find symbol
import org.hibernate.type.spi.EmbeddedType;
                             ^
  symbol:   class EmbeddedType
  location: package org.hibernate.type.spi
/home/aboriero/hibernate/wip60/hibernate-orm/hibernate-core/src/main/java/org/hibernate/proxy/pojo/bytebuddy/ByteBuddyInterceptor.java:34: error: cannot find symbol
			EmbeddedType componentIdType,
			^
  symbol:   class EmbeddedType
  location: class ByteBuddyInterceptor
/home/aboriero/hibernate/wip60/hibernate-orm/hibernate-core/src/main/java/org/hibernate/proxy/pojo/BasicLazyInitializer.java:31: error: cannot find symbol
	protected final EmbeddedType componentIdType;
	                ^
  symbol:   class EmbeddedType
  location: class BasicLazyInitializer
/home/aboriero/hibernate/wip60/hibernate-orm/hibernate-core/src/main/java/org/hibernate/proxy/pojo/BasicLazyInitializer.java:41: error: cannot find symbol
			EmbeddedType componentIdType,
			^
  symbol:   class EmbeddedType
  location: class BasicLazyInitializer
/home/aboriero/hibernate/wip60/hibernate-orm/hibernate-core/src/main/java/org/hibernate/proxy/pojo/bytebuddy/ByteBuddyProxyFactory.java:27: error: cannot find symbol
import org.hibernate.type.spi.EmbeddedType;
                             ^
  symbol:   class EmbeddedType
  location: package org.hibernate.type.spi
/home/aboriero/hibernate/wip60/hibernate-orm/hibernate-core/src/main/java/org/hibernate/proxy/pojo/bytebuddy/ByteBuddyProxyFactory.java:52: error: cannot find symbol
	private EmbeddedType componentIdType;
	        ^
  symbol:   class EmbeddedType
  location: class ByteBuddyProxyFactory
/home/aboriero/hibernate/wip60/hibernate-orm/hibernate-core/src/main/java/org/hibernate/proxy/pojo/bytebuddy/ByteBuddyProxyFactory.java:64: error: cannot find symbol
			EmbeddedType componentIdType) throws HibernateException {
			^
  symbol:   class EmbeddedType
  location: class ByteBuddyProxyFactory
/home/aboriero/hibernate/wip60/hibernate-orm/hibernate-core/src/main/java/org/hibernate/proxy/pojo/bytebuddy/SerializableProxy.java:14: error: cannot find symbol
import org.hibernate.type.spi.EmbeddedType;
                             ^
  symbol:   class EmbeddedType
  location: package org.hibernate.type.spi
/home/aboriero/hibernate/wip60/hibernate-orm/hibernate-core/src/main/java/org/hibernate/proxy/pojo/bytebuddy/SerializableProxy.java:27: error: cannot find symbol
	private final EmbeddedType componentIdType;
	              ^
  symbol:   class EmbeddedType
  location: class SerializableProxy
/home/aboriero/hibernate/wip60/hibernate-orm/hibernate-core/src/main/java/org/hibernate/proxy/pojo/bytebuddy/SerializableProxy.java:37: error: cannot find symbol
			EmbeddedType componentIdType) {
			^
  symbol:   class EmbeddedType
  location: class SerializableProxy
/home/aboriero/hibernate/wip60/hibernate-orm/hibernate-core/src/main/java/org/hibernate/proxy/pojo/bytebuddy/SerializableProxy.java:102: error: cannot find symbol
	protected EmbeddedType getComponentIdType() {
	          ^
  symbol:   class EmbeddedType
  location: class SerializableProxy
/home/aboriero/hibernate/wip60/hibernate-orm/hibernate-core/src/main/java/org/hibernate/proxy/pojo/javassist/JavassistLazyInitializer.java:19: error: cannot find symbol
import org.hibernate.type.spi.EmbeddedType;
                             ^
  symbol:   class EmbeddedType
  location: package org.hibernate.type.spi
/home/aboriero/hibernate/wip60/hibernate-orm/hibernate-core/src/main/java/org/hibernate/proxy/pojo/javassist/JavassistLazyInitializer.java:42: error: cannot find symbol
			EmbeddedType componentIdType,
			^
  symbol:   class EmbeddedType
  location: class JavassistLazyInitializer
/home/aboriero/hibernate/wip60/hibernate-orm/hibernate-core/src/main/java/org/hibernate/proxy/pojo/javassist/JavassistProxyFactory.java:24: error: cannot find symbol
import org.hibernate.type.spi.EmbeddedType;
                             ^
  symbol:   class EmbeddedType
  location: package org.hibernate.type.spi
/home/aboriero/hibernate/wip60/hibernate-orm/hibernate-core/src/main/java/org/hibernate/proxy/pojo/javassist/JavassistProxyFactory.java:48: error: cannot find symbol
	private EmbeddedType componentIdType;
	        ^
  symbol:   class EmbeddedType
  location: class JavassistProxyFactory
/home/aboriero/hibernate/wip60/hibernate-orm/hibernate-core/src/main/java/org/hibernate/proxy/pojo/javassist/JavassistProxyFactory.java:63: error: cannot find symbol
			EmbeddedType componentIdType) throws HibernateException {
			^
  symbol:   class EmbeddedType
  location: class JavassistProxyFactory
/home/aboriero/hibernate/wip60/hibernate-orm/hibernate-core/src/main/java/org/hibernate/proxy/pojo/javassist/SerializableProxy.java:14: error: cannot find symbol
import org.hibernate.type.spi.EmbeddedType;
                             ^
  symbol:   class EmbeddedType
  location: package org.hibernate.type.spi
/home/aboriero/hibernate/wip60/hibernate-orm/hibernate-core/src/main/java/org/hibernate/proxy/pojo/javassist/SerializableProxy.java:30: error: cannot find symbol
	private final EmbeddedType componentIdType;
	              ^
  symbol:   class EmbeddedType
  location: class SerializableProxy
/home/aboriero/hibernate/wip60/hibernate-orm/hibernate-core/src/main/java/org/hibernate/proxy/pojo/javassist/SerializableProxy.java:40: error: cannot find symbol
			EmbeddedType componentIdType) {
			^
  symbol:   class EmbeddedType
  location: class SerializableProxy
/home/aboriero/hibernate/wip60/hibernate-orm/hibernate-core/src/main/java/org/hibernate/proxy/pojo/javassist/SerializableProxy.java:105: error: cannot find symbol
	protected EmbeddedType getComponentIdType() {
	          ^
  symbol:   class EmbeddedType
  location: class SerializableProxy
/home/aboriero/hibernate/wip60/hibernate-orm/hibernate-core/src/main/java/org/hibernate/query/criteria/internal/path/MapKeyHelpers.java:168: error: cannot find symbol
		private final org.hibernate.type.spi.Type mapKeyType;
		                                    ^
  symbol:   class Type
  location: package org.hibernate.type.spi
/home/aboriero/hibernate/wip60/hibernate-orm/hibernate-core/src/main/java/org/hibernate/query/internal/sql/NativeQueryInterpreterStandardImpl.java:12: error: package org.hibernate.loader.custom does not exist
import org.hibernate.loader.custom.CustomQuery;
                                  ^
/home/aboriero/hibernate/wip60/hibernate-orm/hibernate-core/src/main/java/org/hibernate/query/internal/sql/NativeQueryInterpreterStandardImpl.java:13: error: package org.hibernate.loader.custom.sql does not exist
import org.hibernate.loader.custom.sql.SQLCustomQuery;
                                      ^
/home/aboriero/hibernate/wip60/hibernate-orm/hibernate-core/src/main/java/org/hibernate/query/internal/sql/ParameterParser.java:10: error: package org.hibernate.hql.internal.classic does not exist
import org.hibernate.hql.internal.classic.ParserHelper;
                                         ^
/home/aboriero/hibernate/wip60/hibernate-orm/hibernate-core/src/main/java/org/hibernate/query/internal/sqm/QuerySqmImpl.java:22: error: package org.hibernate.jpa.graph.internal does not exist
import org.hibernate.jpa.graph.internal.EntityGraphImpl;
                                       ^
/home/aboriero/hibernate/wip60/hibernate-orm/hibernate-core/src/main/java/org/hibernate/query/internal/sqm/QuerySqmImpl.java:214: error: cannot find symbol
	protected void applyEntityGraphQueryHint(String hintName, EntityGraphImpl entityGraph) {
	                                                          ^
  symbol:   class EntityGraphImpl
  location: class QuerySqmImpl<R>
  where R is a type-variable:
    R extends Object declared in class QuerySqmImpl
/home/aboriero/hibernate/wip60/hibernate-orm/hibernate-core/src/main/java/org/hibernate/query/internal/QueryParameterPositionalImpl.java:10: error: package org.hibernate.persister.common.spi does not exist
import org.hibernate.persister.common.spi.TypeExporter;
                                         ^
/home/aboriero/hibernate/wip60/hibernate-orm/hibernate-core/src/main/java/org/hibernate/query/internal/QueryParameterNamedImpl.java:10: error: package org.hibernate.persister.common.spi does not exist
import org.hibernate.persister.common.spi.TypeExporter;
                                         ^
/home/aboriero/hibernate/wip60/hibernate-orm/hibernate-core/src/main/java/org/hibernate/query/sqm/produce/internal/SemanticQueryProducerImpl.java:16: error: package org.hibernate.query.sqm.hql.internal.antlr does not exist
import org.hibernate.query.sqm.hql.internal.antlr.HqlParser;
                                                 ^
/home/aboriero/hibernate/wip60/hibernate-orm/hibernate-core/src/main/java/org/hibernate/query/sqm/produce/internal/hql/HqlParseTreeBuilder.java:9: error: package org.hibernate.query.sqm.hql.internal.antlr does not exist
import org.hibernate.query.sqm.hql.internal.antlr.HqlParser;
                                                 ^
/home/aboriero/hibernate/wip60/hibernate-orm/hibernate-core/src/main/java/org/hibernate/query/sqm/produce/internal/hql/HqlParseTreeBuilder.java:10: error: package org.hibernate.query.sqm.hql.internal.antlr does not exist
import org.hibernate.query.sqm.hql.internal.antlr.HqlLexer;
                                                 ^
/home/aboriero/hibernate/wip60/hibernate-orm/hibernate-core/src/main/java/org/hibernate/query/sqm/produce/internal/hql/HqlParseTreeBuilder.java:29: error: cannot find symbol
	public HqlParser parseHql(String hql) {
	       ^
  symbol:   class HqlParser
  location: class HqlParseTreeBuilder
/home/aboriero/hibernate/wip60/hibernate-orm/hibernate-core/src/main/java/org/hibernate/query/sqm/produce/internal/hql/HqlParseTreePrinter.java:9: error: package org.hibernate.query.sqm.hql.internal.antlr does not exist
import org.hibernate.query.sqm.hql.internal.antlr.HqlParser;
                                                 ^
/home/aboriero/hibernate/wip60/hibernate-orm/hibernate-core/src/main/java/org/hibernate/query/sqm/produce/internal/hql/HqlParseTreePrinter.java:10: error: package org.hibernate.query.sqm.hql.internal.antlr does not exist
import org.hibernate.query.sqm.hql.internal.antlr.HqlParserBaseListener;
                                                 ^
/home/aboriero/hibernate/wip60/hibernate-orm/hibernate-core/src/main/java/org/hibernate/query/sqm/produce/internal/hql/HqlParseTreePrinter.java:21: error: cannot find symbol
public class HqlParseTreePrinter extends HqlParserBaseListener {
                                         ^
  symbol: class HqlParserBaseListener
/home/aboriero/hibernate/wip60/hibernate-orm/hibernate-core/src/main/java/org/hibernate/query/sqm/produce/internal/hql/HqlParseTreePrinter.java:24: error: cannot find symbol
	public static void logParseTree(HqlParser parser) {
	                                ^
  symbol:   class HqlParser
  location: class HqlParseTreePrinter
/home/aboriero/hibernate/wip60/hibernate-orm/hibernate-core/src/main/java/org/hibernate/query/sqm/produce/internal/hql/HqlParseTreePrinter.java:33: error: cannot find symbol
	private final HqlParser parser;
	              ^
  symbol:   class HqlParser
  location: class HqlParseTreePrinter
/home/aboriero/hibernate/wip60/hibernate-orm/hibernate-core/src/main/java/org/hibernate/query/sqm/produce/internal/hql/HqlParseTreePrinter.java:37: error: cannot find symbol
	public HqlParseTreePrinter(HqlParser parser) {
	                           ^
  symbol:   class HqlParser
  location: class HqlParseTreePrinter
/home/aboriero/hibernate/wip60/hibernate-orm/hibernate-core/src/main/java/org/hibernate/service/StandardServiceInitiators.java:28: error: package org.hibernate.hql.internal does not exist
import org.hibernate.hql.internal.QueryTranslatorFactoryInitiator;
                                 ^
/home/aboriero/hibernate/wip60/hibernate-orm/hibernate-core/src/main/java/org/hibernate/sql/ordering/antlr/NodeSupport.java:9: error: package antlr does not exist
import antlr.CommonAST;
            ^
/home/aboriero/hibernate/wip60/hibernate-orm/hibernate-core/src/main/java/org/hibernate/sql/ordering/antlr/NodeSupport.java:16: error: cannot find symbol
public class NodeSupport extends CommonAST implements Node {
                                 ^
  symbol: class CommonAST
/home/aboriero/hibernate/wip60/hibernate-orm/hibernate-core/src/main/java/org/hibernate/sql/ordering/antlr/Factory.java:9: error: package antlr does not exist
import antlr.ASTFactory;
            ^
/home/aboriero/hibernate/wip60/hibernate-orm/hibernate-core/src/main/java/org/hibernate/sql/ordering/antlr/Factory.java:16: error: cannot find symbol
public class Factory extends ASTFactory implements OrderByTemplateTokenTypes {
                             ^
  symbol: class ASTFactory
/home/aboriero/hibernate/wip60/hibernate-orm/hibernate-core/src/main/java/org/hibernate/sql/ordering/antlr/Factory.java:16: error: cannot find symbol
public class Factory extends ASTFactory implements OrderByTemplateTokenTypes {
                                                   ^
  symbol: class OrderByTemplateTokenTypes
/home/aboriero/hibernate/wip60/hibernate-orm/hibernate-core/src/main/java/org/hibernate/sql/ordering/antlr/OrderByFragmentRenderer.java:11: error: package org.hibernate.hql.internal.ast.util does not exist
import org.hibernate.hql.internal.ast.util.ASTPrinter;
                                          ^
/home/aboriero/hibernate/wip60/hibernate-orm/hibernate-core/src/main/java/org/hibernate/sql/ordering/antlr/OrderByFragmentRenderer.java:16: error: package antlr.collections does not exist
import antlr.collections.AST;
                        ^
/home/aboriero/hibernate/wip60/hibernate-orm/hibernate-core/src/main/java/org/hibernate/sql/ordering/antlr/OrderByFragmentRenderer.java:25: error: cannot find symbol
public class OrderByFragmentRenderer extends GeneratedOrderByFragmentRenderer {
                                             ^
  symbol: class GeneratedOrderByFragmentRenderer
/home/aboriero/hibernate/wip60/hibernate-orm/hibernate-core/src/main/java/org/hibernate/sql/ordering/antlr/OrderByFragmentRenderer.java:28: error: cannot find symbol
	private static final ASTPrinter printer = new ASTPrinter( GeneratedOrderByFragmentRendererTokenTypes.class );
	                     ^
  symbol:   class ASTPrinter
  location: class OrderByFragmentRenderer
/home/aboriero/hibernate/wip60/hibernate-orm/hibernate-core/src/main/java/org/hibernate/sql/ordering/antlr/OrderByFragmentRenderer.java:37: error: cannot find symbol
	protected void out(AST ast) {
	                   ^
  symbol:   class AST
  location: class OrderByFragmentRenderer
/home/aboriero/hibernate/wip60/hibernate-orm/hibernate-core/src/main/java/org/hibernate/sql/ordering/antlr/OrderByFragmentRenderer.java:47: error: cannot find symbol
	public void traceIn(String ruleName, AST tree) {
	                                     ^
  symbol:   class AST
  location: class OrderByFragmentRenderer
/home/aboriero/hibernate/wip60/hibernate-orm/hibernate-core/src/main/java/org/hibernate/sql/ordering/antlr/OrderByFragmentRenderer.java:56: error: cannot find symbol
	private String buildTraceNodeName(AST tree) {
	                                  ^
  symbol:   class AST
  location: class OrderByFragmentRenderer
/home/aboriero/hibernate/wip60/hibernate-orm/hibernate-core/src/main/java/org/hibernate/sql/ordering/antlr/OrderByFragmentRenderer.java:63: error: cannot find symbol
	public void traceOut(String ruleName, AST tree) {
	                                      ^
  symbol:   class AST
  location: class OrderByFragmentRenderer
/home/aboriero/hibernate/wip60/hibernate-orm/hibernate-core/src/main/java/org/hibernate/sql/ordering/antlr/OrderByFragmentTranslator.java:13: error: package org.hibernate.hql.internal.ast.util does not exist
import org.hibernate.hql.internal.ast.util.ASTPrinter;
                                          ^
/home/aboriero/hibernate/wip60/hibernate-orm/hibernate-core/src/main/java/org/hibernate/sql/ordering/antlr/SortSpecification.java:9: error: package antlr.collections does not exist
import antlr.collections.AST;
                        ^
/home/aboriero/hibernate/wip60/hibernate-orm/hibernate-core/src/main/java/org/hibernate/sql/ordering/antlr/OrderByFragmentParser.java:21: error: package antlr does not exist
import antlr.CommonAST;
            ^
/home/aboriero/hibernate/wip60/hibernate-orm/hibernate-core/src/main/java/org/hibernate/sql/ordering/antlr/OrderByFragmentParser.java:22: error: package antlr does not exist
import antlr.TokenStream;
            ^
/home/aboriero/hibernate/wip60/hibernate-orm/hibernate-core/src/main/java/org/hibernate/sql/ordering/antlr/OrderByFragmentParser.java:23: error: package antlr.collections does not exist
import antlr.collections.AST;
                        ^
/home/aboriero/hibernate/wip60/hibernate-orm/hibernate-core/src/main/java/org/hibernate/sql/ordering/antlr/OrderByFragmentParser.java:31: error: cannot find symbol
public class OrderByFragmentParser extends GeneratedOrderByFragmentParser {
                                           ^
  symbol: class GeneratedOrderByFragmentParser
/home/aboriero/hibernate/wip60/hibernate-orm/hibernate-core/src/main/java/org/hibernate/sql/ordering/antlr/OrderByFragmentParser.java:38: error: cannot find symbol
	public OrderByFragmentParser(TokenStream lexer, TranslationContext context) {
	                             ^
  symbol:   class TokenStream
  location: class OrderByFragmentParser
/home/aboriero/hibernate/wip60/hibernate-orm/hibernate-core/src/main/java/org/hibernate/sql/ordering/antlr/OrderByFragmentParser.java:49: error: cannot find symbol
	protected AST quotedIdentifier(AST ident) {
	                               ^
  symbol:   class AST
  location: class OrderByFragmentParser
/home/aboriero/hibernate/wip60/hibernate-orm/hibernate-core/src/main/java/org/hibernate/sql/ordering/antlr/OrderByFragmentParser.java:49: error: cannot find symbol
	protected AST quotedIdentifier(AST ident) {
	          ^
  symbol:   class AST
  location: class OrderByFragmentParser
/home/aboriero/hibernate/wip60/hibernate-orm/hibernate-core/src/main/java/org/hibernate/sql/ordering/antlr/OrderByFragmentParser.java:60: error: cannot find symbol
	protected AST quotedString(AST ident) {
	                           ^
  symbol:   class AST
  location: class OrderByFragmentParser
/home/aboriero/hibernate/wip60/hibernate-orm/hibernate-core/src/main/java/org/hibernate/sql/ordering/antlr/OrderByFragmentParser.java:60: error: cannot find symbol
	protected AST quotedString(AST ident) {
	          ^
  symbol:   class AST
  location: class OrderByFragmentParser
/home/aboriero/hibernate/wip60/hibernate-orm/hibernate-core/src/main/java/org/hibernate/sql/ordering/antlr/OrderByFragmentParser.java:69: error: cannot find symbol
	protected boolean isFunctionName(AST ast) {
	                                 ^
  symbol:   class AST
  location: class OrderByFragmentParser
/home/aboriero/hibernate/wip60/hibernate-orm/hibernate-core/src/main/java/org/hibernate/sql/ordering/antlr/OrderByFragmentParser.java:95: error: cannot find symbol
	protected AST resolveFunction(AST ast) {
	                              ^
  symbol:   class AST
  location: class OrderByFragmentParser
/home/aboriero/hibernate/wip60/hibernate-orm/hibernate-core/src/main/java/org/hibernate/sql/ordering/antlr/OrderByFragmentParser.java:95: error: cannot find symbol
	protected AST resolveFunction(AST ast) {
	          ^
  symbol:   class AST
  location: class OrderByFragmentParser
/home/aboriero/hibernate/wip60/hibernate-orm/hibernate-core/src/main/java/org/hibernate/sql/ordering/antlr/OrderByFragmentParser.java:133: error: cannot find symbol
	private String resolveFunctionArgument(AST argumentNode) {
	                                       ^
  symbol:   class AST
  location: class OrderByFragmentParser
/home/aboriero/hibernate/wip60/hibernate-orm/hibernate-core/src/main/java/org/hibernate/sql/ordering/antlr/OrderByFragmentParser.java:159: error: cannot find symbol
	protected AST resolveIdent(AST ident) {
	                           ^
  symbol:   class AST
  location: class OrderByFragmentParser
/home/aboriero/hibernate/wip60/hibernate-orm/hibernate-core/src/main/java/org/hibernate/sql/ordering/antlr/OrderByFragmentParser.java:159: error: cannot find symbol
	protected AST resolveIdent(AST ident) {
	          ^
  symbol:   class AST
  location: class OrderByFragmentParser
/home/aboriero/hibernate/wip60/hibernate-orm/hibernate-core/src/main/java/org/hibernate/sql/ordering/antlr/OrderByFragmentParser.java:188: error: cannot find symbol
	private AST processSqlValueReference(SqlValueReference sqlValueReference) {
	        ^
  symbol:   class AST
  location: class OrderByFragmentParser
/home/aboriero/hibernate/wip60/hibernate-orm/hibernate-core/src/main/java/org/hibernate/sql/ordering/antlr/OrderByFragmentParser.java:247: error: cannot find symbol
	protected AST postProcessSortSpecification(AST sortSpec) {
	                                           ^
  symbol:   class AST
  location: class OrderByFragmentParser
/home/aboriero/hibernate/wip60/hibernate-orm/hibernate-core/src/main/java/org/hibernate/sql/ordering/antlr/OrderByFragmentParser.java:247: error: cannot find symbol
	protected AST postProcessSortSpecification(AST sortSpec) {
	          ^
  symbol:   class AST
  location: class OrderByFragmentParser
/home/aboriero/hibernate/wip60/hibernate-orm/hibernate-core/src/main/java/org/hibernate/sql/ordering/antlr/OrderByFragmentParser.java:271: error: cannot find symbol
			AST ident,
			^
  symbol:   class AST
  location: class OrderByFragmentParser
/home/aboriero/hibernate/wip60/hibernate-orm/hibernate-core/src/main/java/org/hibernate/sql/ast/consume/results/internal/JdbcValuesSourceProcessingStateStandardImpl.java:43: error: cannot find symbol
import org.hibernate.type.TypeHelper;
                         ^
  symbol:   class TypeHelper
  location: package org.hibernate.type
/home/aboriero/hibernate/wip60/hibernate-orm/hibernate-core/src/main/java/org/hibernate/sql/ast/consume/results/internal/RowProcessingStateStandardImpl.java:11: error: package org.hibernate.loader.plan.spi does not exist
import org.hibernate.loader.plan.spi.EntityFetch;
                                    ^
/home/aboriero/hibernate/wip60/hibernate-orm/hibernate-core/src/main/java/org/hibernate/sql/ast/consume/results/internal/RowProcessingStateStandardImpl.java:63: error: cannot find symbol
	public void registerNonExists(EntityFetch fetch) {
	                              ^
  symbol:   class EntityFetch
  location: class RowProcessingStateStandardImpl
/home/aboriero/hibernate/wip60/hibernate-orm/hibernate-core/src/main/java/org/hibernate/sql/ast/consume/internal/JdbcCallParameterRegistrationImpl.java:18: error: cannot find symbol
import org.hibernate.type.ProcedureParameterExtractionAware;
                         ^
  symbol:   class ProcedureParameterExtractionAware
  location: package org.hibernate.type
/home/aboriero/hibernate/wip60/hibernate-orm/hibernate-core/src/main/java/org/hibernate/sql/ast/consume/internal/JdbcCallParameterExtractorImpl.java:14: error: cannot find symbol
import org.hibernate.type.ProcedureParameterExtractionAware;
                         ^
  symbol:   class ProcedureParameterExtractionAware
  location: package org.hibernate.type
/home/aboriero/hibernate/wip60/hibernate-orm/hibernate-core/src/main/java/org/hibernate/sql/ast/consume/internal/JdbcCallParameterBinderImpl.java:17: error: cannot find symbol
import org.hibernate.type.ProcedureParameterNamedBinder;
                         ^
  symbol:   class ProcedureParameterNamedBinder
  location: package org.hibernate.type
/home/aboriero/hibernate/wip60/hibernate-orm/hibernate-core/src/main/java/org/hibernate/sql/ast/consume/results/internal/AbstractEntityReferenceInitializer.java:23: error: package org.hibernate.persister.entity does not exist
import org.hibernate.persister.entity.Loadable;
                                     ^
/home/aboriero/hibernate/wip60/hibernate-orm/hibernate-core/src/main/java/org/hibernate/sql/ast/consume/results/internal/AbstractEntityReferenceInitializer.java:31: error: cannot find symbol
import org.hibernate.type.CollectionType;
                         ^
  symbol:   class CollectionType
  location: package org.hibernate.type
/home/aboriero/hibernate/wip60/hibernate-orm/hibernate-core/src/main/java/org/hibernate/sql/ast/produce/sqm/spi/ConversionHelper.java:23: error: cannot find symbol
import org.hibernate.type.spi.EntityType;
                             ^
  symbol:   class EntityType
  location: package org.hibernate.type.spi
/home/aboriero/hibernate/wip60/hibernate-orm/hibernate-core/src/main/java/org/hibernate/sql/ast/produce/metamodel/spi/NamedQueryCollectionInitializer.java:16: error: package org.hibernate.loader.collection does not exist
import org.hibernate.loader.collection.CollectionInitializer;
                                      ^
/home/aboriero/hibernate/wip60/hibernate-orm/hibernate-core/src/main/java/org/hibernate/sql/ast/produce/metamodel/spi/NamedQueryCollectionInitializer.java:27: error: cannot find symbol
public final class NamedQueryCollectionInitializer implements CollectionInitializer {
                                                              ^
  symbol: class CollectionInitializer
/home/aboriero/hibernate/wip60/hibernate-orm/hibernate-core/src/main/java/org/hibernate/sql/ast/produce/metamodel/spi/NamedQueryLoader.java:16: error: package org.hibernate.loader.entity does not exist
import org.hibernate.loader.entity.UniqueEntityLoader;
                                  ^
/home/aboriero/hibernate/wip60/hibernate-orm/hibernate-core/src/main/java/org/hibernate/sql/ast/produce/metamodel/spi/NamedQueryLoader.java:18: error: package org.hibernate.query.internal.old does not exist
import org.hibernate.query.internal.old.AbstractProducedQuery;
                                       ^
/home/aboriero/hibernate/wip60/hibernate-orm/hibernate-core/src/main/java/org/hibernate/sql/ast/produce/metamodel/spi/NamedQueryLoader.java:27: error: cannot find symbol
public final class NamedQueryLoader implements UniqueEntityLoader {
                                               ^
  symbol: class UniqueEntityLoader
/home/aboriero/hibernate/wip60/hibernate-orm/hibernate-core/src/main/java/org/hibernate/tool/hbm2ddl/MultipleLinesSqlCommandExtractor.java:12: error: package org.hibernate.hql.internal.antlr does not exist
import org.hibernate.hql.internal.antlr.SqlStatementLexer;
                                       ^
/home/aboriero/hibernate/wip60/hibernate-orm/hibernate-core/src/main/java/org/hibernate/tool/hbm2ddl/MultipleLinesSqlCommandExtractor.java:13: error: package org.hibernate.hql.internal.antlr does not exist
import org.hibernate.hql.internal.antlr.SqlStatementParser;
                                       ^
/home/aboriero/hibernate/wip60/hibernate-orm/hibernate-core/src/main/java/org/hibernate/tool/schema/internal/SchemaDropperImpl.java:307: error: cannot find symbol
			MappedNamespace namespace,
			^
  symbol:   class MappedNamespace
  location: class SchemaDropperImpl
/home/aboriero/hibernate/wip60/hibernate-orm/hibernate-core/src/main/java/org/hibernate/tool/schema/internal/SchemaDropperImpl.java:339: error: cannot find symbol
	private static void checkExportIdentifier(Exportable exportable, Set<String> exportIdentifiers) {
	                                          ^
  symbol:   class Exportable
  location: class SchemaDropperImpl
/home/aboriero/hibernate/wip60/hibernate-orm/hibernate-core/src/main/java/org/hibernate/tuple/component/CompositeBasedBasicAttribute.java:10: error: package org.hibernate.persister.walking.spi does not exist
import org.hibernate.persister.walking.spi.AttributeSource;
                                          ^
/home/aboriero/hibernate/wip60/hibernate-orm/hibernate-core/src/main/java/org/hibernate/tuple/component/CompositeBasedBasicAttribute.java:20: error: cannot find symbol
			AttributeSource source,
			^
  symbol:   class AttributeSource
  location: class CompositeBasedBasicAttribute
/home/aboriero/hibernate/wip60/hibernate-orm/hibernate-core/src/main/java/org/hibernate/tuple/component/AbstractCompositionAttribute.java:13: error: package org.hibernate.persister.collection does not exist
import org.hibernate.persister.collection.QueryableCollection;
                                         ^
/home/aboriero/hibernate/wip60/hibernate-orm/hibernate-core/src/main/java/org/hibernate/tuple/component/AbstractCompositionAttribute.java:15: error: package org.hibernate.persister.entity does not exist
import org.hibernate.persister.entity.Joinable;
                                     ^
/home/aboriero/hibernate/wip60/hibernate-orm/hibernate-core/src/main/java/org/hibernate/tuple/component/AbstractCompositionAttribute.java:16: error: package org.hibernate.persister.entity does not exist
import org.hibernate.persister.entity.OuterJoinLoadable;
                                     ^
/home/aboriero/hibernate/wip60/hibernate-orm/hibernate-core/src/main/java/org/hibernate/tuple/component/AbstractCompositionAttribute.java:17: error: package org.hibernate.persister.walking.spi does not exist
import org.hibernate.persister.walking.spi.AssociationKey;
                                          ^
/home/aboriero/hibernate/wip60/hibernate-orm/hibernate-core/src/main/java/org/hibernate/tuple/component/AbstractCompositionAttribute.java:18: error: package org.hibernate.persister.walking.spi does not exist
import org.hibernate.persister.walking.spi.AttributeDefinition;
                                          ^
/home/aboriero/hibernate/wip60/hibernate-orm/hibernate-core/src/main/java/org/hibernate/tuple/component/AbstractCompositionAttribute.java:19: error: package org.hibernate.persister.walking.spi does not exist
import org.hibernate.persister.walking.spi.AttributeSource;
                                          ^
/home/aboriero/hibernate/wip60/hibernate-orm/hibernate-core/src/main/java/org/hibernate/tuple/component/AbstractCompositionAttribute.java:20: error: package org.hibernate.persister.walking.spi does not exist
import org.hibernate.persister.walking.spi.CompositionDefinition;
                                          ^
/home/aboriero/hibernate/wip60/hibernate-orm/hibernate-core/src/main/java/org/hibernate/tuple/component/AbstractCompositionAttribute.java:23: error: cannot find symbol
import org.hibernate.type.spi.AssociationType;
                             ^
  symbol:   class AssociationType
  location: package org.hibernate.type.spi
/home/aboriero/hibernate/wip60/hibernate-orm/hibernate-core/src/main/java/org/hibernate/tuple/component/AbstractCompositionAttribute.java:24: error: cannot find symbol
import org.hibernate.type.spi.EmbeddedType;
                             ^
  symbol:   class EmbeddedType
  location: package org.hibernate.type.spi
/home/aboriero/hibernate/wip60/hibernate-orm/hibernate-core/src/main/java/org/hibernate/tuple/component/AbstractCompositionAttribute.java:39: error: cannot find symbol
		implements CompositionDefinition {
		           ^
  symbol: class CompositionDefinition
/home/aboriero/hibernate/wip60/hibernate-orm/hibernate-core/src/main/java/org/hibernate/tuple/component/AbstractCompositionAttribute.java:44: error: cannot find symbol
			AttributeSource source,
			^
  symbol:   class AttributeSource
  location: class AbstractCompositionAttribute
/home/aboriero/hibernate/wip60/hibernate-orm/hibernate-core/src/main/java/org/hibernate/tuple/component/AbstractCompositionAttribute.java:48: error: cannot find symbol
			EmbeddedType attributeType,
			^
  symbol:   class EmbeddedType
  location: class AbstractCompositionAttribute
/home/aboriero/hibernate/wip60/hibernate-orm/hibernate-core/src/main/java/org/hibernate/tuple/component/AbstractCompositionAttribute.java:56: error: cannot find symbol
	public EmbeddedType getType() {
	       ^
  symbol:   class EmbeddedType
  location: class AbstractCompositionAttribute
/home/aboriero/hibernate/wip60/hibernate-orm/hibernate-core/src/main/java/org/hibernate/tuple/component/AbstractCompositionAttribute.java:61: error: cannot find symbol
	public Iterable<AttributeDefinition> getAttributes() {
	                ^
  symbol:   class AttributeDefinition
  location: class AbstractCompositionAttribute
/home/aboriero/hibernate/wip60/hibernate-orm/hibernate-core/src/main/java/org/hibernate/tuple/component/CompositionBasedCompositionAttribute.java:11: error: package org.hibernate.persister.walking.spi does not exist
import org.hibernate.persister.walking.spi.EntityDefinition;
                                          ^
/home/aboriero/hibernate/wip60/hibernate-orm/hibernate-core/src/main/java/org/hibernate/tuple/component/CompositionBasedCompositionAttribute.java:13: error: cannot find symbol
import org.hibernate.type.spi.EmbeddedType;
                             ^
  symbol:   class EmbeddedType
  location: package org.hibernate.type.spi
/home/aboriero/hibernate/wip60/hibernate-orm/hibernate-core/src/main/java/org/hibernate/tuple/component/CompositionBasedCompositionAttribute.java:25: error: cannot find symbol
			EmbeddedType attributeType,
			^
  symbol:   class EmbeddedType
  location: class CompositionBasedCompositionAttribute
/home/aboriero/hibernate/wip60/hibernate-orm/hibernate-core/src/main/java/org/hibernate/tuple/component/CompositeBasedAssociationAttribute.java:28: error: cannot find symbol
		implements NonIdentifierAttribute, AssociationAttributeDefinition {
		                                   ^
  symbol: class AssociationAttributeDefinition
/home/aboriero/hibernate/wip60/hibernate-orm/hibernate-core/src/main/java/org/hibernate/tuple/component/CompositeBasedAssociationAttribute.java:31: error: cannot find symbol
	private final AssociationKey associationKey;
	              ^
  symbol:   class AssociationKey
  location: class CompositeBasedAssociationAttribute
/home/aboriero/hibernate/wip60/hibernate-orm/hibernate-core/src/main/java/org/hibernate/tuple/component/CompositeBasedAssociationAttribute.java:32: error: cannot find symbol
	private Joinable joinable;
	        ^
  symbol:   class Joinable
  location: class CompositeBasedAssociationAttribute
/home/aboriero/hibernate/wip60/hibernate-orm/hibernate-core/src/main/java/org/hibernate/tuple/component/CompositeBasedAssociationAttribute.java:39: error: cannot find symbol
			AssociationType attributeType,
			^
  symbol:   class AssociationType
  location: class CompositeBasedAssociationAttribute
/home/aboriero/hibernate/wip60/hibernate-orm/hibernate-core/src/main/java/org/hibernate/tuple/component/CompositeBasedAssociationAttribute.java:42: error: cannot find symbol
			AssociationKey associationKey) {
			^
  symbol:   class AssociationKey
  location: class CompositeBasedAssociationAttribute
/home/aboriero/hibernate/wip60/hibernate-orm/hibernate-core/src/main/java/org/hibernate/tuple/component/CompositeBasedAssociationAttribute.java:49: error: cannot find symbol
	public AssociationType getType() {
	       ^
  symbol:   class AssociationType
  location: class CompositeBasedAssociationAttribute
/home/aboriero/hibernate/wip60/hibernate-orm/hibernate-core/src/main/java/org/hibernate/tuple/component/CompositeBasedAssociationAttribute.java:58: error: cannot find symbol
	protected Joinable getJoinable() {
	          ^
  symbol:   class Joinable
  location: class CompositeBasedAssociationAttribute
/home/aboriero/hibernate/wip60/hibernate-orm/hibernate-core/src/main/java/org/hibernate/tuple/component/CompositeBasedAssociationAttribute.java:66: error: cannot find symbol
	public AssociationKey getAssociationKey() {
	       ^
  symbol:   class AssociationKey
  location: class CompositeBasedAssociationAttribute
/home/aboriero/hibernate/wip60/hibernate-orm/hibernate-core/src/main/java/org/hibernate/tuple/component/CompositeBasedAssociationAttribute.java:71: error: cannot find symbol
	public AssociationNature getAssociationNature() {
	       ^
  symbol:   class AssociationNature
  location: class CompositeBasedAssociationAttribute
/home/aboriero/hibernate/wip60/hibernate-orm/hibernate-core/src/main/java/org/hibernate/tuple/component/CompositeBasedAssociationAttribute.java:98: error: cannot find symbol
	public AnyMappingDefinition toAnyDefinition() {
	       ^
  symbol:   class AnyMappingDefinition
  location: class CompositeBasedAssociationAttribute
/home/aboriero/hibernate/wip60/hibernate-orm/hibernate-core/src/main/java/org/hibernate/tuple/component/CompositeBasedAssociationAttribute.java:107: error: cannot find symbol
	public EntityDefinition toEntityDefinition() {
	       ^
  symbol:   class EntityDefinition
  location: class CompositeBasedAssociationAttribute
/home/aboriero/hibernate/wip60/hibernate-orm/hibernate-core/src/main/java/org/hibernate/tuple/component/CompositeBasedAssociationAttribute.java:118: error: cannot find symbol
	public CollectionDefinition toCollectionDefinition() {
	       ^
  symbol:   class CollectionDefinition
  location: class CompositeBasedAssociationAttribute
/home/aboriero/hibernate/wip60/hibernate-orm/hibernate-core/src/main/java/org/hibernate/tuple/component/CompositeBasedAssociationAttribute.java:129: error: cannot find symbol
	public FetchStrategy determineFetchPlan(LoadQueryInfluencers loadQueryInfluencers, PropertyPath propertyPath) {
	                                                                                   ^
  symbol:   class PropertyPath
  location: class CompositeBasedAssociationAttribute
/home/aboriero/hibernate/wip60/hibernate-orm/hibernate-core/src/main/java/org/hibernate/tuple/component/CompositeBasedAssociationAttribute.java:145: error: cannot find symbol
	protected FetchStyle determineFetchStyleByMetadata(FetchMode fetchMode, AssociationType type) {
	                                                                        ^
  symbol:   class AssociationType
  location: class CompositeBasedAssociationAttribute
/home/aboriero/hibernate/wip60/hibernate-orm/hibernate-core/src/main/java/org/hibernate/tuple/entity/AbstractEntityTuplizer.java:31: error: cannot find symbol
import org.hibernate.loader.PropertyPath;
                           ^
  symbol:   class PropertyPath
  location: package org.hibernate.loader
/home/aboriero/hibernate/wip60/hibernate-orm/hibernate-core/src/main/java/org/hibernate/tuple/entity/AbstractEntityTuplizer.java:41: error: cannot find symbol
import org.hibernate.type.ComponentType;
                         ^
  symbol:   class ComponentType
  location: package org.hibernate.type
/home/aboriero/hibernate/wip60/hibernate-orm/hibernate-core/src/main/java/org/hibernate/tuple/entity/AbstractEntityTuplizer.java:42: error: cannot find symbol
import org.hibernate.type.spi.EmbeddedType;
                             ^
  symbol:   class EmbeddedType
  location: package org.hibernate.type.spi
/home/aboriero/hibernate/wip60/hibernate-orm/hibernate-core/src/main/java/org/hibernate/tuple/entity/AbstractEntityTuplizer.java:43: error: cannot find symbol
import org.hibernate.type.spi.EntityType;
                             ^
  symbol:   class EntityType
  location: package org.hibernate.type.spi
/home/aboriero/hibernate/wip60/hibernate-orm/hibernate-core/src/main/java/org/hibernate/tuple/entity/AbstractEntityTuplizer.java:71: error: cannot find symbol
	private final EmbeddedType identifierMapperType;
	              ^
  symbol:   class EmbeddedType
  location: class AbstractEntityTuplizer
/home/aboriero/hibernate/wip60/hibernate-orm/hibernate-core/src/main/java/org/hibernate/tuple/entity/AbstractEntityTuplizer.java:275: error: cannot find symbol
			ComponentType mappedIdClassComponentType,
			^
  symbol:   class ComponentType
  location: class AbstractEntityTuplizer
/home/aboriero/hibernate/wip60/hibernate-orm/hibernate-core/src/main/java/org/hibernate/tuple/entity/AbstractEntityTuplizer.java:276: error: cannot find symbol
			ComponentType virtualIdComponent) {
			^
  symbol:   class ComponentType
  location: class AbstractEntityTuplizer
/home/aboriero/hibernate/wip60/hibernate-orm/hibernate-core/src/main/java/org/hibernate/tuple/entity/AbstractEntityTuplizer.java:572: error: cannot find symbol
	protected Object getComponentValue(ComponentType type, Object component, String propertyPath) {
	                                   ^
  symbol:   class ComponentType
  location: class AbstractEntityTuplizer
/home/aboriero/hibernate/wip60/hibernate-orm/hibernate-core/src/main/java/org/hibernate/tuple/entity/AbstractEntityTuplizer.java:595: error: cannot find symbol
	private int findSubPropertyIndex(ComponentType type, String subPropertyName) {
	                                 ^
  symbol:   class ComponentType
  location: class AbstractEntityTuplizer
/home/aboriero/hibernate/wip60/hibernate-orm/hibernate-core/src/main/java/org/hibernate/tuple/entity/PojoEntityTuplizer.java:38: error: cannot find symbol
import org.hibernate.type.spi.EmbeddedType;
                             ^
  symbol:   class EmbeddedType
  location: package org.hibernate.type.spi
/home/aboriero/hibernate/wip60/hibernate-orm/hibernate-core/src/main/java/org/hibernate/tuple/entity/AbstractEntityTuplizer.java:307: error: cannot find symbol
		private final ComponentType virtualIdComponent;
		              ^
  symbol:   class ComponentType
  location: class NormalMappedIdentifierValueMarshaller
/home/aboriero/hibernate/wip60/hibernate-orm/hibernate-core/src/main/java/org/hibernate/tuple/entity/AbstractEntityTuplizer.java:308: error: cannot find symbol
		private final ComponentType mappedIdentifierType;
		              ^
  symbol:   class ComponentType
  location: class NormalMappedIdentifierValueMarshaller
/home/aboriero/hibernate/wip60/hibernate-orm/hibernate-core/src/main/java/org/hibernate/tuple/entity/AbstractEntityTuplizer.java:311: error: cannot find symbol
				ComponentType virtualIdComponent,
				^
  symbol:   class ComponentType
  location: class NormalMappedIdentifierValueMarshaller
/home/aboriero/hibernate/wip60/hibernate-orm/hibernate-core/src/main/java/org/hibernate/tuple/entity/AbstractEntityTuplizer.java:312: error: cannot find symbol
				ComponentType mappedIdentifierType) {
				^
  symbol:   class ComponentType
  location: class NormalMappedIdentifierValueMarshaller
/home/aboriero/hibernate/wip60/hibernate-orm/hibernate-core/src/main/java/org/hibernate/tuple/entity/AbstractEntityTuplizer.java:337: error: cannot find symbol
		private final ComponentType virtualIdComponent;
		              ^
  symbol:   class ComponentType
  location: class IncrediblySillyJpaMapsIdMappedIdentifierValueMarshaller
/home/aboriero/hibernate/wip60/hibernate-orm/hibernate-core/src/main/java/org/hibernate/tuple/entity/AbstractEntityTuplizer.java:338: error: cannot find symbol
		private final ComponentType mappedIdentifierType;
		              ^
  symbol:   class ComponentType
  location: class IncrediblySillyJpaMapsIdMappedIdentifierValueMarshaller
/home/aboriero/hibernate/wip60/hibernate-orm/hibernate-core/src/main/java/org/hibernate/tuple/entity/AbstractEntityTuplizer.java:341: error: cannot find symbol
				ComponentType virtualIdComponent,
				^
  symbol:   class ComponentType
  location: class IncrediblySillyJpaMapsIdMappedIdentifierValueMarshaller
/home/aboriero/hibernate/wip60/hibernate-orm/hibernate-core/src/main/java/org/hibernate/tuple/entity/AbstractEntityTuplizer.java:342: error: cannot find symbol
				ComponentType mappedIdentifierType) {
				^
  symbol:   class ComponentType
  location: class IncrediblySillyJpaMapsIdMappedIdentifierValueMarshaller
/home/aboriero/hibernate/wip60/hibernate-orm/hibernate-core/src/main/java/org/hibernate/tuple/entity/EntityBasedAssociationAttribute.java:15: error: cannot find symbol
import org.hibernate.loader.PropertyPath;
                           ^
  symbol:   class PropertyPath
  location: package org.hibernate.loader
/home/aboriero/hibernate/wip60/hibernate-orm/hibernate-core/src/main/java/org/hibernate/tuple/entity/EntityBasedAssociationAttribute.java:16: error: package org.hibernate.persister.collection does not exist
import org.hibernate.persister.collection.QueryableCollection;
                                         ^
/home/aboriero/hibernate/wip60/hibernate-orm/hibernate-core/src/main/java/org/hibernate/tuple/entity/EntityBasedAssociationAttribute.java:18: error: package org.hibernate.persister.entity does not exist
import org.hibernate.persister.entity.Joinable;
                                     ^
/home/aboriero/hibernate/wip60/hibernate-orm/hibernate-core/src/main/java/org/hibernate/tuple/entity/EntityBasedAssociationAttribute.java:19: error: package org.hibernate.persister.entity does not exist
import org.hibernate.persister.entity.OuterJoinLoadable;
                                     ^
/home/aboriero/hibernate/wip60/hibernate-orm/hibernate-core/src/main/java/org/hibernate/tuple/entity/EntityBasedAssociationAttribute.java:21: error: package org.hibernate.persister.walking.internal does not exist
import org.hibernate.persister.walking.internal.FetchStrategyHelper;
                                               ^
/home/aboriero/hibernate/wip60/hibernate-orm/hibernate-core/src/main/java/org/hibernate/tuple/entity/EntityBasedAssociationAttribute.java:22: error: package org.hibernate.persister.walking.internal does not exist
import org.hibernate.persister.walking.internal.StandardAnyTypeDefinition;
                                               ^
/home/aboriero/hibernate/wip60/hibernate-orm/hibernate-core/src/main/java/org/hibernate/tuple/entity/EntityBasedAssociationAttribute.java:23: error: package org.hibernate.persister.walking.spi does not exist
import org.hibernate.persister.walking.spi.AnyMappingDefinition;
                                          ^
/home/aboriero/hibernate/wip60/hibernate-orm/hibernate-core/src/main/java/org/hibernate/tuple/entity/EntityBasedAssociationAttribute.java:24: error: package org.hibernate.persister.walking.spi does not exist
import org.hibernate.persister.walking.spi.AssociationAttributeDefinition;
                                          ^
/home/aboriero/hibernate/wip60/hibernate-orm/hibernate-core/src/main/java/org/hibernate/tuple/entity/EntityBasedAssociationAttribute.java:25: error: package org.hibernate.persister.walking.spi does not exist
import org.hibernate.persister.walking.spi.AssociationKey;
                                          ^
/home/aboriero/hibernate/wip60/hibernate-orm/hibernate-core/src/main/java/org/hibernate/tuple/entity/EntityBasedAssociationAttribute.java:26: error: package org.hibernate.persister.walking.spi does not exist
import org.hibernate.persister.walking.spi.CollectionDefinition;
                                          ^
/home/aboriero/hibernate/wip60/hibernate-orm/hibernate-core/src/main/java/org/hibernate/tuple/entity/EntityBasedAssociationAttribute.java:27: error: package org.hibernate.persister.walking.spi does not exist
import org.hibernate.persister.walking.spi.EntityDefinition;
                                          ^
/home/aboriero/hibernate/wip60/hibernate-orm/hibernate-core/src/main/java/org/hibernate/tuple/entity/EntityBasedAssociationAttribute.java:28: error: package org.hibernate.persister.walking.spi does not exist
import org.hibernate.persister.walking.spi.WalkingException;
                                          ^
/home/aboriero/hibernate/wip60/hibernate-orm/hibernate-core/src/main/java/org/hibernate/tuple/entity/EntityBasedAssociationAttribute.java:30: error: cannot find symbol
import org.hibernate.type.AnyType;
                         ^
  symbol:   class AnyType
  location: package org.hibernate.type
/home/aboriero/hibernate/wip60/hibernate-orm/hibernate-core/src/main/java/org/hibernate/tuple/entity/EntityBasedAssociationAttribute.java:31: error: cannot find symbol
import org.hibernate.type.spi.AssociationType;
                             ^
  symbol:   class AssociationType
  location: package org.hibernate.type.spi
/home/aboriero/hibernate/wip60/hibernate-orm/hibernate-core/src/main/java/org/hibernate/tuple/entity/EntityBasedAssociationAttribute.java:43: error: cannot find symbol
		implements AssociationAttributeDefinition {
		           ^
  symbol: class AssociationAttributeDefinition
/home/aboriero/hibernate/wip60/hibernate-orm/hibernate-core/src/main/java/org/hibernate/tuple/entity/EntityBasedAssociationAttribute.java:51: error: cannot find symbol
			AssociationType attributeType,
			^
  symbol:   class AssociationType
  location: class EntityBasedAssociationAttribute
/home/aboriero/hibernate/wip60/hibernate-orm/hibernate-core/src/main/java/org/hibernate/tuple/entity/EntityBasedAssociationAttribute.java:57: error: cannot find symbol
	public AssociationType getType() {
	       ^
  symbol:   class AssociationType
  location: class EntityBasedAssociationAttribute
/home/aboriero/hibernate/wip60/hibernate-orm/hibernate-core/src/main/java/org/hibernate/tuple/entity/EntityBasedAssociationAttribute.java:61: error: cannot find symbol
	public AssociationKey getAssociationKey() {
	       ^
  symbol:   class AssociationKey
  location: class EntityBasedAssociationAttribute
/home/aboriero/hibernate/wip60/hibernate-orm/hibernate-core/src/main/java/org/hibernate/tuple/entity/EntityBasedAssociationAttribute.java:101: error: cannot find symbol
	public AssociationNature getAssociationNature() {
	       ^
  symbol:   class AssociationNature
  location: class EntityBasedAssociationAttribute
/home/aboriero/hibernate/wip60/hibernate-orm/hibernate-core/src/main/java/org/hibernate/tuple/entity/EntityBasedAssociationAttribute.java:116: error: cannot find symbol
	public AnyMappingDefinition toAnyDefinition() {
	       ^
  symbol:   class AnyMappingDefinition
  location: class EntityBasedAssociationAttribute
/home/aboriero/hibernate/wip60/hibernate-orm/hibernate-core/src/main/java/org/hibernate/tuple/entity/EntityBasedAssociationAttribute.java:123: error: cannot find symbol
	private Joinable joinable;
	        ^
  symbol:   class Joinable
  location: class EntityBasedAssociationAttribute
/home/aboriero/hibernate/wip60/hibernate-orm/hibernate-core/src/main/java/org/hibernate/tuple/entity/EntityBasedAssociationAttribute.java:125: error: cannot find symbol
	protected Joinable getJoinable() {
	          ^
  symbol:   class Joinable
  location: class EntityBasedAssociationAttribute
/home/aboriero/hibernate/wip60/hibernate-orm/hibernate-core/src/main/java/org/hibernate/tuple/entity/EntityBasedAssociationAttribute.java:137: error: cannot find symbol
	public EntityDefinition toEntityDefinition() {
	       ^
  symbol:   class EntityDefinition
  location: class EntityBasedAssociationAttribute
/home/aboriero/hibernate/wip60/hibernate-orm/hibernate-core/src/main/java/org/hibernate/tuple/entity/EntityBasedAssociationAttribute.java:148: error: cannot find symbol
	public CollectionDefinition toCollectionDefinition() {
	       ^
  symbol:   class CollectionDefinition
  location: class EntityBasedAssociationAttribute
/home/aboriero/hibernate/wip60/hibernate-orm/hibernate-core/src/main/java/org/hibernate/tuple/entity/EntityBasedAssociationAttribute.java:159: error: cannot find symbol
	public FetchStrategy determineFetchPlan(LoadQueryInfluencers loadQueryInfluencers, PropertyPath propertyPath) {
	                                                                                   ^
  symbol:   class PropertyPath
  location: class EntityBasedAssociationAttribute
/home/aboriero/hibernate/wip60/hibernate-orm/hibernate-core/src/main/java/org/hibernate/tuple/entity/EntityBasedCompositionAttribute.java:11: error: package org.hibernate.persister.walking.spi does not exist
import org.hibernate.persister.walking.spi.CompositionDefinition;
                                          ^
/home/aboriero/hibernate/wip60/hibernate-orm/hibernate-core/src/main/java/org/hibernate/tuple/entity/EntityBasedCompositionAttribute.java:14: error: cannot find symbol
import org.hibernate.type.spi.EmbeddedType;
                             ^
  symbol:   class EmbeddedType
  location: package org.hibernate.type.spi
/home/aboriero/hibernate/wip60/hibernate-orm/hibernate-core/src/main/java/org/hibernate/tuple/entity/EntityBasedCompositionAttribute.java:21: error: cannot find symbol
		implements CompositionDefinition {
		           ^
  symbol: class CompositionDefinition
/home/aboriero/hibernate/wip60/hibernate-orm/hibernate-core/src/main/java/org/hibernate/tuple/entity/EntityBasedCompositionAttribute.java:28: error: cannot find symbol
			EmbeddedType attributeType,
			^
  symbol:   class EmbeddedType
  location: class EntityBasedCompositionAttribute
/home/aboriero/hibernate/wip60/hibernate-orm/hibernate-core/src/main/java/org/hibernate/tuple/PropertyFactory.java:33: error: cannot find symbol
import org.hibernate.type.spi.AssociationType;
                             ^
  symbol:   class AssociationType
  location: package org.hibernate.type.spi
/home/aboriero/hibernate/wip60/hibernate-orm/hibernate-core/src/main/java/org/hibernate/tuple/PropertyFactory.java:35: error: cannot find symbol
import org.hibernate.type.spi.EmbeddedType;
                             ^
  symbol:   class EmbeddedType
  location: package org.hibernate.type.spi
/home/aboriero/hibernate/wip60/hibernate-orm/hibernate-core/src/main/java/org/hibernate/envers/configuration/internal/metadata/AuditMetadataGenerator.java:44: error: cannot find symbol
import org.hibernate.type.CollectionType;
                         ^
  symbol:   class CollectionType
  location: package org.hibernate.type
/home/aboriero/hibernate/wip60/hibernate-orm/hibernate-core/src/main/java/org/hibernate/envers/configuration/internal/metadata/AuditMetadataGenerator.java:45: error: cannot find symbol
import org.hibernate.type.ComponentType;
                         ^
  symbol:   class ComponentType
  location: package org.hibernate.type
/home/aboriero/hibernate/wip60/hibernate-orm/hibernate-core/src/main/java/org/hibernate/envers/configuration/internal/metadata/AuditMetadataGenerator.java:46: error: cannot find symbol
import org.hibernate.type.ManyToOneType;
                         ^
  symbol:   class ManyToOneType
  location: package org.hibernate.type
/home/aboriero/hibernate/wip60/hibernate-orm/hibernate-core/src/main/java/org/hibernate/envers/configuration/internal/metadata/AuditMetadataGenerator.java:47: error: cannot find symbol
import org.hibernate.type.OneToOneType;
                         ^
  symbol:   class OneToOneType
  location: package org.hibernate.type
/home/aboriero/hibernate/wip60/hibernate-orm/hibernate-core/src/main/java/org/hibernate/envers/configuration/internal/metadata/BasicMetadataGenerator.java:16: error: cannot find symbol
import org.hibernate.type.CustomType;
                         ^
  symbol:   class CustomType
  location: package org.hibernate.type
/home/aboriero/hibernate/wip60/hibernate-orm/hibernate-core/src/main/java/org/hibernate/envers/configuration/internal/metadata/BasicMetadataGenerator.java:17: error: cannot find symbol
import org.hibernate.type.EnumType;
                         ^
  symbol:   class EnumType
  location: package org.hibernate.type
/home/aboriero/hibernate/wip60/hibernate-orm/hibernate-core/src/main/java/org/hibernate/envers/configuration/internal/metadata/BasicMetadataGenerator.java:18: error: cannot find symbol
import org.hibernate.type.SerializableToBlobType;
                         ^
  symbol:   class SerializableToBlobType
  location: package org.hibernate.type
/home/aboriero/hibernate/wip60/hibernate-orm/hibernate-core/src/main/java/org/hibernate/envers/configuration/internal/metadata/IdMetadataGenerator.java:25: error: cannot find symbol
import org.hibernate.type.ManyToOneType;
                         ^
  symbol:   class ManyToOneType
  location: package org.hibernate.type
/home/aboriero/hibernate/wip60/hibernate-orm/hibernate-core/src/main/java/org/hibernate/envers/configuration/internal/metadata/reader/AuditedPropertiesReader.java:41: error: cannot find symbol
import org.hibernate.loader.PropertyPath;
                           ^
  symbol:   class PropertyPath
  location: package org.hibernate.loader
/home/aboriero/hibernate/wip60/hibernate-orm/hibernate-core/src/main/java/org/hibernate/envers/configuration/internal/metadata/CollectionMetadataGenerator.java:75: error: cannot find symbol
import org.hibernate.type.internal.BagType;
                                  ^
  symbol:   class BagType
  location: package org.hibernate.type.internal
/home/aboriero/hibernate/wip60/hibernate-orm/hibernate-core/src/main/java/org/hibernate/envers/configuration/internal/metadata/CollectionMetadataGenerator.java:76: error: cannot find symbol
import org.hibernate.type.ComponentType;
                         ^
  symbol:   class ComponentType
  location: package org.hibernate.type
/home/aboriero/hibernate/wip60/hibernate-orm/hibernate-core/src/main/java/org/hibernate/envers/configuration/internal/metadata/CollectionMetadataGenerator.java:77: error: cannot find symbol
import org.hibernate.type.internal.ListType;
                                  ^
  symbol:   class ListType
  location: package org.hibernate.type.internal
/home/aboriero/hibernate/wip60/hibernate-orm/hibernate-core/src/main/java/org/hibernate/envers/configuration/internal/metadata/CollectionMetadataGenerator.java:78: error: cannot find symbol
import org.hibernate.type.ManyToOneType;
                         ^
  symbol:   class ManyToOneType
  location: package org.hibernate.type
/home/aboriero/hibernate/wip60/hibernate-orm/hibernate-core/src/main/java/org/hibernate/envers/configuration/internal/metadata/CollectionMetadataGenerator.java:79: error: cannot find symbol
import org.hibernate.type.internal.MapType;
                                  ^
  symbol:   class MapType
  location: package org.hibernate.type.internal
/home/aboriero/hibernate/wip60/hibernate-orm/hibernate-core/src/main/java/org/hibernate/envers/configuration/internal/metadata/CollectionMetadataGenerator.java:80: error: cannot find symbol
import org.hibernate.type.internal.SetType;
                                  ^
  symbol:   class SetType
  location: package org.hibernate.type.internal
/home/aboriero/hibernate/wip60/hibernate-orm/hibernate-core/src/main/java/org/hibernate/envers/configuration/internal/metadata/CollectionMetadataGenerator.java:81: error: cannot find symbol
import org.hibernate.type.internal.SortedMapType;
                                  ^
  symbol:   class SortedMapType
  location: package org.hibernate.type.internal
/home/aboriero/hibernate/wip60/hibernate-orm/hibernate-core/src/main/java/org/hibernate/envers/configuration/internal/metadata/CollectionMetadataGenerator.java:82: error: cannot find symbol
import org.hibernate.type.internal.SortedSetType;
                                  ^
  symbol:   class SortedSetType
  location: package org.hibernate.type.internal
/home/aboriero/hibernate/wip60/hibernate-orm/hibernate-core/src/main/java/org/hibernate/envers/event/spi/BaseEnversCollectionEventListener.java:27: error: package org.hibernate.persister.collection does not exist
import org.hibernate.persister.collection.AbstractCollectionPersister;
                                         ^
/home/aboriero/hibernate/wip60/hibernate-orm/hibernate-core/src/main/java/org/hibernate/envers/query/criteria/internal/CriteriaTools.java:21: error: cannot find symbol
import org.hibernate.type.EmbeddedComponentType;
                         ^
  symbol:   class EmbeddedComponentType
  location: package org.hibernate.type
/home/aboriero/hibernate/wip60/hibernate-orm/hibernate-core/src/main/java/org/hibernate/envers/query/criteria/internal/SimpleAuditExpression.java:17: error: cannot find symbol
import org.hibernate.type.ComponentType;
                         ^
  symbol:   class ComponentType
  location: package org.hibernate.type
/home/aboriero/hibernate/wip60/hibernate-orm/hibernate-core/src/main/java/org/hibernate/envers/strategy/ValidityAuditStrategy.java:37: error: package org.hibernate.persister.entity does not exist
import org.hibernate.persister.entity.JoinedSubclassEntityPersister;
                                     ^
/home/aboriero/hibernate/wip60/hibernate-orm/hibernate-core/src/main/java/org/hibernate/envers/strategy/ValidityAuditStrategy.java:38: error: package org.hibernate.persister.entity does not exist
import org.hibernate.persister.entity.Queryable;
                                     ^
/home/aboriero/hibernate/wip60/hibernate-orm/hibernate-core/src/main/java/org/hibernate/envers/strategy/ValidityAuditStrategy.java:39: error: package org.hibernate.persister.entity does not exist
import org.hibernate.persister.entity.UnionSubclassEntityPersister;
                                     ^
/home/aboriero/hibernate/wip60/hibernate-orm/hibernate-core/src/main/java/org/hibernate/envers/strategy/ValidityAuditStrategy.java:42: error: cannot find symbol
import org.hibernate.type.CollectionType;
                         ^
  symbol:   class CollectionType
  location: package org.hibernate.type
/home/aboriero/hibernate/wip60/hibernate-orm/hibernate-core/src/main/java/org/hibernate/envers/strategy/ValidityAuditStrategy.java:43: error: cannot find symbol
import org.hibernate.type.ComponentType;
                         ^
  symbol:   class ComponentType
  location: package org.hibernate.type
/home/aboriero/hibernate/wip60/hibernate-orm/hibernate-core/src/main/java/org/hibernate/envers/strategy/ValidityAuditStrategy.java:571: error: cannot find symbol
			Queryable entityQueryable,
			^
  symbol:   class Queryable
  location: class ValidityAuditStrategy
/home/aboriero/hibernate/wip60/hibernate-orm/hibernate-core/src/main/java/org/hibernate/envers/strategy/ValidityAuditStrategy.java:572: error: cannot find symbol
			Queryable auditedEntityQueryable,
			^
  symbol:   class Queryable
  location: class ValidityAuditStrategy
/home/aboriero/hibernate/wip60/hibernate-orm/hibernate-core/src/main/java/org/hibernate/envers/strategy/ValidityAuditStrategy.java:587: error: cannot find symbol
	private Queryable getQueryable(String entityName, SessionImplementor sessionImplementor) {
	        ^
  symbol:   class Queryable
  location: class ValidityAuditStrategy
/home/aboriero/hibernate/wip60/hibernate-orm/hibernate-core/src/main/java/org/hibernate/envers/strategy/ValidityAuditStrategy.java:599: error: cannot find symbol
	private String getUpdateTableName(Queryable rootProductionEntityQueryable,
	                                  ^
  symbol:   class Queryable
  location: class ValidityAuditStrategy
/home/aboriero/hibernate/wip60/hibernate-orm/hibernate-core/src/main/java/org/hibernate/envers/strategy/ValidityAuditStrategy.java:600: error: cannot find symbol
			Queryable rootAuditedEntityQueryable,
			^
  symbol:   class Queryable
  location: class ValidityAuditStrategy
/home/aboriero/hibernate/wip60/hibernate-orm/hibernate-core/src/main/java/org/hibernate/envers/strategy/ValidityAuditStrategy.java:601: error: cannot find symbol
			Queryable auditedEntityQueryable) {
			^
  symbol:   class Queryable
  location: class ValidityAuditStrategy
/home/aboriero/hibernate/wip60/hibernate-orm/hibernate-core/src/main/java/org/hibernate/engine/loading/internal/CollectionLoadContext.java:93: error: cannot find symbol
		final EntityMode em = persister.getOwnerEntityPersister().getEntityMetamodel().getEntityMode();
		                               ^
  symbol:   method getOwnerEntityPersister()
  location: variable persister of type PersistentCollectionDescriptor
/home/aboriero/hibernate/wip60/hibernate-orm/hibernate-core/src/main/java/org/hibernate/engine/loading/internal/CollectionLoadContext.java:97: error: cannot find symbol
					MessageHelper.collectionInfoString( persister.getRole(), key ) );
					                                             ^
  symbol:   method getRole()
  location: variable persister of type PersistentCollectionDescriptor
/home/aboriero/hibernate/wip60/hibernate-orm/hibernate-core/src/main/java/org/hibernate/engine/loading/internal/CollectionLoadContext.java:123: error: cannot find symbol
				collection = persister.getOrmType().instantiate(
				                      ^
  symbol:   method getOrmType()
  location: variable persister of type PersistentCollectionDescriptor
/home/aboriero/hibernate/wip60/hibernate-orm/hibernate-core/src/main/java/org/hibernate/engine/loading/internal/CollectionLoadContext.java:180: error: cannot find symbol
									persister.getOwnerEntityPersister().getEntityMetamodel().getEntityMode()
									         ^
  symbol:   method getOwnerEntityPersister()
  location: variable persister of type PersistentCollectionDescriptor
/home/aboriero/hibernate/wip60/hibernate-orm/hibernate-core/src/main/java/org/hibernate/engine/loading/internal/CollectionLoadContext.java:209: error: cannot find symbol
				LOG.debugf( "No collections were found in result set for role: %s", persister.getRole() );
				                                                                             ^
  symbol:   method getRole()
  location: variable persister of type PersistentCollectionDescriptor
/home/aboriero/hibernate/wip60/hibernate-orm/hibernate-core/src/main/java/org/hibernate/engine/loading/internal/CollectionLoadContext.java:216: error: cannot find symbol
			LOG.debugf( "%s collections were found in result set for role: %s", count, persister.getRole() );
			                                                                                    ^
  symbol:   method getRole()
  location: variable persister of type PersistentCollectionDescriptor
/home/aboriero/hibernate/wip60/hibernate-orm/hibernate-core/src/main/java/org/hibernate/engine/loading/internal/CollectionLoadContext.java:224: error: cannot find symbol
			LOG.debugf( "%s collections initialized for role: %s", count, persister.getRole() );
			                                                                       ^
  symbol:   method getRole()
  location: variable persister of type PersistentCollectionDescriptor
/home/aboriero/hibernate/wip60/hibernate-orm/hibernate-core/src/main/java/org/hibernate/engine/loading/internal/CollectionLoadContext.java:235: error: cannot find symbol
		if ( persister.isArray() ) {
		              ^
  symbol:   method isArray()
  location: variable persister of type PersistentCollectionDescriptor
/home/aboriero/hibernate/wip60/hibernate-orm/hibernate-core/src/main/java/org/hibernate/engine/loading/internal/CollectionLoadContext.java:270: error: cannot find symbol
			session.getFactory().getStatistics().loadCollection( persister.getRole() );
			                                                              ^
  symbol:   method getRole()
  location: variable persister of type PersistentCollectionDescriptor
/home/aboriero/hibernate/wip60/hibernate-orm/hibernate-core/src/main/java/org/hibernate/engine/loading/internal/CollectionLoadContext.java:289: error: cannot find symbol
		if ( !session.getLoadQueryInfluencers().getEnabledFilters().isEmpty() && persister.isAffectedByEnabledFilters( session ) ) {
		                                                                                  ^
  symbol:   method isAffectedByEnabledFilters(SharedSessionContractImplementor)
  location: variable persister of type PersistentCollectionDescriptor
/home/aboriero/hibernate/wip60/hibernate-orm/hibernate-core/src/main/java/org/hibernate/engine/loading/internal/CollectionLoadContext.java:302: error: cannot find symbol
		if ( persister.isVersioned() ) {
		              ^
  symbol:   method isVersioned()
  location: variable persister of type PersistentCollectionDescriptor
/home/aboriero/hibernate/wip60/hibernate-orm/hibernate-core/src/main/java/org/hibernate/engine/loading/internal/CollectionLoadContext.java:313: error: cannot find symbol
						final Serializable ownerKey = persister.getOwnerEntityPersister().getIdentifier( linkedOwner, session );
						                                       ^
  symbol:   method getOwnerEntityPersister()
  location: variable persister of type PersistentCollectionDescriptor
/home/aboriero/hibernate/wip60/hibernate-orm/hibernate-core/src/main/java/org/hibernate/engine/loading/internal/CollectionLoadContext.java:341: error: cannot find symbol
		if ( persister.isAssociation() ) {
		              ^
  symbol:   method isAssociation()
  location: variable persister of type PersistentCollectionDescriptor
/home/aboriero/hibernate/wip60/hibernate-orm/hibernate-core/src/main/java/org/hibernate/engine/loading/internal/CollectionLoadContext.java:343: error: cannot find symbol
				EntityDescriptor entityPersister = persister.getElementType().getElementPersister();
				                                            ^
  symbol:   method getElementType()
  location: variable persister of type PersistentCollectionDescriptor
/home/aboriero/hibernate/wip60/hibernate-orm/hibernate-core/src/main/java/org/hibernate/engine/spi/CollectionKey.java:34: error: cannot find symbol
				persister.getRole(),
				         ^
  symbol:   method getRole()
  location: variable persister of type PersistentCollectionDescriptor
/home/aboriero/hibernate/wip60/hibernate-orm/hibernate-core/src/main/java/org/hibernate/engine/spi/CollectionKey.java:36: error: cannot find symbol
				persister.getKeyType(),
				         ^
  symbol:   method getKeyType()
  location: variable persister of type PersistentCollectionDescriptor
/home/aboriero/hibernate/wip60/hibernate-orm/hibernate-core/src/main/java/org/hibernate/engine/spi/CollectionKey.java:37: error: cannot find symbol
				persister.getOwnerEntityPersister().getEntityMetamodel().getEntityMode(),
				         ^
  symbol:   method getOwnerEntityPersister()
  location: variable persister of type PersistentCollectionDescriptor
/home/aboriero/hibernate/wip60/hibernate-orm/hibernate-core/src/main/java/org/hibernate/engine/spi/CollectionKey.java:38: error: cannot find symbol
				persister.getFactory()
				         ^
  symbol:   method getFactory()
  location: variable persister of type PersistentCollectionDescriptor
/home/aboriero/hibernate/wip60/hibernate-orm/hibernate-core/src/main/java/org/hibernate/engine/spi/CollectionKey.java:43: error: cannot find symbol
		this( persister.getRole(), key, persister.getKeyType(), em, persister.getFactory() );
		               ^
  symbol:   method getRole()
  location: variable persister of type PersistentCollectionDescriptor
/home/aboriero/hibernate/wip60/hibernate-orm/hibernate-core/src/main/java/org/hibernate/engine/spi/CollectionKey.java:43: error: cannot find symbol
		this( persister.getRole(), key, persister.getKeyType(), em, persister.getFactory() );
		                                         ^
  symbol:   method getKeyType()
  location: variable persister of type PersistentCollectionDescriptor
/home/aboriero/hibernate/wip60/hibernate-orm/hibernate-core/src/main/java/org/hibernate/engine/spi/CollectionKey.java:43: error: cannot find symbol
		this( persister.getRole(), key, persister.getKeyType(), em, persister.getFactory() );
		                                                                     ^
  symbol:   method getFactory()
  location: variable persister of type PersistentCollectionDescriptor
/home/aboriero/hibernate/wip60/hibernate-orm/hibernate-core/src/main/java/org/hibernate/engine/spi/CollectionKey.java:64: error: cannot find symbol
		result = 37 * result + keyType.getHashCode( key );
		                              ^
  symbol:   method getHashCode(Serializable)
  location: variable keyType of type Type
/home/aboriero/hibernate/wip60/hibernate-orm/hibernate-core/src/main/java/org/hibernate/engine/spi/CollectionKey.java:93: error: cannot find symbol
				&& keyType.isEqual( that.key, key, factory );
				          ^
  symbol:   method isEqual(Serializable,Serializable,SessionFactoryImplementor)
  location: variable keyType of type Type
/home/aboriero/hibernate/wip60/hibernate-orm/hibernate-core/src/main/java/org/hibernate/dialect/Dialect.java:212: error: cannot find symbol
		registerHibernateType( Types.BIGINT, StandardSpiBasicTypes.BIG_INTEGER.getName() );
		                                                                      ^
  symbol:   method getName()
  location: variable BIG_INTEGER of type BasicType<BigInteger>
/home/aboriero/hibernate/wip60/hibernate-orm/hibernate-core/src/main/java/org/hibernate/dialect/Dialect.java:213: error: cannot find symbol
		registerHibernateType( Types.BINARY, StandardSpiBasicTypes.BINARY.getName() );
		                                                                 ^
  symbol:   method getName()
  location: variable BINARY of type BasicType<byte[]>
/home/aboriero/hibernate/wip60/hibernate-orm/hibernate-core/src/main/java/org/hibernate/dialect/Dialect.java:214: error: cannot find symbol
		registerHibernateType( Types.BIT, StandardSpiBasicTypes.BOOLEAN.getName() );
		                                                               ^
  symbol:   method getName()
  location: variable BOOLEAN of type BasicType<Boolean>
/home/aboriero/hibernate/wip60/hibernate-orm/hibernate-core/src/main/java/org/hibernate/dialect/Dialect.java:215: error: cannot find symbol
		registerHibernateType( Types.BOOLEAN, StandardSpiBasicTypes.BOOLEAN.getName() );
		                                                                   ^
  symbol:   method getName()
  location: variable BOOLEAN of type BasicType<Boolean>
/home/aboriero/hibernate/wip60/hibernate-orm/hibernate-core/src/main/java/org/hibernate/dialect/Dialect.java:216: error: cannot find symbol
		registerHibernateType( Types.CHAR, StandardSpiBasicTypes.CHARACTER.getName() );
		                                                                  ^
  symbol:   method getName()
  location: variable CHARACTER of type BasicType<Character>
/home/aboriero/hibernate/wip60/hibernate-orm/hibernate-core/src/main/java/org/hibernate/dialect/Dialect.java:217: error: cannot find symbol
		registerHibernateType( Types.CHAR, 1, StandardSpiBasicTypes.CHARACTER.getName() );
		                                                                     ^
  symbol:   method getName()
  location: variable CHARACTER of type BasicType<Character>
/home/aboriero/hibernate/wip60/hibernate-orm/hibernate-core/src/main/java/org/hibernate/dialect/Dialect.java:218: error: cannot find symbol
		registerHibernateType( Types.CHAR, 255, StandardSpiBasicTypes.STRING.getName() );
		                                                                    ^
  symbol:   method getName()
  location: variable STRING of type BasicType<String>
/home/aboriero/hibernate/wip60/hibernate-orm/hibernate-core/src/main/java/org/hibernate/dialect/Dialect.java:219: error: cannot find symbol
		registerHibernateType( Types.DATE, StandardSpiBasicTypes.DATE.getName() );
		                                                             ^
  symbol:   method getName()
  location: variable DATE of type BasicType<Date>
/home/aboriero/hibernate/wip60/hibernate-orm/hibernate-core/src/main/java/org/hibernate/dialect/Dialect.java:220: error: cannot find symbol
		registerHibernateType( Types.DOUBLE, StandardSpiBasicTypes.DOUBLE.getName() );
		                                                                 ^
  symbol:   method getName()
  location: variable DOUBLE of type BasicType<Double>
/home/aboriero/hibernate/wip60/hibernate-orm/hibernate-core/src/main/java/org/hibernate/dialect/Dialect.java:221: error: cannot find symbol
		registerHibernateType( Types.FLOAT, StandardSpiBasicTypes.FLOAT.getName() );
		                                                               ^
  symbol:   method getName()
  location: variable FLOAT of type BasicType<Float>
/home/aboriero/hibernate/wip60/hibernate-orm/hibernate-core/src/main/java/org/hibernate/dialect/Dialect.java:222: error: cannot find symbol
		registerHibernateType( Types.INTEGER, StandardSpiBasicTypes.INTEGER.getName() );
		                                                                   ^
  symbol:   method getName()
  location: variable INTEGER of type BasicType<Integer>
/home/aboriero/hibernate/wip60/hibernate-orm/hibernate-core/src/main/java/org/hibernate/dialect/Dialect.java:223: error: cannot find symbol
		registerHibernateType( Types.SMALLINT, StandardSpiBasicTypes.SHORT.getName() );
		                                                                  ^
  symbol:   method getName()
  location: variable SHORT of type BasicType<Short>
/home/aboriero/hibernate/wip60/hibernate-orm/hibernate-core/src/main/java/org/hibernate/dialect/Dialect.java:224: error: cannot find symbol
		registerHibernateType( Types.TINYINT, StandardSpiBasicTypes.BYTE.getName() );
		                                                                ^
  symbol:   method getName()
  location: variable BYTE of type BasicType<Byte>
/home/aboriero/hibernate/wip60/hibernate-orm/hibernate-core/src/main/java/org/hibernate/dialect/Dialect.java:225: error: cannot find symbol
		registerHibernateType( Types.TIME, StandardSpiBasicTypes.TIME.getName() );
		                                                             ^
  symbol:   method getName()
  location: variable TIME of type BasicType<Date>
/home/aboriero/hibernate/wip60/hibernate-orm/hibernate-core/src/main/java/org/hibernate/dialect/Dialect.java:226: error: cannot find symbol
		registerHibernateType( Types.TIMESTAMP, StandardSpiBasicTypes.TIMESTAMP.getName() );
		                                                                       ^
  symbol:   method getName()
  location: variable TIMESTAMP of type BasicType<Date>
/home/aboriero/hibernate/wip60/hibernate-orm/hibernate-core/src/main/java/org/hibernate/dialect/Dialect.java:227: error: cannot find symbol
		registerHibernateType( Types.VARCHAR, StandardSpiBasicTypes.STRING.getName() );
		                                                                  ^
  symbol:   method getName()
  location: variable STRING of type BasicType<String>
/home/aboriero/hibernate/wip60/hibernate-orm/hibernate-core/src/main/java/org/hibernate/dialect/Dialect.java:228: error: cannot find symbol
		registerHibernateType( Types.VARBINARY, StandardSpiBasicTypes.BINARY.getName() );
		                                                                    ^
  symbol:   method getName()
  location: variable BINARY of type BasicType<byte[]>
/home/aboriero/hibernate/wip60/hibernate-orm/hibernate-core/src/main/java/org/hibernate/dialect/Dialect.java:229: error: cannot find symbol
		registerHibernateType( Types.LONGVARCHAR, StandardSpiBasicTypes.TEXT.getName() );
		                                                                    ^
  symbol:   method getName()
  location: variable TEXT of type BasicType<String>
/home/aboriero/hibernate/wip60/hibernate-orm/hibernate-core/src/main/java/org/hibernate/dialect/Dialect.java:230: error: cannot find symbol
		registerHibernateType( Types.LONGVARBINARY, StandardSpiBasicTypes.IMAGE.getName() );
		                                                                       ^
  symbol:   method getName()
  location: variable IMAGE of type BasicType<byte[]>
/home/aboriero/hibernate/wip60/hibernate-orm/hibernate-core/src/main/java/org/hibernate/dialect/Dialect.java:231: error: cannot find symbol
		registerHibernateType( Types.NUMERIC, StandardSpiBasicTypes.BIG_DECIMAL.getName() );
		                                                                       ^
  symbol:   method getName()
  location: variable BIG_DECIMAL of type BasicType<BigDecimal>
/home/aboriero/hibernate/wip60/hibernate-orm/hibernate-core/src/main/java/org/hibernate/dialect/Dialect.java:232: error: cannot find symbol
		registerHibernateType( Types.DECIMAL, StandardSpiBasicTypes.BIG_DECIMAL.getName() );
		                                                                       ^
  symbol:   method getName()
  location: variable BIG_DECIMAL of type BasicType<BigDecimal>
/home/aboriero/hibernate/wip60/hibernate-orm/hibernate-core/src/main/java/org/hibernate/dialect/Dialect.java:233: error: cannot find symbol
		registerHibernateType( Types.BLOB, StandardSpiBasicTypes.BLOB.getName() );
		                                                             ^
  symbol:   method getName()
  location: variable BLOB of type BasicType<Blob>
/home/aboriero/hibernate/wip60/hibernate-orm/hibernate-core/src/main/java/org/hibernate/dialect/Dialect.java:234: error: cannot find symbol
		registerHibernateType( Types.CLOB, StandardSpiBasicTypes.CLOB.getName() );
		                                                             ^
  symbol:   method getName()
  location: variable CLOB of type BasicType<Clob>
/home/aboriero/hibernate/wip60/hibernate-orm/hibernate-core/src/main/java/org/hibernate/dialect/Dialect.java:235: error: cannot find symbol
		registerHibernateType( Types.REAL, StandardSpiBasicTypes.FLOAT.getName() );
		                                                              ^
  symbol:   method getName()
  location: variable FLOAT of type BasicType<Float>
/home/aboriero/hibernate/wip60/hibernate-orm/hibernate-core/src/main/java/org/hibernate/dialect/Dialect.java:1928: error: incompatible types: StandardTableExporter cannot be converted to Exporter<MappedTable>
		return tableExporter;
		       ^
/home/aboriero/hibernate/wip60/hibernate-orm/hibernate-core/src/main/java/org/hibernate/dialect/Dialect.java:1932: error: incompatible types: StandardSequenceExporter cannot be converted to Exporter<MappedSequence>
		return sequenceExporter;
		       ^
/home/aboriero/hibernate/wip60/hibernate-orm/hibernate-core/src/main/java/org/hibernate/dialect/Dialect.java:1944: error: incompatible types: StandardUniqueKeyExporter cannot be converted to Exporter<Constraint>
		return uniqueKeyExporter;
		       ^
/home/aboriero/hibernate/wip60/hibernate-orm/hibernate-core/src/main/java/org/hibernate/engine/loading/internal/LoadingCollectionEntry.java:56: error: cannot find symbol
		return getClass().getName() + "<rs=" + resultSet + ", coll=" + MessageHelper.collectionInfoString( persister.getRole(), key ) + ">@" + Integer.toHexString( hashCode() );
		                                                                                                            ^
  symbol:   method getRole()
  location: variable persister of type PersistentCollectionDescriptor
/home/aboriero/hibernate/wip60/hibernate-orm/hibernate-core/src/main/java/org/hibernate/Session.java:1050: error: cannot find symbol
		return getSessionFactory().getTypeHelper();
		                          ^
  symbol:   method getTypeHelper()
  location: interface SessionFactory
/home/aboriero/hibernate/wip60/hibernate-orm/hibernate-core/src/main/java/org/hibernate/query/spi/NamedQueryRepository.java:156: error: cannot find symbol
				queryPlanCache.getHQLQueryPlan( namedQueryDefinition.getQueryString(), false, Collections.EMPTY_MAP );
				              ^
  symbol:   method getHQLQueryPlan(String,boolean,Map)
  location: variable queryPlanCache of type QueryEngine
/home/aboriero/hibernate/wip60/hibernate-orm/hibernate-core/src/main/java/org/hibernate/query/spi/NamedQueryRepository.java:192: error: cannot find symbol
				queryPlanCache.getNativeSQLQueryPlan( spec );
				              ^
  symbol:   method getNativeSQLQueryPlan(NativeSQLQuerySpecification)
  location: variable queryPlanCache of type QueryEngine
/home/aboriero/hibernate/wip60/hibernate-orm/hibernate-core/src/main/java/org/hibernate/engine/profile/FetchProfile.java:81: error: cannot find symbol
				if ( BagType.class.isInstance( associationType ) ) {
				     ^
  symbol:   class BagType
  location: class FetchProfile
/home/aboriero/hibernate/wip60/hibernate-orm/hibernate-core/src/main/java/org/hibernate/sql/ast/produce/metamodel/spi/EntityValuedExpressableType.java:37: error: method does not override or implement a method from a supertype
	@Override
	^
/home/aboriero/hibernate/wip60/hibernate-orm/hibernate-core/src/main/java/org/hibernate/tool/schema/internal/StandardTableExporter.java:59: error: cannot find symbol
				&& table.getIdentifierValue() != null
				        ^
  symbol:   method getIdentifierValue()
  location: variable table of type ExportableTable
/home/aboriero/hibernate/wip60/hibernate-orm/hibernate-core/src/main/java/org/hibernate/tool/schema/internal/StandardTableExporter.java:60: error: cannot find symbol
				&& table.getIdentifierValue().isIdentityColumn( modelCreationContext.getIdentifierGeneratorFactory(), dialect );
				        ^
  symbol:   method getIdentifierValue()
  location: variable table of type ExportableTable
/home/aboriero/hibernate/wip60/hibernate-orm/hibernate-core/src/main/java/org/hibernate/tool/schema/internal/StandardTableExporter.java:115: error: incompatible types: PhysicalColumn cannot be converted to Column
								.getColumnDefinitionUniquenessFragment( col )
								                                        ^
/home/aboriero/hibernate/wip60/hibernate-orm/hibernate-core/src/main/java/org/hibernate/tool/schema/internal/StandardTableExporter.java:119: error: cannot find symbol
			if ( col.getCheckConstraint() != null && dialect.supportsColumnCheck() ) {
			        ^
  symbol:   method getCheckConstraint()
  location: variable col of type PhysicalColumn
/home/aboriero/hibernate/wip60/hibernate-orm/hibernate-core/src/main/java/org/hibernate/tool/schema/internal/StandardTableExporter.java:121: error: cannot find symbol
						.append( col.getCheckConstraint() )
						            ^
  symbol:   method getCheckConstraint()
  location: variable col of type PhysicalColumn
/home/aboriero/hibernate/wip60/hibernate-orm/hibernate-core/src/main/java/org/hibernate/tool/schema/internal/StandardTableExporter.java:132: error: cannot find symbol
					.append( table.getPrimaryKey().sqlConstraintString( dialect ) );
					                              ^
  symbol:   method sqlConstraintString(Dialect)
  location: class PrimaryKey
/home/aboriero/hibernate/wip60/hibernate-orm/hibernate-core/src/main/java/org/hibernate/tool/schema/internal/StandardTableExporter.java:175: error: cannot find symbol
		for ( InitCommand initCommand : table.getInitCommands() ) {
		                                     ^
  symbol:   method getInitCommands()
  location: variable table of type Table
/home/aboriero/hibernate/wip60/hibernate-orm/hibernate-core/src/main/java/org/hibernate/engine/spi/QueryParameters.java:43: error: package ParserHelper does not exist
	private static final String SYMBOLS = ParserHelper.HQL_SEPARATORS.replace( "'", "" );
	                                                  ^
/home/aboriero/hibernate/wip60/hibernate-orm/hibernate-core/src/main/java/org/hibernate/engine/spi/QueryParameters.java:539: error: cannot find symbol
		if ( filters.size() == 0 || !sql.contains( ParserHelper.HQL_VARIABLE_PREFIX ) ) {
		                                           ^
  symbol:   variable ParserHelper
  location: class QueryParameters
/home/aboriero/hibernate/wip60/hibernate-orm/hibernate-core/src/main/java/org/hibernate/engine/spi/QueryParameters.java:553: error: cannot find symbol
				if ( token.startsWith( ParserHelper.HQL_VARIABLE_PREFIX ) ) {
				                       ^
  symbol:   variable ParserHelper
  location: class QueryParameters
/home/aboriero/hibernate/wip60/hibernate-orm/hibernate-core/src/main/java/org/hibernate/engine/spi/QueryParameters.java:581: error: cannot find symbol
						if ( type.isComponentType() ) {
						         ^
  symbol:   method isComponentType()
  location: variable type of type Type
/home/aboriero/hibernate/wip60/hibernate-orm/hibernate-core/src/main/java/org/hibernate/engine/spi/QueryParameters.java:585: error: cannot find symbol
							final int numberOfParametersCoveredBy = getNumberOfParametersCoveredBy( ((ComponentType) type).getSubtypes() );
							                                                                          ^
  symbol:   class ComponentType
  location: class QueryParameters
/home/aboriero/hibernate/wip60/hibernate-orm/hibernate-core/src/main/java/org/hibernate/engine/spi/QueryParameters.java:609: error: cannot find symbol
			if ( type.isComponentType() ) {
			         ^
  symbol:   method isComponentType()
  location: variable type of type Type
/home/aboriero/hibernate/wip60/hibernate-orm/hibernate-core/src/main/java/org/hibernate/engine/spi/QueryParameters.java:610: error: cannot find symbol
				numberOfParameters = numberOfParameters + getNumberOfParametersCoveredBy( ((ComponentType) type).getSubtypes() );
				                                                                            ^
  symbol:   class ComponentType
  location: class QueryParameters
/home/aboriero/hibernate/wip60/hibernate-orm/hibernate-core/src/main/java/org/hibernate/metamodel/model/domain/spi/CollectionKey.java:48: error: incompatible types: no instance(s) of type variable(s) T exist so that ArrayList<T> conforms to ColumnMappings
		final ForeignKey.ColumnMappings joinColumnMappings = CollectionHelper.arrayList( joinSourceColumns.size() );
		                                                                               ^
  where T is a type-variable:
    T extends Object declared in method <T>arrayList(int)
/home/aboriero/hibernate/wip60/hibernate-orm/hibernate-core/src/main/java/org/hibernate/metamodel/model/domain/spi/CollectionKey.java:51: error: ColumnMapping is abstract; cannot be instantiated
					new ForeignKey.ColumnMapping(
					^
/home/aboriero/hibernate/wip60/hibernate-orm/hibernate-core/src/main/java/org/hibernate/metamodel/model/domain/spi/CollectionKey.java:69: error: cannot find symbol
		final String[] columnNames = ( (Joinable) collectionPersister ).getKeyColumnNames();
		                                ^
  symbol:   class Joinable
  location: class CollectionKey
/home/aboriero/hibernate/wip60/hibernate-orm/hibernate-core/src/main/java/org/hibernate/metamodel/model/domain/spi/CollectionKey.java:78: error: cannot find symbol
						separateCollectionTable.makeColumn(
						                       ^
  symbol:   method makeColumn(String,int)
  location: variable separateCollectionTable of type Table
/home/aboriero/hibernate/wip60/hibernate-orm/hibernate-core/src/main/java/org/hibernate/metamodel/model/domain/spi/CollectionKey.java:92: error: cannot find symbol
				Column column = elementPersister.getPrimaryTable().locateColumn( columnNames[i] );
				                                                  ^
  symbol:   method locateColumn(String)
  location: interface Table
/home/aboriero/hibernate/wip60/hibernate-orm/hibernate-core/src/main/java/org/hibernate/metamodel/model/domain/spi/CollectionKey.java:94: error: cannot find symbol
					column = elementPersister.getPrimaryTable().makeColumn(
					                                           ^
  symbol:   method makeColumn(String,int)
  location: interface Table
/home/aboriero/hibernate/wip60/hibernate-orm/hibernate-core/src/main/java/org/hibernate/ReplicationMode.java:54: error: cannot find symbol
			return type == null || type.getComparator().compare( currentVersion, newVersion ) <= 0;
			                           ^
  symbol:   method getComparator()
  location: variable type of type Type
/home/aboriero/hibernate/wip60/hibernate-orm/hibernate-core/src/main/java/org/hibernate/engine/spi/EntityKey.java:59: error: cannot find symbol
		final String rootEntityName = persister.getRootEntityName();
		                                       ^
  symbol:   method getRootEntityName()
  location: variable persister of type EntityDescriptor
/home/aboriero/hibernate/wip60/hibernate-orm/hibernate-core/src/main/java/org/hibernate/engine/spi/EntityKey.java:61: error: cannot find symbol
		result = 37 * result + persister.getIdentifierType().getHashCode( identifier );
		                                                    ^
  symbol:   method getHashCode(Serializable)
  location: interface Type
/home/aboriero/hibernate/wip60/hibernate-orm/hibernate-core/src/main/java/org/hibernate/engine/spi/EntityKey.java:93: error: cannot find symbol
		return persister.getIdentifierType().isEqual( otherKey.identifier, this.identifier, persister.getFactory() );
		                                    ^
  symbol:   method isEqual(Serializable,Serializable,SessionFactoryImplementor)
  location: interface Type
/home/aboriero/hibernate/wip60/hibernate-orm/hibernate-core/src/main/java/org/hibernate/engine/spi/EntityKey.java:101: error: cannot find symbol
			return EqualsHelper.equals( otherKey.persister.getRootEntityName(), persister.getRootEntityName() );
			                                              ^
  symbol:   method getRootEntityName()
  location: variable persister of type EntityDescriptor
/home/aboriero/hibernate/wip60/hibernate-orm/hibernate-core/src/main/java/org/hibernate/engine/spi/EntityKey.java:101: error: cannot find symbol
			return EqualsHelper.equals( otherKey.persister.getRootEntityName(), persister.getRootEntityName() );
			                                                                             ^
  symbol:   method getRootEntityName()
  location: variable persister of type EntityDescriptor
/home/aboriero/hibernate/wip60/hibernate-orm/hibernate-core/src/main/java/org/hibernate/metamodel/model/domain/spi/EmbeddedTypeDescriptor.java:97: error: method does not override or implement a method from a supertype
	@Override
	^
/home/aboriero/hibernate/wip60/hibernate-orm/hibernate-core/src/main/java/org/hibernate/metamodel/model/domain/spi/EmbeddedTypeDescriptor.java:99: error: cannot find symbol
		return getContainer().resolveTableGroup( embeddedReferenceInfo, tableGroupResolver );
		                     ^
  symbol:   method resolveTableGroup(NavigableReferenceInfo,TableGroupResolver)
  location: interface EmbeddedContainer<CAP#1>
  where CAP#1 is a fresh type-variable:
    CAP#1 extends Object from capture of ?
/home/aboriero/hibernate/wip60/hibernate-orm/hibernate-core/src/main/java/org/hibernate/sql/ast/produce/metamodel/spi/EmbeddedValueExpressableType.java:17: error: method does not override or implement a method from a supertype
	@Override
	^
/home/aboriero/hibernate/wip60/hibernate-orm/hibernate-core/src/main/java/org/hibernate/query/criteria/internal/selection/AbstractSelection.java:39: error: cannot find symbol
		return getValueHandler() == null
		       ^
  symbol:   method getValueHandler()
  location: class AbstractSelection<X>
  where X is a type-variable:
    X extends Object declared in class AbstractSelection
/home/aboriero/hibernate/wip60/hibernate-orm/hibernate-core/src/main/java/org/hibernate/query/criteria/internal/selection/AbstractSelection.java:41: error: cannot find symbol
				: Collections.singletonList( (ValueHandlerFactory.ValueHandler) getValueHandler() );
				                                                                ^
  symbol:   method getValueHandler()
  location: class AbstractSelection<X>
  where X is a type-variable:
    X extends Object declared in class AbstractSelection
/home/aboriero/hibernate/wip60/hibernate-orm/hibernate-core/src/main/java/org/hibernate/query/criteria/internal/predicate/ComparisonPredicate.java:23: error: ComparisonPredicate is not abstract and does not override abstract method getExpressionType() in JpaExpression
public class ComparisonPredicate
       ^
/home/aboriero/hibernate/wip60/hibernate-orm/hibernate-core/src/main/java/org/hibernate/sql/ast/tree/spi/from/EntityTableGroup.java:51: error: constructor EntityReference in class EntityReference cannot be applied to given types;
		this.expression = new EntityReference(
		                  ^
  required: ColumnReferenceSource,EntityValuedExpressableType,NavigablePath,NavigableContainerReference,boolean
  found: EntityTableGroup,EntityDescriptor,EntityValuedExpressableType,NavigablePath,<null>,boolean
  reason: actual and formal argument lists differ in length
/home/aboriero/hibernate/wip60/hibernate-orm/hibernate-core/src/main/java/org/hibernate/cache/spi/QueryKey.java:74: error: cannot find symbol
			values[i] = types[i].getMutabilityPlan().disassemble( queryParameters.getPositionalParameterValues()[i] );
			                    ^
  symbol:   method getMutabilityPlan()
  location: interface Type
/home/aboriero/hibernate/wip60/hibernate-orm/hibernate-core/src/main/java/org/hibernate/cache/spi/QueryKey.java:89: error: cannot find symbol
								namedParameterEntry.getValue().getType().getMutabilityPlan().disassemble(
								                                        ^
  symbol:   method getMutabilityPlan()
  location: interface Type
/home/aboriero/hibernate/wip60/hibernate-orm/hibernate-core/src/main/java/org/hibernate/cache/spi/QueryKey.java:195: error: cannot find symbol
			result = 37 * result + ( positionalParameterValues[i]==null ? 0 : positionalParameterTypes[i].getHashCode( positionalParameterValues[i] ) );
			                                                                                             ^
  symbol:   method getHashCode(Object)
  location: interface Type
/home/aboriero/hibernate/wip60/hibernate-orm/hibernate-core/src/main/java/org/hibernate/cache/spi/QueryKey.java:234: error: cannot find symbol
				if ( positionalParameterTypes[i].getReturnedClass() != that.positionalParameterTypes[i].getReturnedClass() ) {
				                                ^
  symbol:   method getReturnedClass()
  location: interface Type
/home/aboriero/hibernate/wip60/hibernate-orm/hibernate-core/src/main/java/org/hibernate/cache/spi/QueryKey.java:234: error: cannot find symbol
				if ( positionalParameterTypes[i].getReturnedClass() != that.positionalParameterTypes[i].getReturnedClass() ) {
				                                                                                       ^
  symbol:   method getReturnedClass()
  location: interface Type
/home/aboriero/hibernate/wip60/hibernate-orm/hibernate-core/src/main/java/org/hibernate/cache/spi/QueryKey.java:237: error: cannot find symbol
				if ( !positionalParameterTypes[i].isEqual( positionalParameterValues[i], that.positionalParameterValues[i] ) ) {
				                                 ^
  symbol:   method isEqual(Object,Object)
  location: interface Type
/home/aboriero/hibernate/wip60/hibernate-orm/hibernate-core/src/main/java/org/hibernate/engine/query/spi/HQLQueryPlan.java:100: error: cannot find symbol
		final String[] concreteQueryStrings = QuerySplitter.concreteQueries( hql, factory );
		                                      ^
  symbol:   variable QuerySplitter
  location: class HQLQueryPlan
/home/aboriero/hibernate/wip60/hibernate-orm/hibernate-core/src/main/java/org/hibernate/engine/query/spi/HQLQueryPlan.java:102: error: cannot find symbol
		this.translators = new QueryTranslator[length];
		                       ^
  symbol:   class QueryTranslator
  location: class HQLQueryPlan
/home/aboriero/hibernate/wip60/hibernate-orm/hibernate-core/src/main/java/org/hibernate/engine/query/spi/HQLQueryPlan.java:108: error: cannot find symbol
		final QueryTranslatorFactory queryTranslatorFactory = factory.getServiceRegistry().getService( QueryTranslatorFactory.class );
		      ^
  symbol:   class QueryTranslatorFactory
  location: class HQLQueryPlan
/home/aboriero/hibernate/wip60/hibernate-orm/hibernate-core/src/main/java/org/hibernate/engine/query/spi/HQLQueryPlan.java:108: error: cannot find symbol
		final QueryTranslatorFactory queryTranslatorFactory = factory.getServiceRegistry().getService( QueryTranslatorFactory.class );
		                                                                                               ^
  symbol:   class QueryTranslatorFactory
  location: class HQLQueryPlan
/home/aboriero/hibernate/wip60/hibernate-orm/hibernate-core/src/main/java/org/hibernate/engine/query/spi/HQLQueryPlan.java:120: error: cannot find symbol
				( (FilterTranslator) translators[i] ).compile( collectionRole, querySubstitutions, shallow );
				   ^
  symbol:   class FilterTranslator
  location: class HQLQueryPlan
/home/aboriero/hibernate/wip60/hibernate-orm/hibernate-core/src/main/java/org/hibernate/engine/query/spi/HQLQueryPlan.java:130: error: cannot find symbol
			parameterMetadata = new OldParameterMetadataImpl( null, null );
			                        ^
  symbol:   class OldParameterMetadataImpl
  location: class HQLQueryPlan
/home/aboriero/hibernate/wip60/hibernate-orm/hibernate-core/src/main/java/org/hibernate/engine/query/spi/HQLQueryPlan.java:229: error: cannot find symbol
		for ( QueryTranslator translator : translators ) {
		      ^
  symbol:   class QueryTranslator
  location: class HQLQueryPlan
/home/aboriero/hibernate/wip60/hibernate-orm/hibernate-core/src/main/java/org/hibernate/engine/query/spi/HQLQueryPlan.java:373: error: cannot find symbol
		for ( QueryTranslator translator : translators ) {
		      ^
  symbol:   class QueryTranslator
  location: class HQLQueryPlan
/home/aboriero/hibernate/wip60/hibernate-orm/hibernate-core/src/main/java/org/hibernate/engine/query/spi/HQLQueryPlan.java:381: error: cannot find symbol
		final NativeQueryParameterMetadataBuilder recognizer = NativeQueryParameterMetadataBuilder.parseLocations( hql );
		      ^
  symbol:   class NativeQueryParameterMetadataBuilder
  location: class HQLQueryPlan
/home/aboriero/hibernate/wip60/hibernate-orm/hibernate-core/src/main/java/org/hibernate/engine/query/spi/HQLQueryPlan.java:381: error: cannot find symbol
		final NativeQueryParameterMetadataBuilder recognizer = NativeQueryParameterMetadataBuilder.parseLocations( hql );
		                                                       ^
  symbol:   variable NativeQueryParameterMetadataBuilder
  location: class HQLQueryPlan
/home/aboriero/hibernate/wip60/hibernate-orm/hibernate-core/src/main/java/org/hibernate/engine/query/spi/HQLQueryPlan.java:407: error: package NativeQueryParameterMetadataBuilder does not exist
		final Map<String, NativeQueryParameterMetadataBuilder.NamedParameterDescription> map = recognizer.getNamedParameterDescriptionMap();
		                                                     ^
/home/aboriero/hibernate/wip60/hibernate-orm/hibernate-core/src/main/java/org/hibernate/engine/query/spi/HQLQueryPlan.java:409: error: package NativeQueryParameterMetadataBuilder does not exist
			final NativeQueryParameterMetadataBuilder.NamedParameterDescription description = map.get( name );
			                                         ^
/home/aboriero/hibernate/wip60/hibernate-orm/hibernate-core/src/main/java/org/hibernate/engine/query/spi/HQLQueryPlan.java:420: error: cannot find symbol
		return new OldParameterMetadataImpl( ordinalParamDescriptors, namedParamDescriptorMap );
		           ^
  symbol:   class OldParameterMetadataImpl
  location: class HQLQueryPlan
/home/aboriero/hibernate/wip60/hibernate-orm/hibernate-core/src/main/java/org/hibernate/engine/query/spi/HQLQueryPlan.java:429: error: cannot find symbol
		final QueryTranslator[] copy = new QueryTranslator[translators.length];
		      ^
  symbol:   class QueryTranslator
  location: class HQLQueryPlan
/home/aboriero/hibernate/wip60/hibernate-orm/hibernate-core/src/main/java/org/hibernate/engine/query/spi/HQLQueryPlan.java:429: error: cannot find symbol
		final QueryTranslator[] copy = new QueryTranslator[translators.length];
		                                   ^
  symbol:   class QueryTranslator
  location: class HQLQueryPlan
/home/aboriero/hibernate/wip60/hibernate-orm/hibernate-core/src/main/java/org/hibernate/engine/spi/BatchFetchQueue.java:242: error: cannot find symbol
		LinkedHashMap<CollectionEntry, PersistentCollection> map =  batchLoadableCollections.get( persister.getRole() );
		                                                                                                   ^
  symbol:   method getRole()
  location: variable persister of type PersistentCollectionDescriptor
/home/aboriero/hibernate/wip60/hibernate-orm/hibernate-core/src/main/java/org/hibernate/engine/spi/BatchFetchQueue.java:245: error: cannot find symbol
			batchLoadableCollections.put( persister.getRole(), map );
			                                       ^
  symbol:   method getRole()
  location: variable persister of type PersistentCollectionDescriptor
/home/aboriero/hibernate/wip60/hibernate-orm/hibernate-core/src/main/java/org/hibernate/engine/spi/BatchFetchQueue.java:256: error: cannot find symbol
		LinkedHashMap<CollectionEntry, PersistentCollection> map =  batchLoadableCollections.get( ce.getLoadedPersister().getRole() );
		                                                                                                                 ^
  symbol:   method getRole()
  location: interface PersistentCollectionDescriptor
/home/aboriero/hibernate/wip60/hibernate-orm/hibernate-core/src/main/java/org/hibernate/engine/spi/BatchFetchQueue.java:282: error: cannot find symbol
		final LinkedHashMap<CollectionEntry, PersistentCollection> map =  batchLoadableCollections.get( collectionPersister.getRole() );
		                                                                                                                   ^
  symbol:   method getRole()
  location: variable collectionPersister of type PersistentCollectionDescriptor
/home/aboriero/hibernate/wip60/hibernate-orm/hibernate-core/src/main/java/org/hibernate/engine/spi/BatchFetchQueue.java:310: error: cannot find symbol
						collectionPersister.getFactory()
						                   ^
  symbol:   method getFactory()
  location: variable collectionPersister of type PersistentCollectionDescriptor
/home/aboriero/hibernate/wip60/hibernate-orm/hibernate-core/src/main/java/org/hibernate/engine/spi/BatchFetchQueue.java:307: error: cannot find symbol
				final boolean isEqual = collectionPersister.getKeyType().isEqual(
				                                           ^
  symbol:   method getKeyType()
  location: variable collectionPersister of type PersistentCollectionDescriptor
/home/aboriero/hibernate/wip60/hibernate-orm/hibernate-core/src/main/java/org/hibernate/engine/spi/EntityUniqueKey.java:46: error: cannot find symbol
		this.keyType = keyType.getSemiResolvedType( factory );
		                      ^
  symbol:   method getSemiResolvedType(SessionFactoryImplementor)
  location: variable keyType of type Type
/home/aboriero/hibernate/wip60/hibernate-orm/hibernate-core/src/main/java/org/hibernate/engine/spi/EntityUniqueKey.java:67: error: cannot find symbol
		result = 37 * result + keyType.getHashCode( key );
		                              ^
  symbol:   method getHashCode(Object)
  location: variable keyType of type Type
/home/aboriero/hibernate/wip60/hibernate-orm/hibernate-core/src/main/java/org/hibernate/engine/spi/EntityUniqueKey.java:81: error: cannot find symbol
				&& keyType.isEqual( that.key, key );
				          ^
  symbol:   method isEqual(Object,Object)
  location: variable keyType of type Type
/home/aboriero/hibernate/wip60/hibernate-orm/hibernate-core/src/main/java/org/hibernate/engine/spi/CollectionEntry.java:73: error: cannot find symbol
		snapshot = persister.isMutable() ?
		                    ^
  symbol:   method isMutable()
  location: variable persister of type PersistentCollectionDescriptor
/home/aboriero/hibernate/wip60/hibernate-orm/hibernate-core/src/main/java/org/hibernate/engine/spi/CollectionEntry.java:76: error: incompatible types: String cannot be converted to NavigableRole
		collection.setSnapshot(loadedKey, role, snapshot);
		                                  ^
/home/aboriero/hibernate/wip60/hibernate-orm/hibernate-core/src/main/java/org/hibernate/engine/spi/CollectionEntry.java:95: error: incompatible types: String cannot be converted to NavigableRole
		collection.setSnapshot(loadedKey, role, null);
		                                  ^
/home/aboriero/hibernate/wip60/hibernate-orm/hibernate-core/src/main/java/org/hibernate/engine/spi/CollectionEntry.java:156: error: cannot find symbol
				getLoadedPersister().isMutable() && //optimization
				                    ^
  symbol:   method isMutable()
  location: interface PersistentCollectionDescriptor
/home/aboriero/hibernate/wip60/hibernate-orm/hibernate-core/src/main/java/org/hibernate/engine/spi/CollectionEntry.java:157: error: cannot find symbol
				( collection.isDirectlyAccessible() || getLoadedPersister().getOrmType().getMutabilityPlan().isMutable() ) && //optimization
				                                                           ^
  symbol:   method getOrmType()
  location: interface PersistentCollectionDescriptor
/home/aboriero/hibernate/wip60/hibernate-orm/hibernate-core/src/main/java/org/hibernate/engine/spi/CollectionEntry.java:173: error: cannot find symbol
				&& !getLoadedPersister().isMutable();
				                        ^
  symbol:   method isMutable()
  location: interface PersistentCollectionDescriptor
/home/aboriero/hibernate/wip60/hibernate-orm/hibernate-core/src/main/java/org/hibernate/engine/spi/CollectionEntry.java:177: error: cannot find symbol
					MessageHelper.collectionInfoString( getLoadedPersister().getRole(), getLoadedKey() )
					                                                        ^
  symbol:   method getRole()
  location: interface PersistentCollectionDescriptor
/home/aboriero/hibernate/wip60/hibernate-orm/hibernate-core/src/main/java/org/hibernate/engine/spi/CollectionEntry.java:186: error: cannot find symbol
					MessageHelper.collectionInfoString( getLoadedPersister().getRole(), getLoadedKey() )
					                                                        ^
  symbol:   method getRole()
  location: interface PersistentCollectionDescriptor
/home/aboriero/hibernate/wip60/hibernate-orm/hibernate-core/src/main/java/org/hibernate/engine/spi/CollectionEntry.java:199: error: cannot find symbol
		snapshot = getLoadedPersister().isMutable()
		                               ^
  symbol:   method isMutable()
  location: interface PersistentCollectionDescriptor
/home/aboriero/hibernate/wip60/hibernate-orm/hibernate-core/src/main/java/org/hibernate/engine/spi/CollectionEntry.java:202: error: incompatible types: String cannot be converted to NavigableRole
		collection.setSnapshot(loadedKey, role, snapshot);
		                                  ^
/home/aboriero/hibernate/wip60/hibernate-orm/hibernate-core/src/main/java/org/hibernate/engine/spi/CollectionEntry.java:203: error: cannot find symbol
		if ( getLoadedPersister().getBatchSize() > 1 ) {
		                         ^
  symbol:   method getBatchSize()
  location: interface PersistentCollectionDescriptor
/home/aboriero/hibernate/wip60/hibernate-orm/hibernate-core/src/main/java/org/hibernate/engine/spi/CollectionEntry.java:221: error: incompatible types: String cannot be converted to NavigableRole
		collection.setSnapshot(loadedKey, role, snapshot);
		                                  ^
/home/aboriero/hibernate/wip60/hibernate-orm/hibernate-core/src/main/java/org/hibernate/engine/spi/CollectionEntry.java:234: error: cannot find symbol
			snapshot = loadedPersister==null || !loadedPersister.isMutable() ?
			                                                    ^
  symbol:   method isMutable()
  location: variable loadedPersister of type PersistentCollectionDescriptor
/home/aboriero/hibernate/wip60/hibernate-orm/hibernate-core/src/main/java/org/hibernate/engine/spi/CollectionEntry.java:271: error: incompatible types: String cannot be converted to NavigableRole
		collection.setSnapshot( loadedKey, role, snapshot );
		                                   ^
/home/aboriero/hibernate/wip60/hibernate-orm/hibernate-core/src/main/java/org/hibernate/engine/spi/CollectionEntry.java:277: error: cannot find symbol
		setRole( persister == null ? null : persister.getRole() );
		                                             ^
  symbol:   method getRole()
  location: variable persister of type PersistentCollectionDescriptor
/home/aboriero/hibernate/wip60/hibernate-orm/hibernate-core/src/main/java/org/hibernate/engine/spi/CollectionEntry.java:370: error: cannot find symbol
				MessageHelper.collectionInfoString( loadedPersister.getRole(), loadedKey );
				                                                   ^
  symbol:   method getRole()
  location: variable loadedPersister of type PersistentCollectionDescriptor
/home/aboriero/hibernate/wip60/hibernate-orm/hibernate-core/src/main/java/org/hibernate/engine/spi/CollectionEntry.java:373: error: cannot find symbol
					MessageHelper.collectionInfoString( currentPersister.getRole(), currentKey );
					                                                    ^
  symbol:   method getRole()
  location: variable currentPersister of type PersistentCollectionDescriptor
/home/aboriero/hibernate/wip60/hibernate-orm/hibernate-core/src/main/java/org/hibernate/engine/spi/CollectionEntry.java:394: error: cannot find symbol
			( getLoadedPersister()==null || getLoadedPersister().isMutable() ) &&
			                                                    ^
  symbol:   method isMutable()
  location: interface PersistentCollectionDescriptor
/home/aboriero/hibernate/wip60/hibernate-orm/hibernate-core/src/main/java/org/hibernate/mapping/Property.java:411: error: cannot find symbol
		final PersistentCollectionTuplizer tuplizer = context.getPersistentCollectionTuplizerFactory()
		      ^
  symbol:   class PersistentCollectionTuplizer
  location: class Property
/home/aboriero/hibernate/wip60/hibernate-orm/hibernate-core/src/main/java/org/hibernate/mapping/Property.java:425: error: cannot find symbol
		if ( value instanceof BasicValueMapping ) {
		                      ^
  symbol:   class BasicValueMapping
  location: class Property
/home/aboriero/hibernate/wip60/hibernate-orm/hibernate-core/src/main/java/org/hibernate/mapping/Property.java:432: error: cannot find symbol
					(BasicValueMapping) value,
					 ^
  symbol:   class BasicValueMapping
  location: class Property
/home/aboriero/hibernate/wip60/hibernate-orm/hibernate-core/src/main/java/org/hibernate/mapping/Property.java:462: error: cannot find symbol
			throw new NotYetImplementedException(  );
			          ^
  symbol:   class NotYetImplementedException
  location: class Property
/home/aboriero/hibernate/wip60/hibernate-orm/hibernate-core/src/main/java/org/hibernate/sql/ast/tree/spi/expression/domain/EntityReference.java:20: error: EntityReference is not abstract and does not override abstract method addNavigableReference(NavigableReference) in NavigableContainerReference
public class EntityReference implements NavigableContainerReference {
       ^
/home/aboriero/hibernate/wip60/hibernate-orm/hibernate-core/src/main/java/org/hibernate/sql/ast/tree/spi/expression/domain/EntityReference.java:47: error: constructor EntityValuedSelectable in class EntityValuedSelectable cannot be applied to given types;
		this.selectable = new EntityValuedSelectable(
		                  ^
  required: NavigableReference,NavigablePath,ColumnReferenceSource,boolean
  found: EntityReference,NavigablePath,ColumnReferenceSource,EntityDescriptor,boolean
  reason: actual and formal argument lists differ in length
/home/aboriero/hibernate/wip60/hibernate-orm/hibernate-core/src/main/java/org/hibernate/sql/ast/tree/spi/expression/domain/PluralAttributeElementReference.java:62: error: method does not override or implement a method from a supertype
	@Override
	^
/home/aboriero/hibernate/wip60/hibernate-orm/hibernate-core/src/main/java/org/hibernate/sql/ast/tree/spi/expression/domain/PluralAttributeIndexReference.java:62: error: method does not override or implement a method from a supertype
	@Override
	^
/home/aboriero/hibernate/wip60/hibernate-orm/hibernate-core/src/main/java/org/hibernate/sql/ast/tree/spi/expression/AbstractLiteral.java:73: error: method does not override or implement a method from a supertype
	@Override
	^
/home/aboriero/hibernate/wip60/hibernate-orm/hibernate-core/src/main/java/org/hibernate/sql/ast/tree/spi/expression/QueryLiteral.java:19: error: QueryLiteral is not abstract and does not override abstract method bindParameterValue(PreparedStatement,int,ParameterBindingContext) in JdbcParameterBinder
public class QueryLiteral extends AbstractLiteral {
       ^
/home/aboriero/hibernate/wip60/hibernate-orm/hibernate-core/src/main/java/org/hibernate/action/internal/AbstractEntityInsertAction.java:128: error: cannot find symbol
				( getPersister().isMutable() ? Status.MANAGED : Status.READ_ONLY ),
				                ^
  symbol:   method isMutable()
  location: interface EntityDescriptor<CAP#1>
  where CAP#1 is a fresh type-variable:
    CAP#1 extends Object from capture of ?
/home/aboriero/hibernate/wip60/hibernate-orm/hibernate-core/src/main/java/org/hibernate/action/internal/EntityUpdateAction.java:100: error: cannot find symbol
		if ( ! persister.hasNaturalIdentifier() ) {
		                ^
  symbol:   method hasNaturalIdentifier()
  location: variable persister of type EntityDescriptor
/home/aboriero/hibernate/wip60/hibernate-orm/hibernate-core/src/main/java/org/hibernate/action/internal/EntityUpdateAction.java:167: error: cannot find symbol
			TypeHelper.deepCopy(
			^
  symbol:   variable TypeHelper
  location: class EntityUpdateAction
/home/aboriero/hibernate/wip60/hibernate-orm/hibernate-core/src/main/java/org/hibernate/action/internal/CollectionAction.java:48: error: cannot find symbol
		this.collectionRole = persister.getRole();
		                               ^
  symbol:   method getRole()
  location: variable persister of type PersistentCollectionDescriptor
/home/aboriero/hibernate/wip60/hibernate-orm/hibernate-core/src/main/java/org/hibernate/action/internal/CollectionAction.java:106: error: cannot find symbol
		return persister.getCollectionSpaces();
		                ^
  symbol:   method getCollectionSpaces()
  location: variable persister of type PersistentCollectionDescriptor
/home/aboriero/hibernate/wip60/hibernate-orm/hibernate-core/src/main/java/org/hibernate/action/internal/CollectionAction.java:159: error: cannot find symbol
			return persister.getKeyType().getComparator().compare( key, action.key );
			                ^
  symbol:   method getKeyType()
  location: variable persister of type PersistentCollectionDescriptor
/home/aboriero/hibernate/wip60/hibernate-orm/hibernate-core/src/main/java/org/hibernate/action/internal/CollectionRecreateAction.java:50: error: cannot find symbol
		getPersister().recreate( collection, getKey(), getSession() );
		              ^
  symbol:   method recreate(PersistentCollection,Serializable,SharedSessionContractImplementor)
  location: interface PersistentCollectionDescriptor
/home/aboriero/hibernate/wip60/hibernate-orm/hibernate-core/src/main/java/org/hibernate/action/internal/CollectionRecreateAction.java:56: error: cannot find symbol
			getSession().getFactory().getStatistics().recreateCollection( getPersister().getRole() );
			                                                                            ^
  symbol:   method getRole()
  location: interface PersistentCollectionDescriptor
/home/aboriero/hibernate/wip60/hibernate-orm/hibernate-core/src/main/java/org/hibernate/action/internal/CollectionUpdateAction.java:55: error: cannot find symbol
		final boolean affectedByFilters = persister.isAffectedByEnabledFilters( session );
		                                           ^
  symbol:   method isAffectedByEnabledFilters(SharedSessionContractImplementor)
  location: variable persister of type PersistentCollectionDescriptor
/home/aboriero/hibernate/wip60/hibernate-orm/hibernate-core/src/main/java/org/hibernate/action/internal/CollectionUpdateAction.java:67: error: cannot find symbol
				persister.remove( id, session );
				         ^
  symbol:   method remove(Serializable,SharedSessionContractImplementor)
  location: variable persister of type PersistentCollectionDescriptor
/home/aboriero/hibernate/wip60/hibernate-orm/hibernate-core/src/main/java/org/hibernate/action/internal/CollectionUpdateAction.java:78: error: cannot find symbol
				persister.remove( id, session );
				         ^
  symbol:   method remove(Serializable,SharedSessionContractImplementor)
  location: variable persister of type PersistentCollectionDescriptor
/home/aboriero/hibernate/wip60/hibernate-orm/hibernate-core/src/main/java/org/hibernate/action/internal/CollectionUpdateAction.java:80: error: cannot find symbol
			persister.recreate( collection, id, session );
			         ^
  symbol:   method recreate(PersistentCollection,Serializable,SharedSessionContractImplementor)
  location: variable persister of type PersistentCollectionDescriptor
/home/aboriero/hibernate/wip60/hibernate-orm/hibernate-core/src/main/java/org/hibernate/action/internal/CollectionUpdateAction.java:83: error: cannot find symbol
			persister.deleteRows( collection, id, session );
			         ^
  symbol:   method deleteRows(PersistentCollection,Serializable,SharedSessionContractImplementor)
  location: variable persister of type PersistentCollectionDescriptor
/home/aboriero/hibernate/wip60/hibernate-orm/hibernate-core/src/main/java/org/hibernate/action/internal/CollectionUpdateAction.java:84: error: cannot find symbol
			persister.updateRows( collection, id, session );
			         ^
  symbol:   method updateRows(PersistentCollection,Serializable,SharedSessionContractImplementor)
  location: variable persister of type PersistentCollectionDescriptor
/home/aboriero/hibernate/wip60/hibernate-orm/hibernate-core/src/main/java/org/hibernate/action/internal/CollectionUpdateAction.java:85: error: cannot find symbol
			persister.insertRows( collection, id, session );
			         ^
  symbol:   method insertRows(PersistentCollection,Serializable,SharedSessionContractImplementor)
  location: variable persister of type PersistentCollectionDescriptor
/home/aboriero/hibernate/wip60/hibernate-orm/hibernate-core/src/main/java/org/hibernate/action/internal/CollectionUpdateAction.java:93: error: cannot find symbol
			getSession().getFactory().getStatistics().updateCollection( getPersister().getRole() );
			                                                                          ^
  symbol:   method getRole()
  location: interface PersistentCollectionDescriptor
/home/aboriero/hibernate/wip60/hibernate-orm/hibernate-core/src/main/java/org/hibernate/action/internal/QueuedOperationCollectionAction.java:43: error: cannot find symbol
		getPersister().processQueuedOps( getCollection(), getKey(), getSession() );
		              ^
  symbol:   method processQueuedOps(PersistentCollection,Serializable,SharedSessionContractImplementor)
  location: interface PersistentCollectionDescriptor
/home/aboriero/hibernate/wip60/hibernate-orm/hibernate-core/src/main/java/org/hibernate/action/internal/CollectionRemoveAction.java:96: error: cannot find symbol
			getPersister().remove( getKey(), getSession() );
			              ^
  symbol:   method remove(Serializable,SharedSessionContractImplementor)
  location: interface PersistentCollectionDescriptor
/home/aboriero/hibernate/wip60/hibernate-orm/hibernate-core/src/main/java/org/hibernate/action/internal/CollectionRemoveAction.java:108: error: cannot find symbol
			getSession().getFactory().getStatistics().removeCollection( getPersister().getRole() );
			                                                                          ^
  symbol:   method getRole()
  location: interface PersistentCollectionDescriptor
/home/aboriero/hibernate/wip60/hibernate-orm/hibernate-core/src/main/java/org/hibernate/criterion/Order.java:112: error: cannot find symbol
		final int[] sqlTypes = type.sqlTypes();
		                           ^
  symbol:   method sqlTypes()
  location: variable type of type Type
/home/aboriero/hibernate/wip60/hibernate-orm/hibernate-core/src/main/java/org/hibernate/mapping/MappedSuperclass.java:39: error: MappedSuperclass is not abstract and does not override abstract method getSecondaryTables() in IdentifiableTypeMapping
public class MappedSuperclass extends AbstractMappedSuperclassMapping implements PropertyContainer {
       ^
/home/aboriero/hibernate/wip60/hibernate-orm/hibernate-core/src/main/java/org/hibernate/procedure/internal/ProcedureCallMementoImpl.java:166: error: cannot find symbol
					registration.isPassNullsEnabled()
					            ^
  symbol:   method isPassNullsEnabled()
  location: variable registration of type ParameterRegistrationImplementor
/home/aboriero/hibernate/wip60/hibernate-orm/hibernate-core/src/main/java/org/hibernate/cfg/annotations/NamedProcedureCallDefinition.java:97: error: cannot find symbol
						public void addQueryReturns(Return... queryReturns) {
						                            ^
  symbol: class Return
/home/aboriero/hibernate/wip60/hibernate-orm/hibernate-core/src/main/java/org/hibernate/cfg/annotations/NamedProcedureCallDefinition.java:90: error: <anonymous org.hibernate.cfg.annotations.NamedProcedureCallDefinition$1> is not abstract and does not override abstract method addQueryResult(QueryResult...) in ResultClassesResolutionContext
					new Util.ResultClassesResolutionContext() {
					                                          ^
/home/aboriero/hibernate/wip60/hibernate-orm/hibernate-core/src/main/java/org/hibernate/cfg/annotations/NamedProcedureCallDefinition.java:96: error: method does not override or implement a method from a supertype
						@Override
						^
/home/aboriero/hibernate/wip60/hibernate-orm/hibernate-core/src/main/java/org/hibernate/cfg/annotations/NamedProcedureCallDefinition.java:123: error: cannot find symbol
						public void addQueryReturns(Return... queryReturns) {
						                            ^
  symbol: class Return
/home/aboriero/hibernate/wip60/hibernate-orm/hibernate-core/src/main/java/org/hibernate/query/criteria/internal/CriteriaSubqueryImpl.java:41: error: CriteriaSubqueryImpl is not abstract and does not override abstract method visitExpression(CriteriaVisitor) in AbstractSimpleSelection
public class CriteriaSubqueryImpl<T> extends AbstractExpression<T> implements Subquery<T>, Serializable {
       ^
/home/aboriero/hibernate/wip60/hibernate-orm/hibernate-core/src/main/java/org/hibernate/query/criteria/internal/expression/DelegatedExpressionImpl.java:42: error: alias(String) in DelegatedExpressionImpl cannot implement alias(String) in JpaExpressionImplementor
	public Selection<T> alias(String alias) {
	                    ^
  return type Selection<T#1> is not compatible with JpaSelectionImplementor<T#1>
  where T#1,T#2 are type-variables:
    T#1 extends Object declared in class DelegatedExpressionImpl
    T#2 extends Object declared in interface JpaExpressionImplementor
/home/aboriero/hibernate/wip60/hibernate-orm/hibernate-core/src/main/java/org/hibernate/query/criteria/internal/expression/DelegatedExpressionImpl.java:72: error: method does not override or implement a method from a supertype
	@Override
	^
/home/aboriero/hibernate/wip60/hibernate-orm/hibernate-core/src/main/java/org/hibernate/query/criteria/internal/expression/DelegatedExpressionImpl.java:74: error: cannot find symbol
		wrapped.forceConversion( tValueHandler );
		       ^
  symbol:   method forceConversion(ValueHandler<T>)
  location: variable wrapped of type AbstractExpression<T>
  where T is a type-variable:
    T extends Object declared in class DelegatedExpressionImpl
/home/aboriero/hibernate/wip60/hibernate-orm/hibernate-core/src/main/java/org/hibernate/query/criteria/internal/expression/DelegatedExpressionImpl.java:77: error: method does not override or implement a method from a supertype
	@Override
	^
/home/aboriero/hibernate/wip60/hibernate-orm/hibernate-core/src/main/java/org/hibernate/query/criteria/internal/expression/DelegatedExpressionImpl.java:79: error: cannot find symbol
		return wrapped.getValueHandler();
		              ^
  symbol:   method getValueHandler()
  location: variable wrapped of type AbstractExpression<T>
  where T is a type-variable:
    T extends Object declared in class DelegatedExpressionImpl
/home/aboriero/hibernate/wip60/hibernate-orm/hibernate-core/src/main/java/org/hibernate/query/criteria/internal/CriteriaSubqueryImpl.java:131: error: SubquerySelection is not abstract and does not override abstract method visitExpression(CriteriaVisitor) in AbstractSimpleSelection
	public static class SubquerySelection<S> extends DelegatedExpressionImpl<S> {
	              ^
/home/aboriero/hibernate/wip60/hibernate-orm/hibernate-core/src/main/java/org/hibernate/sql/Insert.java:78: error: cannot find symbol
		return addColumn( columnName, type.getJdbcLiteralFormatter().toJdbcLiteral( value, dialect, session ) );
		                                  ^
  symbol:   method getJdbcLiteralFormatter()
  location: variable type of type Type
/home/aboriero/hibernate/wip60/hibernate-orm/hibernate-core/src/main/java/org/hibernate/id/insert/IdentifierGeneratingInsert.java:20: error: constructor Insert in class Insert cannot be applied to given types;
		super( dialect );
		^
  required: Dialect,SharedSessionContractImplementor
  found: Dialect
  reason: actual and formal argument lists differ in length
/home/aboriero/hibernate/wip60/hibernate-orm/hibernate-core/src/main/java/org/hibernate/engine/spi/SubselectFetch.java:178: error: cannot find symbol
				: ( (PropertyMapping) loadable ).toColumns( alias, ukname );
				     ^
  symbol:   class PropertyMapping
  location: class SubselectFetch
/home/aboriero/hibernate/wip60/hibernate-orm/hibernate-core/src/main/java/org/hibernate/mapping/Bag.java:16: error: Bag is not abstract and does not override abstract method getJavaTypeDescriptor() in ValueMapping
public class Bag extends Collection {
       ^
/home/aboriero/hibernate/wip60/hibernate-orm/hibernate-core/src/main/java/org/hibernate/mapping/IdentifierBag.java:15: error: IdentifierBag is not abstract and does not override abstract method getJavaTypeDescriptor() in ValueMapping
public class IdentifierBag extends IdentifierCollection {
       ^
/home/aboriero/hibernate/wip60/hibernate-orm/hibernate-core/src/main/java/org/hibernate/mapping/List.java:16: error: List is not abstract and does not override abstract method getJavaTypeDescriptor() in ValueMapping
public class List extends IndexedCollection {
       ^
/home/aboriero/hibernate/wip60/hibernate-orm/hibernate-core/src/main/java/org/hibernate/mapping/Map.java:16: error: Map is not abstract and does not override abstract method getJavaTypeDescriptor() in ValueMapping
public class Map extends IndexedCollection {
       ^
/home/aboriero/hibernate/wip60/hibernate-orm/hibernate-core/src/main/java/org/hibernate/mapping/Map.java:19: error: incompatible types: MetadataImplementor cannot be converted to MetadataBuildingContext
		super( metadata, owner );
		       ^
/home/aboriero/hibernate/wip60/hibernate-orm/hibernate-core/src/main/java/org/hibernate/mapping/OneToMany.java:24: error: OneToMany is not abstract and does not override abstract method getJavaTypeDescriptor() in ValueMapping
public class OneToMany implements Value {
       ^
/home/aboriero/hibernate/wip60/hibernate-orm/hibernate-core/src/main/java/org/hibernate/mapping/Set.java:19: error: Set is not abstract and does not override abstract method getJavaTypeDescriptor() in ValueMapping
public class Set extends Collection {
       ^
/home/aboriero/hibernate/wip60/hibernate-orm/hibernate-core/src/main/java/org/hibernate/mapping/Set.java:21: error: incompatible types: MetadataImplementor cannot be converted to MetadataBuildingContext
		super( metadata, owner );
		       ^
/home/aboriero/hibernate/wip60/hibernate-orm/hibernate-core/src/main/java/org/hibernate/boot/internal/BootstrapContextImpl.java:56: error: BootstrapContextImpl is not abstract and does not override abstract method getPersistentCollectionTuplizerFactory() in BootstrapContext
public class BootstrapContextImpl implements BootstrapContext {
       ^
/home/aboriero/hibernate/wip60/hibernate-orm/hibernate-core/src/main/java/org/hibernate/query/sqm/tree/expression/domain/AbstractSpecificSqmCollectionIndexReference.java:15: error: AbstractSpecificSqmCollectionIndexReference is not abstract and does not override abstract method getJavaTypeDescriptor() in ExpressableType
public class AbstractSpecificSqmCollectionIndexReference extends AbstractSqmCollectionIndexReference {
       ^
/home/aboriero/hibernate/wip60/hibernate-orm/hibernate-core/src/main/java/org/hibernate/query/sqm/tree/expression/domain/SqmMinIndexReferenceBasic.java:15: error: SqmMinIndexReferenceBasic is not abstract and does not override abstract method getJavaTypeDescriptor() in ExpressableType
public class SqmMinIndexReferenceBasic extends AbstractSpecificSqmCollectionIndexReference
       ^
/home/aboriero/hibernate/wip60/hibernate-orm/hibernate-core/src/main/java/org/hibernate/query/sqm/tree/expression/LiteralNullSqmExpression.java:51: error: <anonymous org.hibernate.query.sqm.tree.expression.LiteralNullSqmExpression$1> is not abstract and does not override abstract method getJavaTypeDescriptor() in BasicValuedExpressableType
	private static BasicValuedExpressableType NULL_TYPE = new BasicValuedExpressableType() {
	                                                                                       ^
/home/aboriero/hibernate/wip60/hibernate-orm/hibernate-core/src/main/java/org/hibernate/query/sqm/tree/expression/LiteralNullSqmExpression.java:52: error: method does not override or implement a method from a supertype
		@Override
		^
/home/aboriero/hibernate/wip60/hibernate-orm/hibernate-core/src/main/java/org/hibernate/query/sqm/tree/expression/LiteralNullSqmExpression.java:57: error: method does not override or implement a method from a supertype
		@Override
		^
/home/aboriero/hibernate/wip60/hibernate-orm/hibernate-core/src/main/java/org/hibernate/mapping/Formula.java:23: error: Formula is not abstract and does not override abstract method getSqlTypeDescriptor() in MappedColumn
public class Formula implements Selectable, Serializable {
       ^
/home/aboriero/hibernate/wip60/hibernate-orm/hibernate-core/src/main/java/org/hibernate/mapping/Formula.java:56: error: constructor DerivedColumn in class DerivedColumn cannot be applied to given types;
		return new DerivedColumn( runtimeTable, formula );
		       ^
  required: Table,String,int
  found: Table,String
  reason: actual and formal argument lists differ in length
/home/aboriero/hibernate/wip60/hibernate-orm/hibernate-core/src/main/java/org/hibernate/bytecode/enhance/spi/interceptor/LazyAttributeDescriptor.java:24: error: cannot find symbol
			fetchGroupName = attributeMapping.getValueMapping().getType().isCollectionType()
			                                                   ^
  symbol:   method getType()
  location: interface ValueMapping
/home/aboriero/hibernate/wip60/hibernate-orm/hibernate-core/src/main/java/org/hibernate/bytecode/enhance/spi/interceptor/LazyAttributeDescriptor.java:33: error: cannot find symbol
				attributeMapping.getValueMapping().getType(),
				                                  ^
  symbol:   method getType()
  location: interface ValueMapping
/home/aboriero/hibernate/wip60/hibernate-orm/hibernate-core/src/main/java/org/hibernate/query/criteria/internal/QueryStructure.java:47: error: QueryStructure is not abstract and does not override abstract method getOrderList() in JpaQuerySpec
public class QueryStructure<T> implements JpaQuerySpec<T> {
       ^
/home/aboriero/hibernate/wip60/hibernate-orm/hibernate-core/src/main/java/org/hibernate/query/criteria/internal/QueryStructure.java:175: error: getRestriction() in QueryStructure cannot implement getRestriction() in JpaQuerySpec
	public Predicate getRestriction() {
	                 ^
  return type Predicate is not compatible with JpaPredicate
/home/aboriero/hibernate/wip60/hibernate-orm/hibernate-core/src/main/java/org/hibernate/query/criteria/internal/QueryStructure.java:77: error: cannot find symbol
		ParameterContainer.Helper.possibleParameter(selection, registry);
		                                            ^
  symbol:   variable selection
  location: class QueryStructure<T>
  where T is a type-variable:
    T extends Object declared in class QueryStructure
/home/aboriero/hibernate/wip60/hibernate-orm/hibernate-core/src/main/java/org/hibernate/query/criteria/internal/QueryStructure.java:101: error: cannot find symbol
		return distinct;
		       ^
  symbol:   variable distinct
  location: class QueryStructure<T>
  where T is a type-variable:
    T extends Object declared in class QueryStructure
/home/aboriero/hibernate/wip60/hibernate-orm/hibernate-core/src/main/java/org/hibernate/query/criteria/internal/QueryStructure.java:105: error: cannot find symbol
		this.distinct = distinct;
		    ^
  symbol: variable distinct
/home/aboriero/hibernate/wip60/hibernate-orm/hibernate-core/src/main/java/org/hibernate/query/criteria/internal/QueryStructure.java:109: error: cannot find symbol
		return selection;
		       ^
  symbol:   variable selection
  location: class QueryStructure<T>
  where T is a type-variable:
    T extends Object declared in class QueryStructure
/home/aboriero/hibernate/wip60/hibernate-orm/hibernate-core/src/main/java/org/hibernate/query/criteria/internal/QueryStructure.java:113: error: cannot find symbol
		this.selection = selection;
		    ^
  symbol: variable selection
/home/aboriero/hibernate/wip60/hibernate-orm/hibernate-core/src/main/java/org/hibernate/query/criteria/internal/QueryStructure.java:120: error: cannot find symbol
		return roots;
		       ^
  symbol:   variable roots
  location: class QueryStructure<T>
  where T is a type-variable:
    T extends Object declared in class QueryStructure
/home/aboriero/hibernate/wip60/hibernate-orm/hibernate-core/src/main/java/org/hibernate/query/criteria/internal/QueryStructure.java:135: error: cannot find symbol
		roots.add( root );
		^
  symbol:   variable roots
  location: class QueryStructure<T>
  where T is a type-variable:
    T extends Object declared in class QueryStructure
/home/aboriero/hibernate/wip60/hibernate-orm/hibernate-core/src/main/java/org/hibernate/query/criteria/internal/QueryStructure.java:146: error: cannot find symbol
		if ( correlationRoots == null ) {
		     ^
  symbol:   variable correlationRoots
  location: class QueryStructure<T>
  where T is a type-variable:
    T extends Object declared in class QueryStructure
/home/aboriero/hibernate/wip60/hibernate-orm/hibernate-core/src/main/java/org/hibernate/query/criteria/internal/QueryStructure.java:147: error: cannot find symbol
			correlationRoots = new HashSet<JpaFromImplementor>();
			^
  symbol:   variable correlationRoots
  location: class QueryStructure<T>
  where T is a type-variable:
    T extends Object declared in class QueryStructure
/home/aboriero/hibernate/wip60/hibernate-orm/hibernate-core/src/main/java/org/hibernate/query/criteria/internal/QueryStructure.java:149: error: cannot find symbol
		correlationRoots.add( fromImplementor );
		^
  symbol:   variable correlationRoots
  location: class QueryStructure<T>
  where T is a type-variable:
    T extends Object declared in class QueryStructure
/home/aboriero/hibernate/wip60/hibernate-orm/hibernate-core/src/main/java/org/hibernate/query/criteria/internal/QueryStructure.java:157: error: cannot find symbol
		if ( correlationRoots != null ) {
		     ^
  symbol:   variable correlationRoots
  location: class QueryStructure<T>
  where T is a type-variable:
    T extends Object declared in class QueryStructure
/home/aboriero/hibernate/wip60/hibernate-orm/hibernate-core/src/main/java/org/hibernate/query/criteria/internal/QueryStructure.java:159: error: cannot find symbol
			for ( JpaFromImplementor<?,?> correlationRoot : correlationRoots ) {
			                                                ^
  symbol:   variable correlationRoots
  location: class QueryStructure<T>
  where T is a type-variable:
    T extends Object declared in class QueryStructure
/home/aboriero/hibernate/wip60/hibernate-orm/hibernate-core/src/main/java/org/hibernate/query/criteria/internal/QueryStructure.java:180: error: incompatible types: Predicate cannot be converted to JpaPredicate
		this.restriction = restriction;
		                   ^
/home/aboriero/hibernate/wip60/hibernate-orm/hibernate-core/src/main/java/org/hibernate/query/criteria/internal/QueryStructure.java:187: error: incompatible types: List<JpaExpression<?>> cannot be converted to List<Expression<?>>
		return groupings;
		       ^
/home/aboriero/hibernate/wip60/hibernate-orm/hibernate-core/src/main/java/org/hibernate/query/criteria/internal/QueryStructure.java:191: error: incompatible types: List<Expression<?>> cannot be converted to List<JpaExpression<?>>
		this.groupings = groupings;
		                 ^
/home/aboriero/hibernate/wip60/hibernate-orm/hibernate-core/src/main/java/org/hibernate/query/criteria/internal/QueryStructure.java:196: error: incompatible types: inference variable T has incompatible bounds
			this.groupings = Arrays.asList( groupings );
			                              ^
    equality constraints: JpaExpression<?>
    lower bounds: Expression<?>
  where T is a type-variable:
    T extends Object declared in method <T>asList(T...)
/home/aboriero/hibernate/wip60/hibernate-orm/hibernate-core/src/main/java/org/hibernate/query/criteria/internal/QueryStructure.java:208: error: incompatible types: Predicate cannot be converted to JpaPredicate
		this.having = having;
		              ^
/home/aboriero/hibernate/wip60/hibernate-orm/hibernate-core/src/main/java/org/hibernate/query/criteria/internal/QueryStructure.java:215: error: incompatible types: List<JpaSubquery<?>> cannot be converted to List<Subquery<?>>
		return subqueries;
		       ^
/home/aboriero/hibernate/wip60/hibernate-orm/hibernate-core/src/main/java/org/hibernate/query/criteria/internal/QueryStructure.java:222: error: incompatible types: List<JpaSubquery<?>> cannot be converted to List<Subquery<?>>
		return subqueries;
		       ^
/home/aboriero/hibernate/wip60/hibernate-orm/hibernate-core/src/main/java/org/hibernate/procedure/spi/ParameterBindImplementor.java:15: error: types QueryParameterBinding<T> and ParameterBind<T> are incompatible; both define getBindType(), but with unrelated return types
public interface ParameterBindImplementor<T> extends ParameterBind<T>, QueryParameterBinding<T> {
       ^
  where T is a type-variable:
    T extends Object declared in interface ParameterBindImplementor
/home/aboriero/hibernate/wip60/hibernate-orm/hibernate-core/src/main/java/org/hibernate/boot/model/type/internal/BasicTypeProducerRegistryImpl.java:28: error: BasicTypeProducerRegistryImpl is not abstract and does not override abstract method makeUnregisteredProducer() in BasicTypeProducerRegistry
public class BasicTypeProducerRegistryImpl implements BasicTypeProducerRegistry {
       ^
/home/aboriero/hibernate/wip60/hibernate-orm/hibernate-core/src/main/java/org/hibernate/boot/model/type/internal/BasicTypeProducerRegistryImpl.java:69: error: constructor BasicTypeProducerTypeDefinitionImpl in class BasicTypeProducerTypeDefinitionImpl cannot be applied to given types;
					new BasicTypeProducerTypeDefinitionImpl(
					^
  required: TypeDefinition,TypeConfiguration
  found: String,TypeDefinition,TypeConfiguration
  reason: actual and formal argument lists differ in length
/home/aboriero/hibernate/wip60/hibernate-orm/hibernate-core/src/main/java/org/hibernate/boot/model/type/internal/BasicTypeProducerRegistryImpl.java:82: error: constructor BasicTypeProducerTypeDefinitionImpl in class BasicTypeProducerTypeDefinitionImpl cannot be applied to given types;
						new BasicTypeProducerTypeDefinitionImpl( registrationKey, typeDefinition, typeConfiguration ),
						^
  required: TypeDefinition,TypeConfiguration
  found: String,TypeDefinition,TypeConfiguration
  reason: actual and formal argument lists differ in length
/home/aboriero/hibernate/wip60/hibernate-orm/hibernate-core/src/main/java/org/hibernate/sql/ast/produce/result/spi/FetchAttribute.java:25: error: cannot find symbol
		return (PersistentAttribute) getFetchedNavigable();
		                             ^
  symbol:   method getFetchedNavigable()
  location: interface FetchAttribute
/home/aboriero/hibernate/wip60/hibernate-orm/hibernate-core/src/main/java/org/hibernate/query/sqm/tree/expression/domain/SqmEntityTypedReference.java:22: error: method does not override or implement a method from a supertype
	@Override
	^
/home/aboriero/hibernate/wip60/hibernate-orm/hibernate-core/src/main/java/org/hibernate/query/sqm/tree/expression/domain/SqmEntityTypedReference.java:24: error: cannot find symbol
		return getExpressionType().getTypeName();
		                          ^
  symbol:   method getTypeName()
  location: interface EntityValuedExpressableType
/home/aboriero/hibernate/wip60/hibernate-orm/hibernate-core/src/main/java/org/hibernate/query/sqm/tree/expression/domain/SqmPluralAttributeReference.java:20: error: SqmPluralAttributeReference is not abstract and does not override abstract method getJavaTypeDescriptor() in ExpressableType
public class SqmPluralAttributeReference
       ^
/home/aboriero/hibernate/wip60/hibernate-orm/hibernate-core/src/main/java/org/hibernate/query/sqm/tree/expression/domain/SqmPluralAttributeReference.java:48: error: method does not override or implement a method from a supertype
	@Override
	^
/home/aboriero/hibernate/wip60/hibernate-orm/hibernate-core/src/main/java/org/hibernate/query/sqm/tree/expression/domain/SqmPluralAttributeReference.java:50: error: cannot find symbol
		return getReferencedNavigable().getTypeName();
		                               ^
  symbol:   method getTypeName()
  location: interface PluralPersistentAttribute
/home/aboriero/hibernate/wip60/hibernate-orm/hibernate-core/src/main/java/org/hibernate/event/spi/ResolveNaturalIdEvent.java:49: error: cannot find symbol
		if ( ! entityPersister.hasNaturalIdentifier() ) {
		                      ^
  symbol:   method hasNaturalIdentifier()
  location: variable entityPersister of type EntityDescriptor
/home/aboriero/hibernate/wip60/hibernate-orm/hibernate-core/src/main/java/org/hibernate/event/spi/ResolveNaturalIdEvent.java:57: error: cannot find symbol
		if ( entityPersister.getNaturalIdentifierProperties().length != naturalIdValues.size() ) {
		                    ^
  symbol:   method getNaturalIdentifierProperties()
  location: variable entityPersister of type EntityDescriptor
/home/aboriero/hibernate/wip60/hibernate-orm/hibernate-core/src/main/java/org/hibernate/event/spi/ResolveNaturalIdEvent.java:62: error: cannot find symbol
						entityPersister.getNaturalIdentifierProperties().length,
						               ^
  symbol:   method getNaturalIdentifierProperties()
  location: variable entityPersister of type EntityDescriptor
/home/aboriero/hibernate/wip60/hibernate-orm/hibernate-core/src/main/java/org/hibernate/event/spi/ResolveNaturalIdEvent.java:79: error: cannot find symbol
		int[] naturalIdPropertyPositions = entityPersister.getNaturalIdentifierProperties();
		                                                  ^
  symbol:   method getNaturalIdentifierProperties()
  location: variable entityPersister of type EntityDescriptor
/home/aboriero/hibernate/wip60/hibernate-orm/hibernate-core/src/main/java/org/hibernate/event/spi/AbstractCollectionEvent.java:75: error: cannot find symbol
				( collectionPersister == null ? null : collectionPersister.getOwnerEntityPersister().getEntityName() );
				                                                          ^
  symbol:   method getOwnerEntityPersister()
  location: variable collectionPersister of type PersistentCollectionDescriptor
/home/aboriero/hibernate/wip60/hibernate-orm/hibernate-core/src/main/java/org/hibernate/query/criteria/internal/path/AbstractPathImpl.java:172: error: <Y#1>get(String) in AbstractPathImpl cannot implement <Y#2>get(String) in JpaPath
	public <Y> Path<Y> get(String attributeName) {
	                   ^
  return type Path<Y#1> is not compatible with JpaPath<Y#1>
  where Y#1,Y#2 are type-variables:
    Y#1 extends Object declared in method <Y#1>get(String)
    Y#2 extends Object declared in method <Y#2>get(String)
/home/aboriero/hibernate/wip60/hibernate-orm/hibernate-core/src/main/java/org/hibernate/query/criteria/internal/path/AbstractPathImpl.java:69: error: type() in AbstractPathImpl cannot implement type() in JpaPath
	public Expression<Class<? extends X>> type() {
	                                      ^
  return type Expression<Class<? extends X#1>> is not compatible with JpaExpression<Class<? extends X#1>>
  where X#1,X#2 are type-variables:
    X#1 extends Object declared in class AbstractPathImpl
    X#2 extends Object declared in interface JpaPath
/home/aboriero/hibernate/wip60/hibernate-orm/hibernate-core/src/main/java/org/hibernate/query/criteria/internal/path/AbstractPathImpl.java:157: error: <K#1,V#1,M#1>get(MapAttribute<X#1,K#1,V#1>) in AbstractPathImpl cannot implement <K#2,V#2,M#2>get(MapAttribute<X#2,K#2,V#2>) in JpaPath
	public <K, V, M extends Map<K, V>> Expression<M> get(MapAttribute<X, K, V> attribute) {
	                                                 ^
  return type Expression<M#1> is not compatible with JpaExpression<M#1>
  where K#1,V#1,M#1,X#1,K#2,V#2,M#2,X#2 are type-variables:
    K#1 extends Object declared in method <K#1,V#1,M#1>get(MapAttribute<X#1,K#1,V#1>)
    V#1 extends Object declared in method <K#1,V#1,M#1>get(MapAttribute<X#1,K#1,V#1>)
    M#1 extends Map<K#1,V#1> declared in method <K#1,V#1,M#1>get(MapAttribute<X#1,K#1,V#1>)
    X#1 extends Object declared in class AbstractPathImpl
    K#2 extends Object declared in method <K#2,V#2,M#2>get(MapAttribute<X#2,K#2,V#2>)
    V#2 extends Object declared in method <K#2,V#2,M#2>get(MapAttribute<X#2,K#2,V#2>)
    M#2 extends Map<K#2,V#2> declared in method <K#2,V#2,M#2>get(MapAttribute<X#2,K#2,V#2>)
    X#2 extends Object declared in interface JpaPath
/home/aboriero/hibernate/wip60/hibernate-orm/hibernate-core/src/main/java/org/hibernate/query/criteria/internal/path/AbstractPathImpl.java:142: error: <E#1,C#1>get(PluralAttribute<X#1,C#1,E#1>) in AbstractPathImpl cannot implement <E#2,C#2>get(PluralAttribute<X#2,C#2,E#2>) in JpaPath
	public <E, C extends Collection<E>> Expression<C> get(PluralAttribute<X, C, E> attribute) {
	                                                  ^
  return type Expression<C#1> is not compatible with JpaExpression<C#1>
  where E#1,C#1,X#1,E#2,C#2,X#2 are type-variables:
    E#1 extends Object declared in method <E#1,C#1>get(PluralAttribute<X#1,C#1,E#1>)
    C#1 extends Collection<E#1> declared in method <E#1,C#1>get(PluralAttribute<X#1,C#1,E#1>)
    X#1 extends Object declared in class AbstractPathImpl
    E#2 extends Object declared in method <E#2,C#2>get(PluralAttribute<X#2,C#2,E#2>)
    C#2 extends Collection<E#2> declared in method <E#2,C#2>get(PluralAttribute<X#2,C#2,E#2>)
    X#2 extends Object declared in interface JpaPath
/home/aboriero/hibernate/wip60/hibernate-orm/hibernate-core/src/main/java/org/hibernate/query/criteria/internal/path/AbstractPathImpl.java:118: error: <Y#1>get(SingularAttribute<? super X#1,Y#1>) in AbstractPathImpl cannot implement <Y#2>get(SingularAttribute<? super X#2,Y#2>) in JpaPath
	public <Y> Path<Y> get(SingularAttribute<? super X, Y> attribute) {
	                   ^
  return type Path<Y#1> is not compatible with JpaPath<Y#1>
  where Y#1,X#1,Y#2,X#2 are type-variables:
    Y#1 extends Object declared in method <Y#1>get(SingularAttribute<? super X#1,Y#1>)
    X#1 extends Object declared in class AbstractPathImpl
    Y#2 extends Object declared in method <Y#2>get(SingularAttribute<? super X#2,Y#2>)
    X#2 extends Object declared in interface JpaPath
/home/aboriero/hibernate/wip60/hibernate-orm/hibernate-core/src/main/java/org/hibernate/query/criteria/internal/path/AbstractPathImpl.java:149: error: incompatible types: HibernateCriteriaBuilder cannot be converted to CriteriaBuilderImpl
			path = new PluralAttributePath<C>( criteriaBuilder(), this, attribute );
			                                                  ^
/home/aboriero/hibernate/wip60/hibernate-orm/hibernate-core/src/main/java/org/hibernate/query/criteria/internal/path/AbstractPathImpl.java:164: error: incompatible types: HibernateCriteriaBuilder cannot be converted to CriteriaBuilderImpl
			path = new PluralAttributePath( criteriaBuilder(), this, attribute );
			                                               ^
/home/aboriero/hibernate/wip60/hibernate-orm/hibernate-core/src/main/java/org/hibernate/query/criteria/internal/path/AbstractFromImpl.java:472: error: <X,K#1,V#1>joinMap(String,JoinType) in AbstractFromImpl cannot implement <X1,K#2,V#2>joinMap(String,JoinType) in JpaFrom
	public <X, K, V> MapJoin<X, K, V> joinMap(String attributeName, JoinType jt) {
	                                  ^
  return type MapJoin<X,K#1,V#1> is not compatible with JpaMapJoin<X,K#1,V#1>
  where X,K#1,V#1,X1,K#2,V#2 are type-variables:
    X extends Object declared in method <X,K#1,V#1>joinMap(String,JoinType)
    K#1 extends Object declared in method <X,K#1,V#1>joinMap(String,JoinType)
    V#1 extends Object declared in method <X,K#1,V#1>joinMap(String,JoinType)
    X1 extends Object declared in method <X1,K#2,V#2>joinMap(String,JoinType)
    K#2 extends Object declared in method <X1,K#2,V#2>joinMap(String,JoinType)
    V#2 extends Object declared in method <X1,K#2,V#2>joinMap(String,JoinType)
/home/aboriero/hibernate/wip60/hibernate-orm/hibernate-core/src/main/java/org/hibernate/query/criteria/internal/path/AbstractFromImpl.java:451: error: <X,Y#1>joinList(String,JoinType) in AbstractFromImpl cannot implement <X1,Y#2>joinList(String,JoinType) in JpaFrom
	public <X, Y> ListJoin<X, Y> joinList(String attributeName, JoinType jt) {
	                             ^
  return type ListJoin<X,Y#1> is not compatible with JpaListJoin<X,Y#1>
  where X,Y#1,X1,Y#2 are type-variables:
    X extends Object declared in method <X,Y#1>joinList(String,JoinType)
    Y#1 extends Object declared in method <X,Y#1>joinList(String,JoinType)
    X1 extends Object declared in method <X1,Y#2>joinList(String,JoinType)
    Y#2 extends Object declared in method <X1,Y#2>joinList(String,JoinType)
/home/aboriero/hibernate/wip60/hibernate-orm/hibernate-core/src/main/java/org/hibernate/query/criteria/internal/path/AbstractFromImpl.java:430: error: <X,Y#1>joinSet(String,JoinType) in AbstractFromImpl cannot implement <X1,Y#2>joinSet(String,JoinType) in JpaFrom
	public <X, Y> SetJoin<X, Y> joinSet(String attributeName, JoinType jt) {
	                            ^
  return type SetJoin<X,Y#1> is not compatible with JpaSetJoin<X,Y#1>
  where X,Y#1,X1,Y#2 are type-variables:
    X extends Object declared in method <X,Y#1>joinSet(String,JoinType)
    Y#1 extends Object declared in method <X,Y#1>joinSet(String,JoinType)
    X1 extends Object declared in method <X1,Y#2>joinSet(String,JoinType)
    Y#2 extends Object declared in method <X1,Y#2>joinSet(String,JoinType)
/home/aboriero/hibernate/wip60/hibernate-orm/hibernate-core/src/main/java/org/hibernate/query/criteria/internal/path/AbstractFromImpl.java:409: error: <X,Y#1>joinCollection(String,JoinType) in AbstractFromImpl cannot implement <X1,Y#2>joinCollection(String,JoinType) in JpaFrom
	public <X, Y> CollectionJoin<X, Y> joinCollection(String attributeName, JoinType jt) {
	                                   ^
  return type CollectionJoin<X,Y#1> is not compatible with JpaCollectionJoin<X,Y#1>
  where X,Y#1,X1,Y#2 are type-variables:
    X extends Object declared in method <X,Y#1>joinCollection(String,JoinType)
    Y#1 extends Object declared in method <X,Y#1>joinCollection(String,JoinType)
    X1 extends Object declared in method <X1,Y#2>joinCollection(String,JoinType)
    Y#2 extends Object declared in method <X1,Y#2>joinCollection(String,JoinType)
/home/aboriero/hibernate/wip60/hibernate-orm/hibernate-core/src/main/java/org/hibernate/query/criteria/internal/path/AbstractFromImpl.java:372: error: <X,Y#1>join(String,JoinType) in AbstractFromImpl cannot implement <X1,Y#2>join(String,JoinType) in JpaFrom
	public <X, Y> Join<X, Y> join(String attributeName, JoinType jt) {
	                         ^
  return type Join<X,Y#1> is not compatible with JpaAttributeJoin<X,Y#1>
  where X,Y#1,X1,Y#2 are type-variables:
    X extends Object declared in method <X,Y#1>join(String,JoinType)
    Y#1 extends Object declared in method <X,Y#1>join(String,JoinType)
    X1 extends Object declared in method <X1,Y#2>join(String,JoinType)
    Y#2 extends Object declared in method <X1,Y#2>join(String,JoinType)
/home/aboriero/hibernate/wip60/hibernate-orm/hibernate-core/src/main/java/org/hibernate/query/criteria/internal/path/AbstractFromImpl.java:466: error: <X,K#1,V#1>joinMap(String) in AbstractFromImpl cannot implement <X1,K#2,V#2>joinMap(String) in JpaFrom
	public <X, K, V> MapJoin<X, K, V> joinMap(String attributeName) {
	                                  ^
  return type MapJoin<X,K#1,V#1> is not compatible with JpaMapJoin<X,K#1,V#1>
  where X,K#1,V#1,X1,K#2,V#2 are type-variables:
    X extends Object declared in method <X,K#1,V#1>joinMap(String)
    K#1 extends Object declared in method <X,K#1,V#1>joinMap(String)
    V#1 extends Object declared in method <X,K#1,V#1>joinMap(String)
    X1 extends Object declared in method <X1,K#2,V#2>joinMap(String)
    K#2 extends Object declared in method <X1,K#2,V#2>joinMap(String)
    V#2 extends Object declared in method <X1,K#2,V#2>joinMap(String)
/home/aboriero/hibernate/wip60/hibernate-orm/hibernate-core/src/main/java/org/hibernate/query/criteria/internal/path/AbstractFromImpl.java:445: error: <X,Y#1>joinList(String) in AbstractFromImpl cannot implement <X1,Y#2>joinList(String) in JpaFrom
	public <X, Y> ListJoin<X, Y> joinList(String attributeName) {
	                             ^
  return type ListJoin<X,Y#1> is not compatible with JpaListJoin<X,Y#1>
  where X,Y#1,X1,Y#2 are type-variables:
    X extends Object declared in method <X,Y#1>joinList(String)
    Y#1 extends Object declared in method <X,Y#1>joinList(String)
    X1 extends Object declared in method <X1,Y#2>joinList(String)
    Y#2 extends Object declared in method <X1,Y#2>joinList(String)
/home/aboriero/hibernate/wip60/hibernate-orm/hibernate-core/src/main/java/org/hibernate/query/criteria/internal/path/AbstractFromImpl.java:424: error: <X,Y#1>joinSet(String) in AbstractFromImpl cannot implement <X1,Y#2>joinSet(String) in JpaFrom
	public <X, Y> SetJoin<X, Y> joinSet(String attributeName) {
	                            ^
  return type SetJoin<X,Y#1> is not compatible with JpaSetJoin<X,Y#1>
  where X,Y#1,X1,Y#2 are type-variables:
    X extends Object declared in method <X,Y#1>joinSet(String)
    Y#1 extends Object declared in method <X,Y#1>joinSet(String)
    X1 extends Object declared in method <X1,Y#2>joinSet(String)
    Y#2 extends Object declared in method <X1,Y#2>joinSet(String)
/home/aboriero/hibernate/wip60/hibernate-orm/hibernate-core/src/main/java/org/hibernate/query/criteria/internal/path/AbstractFromImpl.java:403: error: <X,Y#1>joinCollection(String) in AbstractFromImpl cannot implement <X1,Y#2>joinCollection(String) in JpaFrom
	public <X, Y> CollectionJoin<X, Y> joinCollection(String attributeName) {
	                                   ^
  return type CollectionJoin<X,Y#1> is not compatible with JpaCollectionJoin<X,Y#1>
  where X,Y#1,X1,Y#2 are type-variables:
    X extends Object declared in method <X,Y#1>joinCollection(String)
    Y#1 extends Object declared in method <X,Y#1>joinCollection(String)
    X1 extends Object declared in method <X1,Y#2>joinCollection(String)
    Y#2 extends Object declared in method <X1,Y#2>joinCollection(String)
/home/aboriero/hibernate/wip60/hibernate-orm/hibernate-core/src/main/java/org/hibernate/query/criteria/internal/path/AbstractFromImpl.java:366: error: <X,Y#1>join(String) in AbstractFromImpl cannot implement <X1,Y#2>join(String) in JpaFrom
	public <X, Y> Join<X, Y> join(String attributeName) {
	                         ^
  return type Join<X,Y#1> is not compatible with JpaAttributeJoin<X,Y#1>
  where X,Y#1,X1,Y#2 are type-variables:
    X extends Object declared in method <X,Y#1>join(String)
    Y#1 extends Object declared in method <X,Y#1>join(String)
    X1 extends Object declared in method <X1,Y#2>join(String)
    Y#2 extends Object declared in method <X1,Y#2>join(String)
/home/aboriero/hibernate/wip60/hibernate-orm/hibernate-core/src/main/java/org/hibernate/query/criteria/internal/path/AbstractFromImpl.java:344: error: <K#1,V#1>join(MapAttribute<? super X#1,K#1,V#1>,JoinType) in AbstractFromImpl cannot implement <K#2,V#2>join(MapAttribute<? super X#2,K#2,V#2>,JoinType) in JpaFrom
	public <K, V> MapJoin<X, K, V> join(MapAttribute<? super X, K, V> map, JoinType jt) {
	                               ^
  return type MapJoin<X#1,K#1,V#1> is not compatible with JpaMapJoin<X#1,K#1,V#1>
  where K#1,V#1,X#1,K#2,V#2,X#2 are type-variables:
    K#1 extends Object declared in method <K#1,V#1>join(MapAttribute<? super X#1,K#1,V#1>,JoinType)
    V#1 extends Object declared in method <K#1,V#1>join(MapAttribute<? super X#1,K#1,V#1>,JoinType)
    X#1 extends Object declared in class AbstractFromImpl
    K#2 extends Object declared in method <K#2,V#2>join(MapAttribute<? super X#2,K#2,V#2>,JoinType)
    V#2 extends Object declared in method <K#2,V#2>join(MapAttribute<? super X#2,K#2,V#2>,JoinType)
    X#2 extends Object declared in interface JpaFrom
/home/aboriero/hibernate/wip60/hibernate-orm/hibernate-core/src/main/java/org/hibernate/query/criteria/internal/path/AbstractFromImpl.java:317: error: <Y#1>join(ListAttribute<? super X#1,Y#1>,JoinType) in AbstractFromImpl cannot implement <Y#2>join(ListAttribute<? super X#2,Y#2>,JoinType) in JpaFrom
	public <Y> ListJoin<X, Y> join(ListAttribute<? super X, Y> list, JoinType jt) {
	                          ^
  return type ListJoin<X#1,Y#1> is not compatible with JpaListJoin<X#1,Y#1>
  where Y#1,X#1,Y#2,X#2 are type-variables:
    Y#1 extends Object declared in method <Y#1>join(ListAttribute<? super X#1,Y#1>,JoinType)
    X#1 extends Object declared in class AbstractFromImpl
    Y#2 extends Object declared in method <Y#2>join(ListAttribute<? super X#2,Y#2>,JoinType)
    X#2 extends Object declared in interface JpaFrom
/home/aboriero/hibernate/wip60/hibernate-orm/hibernate-core/src/main/java/org/hibernate/query/criteria/internal/path/AbstractFromImpl.java:290: error: <Y#1>join(SetAttribute<? super X#1,Y#1>,JoinType) in AbstractFromImpl cannot implement <Y#2>join(SetAttribute<? super X#2,Y#2>,JoinType) in JpaFrom
	public <Y> SetJoin<X, Y> join(SetAttribute<? super X, Y> set, JoinType jt) {
	                         ^
  return type SetJoin<X#1,Y#1> is not compatible with JpaSetJoin<X#1,Y#1>
  where Y#1,X#1,Y#2,X#2 are type-variables:
    Y#1 extends Object declared in method <Y#1>join(SetAttribute<? super X#1,Y#1>,JoinType)
    X#1 extends Object declared in class AbstractFromImpl
    Y#2 extends Object declared in method <Y#2>join(SetAttribute<? super X#2,Y#2>,JoinType)
    X#2 extends Object declared in interface JpaFrom
/home/aboriero/hibernate/wip60/hibernate-orm/hibernate-core/src/main/java/org/hibernate/query/criteria/internal/path/AbstractFromImpl.java:255: error: <Y#1>join(CollectionAttribute<? super X#1,Y#1>,JoinType) in AbstractFromImpl cannot implement <Y#2>join(CollectionAttribute<? super X#2,Y#2>,JoinType) in JpaFrom
	public <Y> CollectionJoin<X, Y> join(CollectionAttribute<? super X, Y> collection, JoinType jt) {
	                                ^
  return type CollectionJoin<X#1,Y#1> is not compatible with JpaCollectionJoin<X#1,Y#1>
  where Y#1,X#1,Y#2,X#2 are type-variables:
    Y#1 extends Object declared in method <Y#1>join(CollectionAttribute<? super X#1,Y#1>,JoinType)
    X#1 extends Object declared in class AbstractFromImpl
    Y#2 extends Object declared in method <Y#2>join(CollectionAttribute<? super X#2,Y#2>,JoinType)
    X#2 extends Object declared in interface JpaFrom
/home/aboriero/hibernate/wip60/hibernate-orm/hibernate-core/src/main/java/org/hibernate/query/criteria/internal/path/AbstractFromImpl.java:339: error: <K#1,V#1>join(MapAttribute<? super X#1,K#1,V#1>) in AbstractFromImpl cannot implement <K#2,V#2>join(MapAttribute<? super X#2,K#2,V#2>) in JpaFrom
	public <K, V> MapJoin<X, K, V> join(MapAttribute<? super X, K, V> map) {
	                               ^
  return type MapJoin<X#1,K#1,V#1> is not compatible with JpaMapJoin<X#1,K#1,V#1>
  where K#1,V#1,X#1,K#2,V#2,X#2 are type-variables:
    K#1 extends Object declared in method <K#1,V#1>join(MapAttribute<? super X#1,K#1,V#1>)
    V#1 extends Object declared in method <K#1,V#1>join(MapAttribute<? super X#1,K#1,V#1>)
    X#1 extends Object declared in class AbstractFromImpl
    K#2 extends Object declared in method <K#2,V#2>join(MapAttribute<? super X#2,K#2,V#2>)
    V#2 extends Object declared in method <K#2,V#2>join(MapAttribute<? super X#2,K#2,V#2>)
    X#2 extends Object declared in interface JpaFrom
/home/aboriero/hibernate/wip60/hibernate-orm/hibernate-core/src/main/java/org/hibernate/query/criteria/internal/path/AbstractFromImpl.java:312: error: <Y#1>join(ListAttribute<? super X#1,Y#1>) in AbstractFromImpl cannot implement <Y#2>join(ListAttribute<? super X#2,Y#2>) in JpaFrom
	public <Y> ListJoin<X, Y> join(ListAttribute<? super X, Y> list) {
	                          ^
  return type ListJoin<X#1,Y#1> is not compatible with JpaListJoin<X#1,Y#1>
  where Y#1,X#1,Y#2,X#2 are type-variables:
    Y#1 extends Object declared in method <Y#1>join(ListAttribute<? super X#1,Y#1>)
    X#1 extends Object declared in class AbstractFromImpl
    Y#2 extends Object declared in method <Y#2>join(ListAttribute<? super X#2,Y#2>)
    X#2 extends Object declared in interface JpaFrom
/home/aboriero/hibernate/wip60/hibernate-orm/hibernate-core/src/main/java/org/hibernate/query/criteria/internal/path/AbstractFromImpl.java:285: error: <Y#1>join(SetAttribute<? super X#1,Y#1>) in AbstractFromImpl cannot implement <Y#2>join(SetAttribute<? super X#2,Y#2>) in JpaFrom
	public <Y> SetJoin<X, Y> join(SetAttribute<? super X, Y> set) {
	                         ^
  return type SetJoin<X#1,Y#1> is not compatible with JpaSetJoin<X#1,Y#1>
  where Y#1,X#1,Y#2,X#2 are type-variables:
    Y#1 extends Object declared in method <Y#1>join(SetAttribute<? super X#1,Y#1>)
    X#1 extends Object declared in class AbstractFromImpl
    Y#2 extends Object declared in method <Y#2>join(SetAttribute<? super X#2,Y#2>)
    X#2 extends Object declared in interface JpaFrom
/home/aboriero/hibernate/wip60/hibernate-orm/hibernate-core/src/main/java/org/hibernate/query/criteria/internal/path/AbstractFromImpl.java:250: error: <Y#1>join(CollectionAttribute<? super X#1,Y#1>) in AbstractFromImpl cannot implement <Y#2>join(CollectionAttribute<? super X#2,Y#2>) in JpaFrom
	public <Y> CollectionJoin<X, Y> join(CollectionAttribute<? super X, Y> collection) {
	                                ^
  return type CollectionJoin<X#1,Y#1> is not compatible with JpaCollectionJoin<X#1,Y#1>
  where Y#1,X#1,Y#2,X#2 are type-variables:
    Y#1 extends Object declared in method <Y#1>join(CollectionAttribute<? super X#1,Y#1>)
    X#1 extends Object declared in class AbstractFromImpl
    Y#2 extends Object declared in method <Y#2>join(CollectionAttribute<? super X#2,Y#2>)
    X#2 extends Object declared in interface JpaFrom
/home/aboriero/hibernate/wip60/hibernate-orm/hibernate-core/src/main/java/org/hibernate/query/criteria/internal/path/AbstractFromImpl.java:218: error: <Y#1>join(SingularAttribute<? super X#1,Y#1>,JoinType) in AbstractFromImpl cannot implement <Y#2>join(SingularAttribute<? super X#2,Y#2>,JoinType) in JpaFrom
	public <Y> Join<X, Y> join(SingularAttribute<? super X, Y> attribute, JoinType jt) {
	                      ^
  return type Join<X#1,Y#1> is not compatible with JpaAttributeJoin<X#1,Y#1>
  where Y#1,X#1,Y#2,X#2 are type-variables:
    Y#1 extends Object declared in method <Y#1>join(SingularAttribute<? super X#1,Y#1>,JoinType)
    X#1 extends Object declared in class AbstractFromImpl
    Y#2 extends Object declared in method <Y#2>join(SingularAttribute<? super X#2,Y#2>,JoinType)
    X#2 extends Object declared in interface JpaFrom
/home/aboriero/hibernate/wip60/hibernate-orm/hibernate-core/src/main/java/org/hibernate/query/criteria/internal/path/AbstractFromImpl.java:213: error: <Y#1>join(SingularAttribute<? super X#1,Y#1>) in AbstractFromImpl cannot implement <Y#2>join(SingularAttribute<? super X#2,Y#2>) in JpaFrom
	public <Y> Join<X, Y> join(SingularAttribute<? super X, Y> singularAttribute) {
	                      ^
  return type Join<X#1,Y#1> is not compatible with JpaAttributeJoin<X#1,Y#1>
  where Y#1,X#1,Y#2,X#2 are type-variables:
    Y#1 extends Object declared in method <Y#1>join(SingularAttribute<? super X#1,Y#1>)
    X#1 extends Object declared in class AbstractFromImpl
    Y#2 extends Object declared in method <Y#2>join(SingularAttribute<? super X#2,Y#2>)
    X#2 extends Object declared in interface JpaFrom
/home/aboriero/hibernate/wip60/hibernate-orm/hibernate-core/src/main/java/org/hibernate/query/criteria/internal/path/AbstractFromImpl.java:47: error: <Y#1>get(String) in AbstractPathImpl cannot implement <Y#2>get(String) in JpaPath
public abstract class AbstractFromImpl<Z, X>
                ^
  return type Path<Y#1> is not compatible with JpaPath<Y#1>
  where Y#1,Y#2 are type-variables:
    Y#1 extends Object declared in method <Y#1>get(String)
    Y#2 extends Object declared in method <Y#2>get(String)
/home/aboriero/hibernate/wip60/hibernate-orm/hibernate-core/src/main/java/org/hibernate/query/criteria/internal/path/AbstractFromImpl.java:560: error: <X#1,Y#1>fetch(String,JoinType) in AbstractFromImpl cannot implement <X#2,Y#2>fetch(String,JoinType) in JpaFetchParent
	public <X, Y> Fetch<X, Y> fetch(String attributeName, JoinType jt) {
	                          ^
  return type Fetch<X#1,Y#1> is not compatible with JpaFetch<X#1,Y#1>
  where X#1,Y#1,X#2,Y#2 are type-variables:
    X#1 extends Object declared in method <X#1,Y#1>fetch(String,JoinType)
    Y#1 extends Object declared in method <X#1,Y#1>fetch(String,JoinType)
    X#2 extends Object declared in method <X#2,Y#2>fetch(String,JoinType)
    Y#2 extends Object declared in method <X#2,Y#2>fetch(String,JoinType)
/home/aboriero/hibernate/wip60/hibernate-orm/hibernate-core/src/main/java/org/hibernate/query/criteria/internal/path/AbstractFromImpl.java:554: error: <X#1,Y#1>fetch(String) in AbstractFromImpl cannot implement <X#2,Y#2>fetch(String) in JpaFetchParent
	public <X, Y> Fetch<X, Y> fetch(String attributeName) {
	                          ^
  return type Fetch<X#1,Y#1> is not compatible with JpaFetch<X#1,Y#1>
  where X#1,Y#1,X#2,Y#2 are type-variables:
    X#1 extends Object declared in method <X#1,Y#1>fetch(String)
    Y#1 extends Object declared in method <X#1,Y#1>fetch(String)
    X#2 extends Object declared in method <X#2,Y#2>fetch(String)
    Y#2 extends Object declared in method <X#2,Y#2>fetch(String)
/home/aboriero/hibernate/wip60/hibernate-orm/hibernate-core/src/main/java/org/hibernate/query/criteria/internal/path/AbstractFromImpl.java:530: error: <Y#1>fetch(PluralAttribute<? super X,?,Y#1>,JoinType) in AbstractFromImpl cannot implement <Y#2>fetch(PluralAttribute<? super T,?,Y#2>,JoinType) in JpaFetchParent
	public <Y> Fetch<X, Y> fetch(PluralAttribute<? super X, ?, Y> pluralAttribute, JoinType jt) {
	                       ^
  return type Fetch<X,Y#1> is not compatible with JpaFetch<X,Y#1>
  where Y#1,X,Y#2,T are type-variables:
    Y#1 extends Object declared in method <Y#1>fetch(PluralAttribute<? super X,?,Y#1>,JoinType)
    X extends Object declared in class AbstractFromImpl
    Y#2 extends Object declared in method <Y#2>fetch(PluralAttribute<? super T,?,Y#2>,JoinType)
    T extends Object declared in interface JpaFetchParent
/home/aboriero/hibernate/wip60/hibernate-orm/hibernate-core/src/main/java/org/hibernate/query/criteria/internal/path/AbstractFromImpl.java:525: error: <Y#1>fetch(PluralAttribute<? super X,?,Y#1>) in AbstractFromImpl cannot implement <Y#2>fetch(PluralAttribute<? super T,?,Y#2>) in JpaFetchParent
	public <Y> Fetch<X, Y> fetch(PluralAttribute<? super X, ?, Y> pluralAttribute) {
	                       ^
  return type Fetch<X,Y#1> is not compatible with JpaFetch<X,Y#1>
  where Y#1,X,Y#2,T are type-variables:
    Y#1 extends Object declared in method <Y#1>fetch(PluralAttribute<? super X,?,Y#1>)
    X extends Object declared in class AbstractFromImpl
    Y#2 extends Object declared in method <Y#2>fetch(PluralAttribute<? super T,?,Y#2>)
    T extends Object declared in interface JpaFetchParent
/home/aboriero/hibernate/wip60/hibernate-orm/hibernate-core/src/main/java/org/hibernate/query/criteria/internal/path/AbstractFromImpl.java:514: error: <Y#1>fetch(SingularAttribute<? super X,Y#1>,JoinType) in AbstractFromImpl cannot implement <Y#2>fetch(SingularAttribute<? super T,Y#2>,JoinType) in JpaFetchParent
	public <Y> Fetch<X, Y> fetch(SingularAttribute<? super X, Y> attribute, JoinType jt) {
	                       ^
  return type Fetch<X,Y#1> is not compatible with JpaFetch<X,Y#1>
  where Y#1,X,Y#2,T are type-variables:
    Y#1 extends Object declared in method <Y#1>fetch(SingularAttribute<? super X,Y#1>,JoinType)
    X extends Object declared in class AbstractFromImpl
    Y#2 extends Object declared in method <Y#2>fetch(SingularAttribute<? super T,Y#2>,JoinType)
    T extends Object declared in interface JpaFetchParent
/home/aboriero/hibernate/wip60/hibernate-orm/hibernate-core/src/main/java/org/hibernate/query/criteria/internal/path/AbstractFromImpl.java:509: error: <Y#1>fetch(SingularAttribute<? super X,Y#1>) in AbstractFromImpl cannot implement <Y#2>fetch(SingularAttribute<? super T,Y#2>) in JpaFetchParent
	public <Y> Fetch<X, Y> fetch(SingularAttribute<? super X, Y> singularAttribute) {
	                       ^
  return type Fetch<X,Y#1> is not compatible with JpaFetch<X,Y#1>
  where Y#1,X,Y#2,T are type-variables:
    Y#1 extends Object declared in method <Y#1>fetch(SingularAttribute<? super X,Y#1>)
    X extends Object declared in class AbstractFromImpl
    Y#2 extends Object declared in method <Y#2>fetch(SingularAttribute<? super T,Y#2>)
    T extends Object declared in interface JpaFetchParent
/home/aboriero/hibernate/wip60/hibernate-orm/hibernate-core/src/main/java/org/hibernate/query/criteria/internal/path/AbstractFromImpl.java:241: error: incompatible types: HibernateCriteriaBuilder cannot be converted to CriteriaBuilderImpl
				criteriaBuilder(),
				               ^
/home/aboriero/hibernate/wip60/hibernate-orm/hibernate-core/src/main/java/org/hibernate/query/criteria/internal/path/AbstractFromImpl.java:276: error: incompatible types: HibernateCriteriaBuilder cannot be converted to CriteriaBuilderImpl
				criteriaBuilder(),
				               ^
/home/aboriero/hibernate/wip60/hibernate-orm/hibernate-core/src/main/java/org/hibernate/query/criteria/internal/path/AbstractFromImpl.java:308: error: incompatible types: HibernateCriteriaBuilder cannot be converted to CriteriaBuilderImpl
		return new SetAttributeJoin<X, Y>( criteriaBuilder(), attributeType, this, set, jt );
		                                                  ^
/home/aboriero/hibernate/wip60/hibernate-orm/hibernate-core/src/main/java/org/hibernate/query/criteria/internal/path/AbstractFromImpl.java:335: error: incompatible types: HibernateCriteriaBuilder cannot be converted to CriteriaBuilderImpl
		return new ListAttributeJoin<X, Y>( criteriaBuilder(), attributeType, this, list, jt );
		                                                   ^
/home/aboriero/hibernate/wip60/hibernate-orm/hibernate-core/src/main/java/org/hibernate/query/criteria/internal/path/AbstractFromImpl.java:362: error: incompatible types: HibernateCriteriaBuilder cannot be converted to CriteriaBuilderImpl
		return new MapAttributeJoin<X, K, V>( criteriaBuilder(), attributeType, this, map, jt );
		                                                     ^
/home/aboriero/hibernate/wip60/hibernate-orm/hibernate-core/src/main/java/org/hibernate/query/criteria/internal/path/RootImpl.java:24: error: RootImpl is not abstract and does not override abstract method visitExpression(CriteriaVisitor) in AbstractSimpleSelection
public class RootImpl<X> extends AbstractFromImpl<X,X> implements JpaRoot<X>, Serializable {
       ^
/home/aboriero/hibernate/wip60/hibernate-orm/hibernate-core/src/main/java/org/hibernate/query/criteria/internal/path/RootImpl.java:38: error: getEntityType() in RootImpl cannot implement getEntityType() in JpaRoot
	public EntityType<X> getEntityType() {
	                     ^
  return type EntityType<X> is not compatible with EntityValuedExpressableType
  where X is a type-variable:
    X extends Object declared in class RootImpl
/home/aboriero/hibernate/wip60/hibernate-orm/hibernate-core/src/main/java/org/hibernate/query/criteria/internal/path/RootImpl.java:83: error: getEntityType() in RootImpl cannot implement getEntityType() in JpaRoot
	public static class TreatedRoot<T> extends RootImpl<T> {
	              ^
  return type EntityType<T> is not compatible with EntityValuedExpressableType
  where X,T are type-variables:
    X extends Object declared in class RootImpl
    T extends Object declared in class TreatedRoot
/home/aboriero/hibernate/wip60/hibernate-orm/hibernate-core/src/main/java/org/hibernate/envers/internal/entities/RevisionTimestampData.java:35: error: cannot find symbol
			final String typename = type.getName();
			                            ^
  symbol:   method getName()
  location: variable type of type Type
/home/aboriero/hibernate/wip60/hibernate-orm/hibernate-core/src/main/java/org/hibernate/envers/internal/entities/RevisionTimestampData.java:45: error: cannot find symbol
			final String typename = type.getName();
			                            ^
  symbol:   method getName()
  location: variable type of type Type
/home/aboriero/hibernate/wip60/hibernate-orm/hibernate-core/src/main/java/org/hibernate/boot/internal/MetadataBuilderImpl.java:239: error: cannot find symbol
		return applyBasicType( type, BasicTypeRegistry.Key.from( type ) );
		                                              ^
  symbol:   variable Key
  location: class BasicTypeRegistry
/home/aboriero/hibernate/wip60/hibernate-orm/hibernate-core/src/main/java/org/hibernate/boot/internal/MetadataBuilderImpl.java:320: error: no suitable method found for from(ClassmateContext,Class<CAP#1>)
				AttributeConverterDefinition.from(
				                            ^
    method AttributeConverterDefinition.<O#1,R#1>from(ClassmateContext,Class<? extends AttributeConverter<O#1,R#1>>) is not applicable
      (cannot infer type-variable(s) O#1,R#1
        (argument mismatch; Class<CAP#1> cannot be converted to Class<? extends AttributeConverter<O#1,R#1>>))
    method AttributeConverterDefinition.<O#2,R#2>from(ClassmateContext,Class<? extends AttributeConverter<O#2,R#2>>,boolean) is not applicable
      (cannot infer type-variable(s) O#2,R#2
        (actual and formal argument lists differ in length))
    method AttributeConverterDefinition.<O#3,R#3>from(ClassmateContext,AttributeConverter<O#3,R#3>) is not applicable
      (cannot infer type-variable(s) O#3,R#3
        (argument mismatch; Class<CAP#1> cannot be converted to AttributeConverter<O#3,R#3>))
    method AttributeConverterDefinition.<O#4,R#4>from(ClassmateContext,AttributeConverter<O#4,R#4>,boolean) is not applicable
      (cannot infer type-variable(s) O#4,R#4
        (actual and formal argument lists differ in length))
  where O#1,R#1,O#2,R#2,O#3,R#3,O#4,R#4 are type-variables:
    O#1 extends Object declared in method <O#1,R#1>from(ClassmateContext,Class<? extends AttributeConverter<O#1,R#1>>)
    R#1 extends Object declared in method <O#1,R#1>from(ClassmateContext,Class<? extends AttributeConverter<O#1,R#1>>)
    O#2 extends Object declared in method <O#2,R#2>from(ClassmateContext,Class<? extends AttributeConverter<O#2,R#2>>,boolean)
    R#2 extends Object declared in method <O#2,R#2>from(ClassmateContext,Class<? extends AttributeConverter<O#2,R#2>>,boolean)
    O#3 extends Object declared in method <O#3,R#3>from(ClassmateContext,AttributeConverter<O#3,R#3>)
    R#3 extends Object declared in method <O#3,R#3>from(ClassmateContext,AttributeConverter<O#3,R#3>)
    O#4 extends Object declared in method <O#4,R#4>from(ClassmateContext,AttributeConverter<O#4,R#4>,boolean)
    R#4 extends Object declared in method <O#4,R#4>from(ClassmateContext,AttributeConverter<O#4,R#4>,boolean)
  where CAP#1 is a fresh type-variable:
    CAP#1 extends AttributeConverter<?,?> from capture of ? extends AttributeConverter<?,?>
/home/aboriero/hibernate/wip60/hibernate-orm/hibernate-core/src/main/java/org/hibernate/boot/internal/MetadataBuilderImpl.java:331: error: no suitable method found for from(ClassmateContext,Class<CAP#1>,boolean)
				AttributeConverterDefinition.from(
				                            ^
    method AttributeConverterDefinition.<O#1,R#1>from(ClassmateContext,Class<? extends AttributeConverter<O#1,R#1>>) is not applicable
      (cannot infer type-variable(s) O#1,R#1
        (actual and formal argument lists differ in length))
    method AttributeConverterDefinition.<O#2,R#2>from(ClassmateContext,Class<? extends AttributeConverter<O#2,R#2>>,boolean) is not applicable
      (cannot infer type-variable(s) O#2,R#2
        (argument mismatch; Class<CAP#1> cannot be converted to Class<? extends AttributeConverter<O#2,R#2>>))
    method AttributeConverterDefinition.<O#3,R#3>from(ClassmateContext,AttributeConverter<O#3,R#3>) is not applicable
      (cannot infer type-variable(s) O#3,R#3
        (actual and formal argument lists differ in length))
    method AttributeConverterDefinition.<O#4,R#4>from(ClassmateContext,AttributeConverter<O#4,R#4>,boolean) is not applicable
      (cannot infer type-variable(s) O#4,R#4
        (argument mismatch; Class<CAP#1> cannot be converted to AttributeConverter<O#4,R#4>))
  where O#1,R#1,O#2,R#2,O#3,R#3,O#4,R#4 are type-variables:
    O#1 extends Object declared in method <O#1,R#1>from(ClassmateContext,Class<? extends AttributeConverter<O#1,R#1>>)
    R#1 extends Object declared in method <O#1,R#1>from(ClassmateContext,Class<? extends AttributeConverter<O#1,R#1>>)
    O#2 extends Object declared in method <O#2,R#2>from(ClassmateContext,Class<? extends AttributeConverter<O#2,R#2>>,boolean)
    R#2 extends Object declared in method <O#2,R#2>from(ClassmateContext,Class<? extends AttributeConverter<O#2,R#2>>,boolean)
    O#3 extends Object declared in method <O#3,R#3>from(ClassmateContext,AttributeConverter<O#3,R#3>)
    R#3 extends Object declared in method <O#3,R#3>from(ClassmateContext,AttributeConverter<O#3,R#3>)
    O#4 extends Object declared in method <O#4,R#4>from(ClassmateContext,AttributeConverter<O#4,R#4>,boolean)
    R#4 extends Object declared in method <O#4,R#4>from(ClassmateContext,AttributeConverter<O#4,R#4>,boolean)
  where CAP#1 is a fresh type-variable:
    CAP#1 extends AttributeConverter<?,?> from capture of ? extends AttributeConverter<?,?>
/home/aboriero/hibernate/wip60/hibernate-orm/hibernate-core/src/main/java/org/hibernate/boot/internal/InFlightMetadataCollectorImpl.java:366: error: no suitable method found for from(ClassmateContext,Class<CAP#1>)
		addAttributeConverter( AttributeConverterDefinition.from( getBootstrapContext().getClassmateContext(), converterClass ) );
		                                                   ^
    method AttributeConverterDefinition.<O#1,R#1>from(ClassmateContext,Class<? extends AttributeConverter<O#1,R#1>>) is not applicable
      (cannot infer type-variable(s) O#1,R#1
        (argument mismatch; Class<CAP#1> cannot be converted to Class<? extends AttributeConverter<O#1,R#1>>))
    method AttributeConverterDefinition.<O#2,R#2>from(ClassmateContext,Class<? extends AttributeConverter<O#2,R#2>>,boolean) is not applicable
      (cannot infer type-variable(s) O#2,R#2
        (actual and formal argument lists differ in length))
    method AttributeConverterDefinition.<O#3,R#3>from(ClassmateContext,AttributeConverter<O#3,R#3>) is not applicable
      (cannot infer type-variable(s) O#3,R#3
        (argument mismatch; Class<CAP#1> cannot be converted to AttributeConverter<O#3,R#3>))
    method AttributeConverterDefinition.<O#4,R#4>from(ClassmateContext,AttributeConverter<O#4,R#4>,boolean) is not applicable
      (cannot infer type-variable(s) O#4,R#4
        (actual and formal argument lists differ in length))
  where O#1,R#1,O#2,R#2,O#3,R#3,O#4,R#4 are type-variables:
    O#1 extends Object declared in method <O#1,R#1>from(ClassmateContext,Class<? extends AttributeConverter<O#1,R#1>>)
    R#1 extends Object declared in method <O#1,R#1>from(ClassmateContext,Class<? extends AttributeConverter<O#1,R#1>>)
    O#2 extends Object declared in method <O#2,R#2>from(ClassmateContext,Class<? extends AttributeConverter<O#2,R#2>>,boolean)
    R#2 extends Object declared in method <O#2,R#2>from(ClassmateContext,Class<? extends AttributeConverter<O#2,R#2>>,boolean)
    O#3 extends Object declared in method <O#3,R#3>from(ClassmateContext,AttributeConverter<O#3,R#3>)
    R#3 extends Object declared in method <O#3,R#3>from(ClassmateContext,AttributeConverter<O#3,R#3>)
    O#4 extends Object declared in method <O#4,R#4>from(ClassmateContext,AttributeConverter<O#4,R#4>,boolean)
    R#4 extends Object declared in method <O#4,R#4>from(ClassmateContext,AttributeConverter<O#4,R#4>,boolean)
  where CAP#1 is a fresh type-variable:
    CAP#1 extends AttributeConverter<?,?> from capture of ? extends AttributeConverter<?,?>
/home/aboriero/hibernate/wip60/hibernate-orm/hibernate-core/src/main/java/org/hibernate/boot/internal/MetadataImpl.java:62: error: MetadataImpl is not abstract and does not override abstract method getEntityHierarchies() in Metadata
public class MetadataImpl implements MetadataImplementor, Serializable {
       ^
/home/aboriero/hibernate/wip60/hibernate-orm/hibernate-core/src/main/java/org/hibernate/boot/internal/MetadataImpl.java:334: error: method validate in class PersistentClass cannot be applied to given types;
			entityBinding.validate( this );
			             ^
  required: no arguments
  found: MetadataImpl
  reason: actual and formal argument lists differ in length
/home/aboriero/hibernate/wip60/hibernate-orm/hibernate-core/src/main/java/org/hibernate/boot/internal/MetadataImpl.java:338: error: method validate in class Collection cannot be applied to given types;
			collectionBinding.validate( this );
			                 ^
  required: no arguments
  found: MetadataImpl
  reason: actual and formal argument lists differ in length
/home/aboriero/hibernate/wip60/hibernate-orm/hibernate-core/src/main/java/org/hibernate/cfg/Ejb3Column.java:236: error: no suitable constructor found for Column(no arguments)
			this.mappingColumn = new Column();
			                     ^
    constructor Column.Column(String) is not applicable
      (actual and formal argument lists differ in length)
    constructor Column.Column(Identifier) is not applicable
      (actual and formal argument lists differ in length)
/home/aboriero/hibernate/wip60/hibernate-orm/hibernate-core/src/main/java/org/hibernate/cfg/Ejb3JoinColumn.java:256: error: incompatible types: Identifier cannot be converted to String
			if ( StringHelper.isEmpty( joinColumn.getLogicalColumnName() )
			                                                          ^
/home/aboriero/hibernate/wip60/hibernate-orm/hibernate-core/src/main/java/org/hibernate/cfg/Ejb3JoinColumn.java:340: error: cannot find symbol
		String defaultName = context.getMetadataCollector().getLogicalColumnName(
		                                                   ^
  symbol:   method getLogicalColumnName(Table,String)
  location: interface InFlightMetadataCollector
/home/aboriero/hibernate/wip60/hibernate-orm/hibernate-core/src/main/java/org/hibernate/cfg/Ejb3JoinColumn.java:462: error: cannot find symbol
		String logicalReferencedColumn = getBuildingContext().getMetadataCollector().getLogicalColumnName(
		                                                                            ^
  symbol:   method getLogicalColumnName(Table,String)
  location: interface InFlightMetadataCollector
/home/aboriero/hibernate/wip60/hibernate-orm/hibernate-core/src/main/java/org/hibernate/cfg/Ejb3JoinColumn.java:466: error: incompatible types: Identifier cannot be converted to String
		String columnName = buildDefaultColumnName( referencedEntity, logicalReferencedColumn );
		                                          ^
/home/aboriero/hibernate/wip60/hibernate-orm/hibernate-core/src/main/java/org/hibernate/cfg/Ejb3JoinColumn.java:472: error: incompatible types: String cannot be converted to Identifier
				columnName,
				^
/home/aboriero/hibernate/wip60/hibernate-orm/hibernate-core/src/main/java/org/hibernate/cfg/Ejb3JoinColumn.java:744: error: incompatible types: String cannot be converted to Identifier
				column.getQuotedName(),
				                    ^
/home/aboriero/hibernate/wip60/hibernate-orm/hibernate-core/src/main/java/org/hibernate/cfg/annotations/SimpleValueBinder.java:145: error: cannot find symbol
			simpleValue.makeVersion();
			           ^
  symbol:   method makeVersion()
  location: variable simpleValue of type SimpleValue
/home/aboriero/hibernate/wip60/hibernate-orm/hibernate-core/src/main/java/org/hibernate/cfg/annotations/SimpleValueBinder.java:151: error: cannot find symbol
		this.timeStampVersionType = versionType;
		    ^
  symbol: variable timeStampVersionType
/home/aboriero/hibernate/wip60/hibernate-orm/hibernate-core/src/main/java/org/hibernate/cfg/annotations/SimpleValueBinder.java:333: error: cannot find symbol
		if ( !key && property.isAnnotationPresent( Temporal.class ) ) {
		      ^
  symbol:   variable key
  location: class SimpleValueBinder<T>
  where T is a type-variable:
    T extends Object declared in class SimpleValueBinder
/home/aboriero/hibernate/wip60/hibernate-orm/hibernate-core/src/main/java/org/hibernate/cfg/annotations/SimpleValueBinder.java:337: error: cannot find symbol
		if ( key && property.isAnnotationPresent( MapKeyTemporal.class ) ) {
		     ^
  symbol:   variable key
  location: class SimpleValueBinder<T>
  where T is a type-variable:
    T extends Object declared in class SimpleValueBinder
/home/aboriero/hibernate/wip60/hibernate-orm/hibernate-core/src/main/java/org/hibernate/cfg/annotations/SimpleValueBinder.java:342: error: cannot find symbol
		if ( !key && property.isAnnotationPresent( Enumerated.class ) ) {
		      ^
  symbol:   variable key
  location: class SimpleValueBinder<T>
  where T is a type-variable:
    T extends Object declared in class SimpleValueBinder
/home/aboriero/hibernate/wip60/hibernate-orm/hibernate-core/src/main/java/org/hibernate/cfg/annotations/SimpleValueBinder.java:346: error: cannot find symbol
		if ( key && property.isAnnotationPresent( MapKeyEnumerated.class ) ) {
		     ^
  symbol:   variable key
  location: class SimpleValueBinder<T>
  where T is a type-variable:
    T extends Object declared in class SimpleValueBinder
/home/aboriero/hibernate/wip60/hibernate-orm/hibernate-core/src/main/java/org/hibernate/cfg/annotations/SimpleValueBinder.java:389: error: cannot find symbol
			simpleValue.makeVersion();
			           ^
  symbol:   method makeVersion()
  location: variable simpleValue of type SimpleValue
/home/aboriero/hibernate/wip60/hibernate-orm/hibernate-core/src/main/java/org/hibernate/cfg/annotations/SimpleValueBinder.java:392: error: cannot find symbol
			simpleValue.makeNationalized();
			           ^
  symbol:   method makeNationalized()
  location: variable simpleValue of type SimpleValue
/home/aboriero/hibernate/wip60/hibernate-orm/hibernate-core/src/main/java/org/hibernate/cfg/annotations/SimpleValueBinder.java:395: error: cannot find symbol
			simpleValue.makeLob();
			           ^
  symbol:   method makeLob()
  location: variable simpleValue of type SimpleValue
/home/aboriero/hibernate/wip60/hibernate-orm/hibernate-core/src/main/java/org/hibernate/cfg/annotations/SimpleValueBinder.java:450: error: cannot find symbol
			resolver = buildingContext.getBootstrapContext().getBasicTypeResolverRegistry().makeUnregisteredProducer();
			                                                                               ^
  symbol:   method makeUnregisteredProducer()
  location: interface BasicTypeResolverRegistry
/home/aboriero/hibernate/wip60/hibernate-orm/hibernate-core/src/main/java/org/hibernate/cfg/annotations/SimpleValueBinder.java:451: error: cannot find symbol
			simpleValue.setJpaAttributeConverterDescriptor( converterDescriptor );
			           ^
  symbol:   method setJpaAttributeConverterDescriptor(AttributeConverterDescriptor)
  location: variable simpleValue of type SimpleValue
/home/aboriero/hibernate/wip60/hibernate-orm/hibernate-core/src/main/java/org/hibernate/cfg/annotations/SimpleValueBinder.java:469: error: cannot find symbol
						resolver = buildingContext.getBootstrapContext().getBasicTypeResolverRegistry().makeUnregisteredProducer();
						                                                                               ^
  symbol:   method makeUnregisteredProducer()
  location: interface BasicTypeResolverRegistry
/home/aboriero/hibernate/wip60/hibernate-orm/hibernate-core/src/main/java/org/hibernate/cfg/annotations/SimpleValueBinder.java:475: error: cannot find symbol
		simpleValue.setBasicTypeResolver( resolver );
		           ^
  symbol:   method setBasicTypeResolver(BasicTypeResolver)
  location: variable simpleValue of type SimpleValue
/home/aboriero/hibernate/wip60/hibernate-orm/hibernate-core/src/main/java/org/hibernate/cfg/annotations/SimpleValueBinder.java:499: error: cannot find symbol
		if ( timeStampVersionType != null ) {
		     ^
  symbol:   variable timeStampVersionType
  location: class SimpleValueBinder<T>
  where T is a type-variable:
    T extends Object declared in class SimpleValueBinder
/home/aboriero/hibernate/wip60/hibernate-orm/hibernate-core/src/main/java/org/hibernate/cfg/annotations/SimpleValueBinder.java:500: error: cannot find symbol
			simpleValue.setTypeName( timeStampVersionType );
			                         ^
  symbol:   variable timeStampVersionType
  location: class SimpleValueBinder<T>
  where T is a type-variable:
    T extends Object declared in class SimpleValueBinder
/home/aboriero/hibernate/wip60/hibernate-orm/hibernate-core/src/main/java/org/hibernate/cfg/annotations/SimpleValueBinder.java:532: error: cannot find symbol
		this.key = key;
		    ^
  symbol: variable key
/home/aboriero/hibernate/wip60/hibernate-orm/hibernate-core/src/main/java/org/hibernate/cfg/annotations/SimpleValueBinder.java:580: error: cannot find symbol
						.getBasicTypeForCast( name );
						^
  symbol:   method getBasicTypeForCast(String)
  location: class BasicTypeRegistry
/home/aboriero/hibernate/wip60/hibernate-orm/hibernate-core/src/main/java/org/hibernate/cfg/annotations/SimpleValueBinder.java:591: error: SimpleValueBinder.BasicTypeResolverCollectionIdImpl is not abstract and does not override abstract method getSqlTypeDescriptor() in BasicTypeParameters
	private class BasicTypeResolverCollectionIdImpl extends BasicTypeResolverSupport {
	        ^
/home/aboriero/hibernate/wip60/hibernate-orm/hibernate-core/src/main/java/org/hibernate/cfg/BinderHelper.java:382: error: cannot find symbol
					context.getMetadataCollector().getPhysicalColumnName(
					                              ^
  symbol:   method getPhysicalColumnName(Table,String)
  location: interface InFlightMetadataCollector
/home/aboriero/hibernate/wip60/hibernate-orm/hibernate-core/src/main/java/org/hibernate/cfg/BinderHelper.java:599: error: cannot find symbol
				context.getMetadataCollector().getPhysicalColumnName( currentTable, columnName );
				                              ^
  symbol:   method getPhysicalColumnName(Table,String)
  location: interface InFlightMetadataCollector
/home/aboriero/hibernate/wip60/hibernate-orm/hibernate-core/src/main/java/org/hibernate/cfg/BinderHelper.java:610: error: cannot find symbol
					context.getMetadataCollector().getPhysicalColumnName( currentTable, columnName );
					                              ^
  symbol:   method getPhysicalColumnName(Table,String)
  location: interface InFlightMetadataCollector
/home/aboriero/hibernate/wip60/hibernate-orm/hibernate-core/src/main/java/org/hibernate/cfg/BinderHelper.java:656: error: incompatible types: Identifier cannot be converted to String
					( (org.hibernate.mapping.Column) id.getColumnIterator().next() ).getName()
					                                                                        ^
/home/aboriero/hibernate/wip60/hibernate-orm/hibernate-core/src/main/java/org/hibernate/cfg/BinderHelper.java:740: error: cannot find symbol
			Type metaType = context.getMetadataCollector().heuristicType( value.getMetaType() );
			                                              ^
  symbol:   method heuristicType(String)
  location: interface InFlightMetadataCollector
/home/aboriero/hibernate/wip60/hibernate-orm/hibernate-core/src/main/java/org/hibernate/cfg/BinderHelper.java:743: error: cannot find symbol
					Object discrim = ((Type)metaType).getJavaTypeDescriptor().fromString( metaValue
					                                                         ^
  symbol:   method fromString(String)
  location: interface JavaTypeDescriptor
/home/aboriero/hibernate/wip60/hibernate-orm/hibernate-core/src/main/java/org/hibernate/cfg/BinderHelper.java:750: error: cannot find symbol
							+ metaType.getName() );
							          ^
  symbol:   method getName()
  location: variable metaType of type Type
/home/aboriero/hibernate/wip60/hibernate-orm/hibernate-core/src/main/java/org/hibernate/cfg/annotations/EntityBinder.java:454: error: cannot find symbol
			else if ( "character".equals( discriminator.getType().getName() ) ) {
			                                           ^
  symbol:   method getType()
  location: variable discriminator of type Value
/home/aboriero/hibernate/wip60/hibernate-orm/hibernate-core/src/main/java/org/hibernate/cfg/annotations/EntityBinder.java:459: error: cannot find symbol
			else if ( "integer".equals( discriminator.getType().getName() ) ) {
			                                         ^
  symbol:   method getType()
  location: variable discriminator of type Value
/home/aboriero/hibernate/wip60/hibernate-orm/hibernate-core/src/main/java/org/hibernate/boot/model/process/spi/MetadataBuildingProcess.java:326: error: cannot find symbol
			public void contributeType(BasicType type, BasicTypeRegistry.Key key) {
			                                                            ^
  symbol:   class Key
  location: class BasicTypeRegistry
/home/aboriero/hibernate/wip60/hibernate-orm/hibernate-core/src/main/java/org/hibernate/boot/model/source/internal/hbm/ModelBinder.java:621: error: cannot find symbol
			keyBinding.makeNationalized();
			          ^
  symbol:   method makeNationalized()
  location: variable keyBinding of type SimpleValue
/home/aboriero/hibernate/wip60/hibernate-orm/hibernate-core/src/main/java/org/hibernate/boot/model/source/internal/hbm/ModelBinder.java:1350: error: incompatible types: InFlightMetadataCollector cannot be converted to MetadataBuildingContext
			collectionBinding = new org.hibernate.mapping.List( sourceDocument.getMetadataCollector(), entityDescriptor );
			                                                                                       ^
/home/aboriero/hibernate/wip60/hibernate-orm/hibernate-core/src/main/java/org/hibernate/boot/model/source/internal/hbm/ModelBinder.java:1805: error: cannot find symbol
			keyBinding.makeNationalized();
			          ^
  symbol:   method makeNationalized()
  location: variable keyBinding of type SimpleValue
/home/aboriero/hibernate/wip60/hibernate-orm/hibernate-core/src/main/java/org/hibernate/boot/model/source/internal/hbm/ModelBinder.java:2319: error: cannot find symbol
				final Object discriminatorValue = discriminatorType.fromStringValue( discriminatorValueMappings.getKey() );
				                                                   ^
  symbol:   method fromStringValue(String)
  location: variable discriminatorType of type BasicType
/home/aboriero/hibernate/wip60/hibernate-orm/hibernate-core/src/main/java/org/hibernate/boot/model/source/internal/hbm/ModelBinder.java:2725: error: cannot find symbol
			simpleValue.makeNationalized();
			           ^
  symbol:   method makeNationalized()
  location: variable simpleValue of type SimpleValue
/home/aboriero/hibernate/wip60/hibernate-orm/hibernate-core/src/main/java/org/hibernate/boot/model/source/internal/hbm/ModelBinder.java:2727: error: cannot find symbol
		simpleValue.setBasicTypeResolver( basicTypeResolver );
		           ^
  symbol:   method setBasicTypeResolver(BasicTypeResolver)
  location: variable simpleValue of type SimpleValue
/home/aboriero/hibernate/wip60/hibernate-orm/hibernate-core/src/main/java/org/hibernate/boot/model/source/internal/hbm/ModelBinder.java:3380: error: incompatible types: InFlightMetadataCollector cannot be converted to MetadataBuildingContext
						getMappingDocument().getMetadataCollector(),
						                                         ^
/home/aboriero/hibernate/wip60/hibernate-orm/hibernate-core/src/main/java/org/hibernate/boot/model/source/internal/hbm/FilterDefinitionBinder.java:77: error: cannot find symbol
						context.getMetadataCollector().getTypeConfiguration().heuristicType( jaxbParameterMapping.getParameterValueTypeName() )
						                                                     ^
  symbol:   method heuristicType(String)
  location: class TypeConfiguration
/home/aboriero/hibernate/wip60/hibernate-orm/hibernate-core/src/main/java/org/hibernate/boot/model/source/internal/hbm/ResultSetMappingBinder.java:146: error: cannot find symbol
			type = context.getMetadataCollector().heuristicType( typeName );
			                                     ^
  symbol:   method heuristicType(String)
  location: interface InFlightMetadataCollector
/home/aboriero/hibernate/wip60/hibernate-orm/hibernate-core/src/main/java/org/hibernate/engine/query/spi/sql/NativeSQLQueryScalarReturn.java:72: error: cannot find symbol
		logger.writeLine( "    type=" + ( type == null ? "<unknown>" : type.getName() ) + "," );
		                                                                   ^
  symbol:   method getName()
  location: variable type of type Type
/home/aboriero/hibernate/wip60/hibernate-orm/hibernate-core/src/main/java/org/hibernate/boot/model/type/spi/AbstractBasicTypeProducer.java:39: error: method resolveBasicType in class BasicTypeRegistry cannot be applied to given types;
		return typeConfiguration.getBasicTypeRegistry().resolveBasicType(
		                                               ^
  required: BasicTypeParameters<T>,JdbcRecommendedSqlTypeMappingContext
  found: BasicTypeResolver,BasicTypeResolver
  reason: cannot infer type-variable(s) T
    (argument mismatch; BasicTypeResolver cannot be converted to BasicTypeParameters<T>)
  where T is a type-variable:
    T extends Object declared in method <T>resolveBasicType(BasicTypeParameters<T>,JdbcRecommendedSqlTypeMappingContext)
/home/aboriero/hibernate/wip60/hibernate-orm/hibernate-core/src/main/java/org/hibernate/boot/model/type/internal/BasicTypeProducerTypeDefinitionImpl.java:38: error: method does not override or implement a method from a supertype
	@Override
	^
/home/aboriero/hibernate/wip60/hibernate-orm/hibernate-core/src/main/java/org/hibernate/boot/model/type/internal/BasicTypeProducerTypeDefinitionImpl.java:47: error: cannot find symbol
		if ( getBasicTypeResolver() != null && CollectionHelper.isNotEmpty( getBasicTypeResolver().getLocalTypeParameters() ) ) {
		                                                                                          ^
  symbol:   method getLocalTypeParameters()
  location: interface BasicTypeResolver
/home/aboriero/hibernate/wip60/hibernate-orm/hibernate-core/src/main/java/org/hibernate/boot/model/type/internal/BasicTypeProducerTypeDefinitionImpl.java:51: error: cannot find symbol
			params.putAll( getBasicTypeResolver().getLocalTypeParameters() );
			                                     ^
  symbol:   method getLocalTypeParameters()
  location: interface BasicTypeResolver
/home/aboriero/hibernate/wip60/hibernate-orm/hibernate-core/src/main/java/org/hibernate/boot/spi/AbstractDelegatingMetadata.java:50: error: method does not override or implement a method from a supertype
	@Override
	^
/home/aboriero/hibernate/wip60/hibernate-orm/hibernate-core/src/main/java/org/hibernate/boot/spi/AbstractDelegatingMetadata.java:52: error: cannot find symbol
		return delegate.getIdentifierGeneratorFactory();
		               ^
  symbol:   method getIdentifierGeneratorFactory()
  location: variable delegate of type MetadataImplementor
/home/aboriero/hibernate/wip60/hibernate-orm/hibernate-core/src/main/java/org/hibernate/boot/spi/AbstractDelegatingMetadata.java:55: error: method does not override or implement a method from a supertype
	@Override
	^
/home/aboriero/hibernate/wip60/hibernate-orm/hibernate-core/src/main/java/org/hibernate/boot/spi/AbstractDelegatingMetadata.java:57: error: cannot find symbol
		return delegate.getIdentifierType( className );
		               ^
  symbol:   method getIdentifierType(String)
  location: variable delegate of type MetadataImplementor
/home/aboriero/hibernate/wip60/hibernate-orm/hibernate-core/src/main/java/org/hibernate/boot/spi/AbstractDelegatingMetadata.java:60: error: method does not override or implement a method from a supertype
	@Override
	^
/home/aboriero/hibernate/wip60/hibernate-orm/hibernate-core/src/main/java/org/hibernate/boot/spi/AbstractDelegatingMetadata.java:62: error: cannot find symbol
		return delegate.getIdentifierPropertyName( className );
		               ^
  symbol:   method getIdentifierPropertyName(String)
  location: variable delegate of type MetadataImplementor
/home/aboriero/hibernate/wip60/hibernate-orm/hibernate-core/src/main/java/org/hibernate/boot/spi/AbstractDelegatingMetadata.java:65: error: method does not override or implement a method from a supertype
	@Override
	^
/home/aboriero/hibernate/wip60/hibernate-orm/hibernate-core/src/main/java/org/hibernate/boot/spi/AbstractDelegatingMetadata.java:67: error: cannot find symbol
		return delegate.getReferencedPropertyType( className, propertyName );
		               ^
  symbol:   method getReferencedPropertyType(String,String)
  location: variable delegate of type MetadataImplementor
/home/aboriero/hibernate/wip60/hibernate-orm/hibernate-core/src/main/java/org/hibernate/cache/internal/OldCacheKeyImplementation.java:57: error: cannot find symbol
		int result = type.getHashCode( id );
		                 ^
  symbol:   method getHashCode(Object)
  location: variable type of type Type
/home/aboriero/hibernate/wip60/hibernate-orm/hibernate-core/src/main/java/org/hibernate/cache/internal/OldCacheKeyImplementation.java:80: error: cannot find symbol
				&& type.isEqual( id, that.id)
				       ^
  symbol:   method isEqual(Object,Object)
  location: variable type of type Type
/home/aboriero/hibernate/wip60/hibernate-orm/hibernate-core/src/main/java/org/hibernate/cache/internal/OldNaturalIdCacheKey.java:69: error: cannot find symbol
			result = prime * result + (value != null ? type.getHashCode( value ) : 0);
			                                               ^
  symbol:   method getHashCode(Object)
  location: variable type of type Type
/home/aboriero/hibernate/wip60/hibernate-orm/hibernate-core/src/main/java/org/hibernate/cache/internal/OldNaturalIdCacheKey.java:74: error: cannot find symbol
			if (type instanceof EntityType && type.getSemiResolvedType( factory ).getReturnedClass().isInstance( value )) {
			                    ^
  symbol:   class EntityType
  location: class OldNaturalIdCacheKey
/home/aboriero/hibernate/wip60/hibernate-orm/hibernate-core/src/main/java/org/hibernate/cache/internal/OldNaturalIdCacheKey.java:74: error: cannot find symbol
			if (type instanceof EntityType && type.getSemiResolvedType( factory ).getReturnedClass().isInstance( value )) {
			                                      ^
  symbol:   method getSemiResolvedType(SessionFactoryImplementor)
  location: variable type of type Type
/home/aboriero/hibernate/wip60/hibernate-orm/hibernate-core/src/main/java/org/hibernate/cache/internal/OldNaturalIdCacheKey.java:78: error: cannot find symbol
				this.naturalIdValues[i] = type.getMutabilityPlan().disassemble( value );
				                              ^
  symbol:   method getMutabilityPlan()
  location: variable type of type Type
/home/aboriero/hibernate/wip60/hibernate-orm/hibernate-core/src/main/java/org/hibernate/cache/internal/StandardQueryCache.java:141: error: cannot find symbol
					? returnTypes[0].disassemble( aResult, session, null )
					                ^
  symbol:   method disassemble(Object,SharedSessionContractImplementor,<null>)
  location: interface Type
/home/aboriero/hibernate/wip60/hibernate-orm/hibernate-core/src/main/java/org/hibernate/cache/internal/StandardQueryCache.java:142: error: cannot find symbol
					: TypeHelper.disassemble( (Object[]) aResult, returnTypes, null, session, null );
					  ^
  symbol:   variable TypeHelper
  location: class StandardQueryCache
/home/aboriero/hibernate/wip60/hibernate-orm/hibernate-core/src/main/java/org/hibernate/cache/internal/StandardQueryCache.java:197: error: cannot find symbol
				returnTypes[0].beforeAssemble( (Serializable) cacheable.get( i ), session );
				              ^
  symbol:   method beforeAssemble(Serializable,SharedSessionContractImplementor)
  location: interface Type
/home/aboriero/hibernate/wip60/hibernate-orm/hibernate-core/src/main/java/org/hibernate/cache/internal/StandardQueryCache.java:200: error: cannot find symbol
				TypeHelper.beforeAssemble( (Serializable[]) cacheable.get( i ), returnTypes, session );
				^
  symbol:   variable TypeHelper
  location: class StandardQueryCache
/home/aboriero/hibernate/wip60/hibernate-orm/hibernate-core/src/main/java/org/hibernate/cache/internal/StandardQueryCache.java:219: error: cannot find symbol
					result.add( returnTypes[0].getMutabilityPlan().assemble( (Serializable) cacheable.get( i ) ) );
					                          ^
  symbol:   method getMutabilityPlan()
  location: interface Type
/home/aboriero/hibernate/wip60/hibernate-orm/hibernate-core/src/main/java/org/hibernate/cache/internal/StandardQueryCache.java:225: error: cannot find symbol
							TypeHelper.assemble( (Serializable[]) cacheable.get( i ), returnTypes, session, null )
							^
  symbol:   variable TypeHelper
  location: class StandardQueryCache
/home/aboriero/hibernate/wip60/hibernate-orm/hibernate-core/src/main/java/org/hibernate/cache/internal/StandardQueryCache.java:296: error: cannot find symbol
						.append( returnType.getReturnedClass().getName() )
						                   ^
  symbol:   method getReturnedClass()
  location: variable returnType of type Type
/home/aboriero/hibernate/wip60/hibernate-orm/hibernate-core/src/main/java/org/hibernate/cache/internal/StandardQueryCache.java:294: error: cannot find symbol
						.append( returnType.getName() )
						                   ^
  symbol:   method getName()
  location: variable returnType of type Type
/home/aboriero/hibernate/wip60/hibernate-orm/hibernate-core/src/main/java/org/hibernate/cache/internal/StandardQueryCache.java:347: error: cannot find symbol
							&& ! returnTypes[j].getReturnedClass().isInstance( tuple[j] ) ) {
							                   ^
  symbol:   method getReturnedClass()
  location: interface Type
/home/aboriero/hibernate/wip60/hibernate-orm/hibernate-core/src/main/java/org/hibernate/cache/internal/StandardQueryCache.java:350: error: cannot find symbol
										+ returnTypes[j].getReturnedClass().getName()
										                ^
  symbol:   method getReturnedClass()
  location: interface Type
/home/aboriero/hibernate/wip60/hibernate-orm/hibernate-core/src/main/java/org/hibernate/cache/internal/CacheDataDescriptionImpl.java:83: error: cannot find symbol
				model.getIdentifier().getType()
				                     ^
  symbol:   method getType()
  location: interface KeyValue
/home/aboriero/hibernate/wip60/hibernate-orm/hibernate-core/src/main/java/org/hibernate/cache/internal/CacheDataDescriptionImpl.java:81: error: cannot find symbol
						? ( model.getVersion().getType() ).getComparator()
						                      ^
  symbol:   method getType()
  location: class Property
/home/aboriero/hibernate/wip60/hibernate-orm/hibernate-core/src/main/java/org/hibernate/cache/internal/CacheDataDescriptionImpl.java:101: error: cannot find symbol
				model.getKey().getType()
				              ^
  symbol:   method getType()
  location: interface KeyValue
/home/aboriero/hibernate/wip60/hibernate-orm/hibernate-core/src/main/java/org/hibernate/cache/internal/CacheDataDescriptionImpl.java:99: error: cannot find symbol
						? ( model.getOwner().getVersion().getType() ).getComparator()
						                                 ^
  symbol:   method getType()
  location: class Property
/home/aboriero/hibernate/wip60/hibernate-orm/hibernate-core/src/main/java/org/hibernate/cache/internal/CollectionCacheInvalidator.java:114: error: cannot find symbol
				String mappedBy = collectionPersister.getMappedByProperty();
				                                     ^
  symbol:   method getMappedByProperty()
  location: variable collectionPersister of type PersistentCollectionDescriptor
/home/aboriero/hibernate/wip60/hibernate-orm/hibernate-core/src/main/java/org/hibernate/cache/internal/CollectionCacheInvalidator.java:115: error: cannot find symbol
				if ( !collectionPersister.isManyToMany() &&
				                         ^
  symbol:   method isManyToMany()
  location: variable collectionPersister of type PersistentCollectionDescriptor
/home/aboriero/hibernate/wip60/hibernate-orm/hibernate-core/src/main/java/org/hibernate/cache/internal/CollectionCacheInvalidator.java:117: error: cannot find symbol
					int i = persister.getEntityMetamodel().getPropertyIndex( mappedBy );
					                 ^
  symbol:   method getEntityMetamodel()
  location: variable persister of type EntityDescriptor
/home/aboriero/hibernate/wip60/hibernate-orm/hibernate-core/src/main/java/org/hibernate/cache/internal/CollectionCacheInvalidator.java:168: error: cannot find symbol
			LOG.debug( "Evict CollectionRegion " + collectionPersister.getRole() + " for id " + id );
			                                                          ^
  symbol:   method getRole()
  location: variable collectionPersister of type PersistentCollectionDescriptor
/home/aboriero/hibernate/wip60/hibernate-orm/hibernate-core/src/main/java/org/hibernate/cache/internal/DefaultCacheKeysFactory.java:45: error: cannot find symbol
		return new OldCacheKeyImplementation( id, persister.getKeyType(), persister.getRole(), tenantIdentifier );
		                                                   ^
  symbol:   method getKeyType()
  location: variable persister of type PersistentCollectionDescriptor
/home/aboriero/hibernate/wip60/hibernate-orm/hibernate-core/src/main/java/org/hibernate/cache/internal/DefaultCacheKeysFactory.java:45: error: cannot find symbol
		return new OldCacheKeyImplementation( id, persister.getKeyType(), persister.getRole(), tenantIdentifier );
		                                                                           ^
  symbol:   method getRole()
  location: variable persister of type PersistentCollectionDescriptor
/home/aboriero/hibernate/wip60/hibernate-orm/hibernate-core/src/main/java/org/hibernate/cache/internal/DefaultCacheKeysFactory.java:49: error: cannot find symbol
		return new OldCacheKeyImplementation( id, persister.getIdentifierType(), persister.getRootEntityName(), tenantIdentifier );
		                                                                                  ^
  symbol:   method getRootEntityName()
  location: variable persister of type EntityDescriptor
/home/aboriero/hibernate/wip60/hibernate-orm/hibernate-core/src/main/java/org/hibernate/cache/internal/DefaultCacheKeysFactory.java:53: error: cannot find symbol
		return new OldNaturalIdCacheKey( naturalIdValues,  persister.getPropertyTypes(), persister.getNaturalIdentifierProperties(), persister.getRootEntityName(), session );
		                                                                                          ^
  symbol:   method getNaturalIdentifierProperties()
  location: variable persister of type EntityDescriptor
/home/aboriero/hibernate/wip60/hibernate-orm/hibernate-core/src/main/java/org/hibernate/cache/internal/DefaultCacheKeysFactory.java:53: error: cannot find symbol
		return new OldNaturalIdCacheKey( naturalIdValues,  persister.getPropertyTypes(), persister.getNaturalIdentifierProperties(), persister.getRootEntityName(), session );
		                                                                                                                                      ^
  symbol:   method getRootEntityName()
  location: variable persister of type EntityDescriptor
/home/aboriero/hibernate/wip60/hibernate-orm/hibernate-core/src/main/java/org/hibernate/cache/internal/SimpleCacheKeysFactory.java:37: error: cannot find symbol
		return new OldNaturalIdCacheKey(naturalIdValues, persister.getPropertyTypes(), persister.getNaturalIdentifierProperties(), null, session);
		                                                                                        ^
  symbol:   method getNaturalIdentifierProperties()
  location: variable persister of type EntityDescriptor
/home/aboriero/hibernate/wip60/hibernate-orm/hibernate-core/src/main/java/org/hibernate/cache/spi/entry/StandardCacheEntryImpl.java:54: error: cannot find symbol
		this.disassembledState = TypeHelper.disassemble(
		                         ^
  symbol:   variable TypeHelper
  location: class StandardCacheEntryImpl
/home/aboriero/hibernate/wip60/hibernate-orm/hibernate-core/src/main/java/org/hibernate/cache/spi/entry/StandardCacheEntryImpl.java:61: error: cannot find symbol
		this.disassembledStateText = TypeHelper.toLoggableString(
		                             ^
  symbol:   variable TypeHelper
  location: class StandardCacheEntryImpl
/home/aboriero/hibernate/wip60/hibernate-orm/hibernate-core/src/main/java/org/hibernate/cache/spi/entry/StandardCacheEntryImpl.java:142: error: cannot find symbol
		final Object[] assembledProps = TypeHelper.assemble(
		                                ^
  symbol:   variable TypeHelper
  location: class StandardCacheEntryImpl
/home/aboriero/hibernate/wip60/hibernate-orm/hibernate-core/src/main/java/org/hibernate/cache/spi/entry/StructuredCacheEntry.java:53: error: cannot find symbol
				TypeHelper.toLoggableString( state, subclassPersister.getPropertyTypes(), factory ),
				^
  symbol:   variable TypeHelper
  location: class StructuredCacheEntry
/home/aboriero/hibernate/wip60/hibernate-orm/hibernate-core/src/main/java/org/hibernate/cfg/Configuration.java:164: error: cannot find symbol
		entityTuplizerFactory = new EntityTuplizerFactory(bootstrapContext);
		                                                  ^
  symbol:   variable bootstrapContext
  location: class Configuration
/home/aboriero/hibernate/wip60/hibernate-orm/hibernate-core/src/main/java/org/hibernate/cfg/Configuration.java:338: error: cannot find symbol
		basicTypes.add( new CustomType( type, keys ) );
		                    ^
  symbol:   class CustomType
  location: class Configuration
/home/aboriero/hibernate/wip60/hibernate-orm/hibernate-core/src/main/java/org/hibernate/cfg/Configuration.java:343: error: cannot find symbol
		basicTypes.add( new CompositeCustomType( type, keys ) );
		                    ^
  symbol:   class CompositeCustomType
  location: class Configuration
/home/aboriero/hibernate/wip60/hibernate-orm/hibernate-core/src/main/java/org/hibernate/cfg/Configuration.java:762: error: no suitable method found for from(ClassmateContext,Class<CAP#1>,boolean)
		addAttributeConverter( AttributeConverterDefinition.from( classmateContext , attributeConverterClass, autoApply ) );
		                                                   ^
    method AttributeConverterDefinition.<O#1,R#1>from(ClassmateContext,Class<? extends AttributeConverter<O#1,R#1>>) is not applicable
      (cannot infer type-variable(s) O#1,R#1
        (actual and formal argument lists differ in length))
    method AttributeConverterDefinition.<O#2,R#2>from(ClassmateContext,Class<? extends AttributeConverter<O#2,R#2>>,boolean) is not applicable
      (cannot infer type-variable(s) O#2,R#2
        (argument mismatch; Class<CAP#1> cannot be converted to Class<? extends AttributeConverter<O#2,R#2>>))
    method AttributeConverterDefinition.<O#3,R#3>from(ClassmateContext,AttributeConverter<O#3,R#3>) is not applicable
      (cannot infer type-variable(s) O#3,R#3
        (actual and formal argument lists differ in length))
    method AttributeConverterDefinition.<O#4,R#4>from(ClassmateContext,AttributeConverter<O#4,R#4>,boolean) is not applicable
      (cannot infer type-variable(s) O#4,R#4
        (argument mismatch; Class<CAP#1> cannot be converted to AttributeConverter<O#4,R#4>))
  where O#1,R#1,O#2,R#2,O#3,R#3,O#4,R#4 are type-variables:
    O#1 extends Object declared in method <O#1,R#1>from(ClassmateContext,Class<? extends AttributeConverter<O#1,R#1>>)
    R#1 extends Object declared in method <O#1,R#1>from(ClassmateContext,Class<? extends AttributeConverter<O#1,R#1>>)
    O#2 extends Object declared in method <O#2,R#2>from(ClassmateContext,Class<? extends AttributeConverter<O#2,R#2>>,boolean)
    R#2 extends Object declared in method <O#2,R#2>from(ClassmateContext,Class<? extends AttributeConverter<O#2,R#2>>,boolean)
    O#3 extends Object declared in method <O#3,R#3>from(ClassmateContext,AttributeConverter<O#3,R#3>)
    R#3 extends Object declared in method <O#3,R#3>from(ClassmateContext,AttributeConverter<O#3,R#3>)
    O#4 extends Object declared in method <O#4,R#4>from(ClassmateContext,AttributeConverter<O#4,R#4>,boolean)
    R#4 extends Object declared in method <O#4,R#4>from(ClassmateContext,AttributeConverter<O#4,R#4>,boolean)
  where CAP#1 is a fresh type-variable:
    CAP#1 extends AttributeConverter<?,?> from capture of ? extends AttributeConverter<?,?>
/home/aboriero/hibernate/wip60/hibernate-orm/hibernate-core/src/main/java/org/hibernate/cfg/Configuration.java:771: error: no suitable method found for from(ClassmateContext,Class<CAP#1>)
		addAttributeConverter( AttributeConverterDefinition.from( classmateContext, attributeConverterClass ) );
		                                                   ^
    method AttributeConverterDefinition.<O#1,R#1>from(ClassmateContext,Class<? extends AttributeConverter<O#1,R#1>>) is not applicable
      (cannot infer type-variable(s) O#1,R#1
        (argument mismatch; Class<CAP#1> cannot be converted to Class<? extends AttributeConverter<O#1,R#1>>))
    method AttributeConverterDefinition.<O#2,R#2>from(ClassmateContext,Class<? extends AttributeConverter<O#2,R#2>>,boolean) is not applicable
      (cannot infer type-variable(s) O#2,R#2
        (actual and formal argument lists differ in length))
    method AttributeConverterDefinition.<O#3,R#3>from(ClassmateContext,AttributeConverter<O#3,R#3>) is not applicable
      (cannot infer type-variable(s) O#3,R#3
        (argument mismatch; Class<CAP#1> cannot be converted to AttributeConverter<O#3,R#3>))
    method AttributeConverterDefinition.<O#4,R#4>from(ClassmateContext,AttributeConverter<O#4,R#4>,boolean) is not applicable
      (cannot infer type-variable(s) O#4,R#4
        (actual and formal argument lists differ in length))
  where O#1,R#1,O#2,R#2,O#3,R#3,O#4,R#4 are type-variables:
    O#1 extends Object declared in method <O#1,R#1>from(ClassmateContext,Class<? extends AttributeConverter<O#1,R#1>>)
    R#1 extends Object declared in method <O#1,R#1>from(ClassmateContext,Class<? extends AttributeConverter<O#1,R#1>>)
    O#2 extends Object declared in method <O#2,R#2>from(ClassmateContext,Class<? extends AttributeConverter<O#2,R#2>>,boolean)
    R#2 extends Object declared in method <O#2,R#2>from(ClassmateContext,Class<? extends AttributeConverter<O#2,R#2>>,boolean)
    O#3 extends Object declared in method <O#3,R#3>from(ClassmateContext,AttributeConverter<O#3,R#3>)
    R#3 extends Object declared in method <O#3,R#3>from(ClassmateContext,AttributeConverter<O#3,R#3>)
    O#4 extends Object declared in method <O#4,R#4>from(ClassmateContext,AttributeConverter<O#4,R#4>,boolean)
    R#4 extends Object declared in method <O#4,R#4>from(ClassmateContext,AttributeConverter<O#4,R#4>,boolean)
  where CAP#1 is a fresh type-variable:
    CAP#1 extends AttributeConverter<?,?> from capture of ? extends AttributeConverter<?,?>
/home/aboriero/hibernate/wip60/hibernate-orm/hibernate-core/src/main/java/org/hibernate/cfg/AbstractPropertyHolder.java:119: error: no suitable method found for from(ClassmateContext,Class<CAP#1>,boolean)
			AttributeConverterDefinition definition = AttributeConverterDefinition.from(context.getBootstrapContext().getClassmateContext(), conversion.getConverterClass(), false );
			                                                                      ^
    method AttributeConverterDefinition.<O#1,R#1>from(ClassmateContext,Class<? extends AttributeConverter<O#1,R#1>>) is not applicable
      (cannot infer type-variable(s) O#1,R#1
        (actual and formal argument lists differ in length))
    method AttributeConverterDefinition.<O#2,R#2>from(ClassmateContext,Class<? extends AttributeConverter<O#2,R#2>>,boolean) is not applicable
      (cannot infer type-variable(s) O#2,R#2
        (argument mismatch; Class<CAP#1> cannot be converted to Class<? extends AttributeConverter<O#2,R#2>>))
    method AttributeConverterDefinition.<O#3,R#3>from(ClassmateContext,AttributeConverter<O#3,R#3>) is not applicable
      (cannot infer type-variable(s) O#3,R#3
        (actual and formal argument lists differ in length))
    method AttributeConverterDefinition.<O#4,R#4>from(ClassmateContext,AttributeConverter<O#4,R#4>,boolean) is not applicable
      (cannot infer type-variable(s) O#4,R#4
        (argument mismatch; Class<CAP#1> cannot be converted to AttributeConverter<O#4,R#4>))
  where O#1,R#1,O#2,R#2,O#3,R#3,O#4,R#4 are type-variables:
    O#1 extends Object declared in method <O#1,R#1>from(ClassmateContext,Class<? extends AttributeConverter<O#1,R#1>>)
    R#1 extends Object declared in method <O#1,R#1>from(ClassmateContext,Class<? extends AttributeConverter<O#1,R#1>>)
    O#2 extends Object declared in method <O#2,R#2>from(ClassmateContext,Class<? extends AttributeConverter<O#2,R#2>>,boolean)
    R#2 extends Object declared in method <O#2,R#2>from(ClassmateContext,Class<? extends AttributeConverter<O#2,R#2>>,boolean)
    O#3 extends Object declared in method <O#3,R#3>from(ClassmateContext,AttributeConverter<O#3,R#3>)
    R#3 extends Object declared in method <O#3,R#3>from(ClassmateContext,AttributeConverter<O#3,R#3>)
    O#4 extends Object declared in method <O#4,R#4>from(ClassmateContext,AttributeConverter<O#4,R#4>,boolean)
    R#4 extends Object declared in method <O#4,R#4>from(ClassmateContext,AttributeConverter<O#4,R#4>,boolean)
  where CAP#1 is a fresh type-variable:
    CAP#1 extends AttributeConverter<?,?> from capture of ? extends AttributeConverter<?,?>
/home/aboriero/hibernate/wip60/hibernate-orm/hibernate-core/src/main/java/org/hibernate/cfg/CollectionPropertyHolder.java:422: error: cannot find symbol
			if ( collection.getElement().getType() != null ) {
			                            ^
  symbol:   method getType()
  location: interface Value
/home/aboriero/hibernate/wip60/hibernate-orm/hibernate-core/src/main/java/org/hibernate/cfg/CollectionPropertyHolder.java:423: error: cannot find symbol
				return collection.getElement().getType().getReturnedClass();
				                              ^
  symbol:   method getType()
  location: interface Value
/home/aboriero/hibernate/wip60/hibernate-orm/hibernate-core/src/main/java/org/hibernate/cfg/CollectionPropertyHolder.java:480: error: cannot find symbol
			if ( indexedCollection.getIndex().getType() != null ) {
			                                 ^
  symbol:   method getType()
  location: interface Value
/home/aboriero/hibernate/wip60/hibernate-orm/hibernate-core/src/main/java/org/hibernate/cfg/CollectionPropertyHolder.java:481: error: cannot find symbol
				return indexedCollection.getIndex().getType().getReturnedClass();
				                                   ^
  symbol:   method getType()
  location: interface Value
/home/aboriero/hibernate/wip60/hibernate-orm/hibernate-core/src/main/java/org/hibernate/cfg/annotations/CollectionBinder.java:838: error: incompatible types: InFlightMetadataCollector cannot be converted to MetadataBuildingContext
		org.hibernate.mapping.OneToMany oneToMany = new org.hibernate.mapping.OneToMany( buildingContext.getMetadataCollector(), collection.getOwner() );
		                                                                                                                     ^
/home/aboriero/hibernate/wip60/hibernate-orm/hibernate-core/src/main/java/org/hibernate/cfg/annotations/IdBagBinder.java:36: error: incompatible types: InFlightMetadataCollector cannot be converted to MetadataBuildingContext
		return new org.hibernate.mapping.IdentifierBag( getBuildingContext().getMetadataCollector(), persistentClass );
		                                                                                         ^
/home/aboriero/hibernate/wip60/hibernate-orm/hibernate-core/src/main/java/org/hibernate/cfg/annotations/ListBinder.java:51: error: incompatible types: InFlightMetadataCollector cannot be converted to MetadataBuildingContext
		return new org.hibernate.mapping.List( getBuildingContext().getMetadataCollector(), persistentClass );
		                                                                                ^
/home/aboriero/hibernate/wip60/hibernate-orm/hibernate-core/src/main/java/org/hibernate/cfg/annotations/ResultsetMappingSecondPass.java:173: error: cannot find symbol
							column.type() != null ? context.getMetadataCollector().heuristicType( column.type().getName() ) : null
							                                                      ^
  symbol:   method heuristicType(String)
  location: interface InFlightMetadataCollector
/home/aboriero/hibernate/wip60/hibernate-orm/hibernate-core/src/main/java/org/hibernate/cfg/annotations/ResultsetMappingSecondPass.java:184: error: cannot find symbol
								columnResult.type() != null ? context.getMetadataCollector().heuristicType( columnResult.type().getName() ) : null
								                                                            ^
  symbol:   method heuristicType(String)
  location: interface InFlightMetadataCollector
/home/aboriero/hibernate/wip60/hibernate-orm/hibernate-core/src/main/java/org/hibernate/cfg/beanvalidation/HibernateTraversableResolver.java:53: error: cannot find symbol
		if ( type.isCollectionType() ) {
		         ^
  symbol:   method isCollectionType()
  location: variable type of type Type
/home/aboriero/hibernate/wip60/hibernate-orm/hibernate-core/src/main/java/org/hibernate/cfg/beanvalidation/HibernateTraversableResolver.java:54: error: cannot find symbol
			CollectionType collType = (CollectionType) type;
			^
  symbol:   class CollectionType
  location: class HibernateTraversableResolver
/home/aboriero/hibernate/wip60/hibernate-orm/hibernate-core/src/main/java/org/hibernate/cfg/beanvalidation/HibernateTraversableResolver.java:54: error: cannot find symbol
			CollectionType collType = (CollectionType) type;
			                           ^
  symbol:   class CollectionType
  location: class HibernateTraversableResolver
/home/aboriero/hibernate/wip60/hibernate-orm/hibernate-core/src/main/java/org/hibernate/cfg/beanvalidation/HibernateTraversableResolver.java:59: error: cannot find symbol
		else if ( type.isEntityType() || type.isAnyType() ) {
		              ^
  symbol:   method isEntityType()
  location: variable type of type Type
/home/aboriero/hibernate/wip60/hibernate-orm/hibernate-core/src/main/java/org/hibernate/cfg/beanvalidation/HibernateTraversableResolver.java:59: error: cannot find symbol
		else if ( type.isEntityType() || type.isAnyType() ) {
		                                     ^
  symbol:   method isAnyType()
  location: variable type of type Type
/home/aboriero/hibernate/wip60/hibernate-orm/hibernate-core/src/main/java/org/hibernate/cfg/beanvalidation/HibernateTraversableResolver.java:62: error: cannot find symbol
		else if ( type.isComponentType() ) {
		              ^
  symbol:   method isComponentType()
  location: variable type of type Type
/home/aboriero/hibernate/wip60/hibernate-orm/hibernate-core/src/main/java/org/hibernate/cfg/beanvalidation/HibernateTraversableResolver.java:63: error: cannot find symbol
			EmbeddedType componentType = (EmbeddedType) type;
			^
  symbol:   class EmbeddedType
  location: class HibernateTraversableResolver
/home/aboriero/hibernate/wip60/hibernate-orm/hibernate-core/src/main/java/org/hibernate/cfg/beanvalidation/HibernateTraversableResolver.java:63: error: cannot find symbol
			EmbeddedType componentType = (EmbeddedType) type;
			                              ^
  symbol:   class EmbeddedType
  location: class HibernateTraversableResolver
/home/aboriero/hibernate/wip60/hibernate-orm/hibernate-core/src/main/java/org/hibernate/cfg/IndexOrUniqueKeySecondPass.java:92: error: cannot find symbol
							.getLogicalColumnName( table, column.getMappingColumn().getQuotedName() )
							^
  symbol:   method getLogicalColumnName(MappedTable,String)
  location: interface InFlightMetadataCollector
/home/aboriero/hibernate/wip60/hibernate-orm/hibernate-core/src/main/java/org/hibernate/cfg/IndexOrUniqueKeySecondPass.java:101: error: cannot find symbol
						buildingContext.getMetadataCollector().getPhysicalColumnName( table, columnName )
						                                      ^
  symbol:   method getPhysicalColumnName(MappedTable,String)
  location: interface InFlightMetadataCollector
/home/aboriero/hibernate/wip60/hibernate-orm/hibernate-core/src/main/java/org/hibernate/cfg/AnnotationBinder.java:1367: error: cannot find symbol
			params.put( param.name(), context.getMetadataCollector().heuristicType( param.type() ) );
			                                                        ^
  symbol:   method heuristicType(String)
  location: interface InFlightMetadataCollector
/home/aboriero/hibernate/wip60/hibernate-orm/hibernate-core/src/main/java/org/hibernate/criterion/SimpleProjection.java:85: error: cannot find symbol
			count += type.getColumnSpan();
			             ^
  symbol:   method getColumnSpan()
  location: variable type of type Type
/home/aboriero/hibernate/wip60/hibernate-orm/hibernate-core/src/main/java/org/hibernate/criterion/AggregateProjection.java:41: error: cannot find symbol
				getFunction( criteriaQuery ).getReturnType(
				                            ^
  symbol:   method getReturnType(Type)
  location: interface SqmFunctionTemplate
/home/aboriero/hibernate/wip60/hibernate-orm/hibernate-core/src/main/java/org/hibernate/criterion/AggregateProjection.java:49: error: cannot find symbol
		final String functionFragment = getFunction( criteriaQuery ).render(
		                                                            ^
  symbol:   method render(Type,List,SessionFactoryImplementor)
  location: interface SqmFunctionTemplate
/home/aboriero/hibernate/wip60/hibernate-orm/hibernate-core/src/main/java/org/hibernate/criterion/AbstractEmptinessExpression.java:50: error: cannot find symbol
		final QueryableCollection collectionPersister = getQueryableCollection( entityName, actualPropertyName, factory );
		      ^
  symbol:   class QueryableCollection
  location: class AbstractEmptinessExpression
/home/aboriero/hibernate/wip60/hibernate-orm/hibernate-core/src/main/java/org/hibernate/criterion/AbstractEmptinessExpression.java:53: error: cannot find symbol
		final String[] ownerKeys = ( (Loadable) factory.getEntityPersister( entityName ) ).getIdentifierColumnNames();
		                              ^
  symbol:   class Loadable
  location: class AbstractEmptinessExpression
/home/aboriero/hibernate/wip60/hibernate-orm/hibernate-core/src/main/java/org/hibernate/criterion/AbstractEmptinessExpression.java:69: error: cannot find symbol
		final PropertyMapping ownerMapping = (PropertyMapping) factory.getEntityPersister( entityName );
		      ^
  symbol:   class PropertyMapping
  location: class AbstractEmptinessExpression
/home/aboriero/hibernate/wip60/hibernate-orm/hibernate-core/src/main/java/org/hibernate/criterion/AbstractEmptinessExpression.java:69: error: cannot find symbol
		final PropertyMapping ownerMapping = (PropertyMapping) factory.getEntityPersister( entityName );
		                                      ^
  symbol:   class PropertyMapping
  location: class AbstractEmptinessExpression
/home/aboriero/hibernate/wip60/hibernate-orm/hibernate-core/src/main/java/org/hibernate/criterion/AbstractEmptinessExpression.java:77: error: cannot find symbol
		final String role = ( (CollectionType) type ).getRole();
		                       ^
  symbol:   class CollectionType
  location: class AbstractEmptinessExpression
/home/aboriero/hibernate/wip60/hibernate-orm/hibernate-core/src/main/java/org/hibernate/criterion/AbstractEmptinessExpression.java:79: error: cannot find symbol
			return (QueryableCollection) factory.getTypeConfiguration().findCollectionPersister( role );
			        ^
  symbol:   class QueryableCollection
  location: class AbstractEmptinessExpression
/home/aboriero/hibernate/wip60/hibernate-orm/hibernate-core/src/main/java/org/hibernate/criterion/SubqueryExpression.java:58: error: cannot find symbol
		final OuterJoinLoadable persister =
		      ^
  symbol:   class OuterJoinLoadable
  location: class SubqueryExpression
/home/aboriero/hibernate/wip60/hibernate-orm/hibernate-core/src/main/java/org/hibernate/criterion/SubqueryExpression.java:59: error: cannot find symbol
				(OuterJoinLoadable) factory.getTypeConfiguration().findEntityPersister( criteriaImpl.getEntityOrClassName() );
				 ^
  symbol:   class OuterJoinLoadable
  location: class SubqueryExpression
/home/aboriero/hibernate/wip60/hibernate-orm/hibernate-core/src/main/java/org/hibernate/criterion/SubqueryExpression.java:64: error: cannot find symbol
		final CriteriaJoinWalker walker = new CriteriaJoinWalker(
		      ^
  symbol:   class CriteriaJoinWalker
  location: class SubqueryExpression
/home/aboriero/hibernate/wip60/hibernate-orm/hibernate-core/src/main/java/org/hibernate/criterion/SubqueryExpression.java:64: error: cannot find symbol
		final CriteriaJoinWalker walker = new CriteriaJoinWalker(
		                                      ^
  symbol:   class CriteriaJoinWalker
  location: class SubqueryExpression
/home/aboriero/hibernate/wip60/hibernate-orm/hibernate-core/src/main/java/org/hibernate/criterion/SubqueryExpression.java:126: error: cannot find symbol
			innerQuery = new CriteriaQueryTranslator(
			                 ^
  symbol:   class CriteriaQueryTranslator
  location: class SubqueryExpression
/home/aboriero/hibernate/wip60/hibernate-orm/hibernate-core/src/main/java/org/hibernate/criterion/SimpleExpression.java:74: error: cannot find symbol
		final int[] sqlTypes = type.sqlTypes();
		                           ^
  symbol:   method sqlTypes()
  location: variable type of type Type
/home/aboriero/hibernate/wip60/hibernate-orm/hibernate-core/src/main/java/org/hibernate/criterion/SizeExpression.java:40: error: cannot find symbol
		final QueryableCollection cp = (QueryableCollection) criteriaQuery.getFactory().getTypeConfiguration().findCollectionPersister( role );
		      ^
  symbol:   class QueryableCollection
  location: class SizeExpression
/home/aboriero/hibernate/wip60/hibernate-orm/hibernate-core/src/main/java/org/hibernate/criterion/SizeExpression.java:40: error: cannot find symbol
		final QueryableCollection cp = (QueryableCollection) criteriaQuery.getFactory().getTypeConfiguration().findCollectionPersister( role );
		                                ^
  symbol:   class QueryableCollection
  location: class SizeExpression
/home/aboriero/hibernate/wip60/hibernate-orm/hibernate-core/src/main/java/org/hibernate/criterion/SizeExpression.java:43: error: cannot find symbol
		final String[] pk = ( (Loadable) cp.getOwnerEntityPersister() ).getIdentifierColumnNames();
		                       ^
  symbol:   class Loadable
  location: class SizeExpression
/home/aboriero/hibernate/wip60/hibernate-orm/hibernate-core/src/main/java/org/hibernate/criterion/InExpression.java:72: error: cannot find symbol
		if ( type.isComponentType() ) {
		         ^
  symbol:   method isComponentType()
  location: variable type of type Type
/home/aboriero/hibernate/wip60/hibernate-orm/hibernate-core/src/main/java/org/hibernate/criterion/InExpression.java:73: error: cannot find symbol
			final EmbeddedType compositeType = (EmbeddedType) type;
			      ^
  symbol:   class EmbeddedType
  location: class InExpression
/home/aboriero/hibernate/wip60/hibernate-orm/hibernate-core/src/main/java/org/hibernate/criterion/InExpression.java:73: error: cannot find symbol
			final EmbeddedType compositeType = (EmbeddedType) type;
			                                    ^
  symbol:   class EmbeddedType
  location: class InExpression
/home/aboriero/hibernate/wip60/hibernate-orm/hibernate-core/src/main/java/org/hibernate/criterion/Example.java:195: error: cannot find symbol
			final boolean isVersionProperty = i == meta.getVersionProperty();
			                                           ^
  symbol:   method getVersionProperty()
  location: variable meta of type EntityDescriptor
/home/aboriero/hibernate/wip60/hibernate-orm/hibernate-core/src/main/java/org/hibernate/criterion/Example.java:197: error: cannot find symbol
				if ( propertyTypes[i].isComponentType() ) {
				                     ^
  symbol:   method isComponentType()
  location: interface Type
/home/aboriero/hibernate/wip60/hibernate-orm/hibernate-core/src/main/java/org/hibernate/criterion/Example.java:201: error: cannot find symbol
						(EmbeddedType) propertyTypes[i],
						 ^
  symbol:   class EmbeddedType
  location: class Example
/home/aboriero/hibernate/wip60/hibernate-orm/hibernate-core/src/main/java/org/hibernate/criterion/Example.java:233: error: cannot find symbol
		if ( type.isAssociationType() ) {
		         ^
  symbol:   method isAssociationType()
  location: variable type of type Type
/home/aboriero/hibernate/wip60/hibernate-orm/hibernate-core/src/main/java/org/hibernate/criterion/Example.java:256: error: cannot find symbol
			final boolean isVersionProperty = i == meta.getVersionProperty();
			                                           ^
  symbol:   method getVersionProperty()
  location: variable meta of type EntityDescriptor
/home/aboriero/hibernate/wip60/hibernate-orm/hibernate-core/src/main/java/org/hibernate/criterion/Example.java:259: error: cannot find symbol
				if ( propertyTypes[i].isComponentType() ) {
				                     ^
  symbol:   method isComponentType()
  location: interface Type
/home/aboriero/hibernate/wip60/hibernate-orm/hibernate-core/src/main/java/org/hibernate/criterion/Example.java:260: error: cannot find symbol
					addComponentTypedValues( name, value, (EmbeddedType) type, list, criteria, criteriaQuery );
					                                       ^
  symbol:   class EmbeddedType
  location: class Example
/home/aboriero/hibernate/wip60/hibernate-orm/hibernate-core/src/main/java/org/hibernate/criterion/Example.java:303: error: cannot find symbol
					if ( subtype.isComponentType() ) {
					            ^
  symbol:   method isComponentType()
  location: variable subtype of type Type
/home/aboriero/hibernate/wip60/hibernate-orm/hibernate-core/src/main/java/org/hibernate/criterion/Example.java:304: error: cannot find symbol
						addComponentTypedValues( subpath, value, (EmbeddedType) subtype, list, criteria, criteriaQuery );
						                                          ^
  symbol:   class EmbeddedType
  location: class Example
/home/aboriero/hibernate/wip60/hibernate-orm/hibernate-core/src/main/java/org/hibernate/criterion/Example.java:319: error: cannot find symbol
		if ( ! meta.getEntityMetamodel().getTuplizer().isInstance( exampleEntity ) ) {
		           ^
  symbol:   method getEntityMetamodel()
  location: variable meta of type EntityDescriptor
/home/aboriero/hibernate/wip60/hibernate-orm/hibernate-core/src/main/java/org/hibernate/criterion/Example.java:376: error: cannot find symbol
					if ( subtype.isComponentType() ) {
					            ^
  symbol:   method isComponentType()
  location: variable subtype of type Type
/home/aboriero/hibernate/wip60/hibernate-orm/hibernate-core/src/main/java/org/hibernate/criterion/Example.java:380: error: cannot find symbol
								(EmbeddedType) subtype,
								 ^
  symbol:   class EmbeddedType
  location: class Example
/home/aboriero/hibernate/wip60/hibernate-orm/hibernate-core/src/main/java/org/hibernate/criterion/RowCountProjection.java:27: error: cannot find symbol
		final Type countFunctionReturnType = getFunction( criteriaQuery ).getReturnType( null );
		                                                                 ^
  symbol:   method getReturnType(<null>)
  location: interface SqmFunctionTemplate
/home/aboriero/hibernate/wip60/hibernate-orm/hibernate-core/src/main/java/org/hibernate/criterion/RowCountProjection.java:33: error: cannot find symbol
		return getFunction( criteriaQuery ).render( null, ARGS, criteriaQuery.getFactory() ) + " as y" + position + '_';
		                                   ^
  symbol:   method render(<null>,List,SessionFactoryImplementor)
  location: interface SqmFunctionTemplate
/home/aboriero/hibernate/wip60/hibernate-orm/hibernate-core/src/main/java/org/hibernate/dialect/AbstractHANADialect.java:247: error: cannot find symbol
		registerHibernateType( Types.NCLOB, StandardSpiBasicTypes.NCLOB.getName() );
		                                                               ^
  symbol:   method getName()
  location: variable NCLOB of type BasicType<NClob>
/home/aboriero/hibernate/wip60/hibernate-orm/hibernate-core/src/main/java/org/hibernate/dialect/AbstractHANADialect.java:248: error: cannot find symbol
		registerHibernateType( Types.NVARCHAR, StandardSpiBasicTypes.STRING.getName() );
		                                                                   ^
  symbol:   method getName()
  location: variable STRING of type BasicType<String>
/home/aboriero/hibernate/wip60/hibernate-orm/hibernate-core/src/main/java/org/hibernate/dialect/Oracle12cDialect.java:47: error: cannot find symbol
			typeContributions.contributeType( MaterializedBlobType.INSTANCE, "byte[]", byte[].class.getName() );
			                                  ^
  symbol:   variable MaterializedBlobType
  location: class Oracle12cDialect
/home/aboriero/hibernate/wip60/hibernate-orm/hibernate-core/src/main/java/org/hibernate/dialect/Oracle12cDialect.java:48: error: cannot find symbol
			typeContributions.contributeType( WrappedMaterializedBlobType.INSTANCE, "Byte[]", Byte[].class.getName() );
			                                  ^
  symbol:   variable WrappedMaterializedBlobType
  location: class Oracle12cDialect
/home/aboriero/hibernate/wip60/hibernate-orm/hibernate-core/src/main/java/org/hibernate/dialect/PostgreSQL82Dialect.java:33: error: cannot find symbol
		typeContributions.contributeType( PostgresUUIDType.INSTANCE );
		                                  ^
  symbol:   variable PostgresUUIDType
  location: class PostgreSQL82Dialect
/home/aboriero/hibernate/wip60/hibernate-orm/hibernate-core/src/main/java/org/hibernate/dialect/function/TrimFunctionTemplate.java:22: error: method does not override or implement a method from a supertype
	@Override
	^
/home/aboriero/hibernate/wip60/hibernate-orm/hibernate-core/src/main/java/org/hibernate/dialect/function/TrimFunctionTemplate.java:27: error: method does not override or implement a method from a supertype
	@Override
	^
/home/aboriero/hibernate/wip60/hibernate-orm/hibernate-core/src/main/java/org/hibernate/dialect/function/TrimFunctionTemplate.java:32: error: method does not override or implement a method from a supertype
	@Override
	^
/home/aboriero/hibernate/wip60/hibernate-orm/hibernate-core/src/main/java/org/hibernate/dialect/function/TrimFunctionTemplate.java:37: error: method does not override or implement a method from a supertype
	@Override
	^
/home/aboriero/hibernate/wip60/hibernate-orm/hibernate-core/src/main/java/org/hibernate/dialect/function/AnsiTrimFunction.java:16: error: AnsiTrimFunction is not abstract and does not override abstract method makeSqmFunctionExpression(List<SqmExpression>,AllowableFunctionReturnType) in SqmFunctionTemplate
public class AnsiTrimFunction extends TrimFunctionTemplate {
       ^
/home/aboriero/hibernate/wip60/hibernate-orm/hibernate-core/src/main/java/org/hibernate/dialect/function/StandardSQLFunction.java:24: error: StandardSQLFunction is not abstract and does not override abstract method makeSqmFunctionExpression(List<SqmExpression>,AllowableFunctionReturnType) in SqmFunctionTemplate
public class StandardSQLFunction implements SqmFunctionTemplate {
       ^
/home/aboriero/hibernate/wip60/hibernate-orm/hibernate-core/src/main/java/org/hibernate/dialect/function/StandardSQLFunction.java:94: error: method does not override or implement a method from a supertype
	@Override
	^
/home/aboriero/hibernate/wip60/hibernate-orm/hibernate-core/src/main/java/org/hibernate/dialect/function/StandardSQLFunction.java:99: error: method does not override or implement a method from a supertype
	@Override
	^
/home/aboriero/hibernate/wip60/hibernate-orm/hibernate-core/src/main/java/org/hibernate/dialect/function/StandardSQLFunction.java:104: error: method does not override or implement a method from a supertype
	@Override
	^
/home/aboriero/hibernate/wip60/hibernate-orm/hibernate-core/src/main/java/org/hibernate/dialect/function/StandardSQLFunction.java:109: error: method does not override or implement a method from a supertype
	@Override
	^
/home/aboriero/hibernate/wip60/hibernate-orm/hibernate-core/src/main/java/org/hibernate/dialect/function/StandardAnsiSqlAggregationFunctions.java:93: error: cannot find symbol
				final int[] jdbcTypeCodes = firstArgumentType.sqlTypes();
				                                             ^
  symbol:   method sqlTypes()
  location: variable firstArgumentType of type Type
/home/aboriero/hibernate/wip60/hibernate-orm/hibernate-core/src/main/java/org/hibernate/dialect/function/StandardAnsiSqlAggregationFunctions.java:200: error: cannot find symbol
				final int[] jdbcTypeCodes = type.sqlTypes();
				                                ^
  symbol:   method sqlTypes()
  location: variable type of type Type
/home/aboriero/hibernate/wip60/hibernate-orm/hibernate-core/src/main/java/org/hibernate/dialect/function/NoArgSQLFunction.java:21: error: NoArgSQLFunction is not abstract and does not override abstract method makeSqmFunctionExpression(List<SqmExpression>,AllowableFunctionReturnType) in SqmFunctionTemplate
public class NoArgSQLFunction implements SqmFunctionTemplate {
       ^
/home/aboriero/hibernate/wip60/hibernate-orm/hibernate-core/src/main/java/org/hibernate/dialect/function/NoArgSQLFunction.java:49: error: method does not override or implement a method from a supertype
	@Override
	^
/home/aboriero/hibernate/wip60/hibernate-orm/hibernate-core/src/main/java/org/hibernate/dialect/function/NoArgSQLFunction.java:54: error: method does not override or implement a method from a supertype
	@Override
	^
/home/aboriero/hibernate/wip60/hibernate-orm/hibernate-core/src/main/java/org/hibernate/dialect/function/NoArgSQLFunction.java:59: error: method does not override or implement a method from a supertype
	@Override
	^
/home/aboriero/hibernate/wip60/hibernate-orm/hibernate-core/src/main/java/org/hibernate/dialect/function/NoArgSQLFunction.java:64: error: method does not override or implement a method from a supertype
	@Override
	^
/home/aboriero/hibernate/wip60/hibernate-orm/hibernate-core/src/main/java/org/hibernate/dialect/function/AbstractAnsiTrimEmulationFunction.java:29: error: method does not override or implement a method from a supertype
	@Override
	^
/home/aboriero/hibernate/wip60/hibernate-orm/hibernate-core/src/main/java/org/hibernate/dialect/function/AbstractAnsiTrimEmulationFunction.java:34: error: method does not override or implement a method from a supertype
	@Override
	^
/home/aboriero/hibernate/wip60/hibernate-orm/hibernate-core/src/main/java/org/hibernate/dialect/function/AbstractAnsiTrimEmulationFunction.java:39: error: method does not override or implement a method from a supertype
	@Override
	^
/home/aboriero/hibernate/wip60/hibernate-orm/hibernate-core/src/main/java/org/hibernate/dialect/function/AbstractAnsiTrimEmulationFunction.java:44: error: method does not override or implement a method from a supertype
	@Override
	^
/home/aboriero/hibernate/wip60/hibernate-orm/hibernate-core/src/main/java/org/hibernate/dialect/function/AbstractAnsiTrimEmulationFunction.java:65: error: cannot find symbol
			return resolveBothSpaceTrimFunction().render( argumentType, args, factory );
			                                     ^
  symbol:   method render(Type,List,SessionFactoryImplementor)
  location: interface SqmFunctionTemplate
/home/aboriero/hibernate/wip60/hibernate-orm/hibernate-core/src/main/java/org/hibernate/dialect/function/AbstractAnsiTrimEmulationFunction.java:70: error: cannot find symbol
			return resolveBothSpaceTrimFromFunction().render( argumentType, args, factory );
			                                         ^
  symbol:   method render(Type,List,SessionFactoryImplementor)
  location: interface SqmFunctionTemplate
/home/aboriero/hibernate/wip60/hibernate-orm/hibernate-core/src/main/java/org/hibernate/dialect/function/AbstractAnsiTrimEmulationFunction.java:129: error: cannot find symbol
					return resolveBothSpaceTrimFunction().render( argumentType, argsToUse, factory );
					                                     ^
  symbol:   method render(Type,List<String>,SessionFactoryImplementor)
  location: interface SqmFunctionTemplate
/home/aboriero/hibernate/wip60/hibernate-orm/hibernate-core/src/main/java/org/hibernate/dialect/function/AbstractAnsiTrimEmulationFunction.java:132: error: cannot find symbol
					return resolveLeadingSpaceTrimFunction().render( argumentType, argsToUse, factory );
					                                        ^
  symbol:   method render(Type,List<String>,SessionFactoryImplementor)
  location: interface SqmFunctionTemplate
/home/aboriero/hibernate/wip60/hibernate-orm/hibernate-core/src/main/java/org/hibernate/dialect/function/AbstractAnsiTrimEmulationFunction.java:135: error: cannot find symbol
					return resolveTrailingSpaceTrimFunction().render( argumentType, argsToUse, factory );
					                                         ^
  symbol:   method render(Type,List<String>,SessionFactoryImplementor)
  location: interface SqmFunctionTemplate
/home/aboriero/hibernate/wip60/hibernate-orm/hibernate-core/src/main/java/org/hibernate/dialect/function/AbstractAnsiTrimEmulationFunction.java:140: error: cannot find symbol
					return resolveBothTrimFunction().render( argumentType, argsToUse, factory );
					                                ^
  symbol:   method render(Type,List<String>,SessionFactoryImplementor)
  location: interface SqmFunctionTemplate
/home/aboriero/hibernate/wip60/hibernate-orm/hibernate-core/src/main/java/org/hibernate/dialect/function/AbstractAnsiTrimEmulationFunction.java:143: error: cannot find symbol
					return resolveLeadingTrimFunction().render( argumentType, argsToUse, factory );
					                                   ^
  symbol:   method render(Type,List<String>,SessionFactoryImplementor)
  location: interface SqmFunctionTemplate
/home/aboriero/hibernate/wip60/hibernate-orm/hibernate-core/src/main/java/org/hibernate/dialect/function/AbstractAnsiTrimEmulationFunction.java:146: error: cannot find symbol
					return resolveTrailingTrimFunction().render( argumentType, argsToUse, factory );
					                                    ^
  symbol:   method render(Type,List<String>,SessionFactoryImplementor)
  location: interface SqmFunctionTemplate
/home/aboriero/hibernate/wip60/hibernate-orm/hibernate-core/src/main/java/org/hibernate/dialect/function/AnsiTrimEmulationFunction.java:20: error: AnsiTrimEmulationFunction is not abstract and does not override abstract method makeSqmFunctionExpression(List<SqmExpression>,AllowableFunctionReturnType) in SqmFunctionTemplate
public class AnsiTrimEmulationFunction extends AbstractAnsiTrimEmulationFunction {
       ^
/home/aboriero/hibernate/wip60/hibernate-orm/hibernate-core/src/main/java/org/hibernate/dialect/function/CastFunction.java:21: error: CastFunction is not abstract and does not override abstract method makeSqmFunctionExpression(List<SqmExpression>,AllowableFunctionReturnType) in SqmFunctionTemplate
public class CastFunction implements SqmFunctionTemplate {
       ^
/home/aboriero/hibernate/wip60/hibernate-orm/hibernate-core/src/main/java/org/hibernate/dialect/function/CastFunction.java:27: error: method does not override or implement a method from a supertype
	@Override
	^
/home/aboriero/hibernate/wip60/hibernate-orm/hibernate-core/src/main/java/org/hibernate/dialect/function/CastFunction.java:32: error: method does not override or implement a method from a supertype
	@Override
	^
/home/aboriero/hibernate/wip60/hibernate-orm/hibernate-core/src/main/java/org/hibernate/dialect/function/CastFunction.java:37: error: method does not override or implement a method from a supertype
	@Override
	^
/home/aboriero/hibernate/wip60/hibernate-orm/hibernate-core/src/main/java/org/hibernate/dialect/function/CastFunction.java:43: error: method does not override or implement a method from a supertype
	@Override
	^
/home/aboriero/hibernate/wip60/hibernate-orm/hibernate-core/src/main/java/org/hibernate/dialect/function/CharIndexFunction.java:21: error: CharIndexFunction is not abstract and does not override abstract method makeSqmFunctionExpression(List<SqmExpression>,AllowableFunctionReturnType) in SqmFunctionTemplate
public class CharIndexFunction implements SqmFunctionTemplate {
       ^
/home/aboriero/hibernate/wip60/hibernate-orm/hibernate-core/src/main/java/org/hibernate/dialect/function/CharIndexFunction.java:22: error: method does not override or implement a method from a supertype
	@Override
	^
/home/aboriero/hibernate/wip60/hibernate-orm/hibernate-core/src/main/java/org/hibernate/dialect/function/CharIndexFunction.java:27: error: method does not override or implement a method from a supertype
	@Override
	^
/home/aboriero/hibernate/wip60/hibernate-orm/hibernate-core/src/main/java/org/hibernate/dialect/function/CharIndexFunction.java:32: error: method does not override or implement a method from a supertype
	@Override
	^
/home/aboriero/hibernate/wip60/hibernate-orm/hibernate-core/src/main/java/org/hibernate/dialect/function/CharIndexFunction.java:37: error: method does not override or implement a method from a supertype
	@Override
	^
/home/aboriero/hibernate/wip60/hibernate-orm/hibernate-core/src/main/java/org/hibernate/dialect/function/ConvertFunction.java:21: error: ConvertFunction is not abstract and does not override abstract method makeSqmFunctionExpression(List<SqmExpression>,AllowableFunctionReturnType) in SqmFunctionTemplate
public class ConvertFunction implements SqmFunctionTemplate {
       ^
/home/aboriero/hibernate/wip60/hibernate-orm/hibernate-core/src/main/java/org/hibernate/dialect/function/ConvertFunction.java:22: error: method does not override or implement a method from a supertype
	@Override
	^
/home/aboriero/hibernate/wip60/hibernate-orm/hibernate-core/src/main/java/org/hibernate/dialect/function/ConvertFunction.java:27: error: method does not override or implement a method from a supertype
	@Override
	^
/home/aboriero/hibernate/wip60/hibernate-orm/hibernate-core/src/main/java/org/hibernate/dialect/function/ConvertFunction.java:32: error: method does not override or implement a method from a supertype
	@Override
	^
/home/aboriero/hibernate/wip60/hibernate-orm/hibernate-core/src/main/java/org/hibernate/dialect/function/ConvertFunction.java:37: error: method does not override or implement a method from a supertype
	@Override
	^
/home/aboriero/hibernate/wip60/hibernate-orm/hibernate-core/src/main/java/org/hibernate/dialect/function/DerbyConcatFunction.java:32: error: DerbyConcatFunction is not abstract and does not override abstract method makeSqmFunctionExpression(List<SqmExpression>,AllowableFunctionReturnType) in SqmFunctionTemplate
public class DerbyConcatFunction implements SqmFunctionTemplate {
       ^
/home/aboriero/hibernate/wip60/hibernate-orm/hibernate-core/src/main/java/org/hibernate/dialect/function/DerbyConcatFunction.java:38: error: method does not override or implement a method from a supertype
	@Override
	^
/home/aboriero/hibernate/wip60/hibernate-orm/hibernate-core/src/main/java/org/hibernate/dialect/function/DerbyConcatFunction.java:48: error: method does not override or implement a method from a supertype
	@Override
	^
/home/aboriero/hibernate/wip60/hibernate-orm/hibernate-core/src/main/java/org/hibernate/dialect/function/DerbyConcatFunction.java:58: error: method does not override or implement a method from a supertype
	@Override
	^
/home/aboriero/hibernate/wip60/hibernate-orm/hibernate-core/src/main/java/org/hibernate/dialect/function/DerbyConcatFunction.java:73: error: method does not override or implement a method from a supertype
	@Override
	^
/home/aboriero/hibernate/wip60/hibernate-orm/hibernate-core/src/main/java/org/hibernate/dialect/function/NvlFunction.java:21: error: NvlFunction is not abstract and does not override abstract method makeSqmFunctionExpression(List<SqmExpression>,AllowableFunctionReturnType) in SqmFunctionTemplate
public class NvlFunction implements SqmFunctionTemplate {
       ^
/home/aboriero/hibernate/wip60/hibernate-orm/hibernate-core/src/main/java/org/hibernate/dialect/function/NvlFunction.java:22: error: method does not override or implement a method from a supertype
	@Override
	^
/home/aboriero/hibernate/wip60/hibernate-orm/hibernate-core/src/main/java/org/hibernate/dialect/function/NvlFunction.java:27: error: method does not override or implement a method from a supertype
	@Override
	^
/home/aboriero/hibernate/wip60/hibernate-orm/hibernate-core/src/main/java/org/hibernate/dialect/function/NvlFunction.java:32: error: method does not override or implement a method from a supertype
	@Override
	^
/home/aboriero/hibernate/wip60/hibernate-orm/hibernate-core/src/main/java/org/hibernate/dialect/function/NvlFunction.java:37: error: method does not override or implement a method from a supertype
	@Override
	^
/home/aboriero/hibernate/wip60/hibernate-orm/hibernate-core/src/main/java/org/hibernate/dialect/function/PositionSubstringFunction.java:21: error: PositionSubstringFunction is not abstract and does not override abstract method makeSqmFunctionExpression(List<SqmExpression>,AllowableFunctionReturnType) in SqmFunctionTemplate
public class PositionSubstringFunction implements SqmFunctionTemplate {
       ^
/home/aboriero/hibernate/wip60/hibernate-orm/hibernate-core/src/main/java/org/hibernate/dialect/function/PositionSubstringFunction.java:22: error: method does not override or implement a method from a supertype
	@Override
	^
/home/aboriero/hibernate/wip60/hibernate-orm/hibernate-core/src/main/java/org/hibernate/dialect/function/PositionSubstringFunction.java:27: error: method does not override or implement a method from a supertype
	@Override
	^
/home/aboriero/hibernate/wip60/hibernate-orm/hibernate-core/src/main/java/org/hibernate/dialect/function/PositionSubstringFunction.java:32: error: method does not override or implement a method from a supertype
	@Override
	^
/home/aboriero/hibernate/wip60/hibernate-orm/hibernate-core/src/main/java/org/hibernate/dialect/function/PositionSubstringFunction.java:37: error: method does not override or implement a method from a supertype
	@Override
	^
/home/aboriero/hibernate/wip60/hibernate-orm/hibernate-core/src/main/java/org/hibernate/dialect/function/SQLFunctionTemplate.java:28: error: SQLFunctionTemplate is not abstract and does not override abstract method makeSqmFunctionExpression(List<SqmExpression>,AllowableFunctionReturnType) in SqmFunctionTemplate
public class SQLFunctionTemplate implements SqmFunctionTemplate {
       ^
/home/aboriero/hibernate/wip60/hibernate-orm/hibernate-core/src/main/java/org/hibernate/dialect/function/SQLFunctionTemplate.java:56: error: method does not override or implement a method from a supertype
	@Override
	^
/home/aboriero/hibernate/wip60/hibernate-orm/hibernate-core/src/main/java/org/hibernate/dialect/function/SQLFunctionTemplate.java:61: error: method does not override or implement a method from a supertype
	@Override
	^
/home/aboriero/hibernate/wip60/hibernate-orm/hibernate-core/src/main/java/org/hibernate/dialect/function/SQLFunctionTemplate.java:66: error: method does not override or implement a method from a supertype
	@Override
	^
/home/aboriero/hibernate/wip60/hibernate-orm/hibernate-core/src/main/java/org/hibernate/dialect/function/SQLFunctionTemplate.java:71: error: method does not override or implement a method from a supertype
	@Override
	^
/home/aboriero/hibernate/wip60/hibernate-orm/hibernate-core/src/main/java/org/hibernate/dialect/function/VarArgsSQLFunction.java:21: error: VarArgsSQLFunction is not abstract and does not override abstract method makeSqmFunctionExpression(List<SqmExpression>,AllowableFunctionReturnType) in SqmFunctionTemplate
public class VarArgsSQLFunction implements SqmFunctionTemplate {
       ^
/home/aboriero/hibernate/wip60/hibernate-orm/hibernate-core/src/main/java/org/hibernate/dialect/function/VarArgsSQLFunction.java:60: error: method does not override or implement a method from a supertype
	@Override
	^
/home/aboriero/hibernate/wip60/hibernate-orm/hibernate-core/src/main/java/org/hibernate/dialect/function/VarArgsSQLFunction.java:65: error: method does not override or implement a method from a supertype
	@Override
	^
/home/aboriero/hibernate/wip60/hibernate-orm/hibernate-core/src/main/java/org/hibernate/dialect/function/VarArgsSQLFunction.java:70: error: method does not override or implement a method from a supertype
	@Override
	^
/home/aboriero/hibernate/wip60/hibernate-orm/hibernate-core/src/main/java/org/hibernate/dialect/function/VarArgsSQLFunction.java:75: error: method does not override or implement a method from a supertype
	@Override
	^
/home/aboriero/hibernate/wip60/hibernate-orm/hibernate-core/src/main/java/org/hibernate/engine/internal/EntityEntryContext.java:84: error: cannot find symbol
		if ( entityEntry.getPersister().isMutable() ) {
		                               ^
  symbol:   method isMutable()
  location: interface EntityDescriptor
/home/aboriero/hibernate/wip60/hibernate-orm/hibernate-core/src/main/java/org/hibernate/engine/internal/EntityEntryContext.java:95: error: cannot find symbol
				if ( entityEntry.getPersister().isMutable() ) {
				                               ^
  symbol:   method isMutable()
  location: interface EntityDescriptor
/home/aboriero/hibernate/wip60/hibernate-orm/hibernate-core/src/main/java/org/hibernate/engine/internal/EntityEntryContext.java:161: error: cannot find symbol
			if ( entityEntry.getPersister().isMutable() ) {
			                               ^
  symbol:   method isMutable()
  location: interface EntityDescriptor
/home/aboriero/hibernate/wip60/hibernate-orm/hibernate-core/src/main/java/org/hibernate/engine/internal/EntityEntryContext.java:186: error: cannot find symbol
				!entityEntry.getPersister().isMutable() ||
				                           ^
  symbol:   method isMutable()
  location: interface EntityDescriptor
/home/aboriero/hibernate/wip60/hibernate-orm/hibernate-core/src/main/java/org/hibernate/engine/internal/EntityEntryContext.java:446: error: cannot find symbol
				if ( entry.getPersister().isMutable() ) {
				                         ^
  symbol:   method isMutable()
  location: interface EntityDescriptor
/home/aboriero/hibernate/wip60/hibernate-orm/hibernate-core/src/main/java/org/hibernate/engine/internal/StatefulPersistenceContext.java:330: error: cannot find symbol
		if ( !persister.hasNaturalIdentifier() ) {
		               ^
  symbol:   method hasNaturalIdentifier()
  location: variable persister of type EntityDescriptor
/home/aboriero/hibernate/wip60/hibernate-orm/hibernate-core/src/main/java/org/hibernate/engine/internal/StatefulPersistenceContext.java:343: error: cannot find symbol
		if ( persister.getEntityMetamodel().hasImmutableNaturalId() ) {
		              ^
  symbol:   method getEntityMetamodel()
  location: variable persister of type EntityDescriptor
/home/aboriero/hibernate/wip60/hibernate-orm/hibernate-core/src/main/java/org/hibernate/engine/internal/StatefulPersistenceContext.java:345: error: cannot find symbol
			final Object[] dbValue = persister.getNaturalIdentifierSnapshot( id, session );
			                                  ^
  symbol:   method getNaturalIdentifierSnapshot(Serializable,SharedSessionContractImplementor)
  location: variable persister of type EntityDescriptor
/home/aboriero/hibernate/wip60/hibernate-orm/hibernate-core/src/main/java/org/hibernate/engine/internal/StatefulPersistenceContext.java:356: error: cannot find symbol
			final int[] props = persister.getNaturalIdentifierProperties();
			                             ^
  symbol:   method getNaturalIdentifierProperties()
  location: variable persister of type EntityDescriptor
/home/aboriero/hibernate/wip60/hibernate-orm/hibernate-core/src/main/java/org/hibernate/engine/internal/StatefulPersistenceContext.java:376: error: cannot find symbol
		return session.getFactory().getTypeConfiguration().findEntityPersister( persister.getRootEntityName() );
		                                                                                 ^
  symbol:   method getRootEntityName()
  location: variable persister of type EntityDescriptor
/home/aboriero/hibernate/wip60/hibernate-orm/hibernate-core/src/main/java/org/hibernate/engine/internal/StatefulPersistenceContext.java:728: error: cannot find symbol
		final EntityDescriptor ownerPersister = collectionPersister.getOwnerEntityPersister();
		                                                           ^
  symbol:   method getOwnerEntityPersister()
  location: variable collectionPersister of type PersistentCollectionDescriptor
/home/aboriero/hibernate/wip60/hibernate-orm/hibernate-core/src/main/java/org/hibernate/engine/internal/StatefulPersistenceContext.java:730: error: cannot find symbol
			return getEntity( session.generateEntityKey( key, collectionPersister.getOwnerEntityPersister() ) );
			                                                                     ^
  symbol:   method getOwnerEntityPersister()
  location: variable collectionPersister of type PersistentCollectionDescriptor
/home/aboriero/hibernate/wip60/hibernate-orm/hibernate-core/src/main/java/org/hibernate/engine/internal/StatefulPersistenceContext.java:744: error: cannot find symbol
		final CollectionType collectionType = collectionPersister.getOrmType();
		      ^
  symbol:   class CollectionType
  location: class StatefulPersistenceContext
/home/aboriero/hibernate/wip60/hibernate-orm/hibernate-core/src/main/java/org/hibernate/engine/internal/StatefulPersistenceContext.java:744: error: cannot find symbol
		final CollectionType collectionType = collectionPersister.getOrmType();
		                                                         ^
  symbol:   method getOrmType()
  location: variable collectionPersister of type PersistentCollectionDescriptor
/home/aboriero/hibernate/wip60/hibernate-orm/hibernate-core/src/main/java/org/hibernate/engine/internal/StatefulPersistenceContext.java:755: error: cannot find symbol
							collectionPersister.getKeyType(),
							                   ^
  symbol:   method getKeyType()
  location: variable collectionPersister of type PersistentCollectionDescriptor
/home/aboriero/hibernate/wip60/hibernate-orm/hibernate-core/src/main/java/org/hibernate/engine/internal/StatefulPersistenceContext.java:782: error: cannot find symbol
		return getEntity( session.generateEntityKey( key, collectionPersister.getOwnerEntityPersister() ) );
		                                                                     ^
  symbol:   method getOwnerEntityPersister()
  location: variable collectionPersister of type PersistentCollectionDescriptor
/home/aboriero/hibernate/wip60/hibernate-orm/hibernate-core/src/main/java/org/hibernate/engine/internal/StatefulPersistenceContext.java:819: error: cannot find symbol
		return ce.getLoadedPersister().getOrmType().getIdOfOwnerOrNull( ce.getLoadedKey(), session );
		                              ^
  symbol:   method getOrmType()
  location: interface PersistentCollectionDescriptor
/home/aboriero/hibernate/wip60/hibernate-orm/hibernate-core/src/main/java/org/hibernate/engine/internal/StatefulPersistenceContext.java:826: error: cannot find symbol
		if ( persister.getBatchSize() > 1 ) {
		              ^
  symbol:   method getBatchSize()
  location: variable persister of type PersistentCollectionDescriptor
/home/aboriero/hibernate/wip60/hibernate-orm/hibernate-core/src/main/java/org/hibernate/engine/internal/StatefulPersistenceContext.java:835: error: cannot find symbol
		if ( persister.getBatchSize() > 1 ) {
		              ^
  symbol:   method getBatchSize()
  location: variable persister of type PersistentCollectionDescriptor
/home/aboriero/hibernate/wip60/hibernate-orm/hibernate-core/src/main/java/org/hibernate/engine/internal/StatefulPersistenceContext.java:1144: error: cannot find symbol
			if ( persister.isSubclassEntityName( entityEntry.getEntityName() )
			              ^
  symbol:   method isSubclassEntityName(String)
  location: variable persister of type EntityDescriptor
/home/aboriero/hibernate/wip60/hibernate-orm/hibernate-core/src/main/java/org/hibernate/engine/internal/StatefulPersistenceContext.java:1159: error: cannot find symbol
			if ( persister.isSubclassEntityName( entityEntry.getEntityName() ) ) {
			              ^
  symbol:   method isSubclassEntityName(String)
  location: variable persister of type EntityDescriptor
/home/aboriero/hibernate/wip60/hibernate-orm/hibernate-core/src/main/java/org/hibernate/engine/internal/StatefulPersistenceContext.java:1205: error: cannot find symbol
					if ( persister.isSubclassEntityName( proxy.getHibernateLazyInitializer().getEntityName() ) ) {
					              ^
  symbol:   method isSubclassEntityName(String)
  location: variable persister of type EntityDescriptor
/home/aboriero/hibernate/wip60/hibernate-orm/hibernate-core/src/main/java/org/hibernate/engine/internal/StatefulPersistenceContext.java:1250: error: cannot find symbol
				&& collectionPersister.getOrmType().contains( collection, childEntity );
				                      ^
  symbol:   method getOrmType()
  location: variable collectionPersister of type PersistentCollectionDescriptor
/home/aboriero/hibernate/wip60/hibernate-orm/hibernate-core/src/main/java/org/hibernate/engine/internal/StatefulPersistenceContext.java:1263: error: cannot find symbol
			if ( persister.isSubclassEntityName( entityEntry.getEntityName() ) ) {
			              ^
  symbol:   method isSubclassEntityName(String)
  location: variable persister of type EntityDescriptor
/home/aboriero/hibernate/wip60/hibernate-orm/hibernate-core/src/main/java/org/hibernate/engine/internal/StatefulPersistenceContext.java:1290: error: cannot find symbol
			if ( persister.isSubclassEntityName( ee.getEntityName() ) ) {
			              ^
  symbol:   method isSubclassEntityName(String)
  location: variable persister of type EntityDescriptor
/home/aboriero/hibernate/wip60/hibernate-orm/hibernate-core/src/main/java/org/hibernate/engine/internal/StatefulPersistenceContext.java:1322: error: cannot find symbol
			return collectionPersister.getOrmType().indexOf( collection, childEntity );
			                          ^
  symbol:   method getOrmType()
  location: variable collectionPersister of type PersistentCollectionDescriptor
/home/aboriero/hibernate/wip60/hibernate-orm/hibernate-core/src/main/java/org/hibernate/engine/internal/StatefulPersistenceContext.java:1677: error: cannot find symbol
			final String rootEntityName = persister.getRootEntityName();
			                                       ^
  symbol:   method getRootEntityName()
  location: variable persister of type EntityDescriptor
/home/aboriero/hibernate/wip60/hibernate-orm/hibernate-core/src/main/java/org/hibernate/engine/internal/StatefulPersistenceContext.java:1692: error: cannot find symbol
				final List<Serializable> insertedEntityIds = insertedKeysMap.get( persister.getRootEntityName() );
				                                                                           ^
  symbol:   method getRootEntityName()
  location: variable persister of type EntityDescriptor
/home/aboriero/hibernate/wip60/hibernate-orm/hibernate-core/src/main/java/org/hibernate/engine/internal/StatefulPersistenceContext.java:1719: error: cannot find symbol
			if ( !persister.hasNaturalIdentifier() ) {
			               ^
  symbol:   method hasNaturalIdentifier()
  location: variable persister of type EntityDescriptor
/home/aboriero/hibernate/wip60/hibernate-orm/hibernate-core/src/main/java/org/hibernate/engine/internal/StatefulPersistenceContext.java:1732: error: cannot find symbol
			if ( justAddedLocally && persister.hasNaturalIdCache() ) {
			                                  ^
  symbol:   method hasNaturalIdCache()
  location: variable persister of type EntityDescriptor
/home/aboriero/hibernate/wip60/hibernate-orm/hibernate-core/src/main/java/org/hibernate/engine/internal/StatefulPersistenceContext.java:1744: error: cannot find symbol
			if ( !persister.hasNaturalIdentifier() ) {
			               ^
  symbol:   method hasNaturalIdentifier()
  location: variable persister of type EntityDescriptor
/home/aboriero/hibernate/wip60/hibernate-orm/hibernate-core/src/main/java/org/hibernate/engine/internal/StatefulPersistenceContext.java:1763: error: cannot find symbol
			if ( !persister.hasNaturalIdentifier() ) {
			               ^
  symbol:   method hasNaturalIdentifier()
  location: variable persister of type EntityDescriptor
/home/aboriero/hibernate/wip60/hibernate-orm/hibernate-core/src/main/java/org/hibernate/engine/internal/StatefulPersistenceContext.java:1768: error: cannot find symbol
			if ( !persister.hasNaturalIdCache() ) {
			               ^
  symbol:   method hasNaturalIdCache()
  location: variable persister of type EntityDescriptor
/home/aboriero/hibernate/wip60/hibernate-orm/hibernate-core/src/main/java/org/hibernate/engine/internal/StatefulPersistenceContext.java:1786: error: cannot find symbol
			final NaturalIdRegionAccessStrategy naturalIdCacheAccessStrategy = persister.getNaturalIdCacheAccessStrategy();
			                                                                            ^
  symbol:   method getNaturalIdCacheAccessStrategy()
  location: variable persister of type EntityDescriptor
/home/aboriero/hibernate/wip60/hibernate-orm/hibernate-core/src/main/java/org/hibernate/engine/internal/StatefulPersistenceContext.java:1886: error: cannot find symbol
			if ( !persister.hasNaturalIdentifier() ) {
			               ^
  symbol:   method hasNaturalIdentifier()
  location: variable persister of type EntityDescriptor
/home/aboriero/hibernate/wip60/hibernate-orm/hibernate-core/src/main/java/org/hibernate/engine/internal/StatefulPersistenceContext.java:1905: error: cannot find symbol
			if ( !persister.hasNaturalIdentifier() ) {
			               ^
  symbol:   method hasNaturalIdentifier()
  location: variable persister of type EntityDescriptor
/home/aboriero/hibernate/wip60/hibernate-orm/hibernate-core/src/main/java/org/hibernate/engine/internal/StatefulPersistenceContext.java:1910: error: cannot find symbol
			if ( ! persister.hasNaturalIdCache() ) {
			                ^
  symbol:   method hasNaturalIdCache()
  location: variable persister of type EntityDescriptor
/home/aboriero/hibernate/wip60/hibernate-orm/hibernate-core/src/main/java/org/hibernate/engine/internal/StatefulPersistenceContext.java:1920: error: cannot find symbol
			final NaturalIdRegionAccessStrategy naturalIdCacheAccessStrategy = persister.getNaturalIdCacheAccessStrategy();
			                                                                            ^
  symbol:   method getNaturalIdCacheAccessStrategy()
  location: variable persister of type EntityDescriptor
/home/aboriero/hibernate/wip60/hibernate-orm/hibernate-core/src/main/java/org/hibernate/engine/internal/StatefulPersistenceContext.java:1943: error: cannot find symbol
			final int[] naturalIdPropertyIndexes = persister.getNaturalIdentifierProperties();
			                                                ^
  symbol:   method getNaturalIdentifierProperties()
  location: variable persister of type EntityDescriptor
/home/aboriero/hibernate/wip60/hibernate-orm/hibernate-core/src/main/java/org/hibernate/engine/internal/StatefulPersistenceContext.java:1964: error: cannot find symbol
			final int[] naturalIdentifierProperties = persister.getNaturalIdentifierProperties();
			                                                   ^
  symbol:   method getNaturalIdentifierProperties()
  location: variable persister of type EntityDescriptor
/home/aboriero/hibernate/wip60/hibernate-orm/hibernate-core/src/main/java/org/hibernate/engine/internal/StatefulPersistenceContext.java:1981: error: cannot find symbol
			if ( !persister.hasNaturalIdentifier() ) {
			               ^
  symbol:   method hasNaturalIdentifier()
  location: variable persister of type EntityDescriptor
/home/aboriero/hibernate/wip60/hibernate-orm/hibernate-core/src/main/java/org/hibernate/engine/internal/StatefulPersistenceContext.java:2029: error: cannot find symbol
		final int[] naturalIdPropertyIndexes = persister.getNaturalIdentifierProperties();
		                                                ^
  symbol:   method getNaturalIdentifierProperties()
  location: variable persister of type EntityDescriptor
/home/aboriero/hibernate/wip60/hibernate-orm/hibernate-core/src/main/java/org/hibernate/engine/internal/NaturalIdXrefDelegate.java:109: error: cannot find symbol
		if ( persister.hasNaturalIdCache() ) {
		              ^
  symbol:   method hasNaturalIdCache()
  location: variable persister of type EntityDescriptor
/home/aboriero/hibernate/wip60/hibernate-orm/hibernate-core/src/main/java/org/hibernate/engine/internal/NaturalIdXrefDelegate.java:111: error: cannot find symbol
					.getNaturalIdCacheAccessStrategy();
					^
  symbol:   method getNaturalIdCacheAccessStrategy()
  location: variable persister of type EntityDescriptor
/home/aboriero/hibernate/wip60/hibernate-orm/hibernate-core/src/main/java/org/hibernate/engine/internal/NaturalIdXrefDelegate.java:149: error: cannot find symbol
		return persistenceContext.getSession().getFactory().getEntityPersister( persister.getRootEntityName() );
		                                                                                 ^
  symbol:   method getRootEntityName()
  location: variable persister of type EntityDescriptor
/home/aboriero/hibernate/wip60/hibernate-orm/hibernate-core/src/main/java/org/hibernate/engine/internal/NaturalIdXrefDelegate.java:162: error: cannot find symbol
		if ( !persister.hasNaturalIdentifier() ) {
		               ^
  symbol:   method hasNaturalIdentifier()
  location: variable persister of type EntityDescriptor
/home/aboriero/hibernate/wip60/hibernate-orm/hibernate-core/src/main/java/org/hibernate/engine/internal/NaturalIdXrefDelegate.java:165: error: cannot find symbol
		if ( persister.getNaturalIdentifierProperties().length != naturalIdValues.length ) {
		              ^
  symbol:   method getNaturalIdentifierProperties()
  location: variable persister of type EntityDescriptor
/home/aboriero/hibernate/wip60/hibernate-orm/hibernate-core/src/main/java/org/hibernate/engine/internal/NaturalIdXrefDelegate.java:221: error: cannot find symbol
									persister.getRootEntityName() + "#[" +
									         ^
  symbol:   method getRootEntityName()
  location: variable persister of type EntityDescriptor
/home/aboriero/hibernate/wip60/hibernate-orm/hibernate-core/src/main/java/org/hibernate/engine/internal/NaturalIdXrefDelegate.java:236: error: cannot find symbol
		if ( !persister.hasNaturalIdCache() ) {
		               ^
  symbol:   method hasNaturalIdCache()
  location: variable persister of type EntityDescriptor
/home/aboriero/hibernate/wip60/hibernate-orm/hibernate-core/src/main/java/org/hibernate/engine/internal/NaturalIdXrefDelegate.java:241: error: cannot find symbol
		final NaturalIdRegionAccessStrategy naturalIdCacheAccessStrategy = persister.getNaturalIdCacheAccessStrategy();
		                                                                            ^
  symbol:   method getNaturalIdCacheAccessStrategy()
  location: variable persister of type EntityDescriptor
/home/aboriero/hibernate/wip60/hibernate-orm/hibernate-core/src/main/java/org/hibernate/engine/internal/NaturalIdXrefDelegate.java:261: error: cannot find symbol
						persister.getRootEntityName()
						         ^
  symbol:   method getRootEntityName()
  location: variable persister of type EntityDescriptor
/home/aboriero/hibernate/wip60/hibernate-orm/hibernate-core/src/main/java/org/hibernate/engine/internal/NaturalIdXrefDelegate.java:359: error: cannot find symbol
			final int[] naturalIdPropertyIndexes = persister.getNaturalIdentifierProperties();
			                                                ^
  symbol:   method getNaturalIdentifierProperties()
  location: variable persister of type EntityDescriptor
/home/aboriero/hibernate/wip60/hibernate-orm/hibernate-core/src/main/java/org/hibernate/engine/internal/NaturalIdXrefDelegate.java:365: error: cannot find symbol
				final int elementHashCode = values[i] == null ? 0 : type.getHashCode( values[i] );
				                                                        ^
  symbol:   method getHashCode(Object)
  location: variable type of type Type
/home/aboriero/hibernate/wip60/hibernate-orm/hibernate-core/src/main/java/org/hibernate/engine/internal/NaturalIdXrefDelegate.java:401: error: cannot find symbol
				if ( ! naturalIdTypes[i].isEqual( values[i], otherValues[i], persister.getFactory() ) ) {
				                        ^
  symbol:   method isEqual(Object,Object,SessionFactoryImplementor)
  location: interface Type
/home/aboriero/hibernate/wip60/hibernate-orm/hibernate-core/src/main/java/org/hibernate/engine/internal/NaturalIdXrefDelegate.java:424: error: cannot find symbol
			final int[] naturalIdPropertyIndexes = persister.getNaturalIdentifierProperties();
			                                                ^
  symbol:   method getNaturalIdentifierProperties()
  location: variable persister of type EntityDescriptor
/home/aboriero/hibernate/wip60/hibernate-orm/hibernate-core/src/main/java/org/hibernate/engine/internal/JoinSequence.java:184: error: cannot find symbol
		Joinable last;
		^
  symbol:   class Joinable
  location: class JoinSequence
/home/aboriero/hibernate/wip60/hibernate-orm/hibernate-core/src/main/java/org/hibernate/engine/internal/JoinSequence.java:321: error: cannot find symbol
					&& ((QueryableCollection) last).getElementType() == join.getAssociationType() ) {
					     ^
  symbol:   class QueryableCollection
  location: class JoinSequence
/home/aboriero/hibernate/wip60/hibernate-orm/hibernate-core/src/main/java/org/hibernate/engine/internal/JoinSequence.java:325: error: cannot find symbol
				final String manyToManyFilter = ( (QueryableCollection) last ).getManyToManyFilterFragment(
				                                   ^
  symbol:   class QueryableCollection
  location: class JoinSequence
/home/aboriero/hibernate/wip60/hibernate-orm/hibernate-core/src/main/java/org/hibernate/engine/internal/JoinSequence.java:382: error: cannot find symbol
			return ( (QueryableCollection) joinable ).isManyToMany();
			          ^
  symbol:   class QueryableCollection
  location: class JoinSequence
/home/aboriero/hibernate/wip60/hibernate-orm/hibernate-core/src/main/java/org/hibernate/engine/internal/ParameterBinder.java:102: error: cannot find symbol
			types[i].nullSafeSet( st, values[i], start + span, session );
			        ^
  symbol:   method nullSafeSet(PreparedStatement,Object,int,SessionImplementor)
  location: interface Type
/home/aboriero/hibernate/wip60/hibernate-orm/hibernate-core/src/main/java/org/hibernate/engine/internal/ParameterBinder.java:103: error: cannot find symbol
			span += types[i].getColumnSpan();
			                ^
  symbol:   method getColumnSpan()
  location: interface Type
/home/aboriero/hibernate/wip60/hibernate-orm/hibernate-core/src/main/java/org/hibernate/engine/internal/ParameterBinder.java:142: error: cannot find symbol
					typedVal.getType().nullSafeSet( ps, typedVal.getValue(), location + start, session );
					                  ^
  symbol:   method nullSafeSet(PreparedStatement,Object,int,SessionImplementor)
  location: interface Type
/home/aboriero/hibernate/wip60/hibernate-orm/hibernate-core/src/main/java/org/hibernate/engine/internal/UnsavedValueFactory.java:93: error: cannot find symbol
						.fromString( unsavedValue ) );
						^
  symbol:   method fromString(String)
  location: interface JavaTypeDescriptor
/home/aboriero/hibernate/wip60/hibernate-orm/hibernate-core/src/main/java/org/hibernate/engine/internal/UnsavedValueFactory.java:96: error: cannot find symbol
				throw new MappingException( "Bad identifier type: " + identifierType.getName() );
				                                                                    ^
  symbol:   method getName()
  location: variable identifierType of type Type
/home/aboriero/hibernate/wip60/hibernate-orm/hibernate-core/src/main/java/org/hibernate/engine/internal/AbstractEntityEntry.java:275: error: cannot find symbol
			getPersister().setPropertyValue( entity, getPersister().getVersionProperty(), nextVersion );
			                                                       ^
  symbol:   method getVersionProperty()
  location: interface EntityDescriptor
/home/aboriero/hibernate/wip60/hibernate-orm/hibernate-core/src/main/java/org/hibernate/engine/internal/AbstractEntityEntry.java:319: error: cannot find symbol
			final int propertyIndex = ( (UniqueKeyLoadable) persister ).getPropertyIndex( propertyName );
			                             ^
  symbol:   class UniqueKeyLoadable
  location: class AbstractEntityEntry
/home/aboriero/hibernate/wip60/hibernate-orm/hibernate-core/src/main/java/org/hibernate/engine/internal/AbstractEntityEntry.java:331: error: cannot find symbol
			final int propertyIndex = ( (UniqueKeyLoadable) persister ).getPropertyIndex( propertyName );
			                             ^
  symbol:   class UniqueKeyLoadable
  location: class AbstractEntityEntry
/home/aboriero/hibernate/wip60/hibernate-orm/hibernate-core/src/main/java/org/hibernate/engine/internal/AbstractEntityEntry.java:354: error: cannot find symbol
		if ( getPersister().hasMutableProperties() ) {
		                   ^
  symbol:   method hasMutableProperties()
  location: interface EntityDescriptor
/home/aboriero/hibernate/wip60/hibernate-orm/hibernate-core/src/main/java/org/hibernate/engine/internal/AbstractEntityEntry.java:365: error: cannot find symbol
		return getPersister().isMutable()
		                     ^
  symbol:   method isMutable()
  location: interface EntityDescriptor
/home/aboriero/hibernate/wip60/hibernate-orm/hibernate-core/src/main/java/org/hibernate/engine/internal/AbstractEntityEntry.java:373: error: cannot find symbol
		loadedState[ persister.getVersionProperty() ] = version;
		                      ^
  symbol:   method getVersionProperty()
  location: variable persister of type EntityDescriptor
/home/aboriero/hibernate/wip60/hibernate-orm/hibernate-core/src/main/java/org/hibernate/engine/internal/AbstractEntityEntry.java:377: error: cannot find symbol
		persister.setPropertyValue( entity, getPersister().getVersionProperty(), nextVersion );
		                                                  ^
  symbol:   method getVersionProperty()
  location: interface EntityDescriptor
/home/aboriero/hibernate/wip60/hibernate-orm/hibernate-core/src/main/java/org/hibernate/engine/internal/AbstractEntityEntry.java:400: error: cannot find symbol
			if ( ! persister.isMutable() ) {
			                ^
  symbol:   method isMutable()
  location: variable persister of type EntityDescriptor
/home/aboriero/hibernate/wip60/hibernate-orm/hibernate-core/src/main/java/org/hibernate/engine/internal/Cascade.java:77: error: cannot find symbol
		if ( persister.hasCascades() || action.requiresNoCascadeChecking() ) { // performance opt
		              ^
  symbol:   method hasCascades()
  location: variable persister of type EntityDescriptor
/home/aboriero/hibernate/wip60/hibernate-orm/hibernate-core/src/main/java/org/hibernate/engine/internal/Cascade.java:152: error: cannot find symbol
			if ( type.isAssociationType() ) {
			         ^
  symbol:   method isAssociationType()
  location: variable type of type Type
/home/aboriero/hibernate/wip60/hibernate-orm/hibernate-core/src/main/java/org/hibernate/engine/internal/Cascade.java:153: error: cannot find symbol
				final AssociationType associationType = (AssociationType) type;
				      ^
  symbol:   class AssociationType
  location: class Cascade
/home/aboriero/hibernate/wip60/hibernate-orm/hibernate-core/src/main/java/org/hibernate/engine/internal/Cascade.java:153: error: cannot find symbol
				final AssociationType associationType = (AssociationType) type;
				                                         ^
  symbol:   class AssociationType
  location: class Cascade
/home/aboriero/hibernate/wip60/hibernate-orm/hibernate-core/src/main/java/org/hibernate/engine/internal/Cascade.java:169: error: cannot find symbol
			else if ( type.isComponentType() ) {
			              ^
  symbol:   method isComponentType()
  location: variable type of type Type
/home/aboriero/hibernate/wip60/hibernate-orm/hibernate-core/src/main/java/org/hibernate/engine/internal/Cascade.java:177: error: cannot find symbol
						(EmbeddedType) type,
						 ^
  symbol:   class EmbeddedType
  location: class Cascade
/home/aboriero/hibernate/wip60/hibernate-orm/hibernate-core/src/main/java/org/hibernate/engine/internal/Cascade.java:231: error: cannot find symbol
							if (type.isAssociationType() && ((AssociationType)type).getForeignKeyDirection().equals(
							        ^
  symbol:   method isAssociationType()
  location: variable type of type Type
/home/aboriero/hibernate/wip60/hibernate-orm/hibernate-core/src/main/java/org/hibernate/engine/internal/Cascade.java:231: error: cannot find symbol
							if (type.isAssociationType() && ((AssociationType)type).getForeignKeyDirection().equals(
							                                  ^
  symbol:   class AssociationType
  location: class Cascade
/home/aboriero/hibernate/wip60/hibernate-orm/hibernate-core/src/main/java/org/hibernate/engine/internal/Cascade.java:259: error: cannot find symbol
		return type.getClassification().equals( Type.Classification.ENTITY ) && ( (EntityType) type ).isLogicalOneToOne();
		                                                                           ^
  symbol:   class EntityType
  location: class Cascade
/home/aboriero/hibernate/wip60/hibernate-orm/hibernate-core/src/main/java/org/hibernate/engine/internal/Cascade.java:329: error: cannot find symbol
					(CollectionType) type
					 ^
  symbol:   class CollectionType
  location: class Cascade
/home/aboriero/hibernate/wip60/hibernate-orm/hibernate-core/src/main/java/org/hibernate/engine/internal/Cascade.java:348: error: cannot find symbol
		final Type elemType = (Type) persister.getElementType();
		                                      ^
  symbol:   method getElementType()
  location: variable persister of type PersistentCollectionDescriptor
/home/aboriero/hibernate/wip60/hibernate-orm/hibernate-core/src/main/java/org/hibernate/engine/internal/Cascade.java:358: error: cannot find symbol
				|| elemType.isComponentType() ) {
				           ^
  symbol:   method isComponentType()
  location: variable elemType of type Type
/home/aboriero/hibernate/wip60/hibernate-orm/hibernate-core/src/main/java/org/hibernate/engine/internal/Cascade.java:370: error: cannot find symbol
				persister.isCascadeDeleteEnabled()
				         ^
  symbol:   method isCascadeDeleteEnabled()
  location: variable persister of type PersistentCollectionDescriptor
/home/aboriero/hibernate/wip60/hibernate-orm/hibernate-core/src/main/java/org/hibernate/engine/internal/Cascade.java:388: error: cannot find symbol
				? ( (EntityType) type ).getAssociatedEntityName()
				     ^
  symbol:   class EntityType
  location: class Cascade
/home/aboriero/hibernate/wip60/hibernate-orm/hibernate-core/src/main/java/org/hibernate/engine/internal/Cascade.java:417: error: cannot find symbol
		final boolean reallyDoCascade = style.reallyDoCascade( action ) && child != CollectionType.UNFETCHED_COLLECTION;
		                                                                            ^
  symbol:   variable CollectionType
  location: class Cascade
/home/aboriero/hibernate/wip60/hibernate-orm/hibernate-core/src/main/java/org/hibernate/engine/internal/Collections.java:71: error: cannot find symbol
			Serializable ownerId = loadedPersister.getOwnerEntityPersister().getIdentifier( coll.getOwner(), session );
			                                      ^
  symbol:   method getOwnerEntityPersister()
  location: variable loadedPersister of type PersistentCollectionDescriptor
/home/aboriero/hibernate/wip60/hibernate-orm/hibernate-core/src/main/java/org/hibernate/engine/internal/Collections.java:86: error: cannot find symbol
			final EntityKey key = session.generateEntityKey( ownerId, loadedPersister.getOwnerEntityPersister() );
			                                                                         ^
  symbol:   method getOwnerEntityPersister()
  location: variable loadedPersister of type PersistentCollectionDescriptor
/home/aboriero/hibernate/wip60/hibernate-orm/hibernate-core/src/main/java/org/hibernate/engine/internal/Collections.java:91: error: cannot find symbol
						loadedPersister.getRole()
						               ^
  symbol:   method getRole()
  location: variable loadedPersister of type PersistentCollectionDescriptor
/home/aboriero/hibernate/wip60/hibernate-orm/hibernate-core/src/main/java/org/hibernate/engine/internal/Collections.java:99: error: cannot find symbol
						loadedPersister.getRole()
						               ^
  symbol:   method getRole()
  location: variable loadedPersister of type PersistentCollectionDescriptor
/home/aboriero/hibernate/wip60/hibernate-orm/hibernate-core/src/main/java/org/hibernate/engine/internal/Collections.java:166: error: cannot find symbol
		final boolean isBytecodeEnhanced = persister.getOwnerEntityPersister().getEntityMetamodel().getBytecodeEnhancementMetadata().isEnhancedForLazyLoading();
		                                            ^
  symbol:   method getOwnerEntityPersister()
  location: variable persister of type PersistentCollectionDescriptor
/home/aboriero/hibernate/wip60/hibernate-orm/hibernate-core/src/main/java/org/hibernate/engine/internal/Collections.java:250: error: cannot find symbol
					|| !currentPersister.getKeyType().isEqual( entry.getLoadedKey(), entry.getCurrentKey(), factory );
					                    ^
  symbol:   method getKeyType()
  location: variable currentPersister of type PersistentCollectionDescriptor
/home/aboriero/hibernate/wip60/hibernate-orm/hibernate-core/src/main/java/org/hibernate/engine/internal/Collections.java:260: error: cannot find symbol
									+ loadedPersister.getRole()
									                 ^
  symbol:   method getRole()
  location: variable loadedPersister of type PersistentCollectionDescriptor
/home/aboriero/hibernate/wip60/hibernate-orm/hibernate-core/src/main/java/org/hibernate/engine/internal/ForeignKeys.java:82: error: cannot find symbol
				final EntityType entityType = (EntityType) type;
				      ^
  symbol:   class EntityType
  location: class Nullifier
/home/aboriero/hibernate/wip60/hibernate-orm/hibernate-core/src/main/java/org/hibernate/engine/internal/ForeignKeys.java:82: error: cannot find symbol
				final EntityType entityType = (EntityType) type;
				                               ^
  symbol:   class EntityType
  location: class Nullifier
/home/aboriero/hibernate/wip60/hibernate-orm/hibernate-core/src/main/java/org/hibernate/engine/internal/ForeignKeys.java:94: error: cannot find symbol
			else if ( type.isComponentType() ) {
			              ^
  symbol:   method isComponentType()
  location: variable type of type Type
/home/aboriero/hibernate/wip60/hibernate-orm/hibernate-core/src/main/java/org/hibernate/engine/internal/ForeignKeys.java:95: error: cannot find symbol
				final EmbeddedType actype = (EmbeddedType) type;
				      ^
  symbol:   class EmbeddedType
  location: class Nullifier
/home/aboriero/hibernate/wip60/hibernate-orm/hibernate-core/src/main/java/org/hibernate/engine/internal/ForeignKeys.java:95: error: cannot find symbol
				final EmbeddedType actype = (EmbeddedType) type;
				                             ^
  symbol:   class EmbeddedType
  location: class Nullifier
/home/aboriero/hibernate/wip60/hibernate-orm/hibernate-core/src/main/java/org/hibernate/engine/internal/ForeignKeys.java:343: error: cannot find symbol
			final EntityType entityType = (EntityType) type;
			      ^
  symbol:   class EntityType
  location: class ForeignKeys
/home/aboriero/hibernate/wip60/hibernate-orm/hibernate-core/src/main/java/org/hibernate/engine/internal/ForeignKeys.java:343: error: cannot find symbol
			final EntityType entityType = (EntityType) type;
			                               ^
  symbol:   class EntityType
  location: class ForeignKeys
/home/aboriero/hibernate/wip60/hibernate-orm/hibernate-core/src/main/java/org/hibernate/engine/internal/ForeignKeys.java:355: error: cannot find symbol
		else if ( type.isComponentType() ) {
		              ^
  symbol:   method isComponentType()
  location: variable type of type Type
/home/aboriero/hibernate/wip60/hibernate-orm/hibernate-core/src/main/java/org/hibernate/engine/internal/ForeignKeys.java:356: error: cannot find symbol
			final EmbeddedType actype = (EmbeddedType) type;
			      ^
  symbol:   class EmbeddedType
  location: class ForeignKeys
/home/aboriero/hibernate/wip60/hibernate-orm/hibernate-core/src/main/java/org/hibernate/engine/internal/ForeignKeys.java:356: error: cannot find symbol
			final EmbeddedType actype = (EmbeddedType) type;
			                             ^
  symbol:   class EmbeddedType
  location: class ForeignKeys
/home/aboriero/hibernate/wip60/hibernate-orm/hibernate-core/src/main/java/org/hibernate/engine/internal/Nullability.java:125: error: cannot find symbol
		if ( propertyType.isComponentType() ) {
		                 ^
  symbol:   method isComponentType()
  location: variable propertyType of type Type
/home/aboriero/hibernate/wip60/hibernate-orm/hibernate-core/src/main/java/org/hibernate/engine/internal/Nullability.java:126: error: cannot find symbol
			return checkComponentNullability( value, (EmbeddedType) propertyType );
			                                          ^
  symbol:   class EmbeddedType
  location: class Nullability
/home/aboriero/hibernate/wip60/hibernate-orm/hibernate-core/src/main/java/org/hibernate/engine/internal/Nullability.java:131: error: cannot find symbol
			final CollectionType collectionType = (CollectionType) propertyType;
			      ^
  symbol:   class CollectionType
  location: class Nullability
/home/aboriero/hibernate/wip60/hibernate-orm/hibernate-core/src/main/java/org/hibernate/engine/internal/Nullability.java:131: error: cannot find symbol
			final CollectionType collectionType = (CollectionType) propertyType;
			                                       ^
  symbol:   class CollectionType
  location: class Nullability
/home/aboriero/hibernate/wip60/hibernate-orm/hibernate-core/src/main/java/org/hibernate/engine/internal/Nullability.java:134: error: cannot find symbol
			if ( collectionElementType.isComponentType() ) {
			                          ^
  symbol:   method isComponentType()
  location: variable collectionElementType of type Type
/home/aboriero/hibernate/wip60/hibernate-orm/hibernate-core/src/main/java/org/hibernate/engine/internal/Nullability.java:136: error: cannot find symbol
				final EmbeddedType componentType = (EmbeddedType) collectionElementType;
				      ^
  symbol:   class EmbeddedType
  location: class Nullability
/home/aboriero/hibernate/wip60/hibernate-orm/hibernate-core/src/main/java/org/hibernate/engine/internal/Nullability.java:136: error: cannot find symbol
				final EmbeddedType componentType = (EmbeddedType) collectionElementType;
				                                    ^
  symbol:   class EmbeddedType
  location: class Nullability
/home/aboriero/hibernate/wip60/hibernate-orm/hibernate-core/src/main/java/org/hibernate/engine/internal/TwoPhaseLoad.java:96: error: cannot find symbol
					? persister.getVersionType().toLoggableString( version, session.getFactory() )
					           ^
  symbol:   method getVersionType()
  location: variable persister of type EntityDescriptor
/home/aboriero/hibernate/wip60/hibernate-orm/hibernate-core/src/main/java/org/hibernate/engine/internal/TwoPhaseLoad.java:151: error: cannot find symbol
				hydratedState[i] = types[i].resolve( value, session, entity );
				                           ^
  symbol:   method resolve(Object,SharedSessionContractImplementor,Object)
  location: interface Type
/home/aboriero/hibernate/wip60/hibernate-orm/hibernate-core/src/main/java/org/hibernate/engine/internal/TwoPhaseLoad.java:224: error: cannot find symbol
		if ( persister.hasNaturalIdentifier() ) {
		              ^
  symbol:   method hasNaturalIdentifier()
  location: variable persister of type EntityDescriptor
/home/aboriero/hibernate/wip60/hibernate-orm/hibernate-core/src/main/java/org/hibernate/engine/internal/TwoPhaseLoad.java:233: error: cannot find symbol
		if ( !persister.isMutable() ) {
		               ^
  symbol:   method isMutable()
  location: variable persister of type EntityDescriptor
/home/aboriero/hibernate/wip60/hibernate-orm/hibernate-core/src/main/java/org/hibernate/engine/internal/TwoPhaseLoad.java:253: error: cannot find symbol
			TypeHelper.deepCopy(
			^
  symbol:   variable TypeHelper
  location: class TwoPhaseLoad
/home/aboriero/hibernate/wip60/hibernate-orm/hibernate-core/src/main/java/org/hibernate/engine/internal/TwoPhaseLoad.java:317: error: cannot find symbol
			return entityEntry.getPersister().hasLazyProperties()
			                                 ^
  symbol:   method hasLazyProperties()
  location: interface EntityDescriptor
/home/aboriero/hibernate/wip60/hibernate-orm/hibernate-core/src/main/java/org/hibernate/engine/internal/Versioning.java:96: error: method toLoggableString in interface VersionSupport<T> cannot be applied to given types;
					versionType.toLoggableString( version, session.getFactory() ),
					           ^
  required: Object
  found: Object,SessionFactoryImplementor
  reason: actual and formal argument lists differ in length
  where T is a type-variable:
    T extends Object declared in interface VersionSupport
/home/aboriero/hibernate/wip60/hibernate-orm/hibernate-core/src/main/java/org/hibernate/engine/internal/Versioning.java:97: error: method toLoggableString in interface VersionSupport<T> cannot be applied to given types;
					versionType.toLoggableString( next, session.getFactory() )
					           ^
  required: Object
  found: Object,SessionFactoryImplementor
  reason: actual and formal argument lists differ in length
  where T is a type-variable:
    T extends Object declared in interface VersionSupport
/home/aboriero/hibernate/wip60/hibernate-orm/hibernate-core/src/main/java/org/hibernate/engine/internal/Versioning.java:114: error: cannot find symbol
		fields[ persister.getVersionProperty() ] = version;
		                 ^
  symbol:   method getVersionProperty()
  location: variable persister of type EntityDescriptor
/home/aboriero/hibernate/wip60/hibernate-orm/hibernate-core/src/main/java/org/hibernate/engine/internal/Versioning.java:128: error: cannot find symbol
		return fields[ persister.getVersionProperty() ];
		                        ^
  symbol:   method getVersionProperty()
  location: variable persister of type EntityDescriptor
/home/aboriero/hibernate/wip60/hibernate-orm/hibernate-core/src/main/java/org/hibernate/engine/internal/JoinHelper.java:93: error: cannot find symbol
				return ( (PropertyMapping) lhsPersister ).toColumns( columnQualifier, propertyName );
				          ^
  symbol:   class PropertyMapping
  location: class JoinHelper
/home/aboriero/hibernate/wip60/hibernate-orm/hibernate-core/src/main/java/org/hibernate/engine/internal/JoinHelper.java:209: error: cannot find symbol
		final Joinable joinable = type.getAssociatedJoinable( factory );
		      ^
  symbol:   class Joinable
  location: class JoinHelper
/home/aboriero/hibernate/wip60/hibernate-orm/hibernate-core/src/main/java/org/hibernate/engine/internal/JoinHelper.java:214: error: cannot find symbol
			return ( (OuterJoinLoadable) joinable ).getPropertyColumnNames( uniqueKeyPropertyName );
			          ^
  symbol:   class OuterJoinLoadable
  location: class JoinHelper
/home/aboriero/hibernate/wip60/hibernate-orm/hibernate-core/src/main/java/org/hibernate/engine/query/spi/NativeSQLQueryPlan.java:99: error: cannot find symbol
			types[i].nullSafeSet( st, values[i], start + span, session );
			        ^
  symbol:   method nullSafeSet(PreparedStatement,Object,int,SharedSessionContractImplementor)
  location: interface Type
/home/aboriero/hibernate/wip60/hibernate-orm/hibernate-core/src/main/java/org/hibernate/engine/query/spi/NativeSQLQueryPlan.java:100: error: cannot find symbol
			span += types[i].getColumnSpan();
			                ^
  symbol:   method getColumnSpan()
  location: interface Type
/home/aboriero/hibernate/wip60/hibernate-orm/hibernate-core/src/main/java/org/hibernate/engine/query/spi/NativeSQLQueryPlan.java:136: error: cannot find symbol
					typedval.getType().nullSafeSet(
					                  ^
  symbol:   method nullSafeSet(PreparedStatement,Object,int,SharedSessionContractImplementor)
  location: interface Type
/home/aboriero/hibernate/wip60/hibernate-orm/hibernate-core/src/main/java/org/hibernate/engine/query/spi/QueryPlanCache.java:105: error: cannot find symbol
		parameterMetadataCache = new BoundedConcurrentHashMap<String, OldParameterMetadataImpl>(
		                                                              ^
  symbol:   class OldParameterMetadataImpl
  location: class QueryPlanCache
/home/aboriero/hibernate/wip60/hibernate-orm/hibernate-core/src/main/java/org/hibernate/engine/query/spi/QueryPlanCache.java:125: error: cannot find symbol
		OldParameterMetadataImpl value = parameterMetadataCache.get( query );
		^
  symbol:   class OldParameterMetadataImpl
  location: class QueryPlanCache
/home/aboriero/hibernate/wip60/hibernate-orm/hibernate-core/src/main/java/org/hibernate/engine/query/spi/QueryPlanCache.java:127: error: cannot find symbol
			value = nativeQueryInterpreterService.getParameterMetadata( query );
			                                     ^
  symbol:   method getParameterMetadata(String)
  location: variable nativeQueryInterpreterService of type NativeQueryInterpreter
/home/aboriero/hibernate/wip60/hibernate-orm/hibernate-core/src/main/java/org/hibernate/engine/query/spi/NamedParameterDescriptor.java:19: error: NamedParameterDescriptor is not abstract and does not override abstract method getHibernateType() in QueryParameter
public class NamedParameterDescriptor implements QueryParameter {
       ^
/home/aboriero/hibernate/wip60/hibernate-orm/hibernate-core/src/main/java/org/hibernate/engine/query/spi/NamedParameterDescriptor.java:71: error: method does not override or implement a method from a supertype
	@Override
	^
/home/aboriero/hibernate/wip60/hibernate-orm/hibernate-core/src/main/java/org/hibernate/engine/query/spi/OrdinalParameterDescriptor.java:19: error: OrdinalParameterDescriptor is not abstract and does not override abstract method getHibernateType() in QueryParameter
public class OrdinalParameterDescriptor implements QueryParameter {
       ^
/home/aboriero/hibernate/wip60/hibernate-orm/hibernate-core/src/main/java/org/hibernate/engine/query/spi/OrdinalParameterDescriptor.java:49: error: method does not override or implement a method from a supertype
	@Override
	^
/home/aboriero/hibernate/wip60/hibernate-orm/hibernate-core/src/main/java/org/hibernate/engine/query/spi/OrdinalParameterDescriptor.java:69: error: method does not override or implement a method from a supertype
	@Override
	^
/home/aboriero/hibernate/wip60/hibernate-orm/hibernate-core/src/main/java/org/hibernate/engine/spi/CascadingActions.java:63: error: cannot find symbol
				CollectionType collectionType,
				^
  symbol: class CollectionType
/home/aboriero/hibernate/wip60/hibernate-orm/hibernate-core/src/main/java/org/hibernate/engine/spi/CascadingActions.java:111: error: cannot find symbol
				CollectionType collectionType,
				^
  symbol: class CollectionType
/home/aboriero/hibernate/wip60/hibernate-orm/hibernate-core/src/main/java/org/hibernate/engine/spi/CascadingActions.java:148: error: cannot find symbol
				CollectionType collectionType,
				^
  symbol: class CollectionType
/home/aboriero/hibernate/wip60/hibernate-orm/hibernate-core/src/main/java/org/hibernate/engine/spi/CascadingActions.java:184: error: cannot find symbol
				CollectionType collectionType,
				^
  symbol: class CollectionType
/home/aboriero/hibernate/wip60/hibernate-orm/hibernate-core/src/main/java/org/hibernate/engine/spi/CascadingActions.java:225: error: cannot find symbol
				CollectionType collectionType,
				^
  symbol: class CollectionType
/home/aboriero/hibernate/wip60/hibernate-orm/hibernate-core/src/main/java/org/hibernate/engine/spi/CascadingActions.java:267: error: cannot find symbol
				CollectionType collectionType,
				^
  symbol: class CollectionType
/home/aboriero/hibernate/wip60/hibernate-orm/hibernate-core/src/main/java/org/hibernate/engine/spi/CascadingActions.java:304: error: cannot find symbol
				CollectionType collectionType,
				^
  symbol: class CollectionType
/home/aboriero/hibernate/wip60/hibernate-orm/hibernate-core/src/main/java/org/hibernate/engine/spi/CascadingActions.java:351: error: cannot find symbol
		public Iterator getCascadableChildrenIterator(EventSource session, CollectionType collectionType, Object collection) {
		                                                                   ^
  symbol: class CollectionType
/home/aboriero/hibernate/wip60/hibernate-orm/hibernate-core/src/main/java/org/hibernate/engine/spi/CascadingActions.java:381: error: cannot find symbol
				String childEntityName = ( (EntityType) propertyType ).getAssociatedEntityName();
				                            ^
  symbol: class EntityType
/home/aboriero/hibernate/wip60/hibernate-orm/hibernate-core/src/main/java/org/hibernate/engine/spi/CascadingActions.java:440: error: cannot find symbol
				CollectionType collectionType,
				^
  symbol: class CollectionType
/home/aboriero/hibernate/wip60/hibernate-orm/hibernate-core/src/main/java/org/hibernate/engine/spi/SessionDelegatorBaseImpl.java:80: error: SessionDelegatorBaseImpl is not abstract and does not override abstract method resolveParameterBindType(Class) in QueryParameterBindingTypeResolver
public class SessionDelegatorBaseImpl implements SessionImplementor {
       ^
/home/aboriero/hibernate/wip60/hibernate-orm/hibernate-core/src/main/java/org/hibernate/engine/spi/SessionDelegatorBaseImpl.java:1157: error: resolveParameterBindType(Class) in SessionDelegatorBaseImpl cannot implement resolveParameterBindType(Class) in QueryParameterBindingTypeResolver
	public Type resolveParameterBindType(Class clazz) {
	            ^
  return type Type is not compatible with AllowableParameterType
/home/aboriero/hibernate/wip60/hibernate-orm/hibernate-core/src/main/java/org/hibernate/engine/spi/SessionDelegatorBaseImpl.java:1152: error: resolveParameterBindType(Object) in SessionDelegatorBaseImpl cannot implement resolveParameterBindType(Object) in QueryParameterBindingTypeResolver
	public Type resolveParameterBindType(Object bindValue) {
	            ^
  return type Type is not compatible with AllowableParameterType
/home/aboriero/hibernate/wip60/hibernate-orm/hibernate-core/src/main/java/org/hibernate/engine/spi/SessionDelegatorBaseImpl.java:1151: error: method does not override or implement a method from a supertype
	@Override
	^
/home/aboriero/hibernate/wip60/hibernate-orm/hibernate-core/src/main/java/org/hibernate/engine/spi/SessionDelegatorBaseImpl.java:1153: error: incompatible types: AllowableParameterType cannot be converted to Type
		return delegate.resolveParameterBindType( bindValue );
		                                        ^
/home/aboriero/hibernate/wip60/hibernate-orm/hibernate-core/src/main/java/org/hibernate/engine/spi/SessionDelegatorBaseImpl.java:1156: error: method does not override or implement a method from a supertype
	@Override
	^
/home/aboriero/hibernate/wip60/hibernate-orm/hibernate-core/src/main/java/org/hibernate/engine/spi/SessionDelegatorBaseImpl.java:1158: error: incompatible types: AllowableParameterType cannot be converted to Type
		return delegate.resolveParameterBindType( clazz );
		                                        ^
/home/aboriero/hibernate/wip60/hibernate-orm/hibernate-core/src/main/java/org/hibernate/event/internal/AbstractReassociateEventListener.java:61: error: cannot find symbol
		TypeHelper.deepCopy(
		^
  symbol:   variable TypeHelper
  location: class AbstractReassociateEventListener
/home/aboriero/hibernate/wip60/hibernate-orm/hibernate-core/src/main/java/org/hibernate/event/internal/AbstractReassociateEventListener.java:72: error: cannot find symbol
				( persister.isMutable() ? Status.MANAGED : Status.READ_ONLY ),
				           ^
  symbol:   method isMutable()
  location: variable persister of type EntityDescriptor
/home/aboriero/hibernate/wip60/hibernate-orm/hibernate-core/src/main/java/org/hibernate/event/internal/AbstractSaveEventListener.java:120: error: cannot find symbol
		Serializable generatedId = persister.getIdentifierGenerator().generate( source, entity );
		                                    ^
  symbol:   method getIdentifierGenerator()
  location: variable persister of type EntityDescriptor
/home/aboriero/hibernate/wip60/hibernate-orm/hibernate-core/src/main/java/org/hibernate/event/internal/AbstractSaveEventListener.java:135: error: method toLoggableString in interface Type<T> cannot be applied to given types;
						persister.getIdentifierType().toLoggableString( generatedId, source.getFactory() ),
						                             ^
  required: Object
  found: Serializable,SessionFactoryImplementor
  reason: actual and formal argument lists differ in length
  where T is a type-variable:
    T extends Object declared in interface Type
/home/aboriero/hibernate/wip60/hibernate-orm/hibernate-core/src/main/java/org/hibernate/event/internal/AbstractSaveEventListener.java:136: error: cannot find symbol
						persister.getIdentifierGenerator().getClass().getName()
						         ^
  symbol:   method getIdentifierGenerator()
  location: variable persister of type EntityDescriptor
/home/aboriero/hibernate/wip60/hibernate-orm/hibernate-core/src/main/java/org/hibernate/event/internal/AbstractSaveEventListener.java:274: error: cannot find symbol
		if ( persister.hasCollections() ) {
		              ^
  symbol:   method hasCollections()
  location: variable persister of type EntityDescriptor
/home/aboriero/hibernate/wip60/hibernate-orm/hibernate-core/src/main/java/org/hibernate/event/internal/AbstractSaveEventListener.java:282: error: cannot find symbol
		TypeHelper.deepCopy(
		^
  symbol:   variable TypeHelper
  location: class AbstractSaveEventListener
/home/aboriero/hibernate/wip60/hibernate-orm/hibernate-core/src/main/java/org/hibernate/event/internal/AbstractSaveEventListener.java:404: error: cannot find symbol
					persister.getVersionProperty(),
					         ^
  symbol:   method getVersionProperty()
  location: variable persister of type EntityDescriptor
/home/aboriero/hibernate/wip60/hibernate-orm/hibernate-core/src/main/java/org/hibernate/event/internal/AbstractSaveEventListener.java:405: error: cannot find symbol
					( (BasicType) persister.getVersionType() ).getVersionSupport(),
					                       ^
  symbol:   method getVersionType()
  location: variable persister of type EntityDescriptor
/home/aboriero/hibernate/wip60/hibernate-orm/hibernate-core/src/main/java/org/hibernate/event/internal/DefaultPersistEventListener.java:147: error: cannot find symbol
			if ( ForeignGenerator.class.isInstance( persister.getIdentifierGenerator() ) ) {
			                                                 ^
  symbol:   method getIdentifierGenerator()
  location: variable persister of type EntityDescriptor
/home/aboriero/hibernate/wip60/hibernate-orm/hibernate-core/src/main/java/org/hibernate/event/internal/DefaultSaveOrUpdateEventListener.java:127: error: cannot find symbol
						.isEqual( requestedId, entityEntry.getId(), factory );
						^
  symbol:   method isEqual(Serializable,Serializable,SessionFactoryImplementor)
  location: interface Type
/home/aboriero/hibernate/wip60/hibernate-orm/hibernate-core/src/main/java/org/hibernate/event/internal/DefaultSaveOrUpdateEventListener.java:270: error: cannot find symbol
		if ( traceEnabled && !persister.isMutable() ) {
		                               ^
  symbol:   method isMutable()
  location: variable persister of type EntityDescriptor
/home/aboriero/hibernate/wip60/hibernate-orm/hibernate-core/src/main/java/org/hibernate/event/internal/DefaultSaveOrUpdateEventListener.java:309: error: cannot find symbol
				( persister.isMutable() ? Status.MANAGED : Status.READ_ONLY ),
				           ^
  symbol:   method isMutable()
  location: variable persister of type EntityDescriptor
/home/aboriero/hibernate/wip60/hibernate-orm/hibernate-core/src/main/java/org/hibernate/event/internal/AbstractVisitor.java:104: error: cannot find symbol
			return processCollection( value, (CollectionType) type );
			                                  ^
  symbol:   class CollectionType
  location: class AbstractVisitor
/home/aboriero/hibernate/wip60/hibernate-orm/hibernate-core/src/main/java/org/hibernate/event/internal/AbstractVisitor.java:107: error: cannot find symbol
			return processEntity( value, (EntityType) type );
			                              ^
  symbol:   class EntityType
  location: class AbstractVisitor
/home/aboriero/hibernate/wip60/hibernate-orm/hibernate-core/src/main/java/org/hibernate/event/internal/AbstractVisitor.java:109: error: cannot find symbol
		else if ( type.isComponentType() ) {
		              ^
  symbol:   method isComponentType()
  location: variable type of type Type
/home/aboriero/hibernate/wip60/hibernate-orm/hibernate-core/src/main/java/org/hibernate/event/internal/AbstractVisitor.java:110: error: cannot find symbol
			return processComponent( value, (EmbeddedType) type );
			                                 ^
  symbol:   class EmbeddedType
  location: class AbstractVisitor
/home/aboriero/hibernate/wip60/hibernate-orm/hibernate-core/src/main/java/org/hibernate/event/internal/EvictVisitor.java:69: error: cannot find symbol
		if (ce.getLoadedPersister() != null && ce.getLoadedPersister().getBatchSize() > 1) {
		                                                              ^
  symbol:   method getBatchSize()
  location: interface PersistentCollectionDescriptor
/home/aboriero/hibernate/wip60/hibernate-orm/hibernate-core/src/main/java/org/hibernate/event/internal/FlushVisitor.java:29: error: cannot find symbol
		if (collection==CollectionType.UNFETCHED_COLLECTION) {
		                ^
  symbol:   variable CollectionType
  location: class FlushVisitor
/home/aboriero/hibernate/wip60/hibernate-orm/hibernate-core/src/main/java/org/hibernate/event/internal/DefaultDeleteEventListener.java:125: error: cannot find symbol
					(persister.isMutable() ? Status.MANAGED : Status.READ_ONLY),
					          ^
  symbol:   method isMutable()
  location: variable persister of type EntityDescriptor
/home/aboriero/hibernate/wip60/hibernate-orm/hibernate-core/src/main/java/org/hibernate/event/internal/DefaultDeleteEventListener.java:336: error: cannot find symbol
		TypeHelper.deepCopy( currentState, propTypes, copyability, deletedState, session );
		^
  symbol:   variable TypeHelper
  location: class DefaultDeleteEventListener
/home/aboriero/hibernate/wip60/hibernate-orm/hibernate-core/src/main/java/org/hibernate/event/internal/DefaultEvictEventListener.java:112: error: cannot find symbol
		if ( persister.hasNaturalIdentifier() ) {
		              ^
  symbol:   method hasNaturalIdentifier()
  location: variable persister of type EntityDescriptor
/home/aboriero/hibernate/wip60/hibernate-orm/hibernate-core/src/main/java/org/hibernate/event/internal/DefaultEvictEventListener.java:121: error: cannot find symbol
		if ( persister.hasCollections() ) {
		              ^
  symbol:   method hasCollections()
  location: variable persister of type EntityDescriptor
/home/aboriero/hibernate/wip60/hibernate-orm/hibernate-core/src/main/java/org/hibernate/event/internal/DefaultFlushEntityEventListener.java:69: error: cannot find symbol
		if ( persister.canExtractIdOutOfEntity() ) {
		              ^
  symbol:   method canExtractIdOutOfEntity()
  location: variable persister of type EntityDescriptor
/home/aboriero/hibernate/wip60/hibernate-orm/hibernate-core/src/main/java/org/hibernate/event/internal/DefaultFlushEntityEventListener.java:75: error: cannot find symbol
			if ( !persister.getIdentifierType().isEqual( id, oid, session.getFactory() ) ) {
			                                   ^
  symbol:   method isEqual(Serializable,Serializable,SessionFactoryImplementor)
  location: interface Type
/home/aboriero/hibernate/wip60/hibernate-orm/hibernate-core/src/main/java/org/hibernate/event/internal/DefaultFlushEntityEventListener.java:92: error: cannot find symbol
		if ( persister.hasNaturalIdentifier() && entry.getStatus() != Status.READ_ONLY ) {
		              ^
  symbol:   method hasNaturalIdentifier()
  location: variable persister of type EntityDescriptor
/home/aboriero/hibernate/wip60/hibernate-orm/hibernate-core/src/main/java/org/hibernate/event/internal/DefaultFlushEntityEventListener.java:93: error: cannot find symbol
			if ( !persister.getEntityMetamodel().hasImmutableNaturalId() ) {
			               ^
  symbol:   method getEntityMetamodel()
  location: variable persister of type EntityDescriptor
/home/aboriero/hibernate/wip60/hibernate-orm/hibernate-core/src/main/java/org/hibernate/event/internal/DefaultFlushEntityEventListener.java:99: error: cannot find symbol
			final int[] naturalIdentifierPropertiesIndexes = persister.getNaturalIdentifierProperties();
			                                                          ^
  symbol:   method getNaturalIdentifierProperties()
  location: variable persister of type EntityDescriptor
/home/aboriero/hibernate/wip60/hibernate-orm/hibernate-core/src/main/java/org/hibernate/event/internal/DefaultFlushEntityEventListener.java:124: error: method toLoggableString in interface Type<T> cannot be applied to given types;
									propertyTypes[naturalIdentifierPropertyIndex].toLoggableString(
									                                             ^
  required: Object
  found: Object,SessionFactoryImplementor
  reason: actual and formal argument lists differ in length
  where T is a type-variable:
    T extends Object declared in interface Type
/home/aboriero/hibernate/wip60/hibernate-orm/hibernate-core/src/main/java/org/hibernate/event/internal/DefaultFlushEntityEventListener.java:120: error: method toLoggableString in interface Type<T> cannot be applied to given types;
									propertyTypes[naturalIdentifierPropertyIndex].toLoggableString(
									                                             ^
  required: Object
  found: Object,SessionFactoryImplementor
  reason: actual and formal argument lists differ in length
  where T is a type-variable:
    T extends Object declared in interface Type
/home/aboriero/hibernate/wip60/hibernate-orm/hibernate-core/src/main/java/org/hibernate/event/internal/DefaultFlushEntityEventListener.java:168: error: cannot find symbol
			if ( persister.hasCollections() ) {
			              ^
  symbol:   method hasCollections()
  location: variable persister of type EntityDescriptor
/home/aboriero/hibernate/wip60/hibernate-orm/hibernate-core/src/main/java/org/hibernate/event/internal/DefaultFlushEntityEventListener.java:205: error: cannot find symbol
		if ( persister.hasCollections() ) {
		              ^
  symbol:   method hasCollections()
  location: variable persister of type EntityDescriptor
/home/aboriero/hibernate/wip60/hibernate-orm/hibernate-core/src/main/java/org/hibernate/event/internal/DefaultFlushEntityEventListener.java:259: error: cannot find symbol
				if ( !persister.isMutable() ) {
				               ^
  symbol:   method isMutable()
  location: variable persister of type EntityDescriptor
/home/aboriero/hibernate/wip60/hibernate-orm/hibernate-core/src/main/java/org/hibernate/event/internal/DefaultFlushEntityEventListener.java:379: error: cannot find symbol
		ClassMetadata metadata = sf.getClassMetadata( entity.getClass() );
		^
  symbol:   class ClassMetadata
  location: class DefaultFlushEntityEventListener
/home/aboriero/hibernate/wip60/hibernate-orm/hibernate-core/src/main/java/org/hibernate/event/internal/DefaultFlushEntityEventListener.java:379: error: cannot find symbol
		ClassMetadata metadata = sf.getClassMetadata( entity.getClass() );
		                           ^
  symbol:   method getClassMetadata(Class<CAP#1>)
  location: variable sf of type SessionFactory
  where CAP#1 is a fresh type-variable:
    CAP#1 extends Object from capture of ? extends Object
/home/aboriero/hibernate/wip60/hibernate-orm/hibernate-core/src/main/java/org/hibernate/event/internal/DefaultFlushEntityEventListener.java:386: error: cannot find symbol
					( state[index] != newState[index] && !types[index].isEqual( state[index], newState[index] ) ) ) {
					                                                  ^
  symbol:   method isEqual(Object,Object)
  location: interface Type
/home/aboriero/hibernate/wip60/hibernate-orm/hibernate-core/src/main/java/org/hibernate/event/internal/DefaultFlushEntityEventListener.java:421: error: incompatible types: Optional cannot be converted to VersionSupport
								( (BasicType) persister.getVersionType() ).getVersionSupport(),
								                                                            ^
/home/aboriero/hibernate/wip60/hibernate-orm/hibernate-core/src/main/java/org/hibernate/event/internal/DefaultFlushEntityEventListener.java:421: error: cannot find symbol
								( (BasicType) persister.getVersionType() ).getVersionSupport(),
								                       ^
  symbol:   method getVersionType()
  location: variable persister of type EntityDescriptor
/home/aboriero/hibernate/wip60/hibernate-orm/hibernate-core/src/main/java/org/hibernate/event/internal/DefaultFlushEntityEventListener.java:499: error: cannot find symbol
				persister.hasCollections();
				         ^
  symbol:   method hasCollections()
  location: variable persister of type EntityDescriptor
/home/aboriero/hibernate/wip60/hibernate-orm/hibernate-core/src/main/java/org/hibernate/event/internal/DefaultInitializeCollectionEventListener.java:75: error: cannot find symbol
				ce.getLoadedPersister().initialize( ce.getLoadedKey(), source );
				                       ^
  symbol:   method initialize(Serializable,SessionImplementor)
  location: interface PersistentCollectionDescriptor
/home/aboriero/hibernate/wip60/hibernate-orm/hibernate-core/src/main/java/org/hibernate/event/internal/DefaultInitializeCollectionEventListener.java:82: error: cannot find symbol
							ce.getLoadedPersister().getRole()
							                       ^
  symbol:   method getRole()
  location: interface PersistentCollectionDescriptor
/home/aboriero/hibernate/wip60/hibernate-orm/hibernate-core/src/main/java/org/hibernate/event/internal/DefaultInitializeCollectionEventListener.java:107: error: cannot find symbol
				&& persister.isAffectedByEnabledFilters( source ) ) {
				            ^
  symbol:   method isAffectedByEnabledFilters(SessionImplementor)
  location: variable persister of type PersistentCollectionDescriptor
/home/aboriero/hibernate/wip60/hibernate-orm/hibernate-core/src/main/java/org/hibernate/event/internal/DefaultLoadEventListener.java:142: error: cannot find symbol
			if ( persister.getEntityMetamodel().getIdentifierProperty().isEmbedded() ) {
			              ^
  symbol:   method getEntityMetamodel()
  location: variable persister of type EntityDescriptor
/home/aboriero/hibernate/wip60/hibernate-orm/hibernate-core/src/main/java/org/hibernate/event/internal/DefaultLoadEventListener.java:143: error: cannot find symbol
				final EmbeddedComponentType dependentIdType =
				      ^
  symbol:   class EmbeddedComponentType
  location: class DefaultLoadEventListener
/home/aboriero/hibernate/wip60/hibernate-orm/hibernate-core/src/main/java/org/hibernate/event/internal/DefaultLoadEventListener.java:144: error: cannot find symbol
						(EmbeddedComponentType) persister.getEntityMetamodel().getIdentifierProperty().getType();
						 ^
  symbol:   class EmbeddedComponentType
  location: class DefaultLoadEventListener
/home/aboriero/hibernate/wip60/hibernate-orm/hibernate-core/src/main/java/org/hibernate/event/internal/DefaultLoadEventListener.java:144: error: cannot find symbol
						(EmbeddedComponentType) persister.getEntityMetamodel().getIdentifierProperty().getType();
						                                 ^
  symbol:   method getEntityMetamodel()
  location: variable persister of type EntityDescriptor
/home/aboriero/hibernate/wip60/hibernate-orm/hibernate-core/src/main/java/org/hibernate/event/internal/DefaultLoadEventListener.java:148: error: cannot find symbol
						final EntityType dependentParentType = (EntityType) singleSubType;
						      ^
  symbol:   class EntityType
  location: class DefaultLoadEventListener
/home/aboriero/hibernate/wip60/hibernate-orm/hibernate-core/src/main/java/org/hibernate/event/internal/DefaultLoadEventListener.java:148: error: cannot find symbol
						final EntityType dependentParentType = (EntityType) singleSubType;
						                                        ^
  symbol:   class EntityType
  location: class DefaultLoadEventListener
/home/aboriero/hibernate/wip60/hibernate-orm/hibernate-core/src/main/java/org/hibernate/event/internal/DefaultLoadEventListener.java:481: error: cannot find symbol
		if ( entity != null && persister.hasNaturalIdentifier() ) {
		                                ^
  symbol:   method hasNaturalIdentifier()
  location: variable persister of type EntityDescriptor
/home/aboriero/hibernate/wip60/hibernate-orm/hibernate-core/src/main/java/org/hibernate/event/internal/DefaultLoadEventListener.java:758: error: cannot find symbol
			TypeHelper.deepCopy(
			^
  symbol:   variable TypeHelper
  location: class DefaultLoadEventListener
/home/aboriero/hibernate/wip60/hibernate-orm/hibernate-core/src/main/java/org/hibernate/event/internal/DefaultLoadEventListener.java:847: error: cannot find symbol
		TypeHelper.deepCopy(
		^
  symbol:   variable TypeHelper
  location: class DefaultLoadEventListener
/home/aboriero/hibernate/wip60/hibernate-orm/hibernate-core/src/main/java/org/hibernate/event/internal/DefaultLoadEventListener.java:860: error: cannot find symbol
		if ( persister.isMutable() ) {
		              ^
  symbol:   method isMutable()
  location: variable persister of type EntityDescriptor
/home/aboriero/hibernate/wip60/hibernate-orm/hibernate-core/src/main/java/org/hibernate/event/internal/DefaultMergeEventListener.java:220: error: cannot find symbol
		final Serializable id = persister.hasIdentifierProperty() ?
		                                 ^
  symbol:   method hasIdentifierProperty()
  location: variable persister of type EntityDescriptor
/home/aboriero/hibernate/wip60/hibernate-orm/hibernate-core/src/main/java/org/hibernate/event/internal/DefaultMergeEventListener.java:281: error: cannot find symbol
			if ( !persister.getIdentifierType().isEqual( id, entityId, source.getFactory() ) ) {
			                                   ^
  symbol:   method isEqual(Serializable,Serializable,SessionFactoryImplementor)
  location: interface Type
/home/aboriero/hibernate/wip60/hibernate-orm/hibernate-core/src/main/java/org/hibernate/event/internal/DefaultMergeEventListener.java:295: error: cannot find symbol
					.getMutabilityPlan().deepCopy( id );
					^
  symbol:   method getMutabilityPlan()
  location: interface Type
/home/aboriero/hibernate/wip60/hibernate-orm/hibernate-core/src/main/java/org/hibernate/event/internal/DefaultMergeEventListener.java:403: error: cannot find symbol
		final Object[] copiedValues = TypeHelper.replace(
		                              ^
  symbol:   variable TypeHelper
  location: class DefaultMergeEventListener
/home/aboriero/hibernate/wip60/hibernate-orm/hibernate-core/src/main/java/org/hibernate/event/internal/DefaultMergeEventListener.java:429: error: cannot find symbol
			copiedValues = TypeHelper.replaceAssociations(
			               ^
  symbol:   variable TypeHelper
  location: class DefaultMergeEventListener
/home/aboriero/hibernate/wip60/hibernate-orm/hibernate-core/src/main/java/org/hibernate/event/internal/DefaultMergeEventListener.java:440: error: cannot find symbol
			copiedValues = TypeHelper.replace(
			               ^
  symbol:   variable TypeHelper
  location: class DefaultMergeEventListener
/home/aboriero/hibernate/wip60/hibernate-orm/hibernate-core/src/main/java/org/hibernate/event/internal/DefaultReplicateEventListener.java:104: error: cannot find symbol
					persister.getVersionType()
					         ^
  symbol:   method getVersionType()
  location: variable persister of type EntityDescriptor
/home/aboriero/hibernate/wip60/hibernate-orm/hibernate-core/src/main/java/org/hibernate/event/internal/DefaultReplicateEventListener.java:127: error: cannot find symbol
			final boolean regenerate = persister.isIdentifierAssignedByInsert(); // prefer re-generation of identity!
			                                    ^
  symbol:   method isIdentifierAssignedByInsert()
  location: variable persister of type EntityDescriptor
/home/aboriero/hibernate/wip60/hibernate-orm/hibernate-core/src/main/java/org/hibernate/event/internal/DefaultReplicateEventListener.java:187: error: cannot find symbol
				( persister.isMutable() ? Status.MANAGED : Status.READ_ONLY ),
				           ^
  symbol:   method isMutable()
  location: variable persister of type EntityDescriptor
/home/aboriero/hibernate/wip60/hibernate-orm/hibernate-core/src/main/java/org/hibernate/event/internal/DefaultResolveNaturalIdEventListener.java:123: error: cannot find symbol
			final NaturalIdRegionAccessStrategy naturalIdCacheAccessStrategy = event.getEntityPersister().getNaturalIdCacheAccessStrategy();
			                                                                                             ^
  symbol:   method getNaturalIdCacheAccessStrategy()
  location: interface EntityDescriptor
/home/aboriero/hibernate/wip60/hibernate-orm/hibernate-core/src/main/java/org/hibernate/event/internal/ProxyVisitor.java:50: error: cannot find symbol
				persister.getRole().equals( snapshot.getRole() ) &&
				         ^
  symbol:   method getRole()
  location: variable persister of type PersistentCollectionDescriptor
/home/aboriero/hibernate/wip60/hibernate-orm/hibernate-core/src/main/java/org/hibernate/event/internal/ReattachVisitor.java:103: error: cannot find symbol
		if ( role.getCollectionType().useLHSPrimaryKey() ) {
		         ^
  symbol:   method getCollectionType()
  location: variable role of type PersistentCollectionDescriptor
/home/aboriero/hibernate/wip60/hibernate-orm/hibernate-core/src/main/java/org/hibernate/event/internal/ReattachVisitor.java:108: error: cannot find symbol
				role.getCollectionType().getLHSPropertyName()
				    ^
  symbol:   method getCollectionType()
  location: variable role of type PersistentCollectionDescriptor
/home/aboriero/hibernate/wip60/hibernate-orm/hibernate-core/src/main/java/org/hibernate/event/internal/ReattachVisitor.java:106: error: cannot find symbol
		return (Serializable) role.getOwnerEntityPersister().getPropertyValue(
		                          ^
  symbol:   method getOwnerEntityPersister()
  location: variable role of type PersistentCollectionDescriptor
/home/aboriero/hibernate/wip60/hibernate-orm/hibernate-core/src/main/java/org/hibernate/event/internal/OnReplicateVisitor.java:40: error: cannot find symbol
		if ( collection == CollectionType.UNFETCHED_COLLECTION ) {
		                   ^
  symbol:   variable CollectionType
  location: class OnReplicateVisitor
/home/aboriero/hibernate/wip60/hibernate-orm/hibernate-core/src/main/java/org/hibernate/event/internal/OnUpdateVisitor.java:36: error: cannot find symbol
		if ( collection == CollectionType.UNFETCHED_COLLECTION ) {
		                   ^
  symbol:   variable CollectionType
  location: class OnUpdateVisitor
/home/aboriero/hibernate/wip60/hibernate-orm/hibernate-core/src/main/java/org/hibernate/event/internal/WrapVisitor.java:77: error: cannot find symbol
				if ( collection == CollectionType.UNFETCHED_COLLECTION ) {
				                   ^
  symbol:   variable CollectionType
  location: class WrapVisitor
/home/aboriero/hibernate/wip60/hibernate-orm/hibernate-core/src/main/java/org/hibernate/event/internal/DefaultRefreshEventListener.java:203: error: cannot find symbol
				PersistentCollectionDescriptor collectionPersister = source.getFactory().getTypeConfiguration().findCollectionPersister( ( (CollectionType) type ).getRole() );
				                                                                                                                            ^
  symbol:   class CollectionType
  location: class DefaultRefreshEventListener
/home/aboriero/hibernate/wip60/hibernate-orm/hibernate-core/src/main/java/org/hibernate/event/internal/DefaultRefreshEventListener.java:222: error: cannot find symbol
			else if ( type.isComponentType() ) {
			              ^
  symbol:   method isComponentType()
  location: variable type of type Type
/home/aboriero/hibernate/wip60/hibernate-orm/hibernate-core/src/main/java/org/hibernate/event/internal/DefaultRefreshEventListener.java:223: error: cannot find symbol
				EmbeddedType actype = (EmbeddedType) type;
				^
  symbol:   class EmbeddedType
  location: class DefaultRefreshEventListener
/home/aboriero/hibernate/wip60/hibernate-orm/hibernate-core/src/main/java/org/hibernate/event/internal/DefaultRefreshEventListener.java:223: error: cannot find symbol
				EmbeddedType actype = (EmbeddedType) type;
				                       ^
  symbol:   class EmbeddedType
  location: class DefaultRefreshEventListener
/home/aboriero/hibernate/wip60/hibernate-orm/hibernate-core/src/main/java/org/hibernate/hql/spi/id/AbstractMultiTableBulkIdStrategyImpl.java:144: error: no suitable method found for getSqlType(Dialect,MetadataImplementor)
			buffer.append( column.getSqlType( dialect, metadata ) );
			                     ^
    method Column.getSqlType(Dialect) is not applicable
      (actual and formal argument lists differ in length)
    method Column.getSqlType() is not applicable
      (actual and formal argument lists differ in length)
/home/aboriero/hibernate/wip60/hibernate-orm/hibernate-core/src/main/java/org/hibernate/hql/spi/id/global/GlobalTemporaryTableBulkIdStrategy.java:149: error: cannot find symbol
		final UpdateStatement updateStatement = (UpdateStatement) walker.getAST();
		      ^
  symbol:   class UpdateStatement
  location: class GlobalTemporaryTableBulkIdStrategy
/home/aboriero/hibernate/wip60/hibernate-orm/hibernate-core/src/main/java/org/hibernate/hql/spi/id/global/GlobalTemporaryTableBulkIdStrategy.java:149: error: cannot find symbol
		final UpdateStatement updateStatement = (UpdateStatement) walker.getAST();
		                                         ^
  symbol:   class UpdateStatement
  location: class GlobalTemporaryTableBulkIdStrategy
/home/aboriero/hibernate/wip60/hibernate-orm/hibernate-core/src/main/java/org/hibernate/hql/spi/id/global/GlobalTemporaryTableBulkIdStrategy.java:151: error: cannot find symbol
		final FromElement fromElement = updateStatement.getFromClause().getFromElement();
		      ^
  symbol:   class FromElement
  location: class GlobalTemporaryTableBulkIdStrategy
/home/aboriero/hibernate/wip60/hibernate-orm/hibernate-core/src/main/java/org/hibernate/hql/spi/id/global/GlobalTemporaryTableBulkIdStrategy.java:152: error: cannot find symbol
		final Queryable targetedPersister = fromElement.getQueryable();
		      ^
  symbol:   class Queryable
  location: class GlobalTemporaryTableBulkIdStrategy
/home/aboriero/hibernate/wip60/hibernate-orm/hibernate-core/src/main/java/org/hibernate/hql/spi/id/global/GlobalTemporaryTableBulkIdStrategy.java:156: error: cannot find symbol
			protected void releaseFromUse(Queryable persister, SharedSessionContractImplementor session) {
			                              ^
  symbol: class Queryable
/home/aboriero/hibernate/wip60/hibernate-orm/hibernate-core/src/main/java/org/hibernate/hql/spi/id/AbstractTableBasedBulkIdHandler.java:99: error: cannot find symbol
				SqlGenerator sqlGenerator = new SqlGenerator( sessionFactory );
				^
  symbol:   class SqlGenerator
  location: class AbstractTableBasedBulkIdHandler
/home/aboriero/hibernate/wip60/hibernate-orm/hibernate-core/src/main/java/org/hibernate/hql/spi/id/AbstractTableBasedBulkIdHandler.java:99: error: cannot find symbol
				SqlGenerator sqlGenerator = new SqlGenerator( sessionFactory );
				                                ^
  symbol:   class SqlGenerator
  location: class AbstractTableBasedBulkIdHandler
/home/aboriero/hibernate/wip60/hibernate-orm/hibernate-core/src/main/java/org/hibernate/hql/spi/id/AbstractTableBasedBulkIdHandler.java:106: error: cannot find symbol
			catch ( RecognitionException e ) {
			        ^
  symbol:   class RecognitionException
  location: class AbstractTableBasedBulkIdHandler
/home/aboriero/hibernate/wip60/hibernate-orm/hibernate-core/src/main/java/org/hibernate/hql/spi/id/TableBasedUpdateHandlerImpl.java:55: error: cannot find symbol
		final UpdateStatement updateStatement = (UpdateStatement) walker.getAST();
		      ^
  symbol:   class UpdateStatement
  location: class TableBasedUpdateHandlerImpl
/home/aboriero/hibernate/wip60/hibernate-orm/hibernate-core/src/main/java/org/hibernate/hql/spi/id/TableBasedUpdateHandlerImpl.java:55: error: cannot find symbol
		final UpdateStatement updateStatement = (UpdateStatement) walker.getAST();
		                                         ^
  symbol:   class UpdateStatement
  location: class TableBasedUpdateHandlerImpl
/home/aboriero/hibernate/wip60/hibernate-orm/hibernate-core/src/main/java/org/hibernate/hql/spi/id/TableBasedUpdateHandlerImpl.java:56: error: cannot find symbol
		final FromElement fromElement = updateStatement.getFromClause().getFromElement();
		      ^
  symbol:   class FromElement
  location: class TableBasedUpdateHandlerImpl
/home/aboriero/hibernate/wip60/hibernate-orm/hibernate-core/src/main/java/org/hibernate/hql/spi/id/TableBasedUpdateHandlerImpl.java:82: error: cannot find symbol
			final List<AssignmentSpecification> assignmentSpecifications = walker.getAssignmentSpecifications();
			           ^
  symbol:   class AssignmentSpecification
  location: class TableBasedUpdateHandlerImpl
/home/aboriero/hibernate/wip60/hibernate-orm/hibernate-core/src/main/java/org/hibernate/hql/spi/id/TableBasedUpdateHandlerImpl.java:83: error: cannot find symbol
			for ( AssignmentSpecification assignmentSpecification : assignmentSpecifications ) {
			      ^
  symbol:   class AssignmentSpecification
  location: class TableBasedUpdateHandlerImpl
/home/aboriero/hibernate/wip60/hibernate-orm/hibernate-core/src/main/java/org/hibernate/hql/spi/id/global/GlobalTemporaryTableBulkIdStrategy.java:188: error: cannot find symbol
		final DeleteStatement updateStatement = (DeleteStatement) walker.getAST();
		      ^
  symbol:   class DeleteStatement
  location: class GlobalTemporaryTableBulkIdStrategy
/home/aboriero/hibernate/wip60/hibernate-orm/hibernate-core/src/main/java/org/hibernate/hql/spi/id/global/GlobalTemporaryTableBulkIdStrategy.java:188: error: cannot find symbol
		final DeleteStatement updateStatement = (DeleteStatement) walker.getAST();
		                                         ^
  symbol:   class DeleteStatement
  location: class GlobalTemporaryTableBulkIdStrategy
/home/aboriero/hibernate/wip60/hibernate-orm/hibernate-core/src/main/java/org/hibernate/hql/spi/id/global/GlobalTemporaryTableBulkIdStrategy.java:190: error: cannot find symbol
		final FromElement fromElement = updateStatement.getFromClause().getFromElement();
		      ^
  symbol:   class FromElement
  location: class GlobalTemporaryTableBulkIdStrategy
/home/aboriero/hibernate/wip60/hibernate-orm/hibernate-core/src/main/java/org/hibernate/hql/spi/id/global/GlobalTemporaryTableBulkIdStrategy.java:191: error: cannot find symbol
		final Queryable targetedPersister = fromElement.getQueryable();
		      ^
  symbol:   class Queryable
  location: class GlobalTemporaryTableBulkIdStrategy
/home/aboriero/hibernate/wip60/hibernate-orm/hibernate-core/src/main/java/org/hibernate/hql/spi/id/global/GlobalTemporaryTableBulkIdStrategy.java:195: error: cannot find symbol
			protected void releaseFromUse(Queryable persister, SharedSessionContractImplementor session) {
			                              ^
  symbol: class Queryable
/home/aboriero/hibernate/wip60/hibernate-orm/hibernate-core/src/main/java/org/hibernate/hql/spi/id/TableBasedDeleteHandlerImpl.java:50: error: cannot find symbol
		DeleteStatement deleteStatement = ( DeleteStatement ) walker.getAST();
		^
  symbol:   class DeleteStatement
  location: class TableBasedDeleteHandlerImpl
/home/aboriero/hibernate/wip60/hibernate-orm/hibernate-core/src/main/java/org/hibernate/hql/spi/id/TableBasedDeleteHandlerImpl.java:50: error: cannot find symbol
		DeleteStatement deleteStatement = ( DeleteStatement ) walker.getAST();
		                                    ^
  symbol:   class DeleteStatement
  location: class TableBasedDeleteHandlerImpl
/home/aboriero/hibernate/wip60/hibernate-orm/hibernate-core/src/main/java/org/hibernate/hql/spi/id/TableBasedDeleteHandlerImpl.java:51: error: cannot find symbol
		FromElement fromElement = deleteStatement.getFromClause().getFromElement();
		^
  symbol:   class FromElement
  location: class TableBasedDeleteHandlerImpl
/home/aboriero/hibernate/wip60/hibernate-orm/hibernate-core/src/main/java/org/hibernate/hql/spi/id/TableBasedDeleteHandlerImpl.java:67: error: cannot find symbol
			if ( type.isCollectionType() ) {
			         ^
  symbol:   method isCollectionType()
  location: variable type of type Type
/home/aboriero/hibernate/wip60/hibernate-orm/hibernate-core/src/main/java/org/hibernate/hql/spi/id/TableBasedDeleteHandlerImpl.java:68: error: cannot find symbol
				CollectionType cType = (CollectionType) type;
				^
  symbol:   class CollectionType
  location: class TableBasedDeleteHandlerImpl
/home/aboriero/hibernate/wip60/hibernate-orm/hibernate-core/src/main/java/org/hibernate/hql/spi/id/TableBasedDeleteHandlerImpl.java:68: error: cannot find symbol
				CollectionType cType = (CollectionType) type;
				                        ^
  symbol:   class CollectionType
  location: class TableBasedDeleteHandlerImpl
/home/aboriero/hibernate/wip60/hibernate-orm/hibernate-core/src/main/java/org/hibernate/hql/spi/id/TableBasedDeleteHandlerImpl.java:69: error: cannot find symbol
				AbstractCollectionPersister cPersister = (AbstractCollectionPersister) factory.getMetamodel().collectionPersister( cType.getRole() );
				^
  symbol:   class AbstractCollectionPersister
  location: class TableBasedDeleteHandlerImpl
/home/aboriero/hibernate/wip60/hibernate-orm/hibernate-core/src/main/java/org/hibernate/hql/spi/id/TableBasedDeleteHandlerImpl.java:69: error: cannot find symbol
				AbstractCollectionPersister cPersister = (AbstractCollectionPersister) factory.getMetamodel().collectionPersister( cType.getRole() );
				                                          ^
  symbol:   class AbstractCollectionPersister
  location: class TableBasedDeleteHandlerImpl
/home/aboriero/hibernate/wip60/hibernate-orm/hibernate-core/src/main/java/org/hibernate/hql/spi/id/local/LocalTemporaryTableBulkIdStrategy.java:99: error: cannot find symbol
		final UpdateStatement updateStatement = (UpdateStatement) walker.getAST();
		      ^
  symbol:   class UpdateStatement
  location: class LocalTemporaryTableBulkIdStrategy
/home/aboriero/hibernate/wip60/hibernate-orm/hibernate-core/src/main/java/org/hibernate/hql/spi/id/local/LocalTemporaryTableBulkIdStrategy.java:99: error: cannot find symbol
		final UpdateStatement updateStatement = (UpdateStatement) walker.getAST();
		                                         ^
  symbol:   class UpdateStatement
  location: class LocalTemporaryTableBulkIdStrategy
/home/aboriero/hibernate/wip60/hibernate-orm/hibernate-core/src/main/java/org/hibernate/hql/spi/id/local/LocalTemporaryTableBulkIdStrategy.java:101: error: cannot find symbol
		final FromElement fromElement = updateStatement.getFromClause().getFromElement();
		      ^
  symbol:   class FromElement
  location: class LocalTemporaryTableBulkIdStrategy
/home/aboriero/hibernate/wip60/hibernate-orm/hibernate-core/src/main/java/org/hibernate/hql/spi/id/local/LocalTemporaryTableBulkIdStrategy.java:102: error: cannot find symbol
		final Queryable targetedPersister = fromElement.getQueryable();
		      ^
  symbol:   class Queryable
  location: class LocalTemporaryTableBulkIdStrategy
/home/aboriero/hibernate/wip60/hibernate-orm/hibernate-core/src/main/java/org/hibernate/hql/spi/id/local/LocalTemporaryTableBulkIdStrategy.java:108: error: cannot find symbol
			protected void prepareForUse(Queryable persister, SharedSessionContractImplementor session) {
			                             ^
  symbol: class Queryable
/home/aboriero/hibernate/wip60/hibernate-orm/hibernate-core/src/main/java/org/hibernate/hql/spi/id/local/LocalTemporaryTableBulkIdStrategy.java:117: error: cannot find symbol
			protected void releaseFromUse(Queryable persister, SharedSessionContractImplementor session) {
			                              ^
  symbol: class Queryable
/home/aboriero/hibernate/wip60/hibernate-orm/hibernate-core/src/main/java/org/hibernate/hql/spi/id/local/LocalTemporaryTableBulkIdStrategy.java:130: error: cannot find symbol
		final DeleteStatement updateStatement = (DeleteStatement) walker.getAST();
		      ^
  symbol:   class DeleteStatement
  location: class LocalTemporaryTableBulkIdStrategy
/home/aboriero/hibernate/wip60/hibernate-orm/hibernate-core/src/main/java/org/hibernate/hql/spi/id/local/LocalTemporaryTableBulkIdStrategy.java:130: error: cannot find symbol
		final DeleteStatement updateStatement = (DeleteStatement) walker.getAST();
		                                         ^
  symbol:   class DeleteStatement
  location: class LocalTemporaryTableBulkIdStrategy
/home/aboriero/hibernate/wip60/hibernate-orm/hibernate-core/src/main/java/org/hibernate/hql/spi/id/local/LocalTemporaryTableBulkIdStrategy.java:132: error: cannot find symbol
		final FromElement fromElement = updateStatement.getFromClause().getFromElement();
		      ^
  symbol:   class FromElement
  location: class LocalTemporaryTableBulkIdStrategy
/home/aboriero/hibernate/wip60/hibernate-orm/hibernate-core/src/main/java/org/hibernate/hql/spi/id/local/LocalTemporaryTableBulkIdStrategy.java:133: error: cannot find symbol
		final Queryable targetedPersister = fromElement.getQueryable();
		      ^
  symbol:   class Queryable
  location: class LocalTemporaryTableBulkIdStrategy
/home/aboriero/hibernate/wip60/hibernate-orm/hibernate-core/src/main/java/org/hibernate/hql/spi/id/local/LocalTemporaryTableBulkIdStrategy.java:139: error: cannot find symbol
			protected void prepareForUse(Queryable persister, SharedSessionContractImplementor session) {
			                             ^
  symbol: class Queryable
/home/aboriero/hibernate/wip60/hibernate-orm/hibernate-core/src/main/java/org/hibernate/hql/spi/id/local/LocalTemporaryTableBulkIdStrategy.java:148: error: cannot find symbol
			protected void releaseFromUse(Queryable persister, SharedSessionContractImplementor session) {
			                              ^
  symbol: class Queryable
/home/aboriero/hibernate/wip60/hibernate-orm/hibernate-core/src/main/java/org/hibernate/hql/spi/id/persistent/Helper.java:36: error: package UUIDCharType does not exist
		UUIDCharType.INSTANCE.set( ps, session.getSessionIdentifier(), position, session );
		            ^
/home/aboriero/hibernate/wip60/hibernate-orm/hibernate-core/src/main/java/org/hibernate/hql/spi/id/persistent/PersistentTableBulkIdStrategy.java:157: error: cannot find symbol
		final UpdateStatement updateStatement = (UpdateStatement) walker.getAST();
		      ^
  symbol:   class UpdateStatement
  location: class PersistentTableBulkIdStrategy
/home/aboriero/hibernate/wip60/hibernate-orm/hibernate-core/src/main/java/org/hibernate/hql/spi/id/persistent/PersistentTableBulkIdStrategy.java:157: error: cannot find symbol
		final UpdateStatement updateStatement = (UpdateStatement) walker.getAST();
		                                         ^
  symbol:   class UpdateStatement
  location: class PersistentTableBulkIdStrategy
/home/aboriero/hibernate/wip60/hibernate-orm/hibernate-core/src/main/java/org/hibernate/hql/spi/id/persistent/PersistentTableBulkIdStrategy.java:159: error: cannot find symbol
		final FromElement fromElement = updateStatement.getFromClause().getFromElement();
		      ^
  symbol:   class FromElement
  location: class PersistentTableBulkIdStrategy
/home/aboriero/hibernate/wip60/hibernate-orm/hibernate-core/src/main/java/org/hibernate/hql/spi/id/persistent/PersistentTableBulkIdStrategy.java:160: error: cannot find symbol
		final Queryable targetedPersister = fromElement.getQueryable();
		      ^
  symbol:   class Queryable
  location: class PersistentTableBulkIdStrategy
/home/aboriero/hibernate/wip60/hibernate-orm/hibernate-core/src/main/java/org/hibernate/hql/spi/id/persistent/PersistentTableBulkIdStrategy.java:171: error: cannot find symbol
		final DeleteStatement updateStatement = (DeleteStatement) walker.getAST();
		      ^
  symbol:   class DeleteStatement
  location: class PersistentTableBulkIdStrategy
/home/aboriero/hibernate/wip60/hibernate-orm/hibernate-core/src/main/java/org/hibernate/hql/spi/id/persistent/PersistentTableBulkIdStrategy.java:171: error: cannot find symbol
		final DeleteStatement updateStatement = (DeleteStatement) walker.getAST();
		                                         ^
  symbol:   class DeleteStatement
  location: class PersistentTableBulkIdStrategy
/home/aboriero/hibernate/wip60/hibernate-orm/hibernate-core/src/main/java/org/hibernate/hql/spi/id/persistent/PersistentTableBulkIdStrategy.java:173: error: cannot find symbol
		final FromElement fromElement = updateStatement.getFromClause().getFromElement();
		      ^
  symbol:   class FromElement
  location: class PersistentTableBulkIdStrategy
/home/aboriero/hibernate/wip60/hibernate-orm/hibernate-core/src/main/java/org/hibernate/hql/spi/id/persistent/PersistentTableBulkIdStrategy.java:174: error: cannot find symbol
		final Queryable targetedPersister = fromElement.getQueryable();
		      ^
  symbol:   class Queryable
  location: class PersistentTableBulkIdStrategy
/home/aboriero/hibernate/wip60/hibernate-orm/hibernate-core/src/main/java/org/hibernate/id/enhanced/SequenceStyleGenerator.java:94: error: SequenceStyleGenerator is not abstract and does not override abstract method configure(JavaTypeDescriptor,Properties,ServiceRegistry) in Configurable
public class SequenceStyleGenerator
       ^
/home/aboriero/hibernate/wip60/hibernate-orm/hibernate-core/src/main/java/org/hibernate/id/enhanced/SequenceStyleGenerator.java:215: error: method does not override or implement a method from a supertype
	@Override
	^
/home/aboriero/hibernate/wip60/hibernate-orm/hibernate-core/src/main/java/org/hibernate/id/enhanced/TableGenerator.java:126: error: TableGenerator is not abstract and does not override abstract method configure(JavaTypeDescriptor,Properties,ServiceRegistry) in Configurable
public class TableGenerator implements PersistentIdentifierGenerator, Configurable {
       ^
/home/aboriero/hibernate/wip60/hibernate-orm/hibernate-core/src/main/java/org/hibernate/id/enhanced/TableGenerator.java:345: error: method does not override or implement a method from a supertype
	@Override
	^
/home/aboriero/hibernate/wip60/hibernate-orm/hibernate-core/src/main/java/org/hibernate/id/IdentifierGeneratorHelper.java:101: error: cannot find symbol
		if ( CustomType.class.isInstance( type ) ) {
		     ^
  symbol:   class CustomType
  location: class IdentifierGeneratorHelper
/home/aboriero/hibernate/wip60/hibernate-orm/hibernate-core/src/main/java/org/hibernate/id/IdentifierGeneratorHelper.java:102: error: cannot find symbol
			final CustomType customType = (CustomType) type;
			      ^
  symbol:   class CustomType
  location: class IdentifierGeneratorHelper
/home/aboriero/hibernate/wip60/hibernate-orm/hibernate-core/src/main/java/org/hibernate/id/IdentifierGeneratorHelper.java:102: error: cannot find symbol
			final CustomType customType = (CustomType) type;
			                               ^
  symbol:   class CustomType
  location: class IdentifierGeneratorHelper
/home/aboriero/hibernate/wip60/hibernate-orm/hibernate-core/src/main/java/org/hibernate/id/IdentifierGeneratorHelper.java:117: error: cannot find symbol
		Class clazz = type.getReturnedClass();
		                  ^
  symbol:   method getReturnedClass()
  location: variable type of type Type
/home/aboriero/hibernate/wip60/hibernate-orm/hibernate-core/src/main/java/org/hibernate/id/IdentifierGeneratorHelper.java:139: error: cannot find symbol
						"unrecognized id type : " + type.getName() + " -> " + clazz.getName()
						                                ^
  symbol:   method getName()
  location: variable type of type Type
/home/aboriero/hibernate/wip60/hibernate-orm/hibernate-core/src/main/java/org/hibernate/id/IdentifierGeneratorHelper.java:178: error: cannot find symbol
					"unrecognized id type : " + type.getName() + " -> " + clazz.getName()
					                                ^
  symbol:   method getName()
  location: variable type of type Type
/home/aboriero/hibernate/wip60/hibernate-orm/hibernate-core/src/main/java/org/hibernate/id/SequenceHiLoGenerator.java:41: error: method does not override or implement a method from a supertype
	@Override
	^
/home/aboriero/hibernate/wip60/hibernate-orm/hibernate-core/src/main/java/org/hibernate/id/SequenceHiLoGenerator.java:43: error: incompatible types: Type cannot be converted to JavaTypeDescriptor
		super.configure( type, params, serviceRegistry );
		                 ^
/home/aboriero/hibernate/wip60/hibernate-orm/hibernate-core/src/main/java/org/hibernate/id/SequenceHiLoGenerator.java:49: error: cannot find symbol
					getIdentifierType().getJavaTypeDescriptor().getJavaType(),
					                   ^
  symbol:   method getJavaTypeDescriptor()
  location: interface JavaTypeDescriptor
/home/aboriero/hibernate/wip60/hibernate-orm/hibernate-core/src/main/java/org/hibernate/id/SequenceIdentityGenerator.java:61: error: method does not override or implement a method from a supertype
	@Override
	^
/home/aboriero/hibernate/wip60/hibernate-orm/hibernate-core/src/main/java/org/hibernate/id/SequenceIdentityGenerator.java:63: error: incompatible types: Type cannot be converted to JavaTypeDescriptor
		super.configure( type, params, serviceRegistry );
		                 ^
/home/aboriero/hibernate/wip60/hibernate-orm/hibernate-core/src/main/java/org/hibernate/id/SelectGenerator.java:34: error: SelectGenerator is not abstract and does not override abstract method configure(JavaTypeDescriptor,Properties,ServiceRegistry) in Configurable
public class SelectGenerator extends AbstractPostInsertGenerator implements Configurable {
       ^
/home/aboriero/hibernate/wip60/hibernate-orm/hibernate-core/src/main/java/org/hibernate/id/SelectGenerator.java:37: error: method does not override or implement a method from a supertype
	@Override
	^
/home/aboriero/hibernate/wip60/hibernate-orm/hibernate-core/src/main/java/org/hibernate/id/SelectGenerator.java:53: error: cannot find symbol
		int[] naturalIdPropertyIndices = persister.getNaturalIdentifierProperties();
		                                          ^
  symbol:   method getNaturalIdentifierProperties()
  location: variable persister of type PostInsertIdentityPersister
/home/aboriero/hibernate/wip60/hibernate-orm/hibernate-core/src/main/java/org/hibernate/id/SelectGenerator.java:66: error: cannot find symbol
		if ( persister.getEntityMetamodel().isNaturalIdentifierInsertGenerated() ) {
		              ^
  symbol:   method getEntityMetamodel()
  location: variable persister of type PostInsertIdentityPersister
/home/aboriero/hibernate/wip60/hibernate-orm/hibernate-core/src/main/java/org/hibernate/id/SelectGenerator.java:121: error: cannot find symbol
			uniqueKeyType.nullSafeSet( ps, uniqueKeyValue, 1, session );
			             ^
  symbol:   method nullSafeSet(PreparedStatement,Object,int,SharedSessionContractImplementor)
  location: variable uniqueKeyType of type Type
/home/aboriero/hibernate/wip60/hibernate-orm/hibernate-core/src/main/java/org/hibernate/id/SelectGenerator.java:134: error: cannot find symbol
			return (Serializable) idType.nullSafeGet(
			                            ^
  symbol:   method nullSafeGet(ResultSet,String[],SharedSessionContractImplementor,Object)
  location: variable idType of type Type
/home/aboriero/hibernate/wip60/hibernate-orm/hibernate-core/src/main/java/org/hibernate/id/Assigned.java:26: error: Assigned is not abstract and does not override abstract method configure(JavaTypeDescriptor,Properties,ServiceRegistry) in Configurable
public class Assigned implements IdentifierGenerator, Configurable {
       ^
/home/aboriero/hibernate/wip60/hibernate-orm/hibernate-core/src/main/java/org/hibernate/id/Assigned.java:41: error: method does not override or implement a method from a supertype
	@Override
	^
/home/aboriero/hibernate/wip60/hibernate-orm/hibernate-core/src/main/java/org/hibernate/id/ForeignGenerator.java:31: error: ForeignGenerator is not abstract and does not override abstract method configure(JavaTypeDescriptor,Properties,ServiceRegistry) in Configurable
public class ForeignGenerator implements IdentifierGenerator, Configurable {
       ^
/home/aboriero/hibernate/wip60/hibernate-orm/hibernate-core/src/main/java/org/hibernate/id/ForeignGenerator.java:86: error: cannot find symbol
		final EntityType foreignValueSourceType;
		      ^
  symbol:   class EntityType
  location: class ForeignGenerator
/home/aboriero/hibernate/wip60/hibernate-orm/hibernate-core/src/main/java/org/hibernate/id/ForeignGenerator.java:90: error: cannot find symbol
			foreignValueSourceType = (EntityType) propertyType;
			                          ^
  symbol:   class EntityType
  location: class ForeignGenerator
/home/aboriero/hibernate/wip60/hibernate-orm/hibernate-core/src/main/java/org/hibernate/id/ForeignGenerator.java:94: error: cannot find symbol
			foreignValueSourceType = (EntityType) persister.getPropertyType( PropertyPath.IDENTIFIER_MAPPER_PROPERTY + "." + propertyName );
			                          ^
  symbol:   class EntityType
  location: class ForeignGenerator
/home/aboriero/hibernate/wip60/hibernate-orm/hibernate-core/src/main/java/org/hibernate/id/ForeignGenerator.java:94: error: cannot find symbol
			foreignValueSourceType = (EntityType) persister.getPropertyType( PropertyPath.IDENTIFIER_MAPPER_PROPERTY + "." + propertyName );
			                                                                 ^
  symbol:   variable PropertyPath
  location: class ForeignGenerator
/home/aboriero/hibernate/wip60/hibernate-orm/hibernate-core/src/main/java/org/hibernate/id/MultipleHiLoPerTableGenerator.java:80: error: MultipleHiLoPerTableGenerator is not abstract and does not override abstract method configure(JavaTypeDescriptor,Properties,ServiceRegistry) in Configurable
public class MultipleHiLoPerTableGenerator implements PersistentIdentifierGenerator, Configurable {
       ^
/home/aboriero/hibernate/wip60/hibernate-orm/hibernate-core/src/main/java/org/hibernate/internal/DynamicFilterAliasGenerator.java:31: error: cannot find symbol
					AbstractEntityPersister.getTableId( table, tables )
					^
  symbol:   variable AbstractEntityPersister
  location: class DynamicFilterAliasGenerator
/home/aboriero/hibernate/wip60/hibernate-orm/hibernate-core/src/main/java/org/hibernate/internal/DynamicFilterAliasGenerator.java:29: error: cannot find symbol
			return AbstractEntityPersister.generateTableAlias(
			       ^
  symbol:   variable AbstractEntityPersister
  location: class DynamicFilterAliasGenerator
/home/aboriero/hibernate/wip60/hibernate-orm/hibernate-core/src/main/java/org/hibernate/internal/AbstractSharedSessionContract.java:890: error: cannot find symbol
		return listCustomQuery( getNativeQueryPlan( spec ).getCustomQuery(), queryParameters );
		                        ^
  symbol:   method getNativeQueryPlan(NativeSQLQuerySpecification)
  location: class AbstractSharedSessionContract
/home/aboriero/hibernate/wip60/hibernate-orm/hibernate-core/src/main/java/org/hibernate/internal/AbstractSharedSessionContract.java:895: error: cannot find symbol
		return scrollCustomQuery( getNativeQueryPlan( spec ).getCustomQuery(), queryParameters );
		                          ^
  symbol:   method getNativeQueryPlan(NativeSQLQuerySpecification)
  location: class AbstractSharedSessionContract
/home/aboriero/hibernate/wip60/hibernate-orm/hibernate-core/src/main/java/org/hibernate/internal/FilterConfiguration.java:82: error: cannot find symbol
						Joinable.class.cast( factory.getEntityPersister( entry.getValue() ) ).getTableName()
						^
  symbol:   class Joinable
  location: class FilterConfiguration
/home/aboriero/hibernate/wip60/hibernate-orm/hibernate-core/src/main/java/org/hibernate/internal/util/ReflectHelper.java:311: error: cannot find symbol
					final boolean ok = types[j] == null || params[j].isAssignableFrom( types[j].getReturnedClass() ) || (
					                                                                           ^
  symbol:   method getReturnedClass()
  location: interface Type
/home/aboriero/hibernate/wip60/hibernate-orm/hibernate-core/src/main/java/org/hibernate/internal/util/EntityPrinter.java:49: error: cannot find symbol
		if ( entityPersister.hasIdentifierProperty() ) {
		                    ^
  symbol:   method hasIdentifierProperty()
  location: variable entityPersister of type EntityDescriptor
/home/aboriero/hibernate/wip60/hibernate-orm/hibernate-core/src/main/java/org/hibernate/internal/util/EntityPrinter.java:52: error: method toLoggableString in interface Type<T> cannot be applied to given types;
					entityPersister.getIdentifierType().toLoggableString(
					                                   ^
  required: Object
  found: Serializable,SessionFactoryImplementor
  reason: actual and formal argument lists differ in length
  where T is a type-variable:
    T extends Object declared in interface Type
/home/aboriero/hibernate/wip60/hibernate-orm/hibernate-core/src/main/java/org/hibernate/internal/util/EntityPrinter.java:66: error: method toLoggableString in interface Type<T> cannot be applied to given types;
						types[i].toLoggableString( values[i], factory );
						        ^
  required: Object
  found: Object,SessionFactoryImplementor
  reason: actual and formal argument lists differ in length
  where T is a type-variable:
    T extends Object declared in interface Type
/home/aboriero/hibernate/wip60/hibernate-orm/hibernate-core/src/main/java/org/hibernate/internal/util/EntityPrinter.java:77: error: method toLoggableString in interface Type<T> cannot be applied to given types;
				buffer.append( types[i].toLoggableString( values[i], factory ) ).append( ", " );
				                       ^
  required: Object
  found: Object,SessionFactoryImplementor
  reason: actual and formal argument lists differ in length
  where T is a type-variable:
    T extends Object declared in interface Type
/home/aboriero/hibernate/wip60/hibernate-orm/hibernate-core/src/main/java/org/hibernate/internal/util/EntityPrinter.java:87: error: method toLoggableString in interface Type<T> cannot be applied to given types;
					entry.getKey(), entry.getValue().getType().toLoggableString(
					                                          ^
  required: Object
  found: Object,SessionFactoryImplementor
  reason: actual and formal argument lists differ in length
  where T is a type-variable:
    T extends Object declared in interface Type
/home/aboriero/hibernate/wip60/hibernate-orm/hibernate-core/src/main/java/org/hibernate/internal/AbstractScrollableResults.java:162: error: cannot find symbol
		if ( returnType.getReturnedClass() == types[col].getReturnedClass() ) {
		               ^
  symbol:   method getReturnedClass()
  location: variable returnType of type Type
/home/aboriero/hibernate/wip60/hibernate-orm/hibernate-core/src/main/java/org/hibernate/internal/AbstractScrollableResults.java:162: error: cannot find symbol
		if ( returnType.getReturnedClass() == types[col].getReturnedClass() ) {
		                                                ^
  symbol:   method getReturnedClass()
  location: interface Type
/home/aboriero/hibernate/wip60/hibernate-orm/hibernate-core/src/main/java/org/hibernate/internal/AbstractScrollableResults.java:187: error: cannot find symbol
		if ( returnType.getReturnedClass().isAssignableFrom( types[col].getReturnedClass() ) ) {
		               ^
  symbol:   method getReturnedClass()
  location: variable returnType of type Type
/home/aboriero/hibernate/wip60/hibernate-orm/hibernate-core/src/main/java/org/hibernate/internal/AbstractScrollableResults.java:187: error: cannot find symbol
		if ( returnType.getReturnedClass().isAssignableFrom( types[col].getReturnedClass() ) ) {
		                                                               ^
  symbol:   method getReturnedClass()
  location: interface Type
/home/aboriero/hibernate/wip60/hibernate-orm/hibernate-core/src/main/java/org/hibernate/internal/AbstractScrollableResults.java:301: error: cannot find symbol
						type.getName() +
						    ^
  symbol:   method getName()
  location: variable type of type Type
/home/aboriero/hibernate/wip60/hibernate-orm/hibernate-core/src/main/java/org/hibernate/internal/AbstractScrollableResults.java:303: error: cannot find symbol
						returnType.getName()
						          ^
  symbol:   method getName()
  location: variable returnType of type Type
/home/aboriero/hibernate/wip60/hibernate-orm/hibernate-core/src/main/java/org/hibernate/internal/IteratorImpl.java:108: error: cannot find symbol
				currentResult = types[0].nullSafeGet( rs, names[0], session, null );
				                        ^
  symbol:   method nullSafeGet(ResultSet,String[],EventSource,<null>)
  location: interface Type
/home/aboriero/hibernate/wip60/hibernate-orm/hibernate-core/src/main/java/org/hibernate/internal/IteratorImpl.java:113: error: cannot find symbol
					currentResults[i] = types[i].nullSafeGet( rs, names[i], session, null );
					                            ^
  symbol:   method nullSafeGet(ResultSet,String[],EventSource,<null>)
  location: interface Type
/home/aboriero/hibernate/wip60/hibernate-orm/hibernate-core/src/main/java/org/hibernate/internal/IteratorImpl.java:146: error: cannot find symbol
		if ( !( types[0] instanceof EntityType ) ) {
		                            ^
  symbol:   class EntityType
  location: class IteratorImpl
/home/aboriero/hibernate/wip60/hibernate-orm/hibernate-core/src/main/java/org/hibernate/internal/IteratorImpl.java:151: error: cannot find symbol
				( (EntityType) types[0] ).getAssociatedEntityName(),
				   ^
  symbol:   class EntityType
  location: class IteratorImpl
/home/aboriero/hibernate/wip60/hibernate-orm/hibernate-core/src/main/java/org/hibernate/internal/CacheImpl.java:181: error: cannot find symbol
		if ( p.hasNaturalIdCache() ) {
		      ^
  symbol:   method hasNaturalIdCache()
  location: variable p of type EntityDescriptor
/home/aboriero/hibernate/wip60/hibernate-orm/hibernate-core/src/main/java/org/hibernate/internal/CacheImpl.java:185: error: cannot find symbol
			p.getNaturalIdCacheAccessStrategy().evictAll();
			 ^
  symbol:   method getNaturalIdCacheAccessStrategy()
  location: variable p of type EntityDescriptor
/home/aboriero/hibernate/wip60/hibernate-orm/hibernate-core/src/main/java/org/hibernate/internal/CacheImpl.java:228: error: cannot find symbol
				LOG.debugf( "Evicting second-level cache: %s", p.getRole() );
				                                                ^
  symbol:   method getRole()
  location: variable p of type PersistentCollectionDescriptor
/home/aboriero/hibernate/wip60/hibernate-orm/hibernate-core/src/main/java/org/hibernate/internal/SessionImpl.java:195: error: SessionImpl is not abstract and does not override abstract method resolveParameterBindType(Class) in QueryParameterBindingTypeResolver
public final class SessionImpl
             ^
/home/aboriero/hibernate/wip60/hibernate-orm/hibernate-core/src/main/java/org/hibernate/internal/SessionImpl.java:1440: error: cannot find symbol
			plan = getQueryPlan( query, false );
			       ^
  symbol:   method getQueryPlan(String,boolean)
  location: class SessionImpl
/home/aboriero/hibernate/wip60/hibernate-orm/hibernate-core/src/main/java/org/hibernate/internal/SessionImpl.java:1466: error: cannot find symbol
		HQLQueryPlan plan = getQueryPlan( query, false );
		                    ^
  symbol:   method getQueryPlan(String,boolean)
  location: class SessionImpl
/home/aboriero/hibernate/wip60/hibernate-orm/hibernate-core/src/main/java/org/hibernate/internal/SessionImpl.java:1489: error: cannot find symbol
		NativeSQLQueryPlan plan = getNativeQueryPlan( nativeQuerySpecification );
		                          ^
  symbol:   method getNativeQueryPlan(NativeSQLQuerySpecification)
  location: class SessionImpl
/home/aboriero/hibernate/wip60/hibernate-orm/hibernate-core/src/main/java/org/hibernate/internal/SessionImpl.java:1515: error: cannot find symbol
			plan = getQueryPlan( query, true );
			       ^
  symbol:   method getQueryPlan(String,boolean)
  location: class SessionImpl
/home/aboriero/hibernate/wip60/hibernate-orm/hibernate-core/src/main/java/org/hibernate/internal/SessionImpl.java:1537: error: cannot find symbol
			plan = getQueryPlan( query, false );
			       ^
  symbol:   method getQueryPlan(String,boolean)
  location: class SessionImpl
/home/aboriero/hibernate/wip60/hibernate-orm/hibernate-core/src/main/java/org/hibernate/internal/SessionImpl.java:1572: error: cannot find symbol
				persister.getEntityMetamodel().getEntityMode(),
				         ^
  symbol:   method getEntityMetamodel()
  location: variable persister of type EntityDescriptor
/home/aboriero/hibernate/wip60/hibernate-orm/hibernate-core/src/main/java/org/hibernate/internal/SessionImpl.java:1673: error: cannot find symbol
					roleAfterFlush.getRole(),
					              ^
  symbol:   method getRole()
  location: variable roleAfterFlush of type PersistentCollectionDescriptor
/home/aboriero/hibernate/wip60/hibernate-orm/hibernate-core/src/main/java/org/hibernate/internal/SessionImpl.java:1671: error: cannot find symbol
			plan = getFactory().getQueryPlanCache().getFilterQueryPlan(
			                   ^
  symbol:   method getQueryPlanCache()
  location: interface SessionFactoryImplementor
/home/aboriero/hibernate/wip60/hibernate-orm/hibernate-core/src/main/java/org/hibernate/internal/SessionImpl.java:1683: error: cannot find symbol
					roleBeforeFlush.getRole(),
					               ^
  symbol:   method getRole()
  location: variable roleBeforeFlush of type PersistentCollectionDescriptor
/home/aboriero/hibernate/wip60/hibernate-orm/hibernate-core/src/main/java/org/hibernate/internal/SessionImpl.java:1681: error: cannot find symbol
			plan = getFactory().getQueryPlanCache().getFilterQueryPlan(
			                   ^
  symbol:   method getQueryPlanCache()
  location: interface SessionFactoryImplementor
/home/aboriero/hibernate/wip60/hibernate-orm/hibernate-core/src/main/java/org/hibernate/internal/SessionImpl.java:1698: error: cannot find symbol
							roleAfterFlush.getRole(),
							              ^
  symbol:   method getRole()
  location: variable roleAfterFlush of type PersistentCollectionDescriptor
/home/aboriero/hibernate/wip60/hibernate-orm/hibernate-core/src/main/java/org/hibernate/internal/SessionImpl.java:1696: error: cannot find symbol
					plan = getFactory().getQueryPlanCache().getFilterQueryPlan(
					                   ^
  symbol:   method getQueryPlanCache()
  location: interface SessionFactoryImplementor
/home/aboriero/hibernate/wip60/hibernate-orm/hibernate-core/src/main/java/org/hibernate/internal/SessionImpl.java:1708: error: cannot find symbol
			parameters.getPositionalParameterTypes()[0] = entry.getLoadedPersister().getKeyType();
			                                                                        ^
  symbol:   method getKeyType()
  location: interface PersistentCollectionDescriptor
/home/aboriero/hibernate/wip60/hibernate-orm/hibernate-core/src/main/java/org/hibernate/internal/SessionImpl.java:1786: error: cannot find symbol
		CriteriaLoader loader = new CriteriaLoader(
		^
  symbol:   class CriteriaLoader
  location: class SessionImpl
/home/aboriero/hibernate/wip60/hibernate-orm/hibernate-core/src/main/java/org/hibernate/internal/SessionImpl.java:1786: error: cannot find symbol
		CriteriaLoader loader = new CriteriaLoader(
		                            ^
  symbol:   class CriteriaLoader
  location: class SessionImpl
/home/aboriero/hibernate/wip60/hibernate-orm/hibernate-core/src/main/java/org/hibernate/internal/SessionImpl.java:1824: error: cannot find symbol
		CriteriaLoader[] loaders = new CriteriaLoader[size];
		^
  symbol:   class CriteriaLoader
  location: class SessionImpl
/home/aboriero/hibernate/wip60/hibernate-orm/hibernate-core/src/main/java/org/hibernate/internal/SessionImpl.java:1824: error: cannot find symbol
		CriteriaLoader[] loaders = new CriteriaLoader[size];
		                               ^
  symbol:   class CriteriaLoader
  location: class SessionImpl
/home/aboriero/hibernate/wip60/hibernate-orm/hibernate-core/src/main/java/org/hibernate/internal/SessionImpl.java:1828: error: cannot find symbol
			loaders[i] = new CriteriaLoader(
			                 ^
  symbol:   class CriteriaLoader
  location: class SessionImpl
/home/aboriero/hibernate/wip60/hibernate-orm/hibernate-core/src/main/java/org/hibernate/internal/SessionImpl.java:1882: error: cannot find symbol
		if ( !entityPersister.hasNaturalIdentifier() ) {
		                     ^
  symbol:   method hasNaturalIdentifier()
  location: variable entityPersister of type EntityDescriptor
/home/aboriero/hibernate/wip60/hibernate-orm/hibernate-core/src/main/java/org/hibernate/internal/SessionImpl.java:1892: error: cannot find symbol
		final int[] naturalIdentifierProperties = entityPersister.getNaturalIdentifierProperties();
		                                                         ^
  symbol:   method getNaturalIdentifierProperties()
  location: variable entityPersister of type EntityDescriptor
/home/aboriero/hibernate/wip60/hibernate-orm/hibernate-core/src/main/java/org/hibernate/internal/SessionImpl.java:1926: error: cannot find symbol
		if ( !( persister instanceof OuterJoinLoadable ) ) {
		                             ^
  symbol:   class OuterJoinLoadable
  location: class SessionImpl
/home/aboriero/hibernate/wip60/hibernate-orm/hibernate-core/src/main/java/org/hibernate/internal/SessionImpl.java:1929: error: cannot find symbol
		return (OuterJoinLoadable) persister;
		        ^
  symbol:   class OuterJoinLoadable
  location: class SessionImpl
/home/aboriero/hibernate/wip60/hibernate-orm/hibernate-core/src/main/java/org/hibernate/internal/SessionImpl.java:2080: error: cannot find symbol
		CustomLoader loader = new CustomLoader( customQuery, getFactory() );
		^
  symbol:   class CustomLoader
  location: class SessionImpl
/home/aboriero/hibernate/wip60/hibernate-orm/hibernate-core/src/main/java/org/hibernate/internal/SessionImpl.java:2080: error: cannot find symbol
		CustomLoader loader = new CustomLoader( customQuery, getFactory() );
		                          ^
  symbol:   class CustomLoader
  location: class SessionImpl
/home/aboriero/hibernate/wip60/hibernate-orm/hibernate-core/src/main/java/org/hibernate/internal/SessionImpl.java:2104: error: cannot find symbol
		CustomLoader loader = new CustomLoader( customQuery, getFactory() );
		^
  symbol:   class CustomLoader
  location: class SessionImpl
/home/aboriero/hibernate/wip60/hibernate-orm/hibernate-core/src/main/java/org/hibernate/internal/SessionImpl.java:2104: error: cannot find symbol
		CustomLoader loader = new CustomLoader( customQuery, getFactory() );
		                          ^
  symbol:   class CustomLoader
  location: class SessionImpl
/home/aboriero/hibernate/wip60/hibernate-orm/hibernate-core/src/main/java/org/hibernate/internal/SessionImpl.java:2899: error: cannot find symbol
			if ( !entityPersister.hasNaturalIdentifier() ) {
			                     ^
  symbol:   method hasNaturalIdentifier()
  location: variable entityPersister of type EntityDescriptor
/home/aboriero/hibernate/wip60/hibernate-orm/hibernate-core/src/main/java/org/hibernate/internal/SessionImpl.java:2935: error: cannot find symbol
			if ( entityPersister.getEntityMetamodel().hasImmutableNaturalId() ) {
			                    ^
  symbol:   method getEntityMetamodel()
  location: variable entityPersister of type EntityDescriptor
/home/aboriero/hibernate/wip60/hibernate-orm/hibernate-core/src/main/java/org/hibernate/internal/SessionImpl.java:3062: error: cannot find symbol
			if ( entityPersister.getNaturalIdentifierProperties().length != 1 ) {
			                    ^
  symbol:   method getNaturalIdentifierProperties()
  location: variable entityPersister of type EntityDescriptor
/home/aboriero/hibernate/wip60/hibernate-orm/hibernate-core/src/main/java/org/hibernate/internal/SessionImpl.java:3071: error: cannot find symbol
			final int naturalIdAttributePosition = entityPersister.getNaturalIdentifierProperties()[0];
			                                                      ^
  symbol:   method getNaturalIdentifierProperties()
  location: variable entityPersister of type EntityDescriptor
/home/aboriero/hibernate/wip60/hibernate-orm/hibernate-core/src/main/java/org/hibernate/internal/SessionImpl.java:3735: error: cannot find symbol
		return new EntityGraphImpl<T>( null, getMetamodel().entity( rootType ), getEntityManagerFactory() );
		           ^
  symbol:   class EntityGraphImpl
  location: class SessionImpl
/home/aboriero/hibernate/wip60/hibernate-orm/hibernate-core/src/main/java/org/hibernate/internal/StatelessSessionImpl.java:55: error: StatelessSessionImpl is not abstract and does not override abstract method resolveParameterBindType(Class) in QueryParameterBindingTypeResolver
public class StatelessSessionImpl extends AbstractSharedSessionContract implements StatelessSession {
       ^
/home/aboriero/hibernate/wip60/hibernate-orm/hibernate-core/src/main/java/org/hibernate/internal/StatelessSessionImpl.java:92: error: cannot find symbol
		Serializable id = persister.getIdentifierGenerator().generate( this, entity );
		                           ^
  symbol:   method getIdentifierGenerator()
  location: variable persister of type EntityDescriptor
/home/aboriero/hibernate/wip60/hibernate-orm/hibernate-core/src/main/java/org/hibernate/internal/StatelessSessionImpl.java:97: error: cannot find symbol
					persister.getVersionProperty(),
					         ^
  symbol:   method getVersionProperty()
  location: variable persister of type EntityDescriptor
/home/aboriero/hibernate/wip60/hibernate-orm/hibernate-core/src/main/java/org/hibernate/internal/StatelessSessionImpl.java:98: error: cannot find symbol
					( (BasicType) persister.getVersionType() ).getVersionSupport(),
					                       ^
  symbol:   method getVersionType()
  location: variable persister of type EntityDescriptor
/home/aboriero/hibernate/wip60/hibernate-orm/hibernate-core/src/main/java/org/hibernate/internal/StatelessSessionImpl.java:152: error: incompatible types: Optional cannot be converted to VersionSupport
					.increment( oldVersion, ( (BasicType) persister.getVersionType() ).getVersionSupport(), this );
					                                                                                    ^
/home/aboriero/hibernate/wip60/hibernate-orm/hibernate-core/src/main/java/org/hibernate/internal/StatelessSessionImpl.java:152: error: cannot find symbol
					.increment( oldVersion, ( (BasicType) persister.getVersionType() ).getVersionSupport(), this );
					                                               ^
  symbol:   method getVersionType()
  location: variable persister of type EntityDescriptor
/home/aboriero/hibernate/wip60/hibernate-orm/hibernate-core/src/main/java/org/hibernate/internal/StatelessSessionImpl.java:352: error: cannot find symbol
		HQLQueryPlan plan = getQueryPlan( query, false );
		                    ^
  symbol:   method getQueryPlan(String,boolean)
  location: class StatelessSessionImpl
/home/aboriero/hibernate/wip60/hibernate-orm/hibernate-core/src/main/java/org/hibernate/internal/StatelessSessionImpl.java:463: error: cannot find symbol
		HQLQueryPlan plan = getQueryPlan( query, false );
		                    ^
  symbol:   method getQueryPlan(String,boolean)
  location: class StatelessSessionImpl
/home/aboriero/hibernate/wip60/hibernate-orm/hibernate-core/src/main/java/org/hibernate/internal/StatelessSessionImpl.java:514: error: cannot find symbol
		CriteriaLoader loader = new CriteriaLoader(
		^
  symbol:   class CriteriaLoader
  location: class StatelessSessionImpl
/home/aboriero/hibernate/wip60/hibernate-orm/hibernate-core/src/main/java/org/hibernate/internal/StatelessSessionImpl.java:514: error: cannot find symbol
		CriteriaLoader loader = new CriteriaLoader(
		                            ^
  symbol:   class CriteriaLoader
  location: class StatelessSessionImpl
/home/aboriero/hibernate/wip60/hibernate-orm/hibernate-core/src/main/java/org/hibernate/internal/StatelessSessionImpl.java:534: error: cannot find symbol
		CriteriaLoader[] loaders = new CriteriaLoader[size];
		^
  symbol:   class CriteriaLoader
  location: class StatelessSessionImpl
/home/aboriero/hibernate/wip60/hibernate-orm/hibernate-core/src/main/java/org/hibernate/internal/StatelessSessionImpl.java:534: error: cannot find symbol
		CriteriaLoader[] loaders = new CriteriaLoader[size];
		                               ^
  symbol:   class CriteriaLoader
  location: class StatelessSessionImpl
/home/aboriero/hibernate/wip60/hibernate-orm/hibernate-core/src/main/java/org/hibernate/internal/StatelessSessionImpl.java:536: error: cannot find symbol
			loaders[i] = new CriteriaLoader(
			                 ^
  symbol:   class CriteriaLoader
  location: class StatelessSessionImpl
/home/aboriero/hibernate/wip60/hibernate-orm/hibernate-core/src/main/java/org/hibernate/internal/StatelessSessionImpl.java:565: error: cannot find symbol
		if ( !( persister instanceof OuterJoinLoadable ) ) {
		                             ^
  symbol:   class OuterJoinLoadable
  location: class StatelessSessionImpl
/home/aboriero/hibernate/wip60/hibernate-orm/hibernate-core/src/main/java/org/hibernate/internal/StatelessSessionImpl.java:568: error: cannot find symbol
		return (OuterJoinLoadable) persister;
		        ^
  symbol:   class OuterJoinLoadable
  location: class StatelessSessionImpl
/home/aboriero/hibernate/wip60/hibernate-orm/hibernate-core/src/main/java/org/hibernate/internal/StatelessSessionImpl.java:575: error: cannot find symbol
		CustomLoader loader = new CustomLoader( customQuery, getFactory() );
		^
  symbol:   class CustomLoader
  location: class StatelessSessionImpl
/home/aboriero/hibernate/wip60/hibernate-orm/hibernate-core/src/main/java/org/hibernate/internal/StatelessSessionImpl.java:575: error: cannot find symbol
		CustomLoader loader = new CustomLoader( customQuery, getFactory() );
		                          ^
  symbol:   class CustomLoader
  location: class StatelessSessionImpl
/home/aboriero/hibernate/wip60/hibernate-orm/hibernate-core/src/main/java/org/hibernate/internal/StatelessSessionImpl.java:594: error: cannot find symbol
		CustomLoader loader = new CustomLoader( customQuery, getFactory() );
		^
  symbol:   class CustomLoader
  location: class StatelessSessionImpl
/home/aboriero/hibernate/wip60/hibernate-orm/hibernate-core/src/main/java/org/hibernate/internal/StatelessSessionImpl.java:594: error: cannot find symbol
		CustomLoader loader = new CustomLoader( customQuery, getFactory() );
		                          ^
  symbol:   class CustomLoader
  location: class StatelessSessionImpl
/home/aboriero/hibernate/wip60/hibernate-orm/hibernate-core/src/main/java/org/hibernate/internal/StatelessSessionImpl.java:601: error: cannot find symbol
		HQLQueryPlan plan = getQueryPlan( query, false );
		                    ^
  symbol:   method getQueryPlan(String,boolean)
  location: class StatelessSessionImpl
/home/aboriero/hibernate/wip60/hibernate-orm/hibernate-core/src/main/java/org/hibernate/internal/StatelessSessionImpl.java:625: error: cannot find symbol
		NativeSQLQueryPlan plan = getNativeQueryPlan( nativeSQLQuerySpecification );
		                          ^
  symbol:   method getNativeQueryPlan(NativeSQLQuerySpecification)
  location: class StatelessSessionImpl
/home/aboriero/hibernate/wip60/hibernate-orm/hibernate-core/src/main/java/org/hibernate/jpa/boot/internal/EntityManagerFactoryBuilderImpl.java:737: error: no suitable method found for from(ClassmateContext,Class<CAP#1>)
							AttributeConverterDefinition.from(
							                            ^
    method AttributeConverterDefinition.<O#1,R#1>from(ClassmateContext,Class<? extends AttributeConverter<O#1,R#1>>) is not applicable
      (cannot infer type-variable(s) O#1,R#1
        (argument mismatch; Class<CAP#1> cannot be converted to Class<? extends AttributeConverter<O#1,R#1>>))
    method AttributeConverterDefinition.<O#2,R#2>from(ClassmateContext,Class<? extends AttributeConverter<O#2,R#2>>,boolean) is not applicable
      (cannot infer type-variable(s) O#2,R#2
        (actual and formal argument lists differ in length))
    method AttributeConverterDefinition.<O#3,R#3>from(ClassmateContext,AttributeConverter<O#3,R#3>) is not applicable
      (cannot infer type-variable(s) O#3,R#3
        (argument mismatch; Class<CAP#1> cannot be converted to AttributeConverter<O#3,R#3>))
    method AttributeConverterDefinition.<O#4,R#4>from(ClassmateContext,AttributeConverter<O#4,R#4>,boolean) is not applicable
      (cannot infer type-variable(s) O#4,R#4
        (actual and formal argument lists differ in length))
  where O#1,R#1,O#2,R#2,O#3,R#3,O#4,R#4 are type-variables:
    O#1 extends Object declared in method <O#1,R#1>from(ClassmateContext,Class<? extends AttributeConverter<O#1,R#1>>)
    R#1 extends Object declared in method <O#1,R#1>from(ClassmateContext,Class<? extends AttributeConverter<O#1,R#1>>)
    O#2 extends Object declared in method <O#2,R#2>from(ClassmateContext,Class<? extends AttributeConverter<O#2,R#2>>,boolean)
    R#2 extends Object declared in method <O#2,R#2>from(ClassmateContext,Class<? extends AttributeConverter<O#2,R#2>>,boolean)
    O#3 extends Object declared in method <O#3,R#3>from(ClassmateContext,AttributeConverter<O#3,R#3>)
    R#3 extends Object declared in method <O#3,R#3>from(ClassmateContext,AttributeConverter<O#3,R#3>)
    O#4 extends Object declared in method <O#4,R#4>from(ClassmateContext,AttributeConverter<O#4,R#4>,boolean)
    R#4 extends Object declared in method <O#4,R#4>from(ClassmateContext,AttributeConverter<O#4,R#4>,boolean)
  where CAP#1 is a fresh type-variable:
    CAP#1 extends AttributeConverter<?,?> from capture of ? extends AttributeConverter<?,?>
/home/aboriero/hibernate/wip60/hibernate-orm/hibernate-core/src/main/java/org/hibernate/loader/internal/StandardNaturalIdLoaderImpl.java:37: error: incompatible types: StandardNaturalIdLoaderImpl cannot be converted to EntityDescriptor
					MessageHelper.infoString( this )
					                          ^
/home/aboriero/hibernate/wip60/hibernate-orm/hibernate-core/src/main/java/org/hibernate/loader/internal/StandardNaturalIdLoaderImpl.java:52: error: cannot find symbol
				for ( int idPosition : getNaturalIdentifierProperties() ) {
				                       ^
  symbol:   method getNaturalIdentifierProperties()
  location: class StandardNaturalIdLoaderImpl
/home/aboriero/hibernate/wip60/hibernate-orm/hibernate-core/src/main/java/org/hibernate/loader/internal/StandardNaturalIdLoaderImpl.java:55: error: cannot find symbol
						final Type type = getPropertyTypes()[idPosition];
						                  ^
  symbol:   method getPropertyTypes()
  location: class StandardNaturalIdLoaderImpl
/home/aboriero/hibernate/wip60/hibernate-orm/hibernate-core/src/main/java/org/hibernate/loader/internal/StandardNaturalIdLoaderImpl.java:56: error: cannot find symbol
						type.nullSafeSet( ps, naturalIdValue, positions, session );
						    ^
  symbol:   method nullSafeSet(PreparedStatement,Object,int,SharedSessionContractImplementor)
  location: variable type of type Type
/home/aboriero/hibernate/wip60/hibernate-orm/hibernate-core/src/main/java/org/hibernate/loader/internal/StandardNaturalIdLoaderImpl.java:57: error: cannot find symbol
						positions += type.getColumnSpan( session.getFactory() );
						                 ^
  symbol:   method getColumnSpan(SessionFactoryImplementor)
  location: variable type of type Type
/home/aboriero/hibernate/wip60/hibernate-orm/hibernate-core/src/main/java/org/hibernate/loader/internal/StandardNaturalIdLoaderImpl.java:67: error: cannot find symbol
					final Object hydratedId = getIdentifierType().hydrate( rs, getIdentifierAliases(), session, null );
					                                                           ^
  symbol:   method getIdentifierAliases()
  location: class StandardNaturalIdLoaderImpl
/home/aboriero/hibernate/wip60/hibernate-orm/hibernate-core/src/main/java/org/hibernate/loader/internal/StandardNaturalIdLoaderImpl.java:67: error: cannot find symbol
					final Object hydratedId = getIdentifierType().hydrate( rs, getIdentifierAliases(), session, null );
					                          ^
  symbol:   method getIdentifierType()
  location: class StandardNaturalIdLoaderImpl
/home/aboriero/hibernate/wip60/hibernate-orm/hibernate-core/src/main/java/org/hibernate/loader/internal/StandardNaturalIdLoaderImpl.java:68: error: cannot find symbol
					return (Serializable) getIdentifierType().resolve( hydratedId, session, null );
					                      ^
  symbol:   method getIdentifierType()
  location: class StandardNaturalIdLoaderImpl
/home/aboriero/hibernate/wip60/hibernate-orm/hibernate-core/src/main/java/org/hibernate/loader/internal/StandardNaturalIdLoaderImpl.java:85: error: incompatible types: StandardNaturalIdLoaderImpl cannot be converted to EntityDescriptor
							MessageHelper.infoString( this )
							                          ^
/home/aboriero/hibernate/wip60/hibernate-orm/hibernate-core/src/main/java/org/hibernate/loader/internal/StandardNaturalIdLoaderImpl.java:80: error: cannot find symbol
			throw getFactory().getSQLExceptionHelper().convert(
			      ^
  symbol:   method getFactory()
  location: class StandardNaturalIdLoaderImpl
/home/aboriero/hibernate/wip60/hibernate-orm/hibernate-core/src/main/java/org/hibernate/loader/internal/StandardNaturalIdLoaderImpl.java:104: error: cannot find symbol
		if ( !hasNaturalIdentifier() ) {
		      ^
  symbol:   method hasNaturalIdentifier()
  location: class StandardNaturalIdLoaderImpl
/home/aboriero/hibernate/wip60/hibernate-orm/hibernate-core/src/main/java/org/hibernate/loader/internal/StandardNaturalIdLoaderImpl.java:133: error: cannot find symbol
		boolean[] nullability = getPropertyNullability();
		                        ^
  symbol:   method getPropertyNullability()
  location: class StandardNaturalIdLoaderImpl
/home/aboriero/hibernate/wip60/hibernate-orm/hibernate-core/src/main/java/org/hibernate/loader/internal/StandardNaturalIdLoaderImpl.java:134: error: cannot find symbol
		for ( int position : getNaturalIdentifierProperties() ) {
		                     ^
  symbol:   method getNaturalIdentifierProperties()
  location: class StandardNaturalIdLoaderImpl
/home/aboriero/hibernate/wip60/hibernate-orm/hibernate-core/src/main/java/org/hibernate/loader/internal/StandardNaturalIdLoaderImpl.java:145: error: cannot find symbol
		EntityPersister rootPersister = getFactory().getEntityPersister( getRootEntityName() );
		^
  symbol:   class EntityPersister
  location: class StandardNaturalIdLoaderImpl
/home/aboriero/hibernate/wip60/hibernate-orm/hibernate-core/src/main/java/org/hibernate/loader/internal/StandardNaturalIdLoaderImpl.java:145: error: cannot find symbol
		EntityPersister rootPersister = getFactory().getEntityPersister( getRootEntityName() );
		                                                                 ^
  symbol:   method getRootEntityName()
  location: class StandardNaturalIdLoaderImpl
/home/aboriero/hibernate/wip60/hibernate-orm/hibernate-core/src/main/java/org/hibernate/loader/internal/StandardNaturalIdLoaderImpl.java:145: error: cannot find symbol
		EntityPersister rootPersister = getFactory().getEntityPersister( getRootEntityName() );
		                                ^
  symbol:   method getFactory()
  location: class StandardNaturalIdLoaderImpl
/home/aboriero/hibernate/wip60/hibernate-orm/hibernate-core/src/main/java/org/hibernate/loader/internal/StandardNaturalIdLoaderImpl.java:147: error: cannot find symbol
			if ( rootPersister instanceof AbstractEntityPersister ) {
			                              ^
  symbol:   class AbstractEntityPersister
  location: class StandardNaturalIdLoaderImpl
/home/aboriero/hibernate/wip60/hibernate-orm/hibernate-core/src/main/java/org/hibernate/loader/internal/StandardNaturalIdLoaderImpl.java:148: error: cannot find symbol
				return ( (AbstractEntityPersister) rootPersister ).generateEntityIdByNaturalIdSql( valueNullness );
				          ^
  symbol:   class AbstractEntityPersister
  location: class StandardNaturalIdLoaderImpl
/home/aboriero/hibernate/wip60/hibernate-orm/hibernate-core/src/main/java/org/hibernate/loader/internal/StandardNaturalIdLoaderImpl.java:152: error: cannot find symbol
		Select select = new Select( getFactory().getDialect() );
		                            ^
  symbol:   method getFactory()
  location: class StandardNaturalIdLoaderImpl
/home/aboriero/hibernate/wip60/hibernate-orm/hibernate-core/src/main/java/org/hibernate/loader/internal/StandardNaturalIdLoaderImpl.java:153: error: cannot find symbol
		if ( getFactory().getSessionFactoryOptions().isCommentsEnabled() ) {
		     ^
  symbol:   method getFactory()
  location: class StandardNaturalIdLoaderImpl
/home/aboriero/hibernate/wip60/hibernate-orm/hibernate-core/src/main/java/org/hibernate/loader/internal/StandardNaturalIdLoaderImpl.java:154: error: cannot find symbol
			select.setComment( "get current natural-id->entity-id state " + getEntityName() );
			                                                                ^
  symbol:   method getEntityName()
  location: class StandardNaturalIdLoaderImpl
/home/aboriero/hibernate/wip60/hibernate-orm/hibernate-core/src/main/java/org/hibernate/loader/internal/StandardNaturalIdLoaderImpl.java:157: error: cannot find symbol
		final String rootAlias = getRootAlias();
		                         ^
  symbol:   method getRootAlias()
  location: class StandardNaturalIdLoaderImpl
/home/aboriero/hibernate/wip60/hibernate-orm/hibernate-core/src/main/java/org/hibernate/loader/internal/StandardNaturalIdLoaderImpl.java:159: error: cannot find symbol
		select.setSelectClause( identifierSelectFragment( rootAlias, "" ) );
		                        ^
  symbol:   method identifierSelectFragment(String,String)
  location: class StandardNaturalIdLoaderImpl
/home/aboriero/hibernate/wip60/hibernate-orm/hibernate-core/src/main/java/org/hibernate/loader/internal/StandardNaturalIdLoaderImpl.java:160: error: cannot find symbol
		select.setFromClause( fromTableFragment( rootAlias ) + fromJoinFragment( rootAlias, true, false ) );
		                      ^
  symbol:   method fromTableFragment(String)
  location: class StandardNaturalIdLoaderImpl
/home/aboriero/hibernate/wip60/hibernate-orm/hibernate-core/src/main/java/org/hibernate/loader/internal/StandardNaturalIdLoaderImpl.java:160: error: cannot find symbol
		select.setFromClause( fromTableFragment( rootAlias ) + fromJoinFragment( rootAlias, true, false ) );
		                                                       ^
  symbol:   method fromJoinFragment(String,boolean,boolean)
  location: class StandardNaturalIdLoaderImpl
/home/aboriero/hibernate/wip60/hibernate-orm/hibernate-core/src/main/java/org/hibernate/loader/internal/StandardNaturalIdLoaderImpl.java:163: error: cannot find symbol
		final int[] propertyTableNumbers = getPropertyTableNumbers();
		                                   ^
  symbol:   method getPropertyTableNumbers()
  location: class StandardNaturalIdLoaderImpl
/home/aboriero/hibernate/wip60/hibernate-orm/hibernate-core/src/main/java/org/hibernate/loader/internal/StandardNaturalIdLoaderImpl.java:164: error: cannot find symbol
		final int[] naturalIdPropertyIndexes = this.getNaturalIdentifierProperties();
		                                           ^
  symbol: method getNaturalIdentifierProperties()
/home/aboriero/hibernate/wip60/hibernate-orm/hibernate-core/src/main/java/org/hibernate/loader/internal/StandardNaturalIdLoaderImpl.java:173: error: cannot find symbol
			final String tableAlias = generateTableAlias( rootAlias, propertyTableNumbers[naturalIdIdx] );
			                          ^
  symbol:   method generateTableAlias(String,int)
  location: class StandardNaturalIdLoaderImpl
/home/aboriero/hibernate/wip60/hibernate-orm/hibernate-core/src/main/java/org/hibernate/loader/internal/StandardNaturalIdLoaderImpl.java:174: error: cannot find symbol
			final String[] propertyColumnNames = getPropertyColumnNames( naturalIdIdx );
			                                     ^
  symbol:   method getPropertyColumnNames(int)
  location: class StandardNaturalIdLoaderImpl
/home/aboriero/hibernate/wip60/hibernate-orm/hibernate-core/src/main/java/org/hibernate/loader/internal/StandardNaturalIdLoaderImpl.java:185: error: cannot find symbol
		whereClause.append( whereJoinFragment( getRootAlias(), true, false ) );
		                                       ^
  symbol:   method getRootAlias()
  location: class StandardNaturalIdLoaderImpl
/home/aboriero/hibernate/wip60/hibernate-orm/hibernate-core/src/main/java/org/hibernate/metamodel/internal/AttributeFactory.java:210: error: cannot find symbol
				final EntityType type = (EntityType) typeContext.getValue().getType();
				      ^
  symbol:   class EntityType
  location: class AttributeFactory
/home/aboriero/hibernate/wip60/hibernate-orm/hibernate-core/src/main/java/org/hibernate/metamodel/internal/AttributeFactory.java:210: error: cannot find symbol
				final EntityType type = (EntityType) typeContext.getValue().getType();
				                         ^
  symbol:   class EntityType
  location: class AttributeFactory
/home/aboriero/hibernate/wip60/hibernate-orm/hibernate-core/src/main/java/org/hibernate/metamodel/internal/AttributeFactory.java:210: error: cannot find symbol
				final EntityType type = (EntityType) typeContext.getValue().getType();
				                                                           ^
  symbol:   method getType()
  location: interface Value
/home/aboriero/hibernate/wip60/hibernate-orm/hibernate-core/src/main/java/org/hibernate/metamodel/internal/AttributeFactory.java:218: error: cannot find symbol
						(ComponentType) typeContext.getValue().getType()
						 ^
  symbol:   class ComponentType
  location: class AttributeFactory
/home/aboriero/hibernate/wip60/hibernate-orm/hibernate-core/src/main/java/org/hibernate/metamodel/internal/AttributeFactory.java:218: error: cannot find symbol
						(ComponentType) typeContext.getValue().getType()
						                                      ^
  symbol:   method getType()
  location: interface Value
/home/aboriero/hibernate/wip60/hibernate-orm/hibernate-core/src/main/java/org/hibernate/metamodel/internal/AttributeFactory.java:244: error: cannot find symbol
					.getEntityMetamodel();
					^
  symbol:   method getEntityMetamodel()
  location: interface EntityDescriptor<Object>
/home/aboriero/hibernate/wip60/hibernate-orm/hibernate-core/src/main/java/org/hibernate/metamodel/internal/AttributeFactory.java:252: error: cannot find symbol
					.getEntityMetamodel();
					^
  symbol:   method getEntityMetamodel()
  location: interface EntityDescriptor<Object>
/home/aboriero/hibernate/wip60/hibernate-orm/hibernate-core/src/main/java/org/hibernate/metamodel/internal/AttributeFactory.java:455: error: cannot find symbol
		final org.hibernate.type.spi.Type type = value.getType();
		                            ^
  symbol:   class Type
  location: package org.hibernate.type.spi
/home/aboriero/hibernate/wip60/hibernate-orm/hibernate-core/src/main/java/org/hibernate/metamodel/internal/AttributeFactory.java:455: error: cannot find symbol
		final org.hibernate.type.spi.Type type = value.getType();
		                                              ^
  symbol:   method getType()
  location: variable value of type Value
/home/aboriero/hibernate/wip60/hibernate-orm/hibernate-core/src/main/java/org/hibernate/metamodel/internal/AttributeFactory.java:482: error: cannot find symbol
				final org.hibernate.type.spi.Type elementType = elementValue.getType();
				                            ^
  symbol:   class Type
  location: package org.hibernate.type.spi
/home/aboriero/hibernate/wip60/hibernate-orm/hibernate-core/src/main/java/org/hibernate/metamodel/internal/AttributeFactory.java:482: error: cannot find symbol
				final org.hibernate.type.spi.Type elementType = elementValue.getType();
				                                                            ^
  symbol:   method getType()
  location: variable elementValue of type Value
/home/aboriero/hibernate/wip60/hibernate-orm/hibernate-core/src/main/java/org/hibernate/metamodel/internal/AttributeFactory.java:517: error: cannot find symbol
					final org.hibernate.type.spi.Type keyType = keyValue.getType();
					                            ^
  symbol:   class Type
  location: package org.hibernate.type.spi
/home/aboriero/hibernate/wip60/hibernate-orm/hibernate-core/src/main/java/org/hibernate/metamodel/internal/AttributeFactory.java:517: error: cannot find symbol
					final org.hibernate.type.spi.Type keyType = keyValue.getType();
					                                                    ^
  symbol:   method getType()
  location: variable keyValue of type Value
/home/aboriero/hibernate/wip60/hibernate-orm/hibernate-core/src/main/java/org/hibernate/metamodel/internal/AttributeFactory.java:625: error: cannot find symbol
				declaredType = propertyMapping.getType().getReturnedClass();
				                              ^
  symbol:   method getType()
  location: variable propertyMapping of type Property
/home/aboriero/hibernate/wip60/hibernate-orm/hibernate-core/src/main/java/org/hibernate/metamodel/internal/AttributeFactory.java:671: error: cannot find symbol
			return propertyMapping.getType().isCollectionType();
			                      ^
  symbol:   method getType()
  location: variable propertyMapping of type Property
/home/aboriero/hibernate/wip60/hibernate-orm/hibernate-core/src/main/java/org/hibernate/metamodel/internal/AttributeFactory.java:955: error: cannot find symbol
					? new MapMember( attributeName, attributeContext.getPropertyMapping().getType().getReturnedClass() )
					                                                                     ^
  symbol:   method getType()
  location: class Property
/home/aboriero/hibernate/wip60/hibernate-orm/hibernate-core/src/main/java/org/hibernate/metamodel/internal/AttributeFactory.java:969: error: cannot find symbol
			org.hibernate.type.spi.Type type = entityMetamodel.getIdentifierProperty().getType();
			                      ^
  symbol:   class Type
  location: package org.hibernate.type.spi
/home/aboriero/hibernate/wip60/hibernate-orm/hibernate-core/src/main/java/org/hibernate/metamodel/internal/AttributeFactory.java:970: error: cannot find symbol
			if ( !EmbeddedComponentType.class.isInstance( type ) ) {
			      ^
  symbol: class EmbeddedComponentType
/home/aboriero/hibernate/wip60/hibernate-orm/hibernate-core/src/main/java/org/hibernate/metamodel/internal/AttributeFactory.java:974: error: cannot find symbol
			final EmbeddedComponentType componentType = (EmbeddedComponentType) type;
			      ^
  symbol: class EmbeddedComponentType
/home/aboriero/hibernate/wip60/hibernate-orm/hibernate-core/src/main/java/org/hibernate/metamodel/internal/AttributeFactory.java:974: error: cannot find symbol
			final EmbeddedComponentType componentType = (EmbeddedComponentType) type;
			                                             ^
  symbol: class EmbeddedComponentType
/home/aboriero/hibernate/wip60/hibernate-orm/hibernate-core/src/main/java/org/hibernate/metamodel/internal/AttributeFactory.java:981: error: cannot find symbol
					? new MapMember( attributeName, attributeContext.getPropertyMapping().getType().getReturnedClass() )
					                                                                     ^
  symbol:   method getType()
  location: class Property
/home/aboriero/hibernate/wip60/hibernate-orm/hibernate-core/src/main/java/org/hibernate/metamodel/internal/AttributeFactory.java:1011: error: cannot find symbol
							? new MapMember( propertyName, property.getType().getReturnedClass() )
							                                       ^
  symbol:   method getType()
  location: variable property of type Property
/home/aboriero/hibernate/wip60/hibernate-orm/hibernate-core/src/main/java/org/hibernate/metamodel/internal/AttributeFactory.java:1035: error: cannot find symbol
						entityMetamodel.getIdentifierProperty().getType().getReturnedClass()
						                                                 ^
  symbol:   method getReturnedClass()
  location: interface Type
/home/aboriero/hibernate/wip60/hibernate-orm/hibernate-core/src/main/java/org/hibernate/metamodel/internal/AttributeFactory.java:1059: error: cannot find symbol
						attributeContext.getPropertyMapping().getType().getReturnedClass()
						                                     ^
  symbol:   method getType()
  location: class Property
/home/aboriero/hibernate/wip60/hibernate-orm/hibernate-core/src/main/java/org/hibernate/tuple/entity/EntityMetamodel.java:237: error: cannot find symbol
					( propertyTypes[i].isAssociationType() && ( (AssociationType) propertyTypes[i] ).isAlwaysDirtyChecked() );
					                  ^
  symbol:   method isAssociationType()
  location: interface Type
/home/aboriero/hibernate/wip60/hibernate-orm/hibernate-core/src/main/java/org/hibernate/tuple/entity/EntityMetamodel.java:237: error: cannot find symbol
					( propertyTypes[i].isAssociationType() && ( (AssociationType) propertyTypes[i] ).isAlwaysDirtyChecked() );
					                                             ^
  symbol:   class AssociationType
  location: class EntityMetamodel
/home/aboriero/hibernate/wip60/hibernate-orm/hibernate-core/src/main/java/org/hibernate/tuple/entity/EntityMetamodel.java:287: error: cannot find symbol
			if ( propertyTypes[i].getMutabilityPlan().isMutable() && propertyCheckability[i] ) {
			                     ^
  symbol:   method getMutabilityPlan()
  location: interface Type
/home/aboriero/hibernate/wip60/hibernate-orm/hibernate-core/src/main/java/org/hibernate/tuple/entity/EntityMetamodel.java:385: error: cannot find symbol
			entityTuplizer = entityTuplizerFactory.constructDefaultTuplizer( entityMode, this, persistentClass );
			                                      ^
  symbol:   method constructDefaultTuplizer(EntityMode,EntityMetamodel,PersistentClass)
  location: variable entityTuplizerFactory of type EntityTuplizerFactory
/home/aboriero/hibernate/wip60/hibernate-orm/hibernate-core/src/main/java/org/hibernate/tuple/entity/EntityMetamodel.java:388: error: method constructTuplizer in class EntityTuplizerFactory cannot be applied to given types;
			entityTuplizer = entityTuplizerFactory.constructTuplizer( tuplizerClassName, this, persistentClass );
			                                      ^
  required: Class<? extends EntityTuplizer>,EntityDescriptor,EntityMapping,RuntimeModelCreationContext
  found: String,EntityMetamodel,PersistentClass
  reason: actual and formal argument lists differ in length
/home/aboriero/hibernate/wip60/hibernate-orm/hibernate-core/src/main/java/org/hibernate/tuple/entity/EntityMetamodel.java:441: error: cannot find symbol
		final int numberOfMappedColumns = mappingProperty.getType().getColumnSpan();
		                                                 ^
  symbol:   method getType()
  location: variable mappingProperty of type Property
/home/aboriero/hibernate/wip60/hibernate-orm/hibernate-core/src/main/java/org/hibernate/tuple/entity/EntityMetamodel.java:865: error: cannot find symbol
		if ( type.isCollectionType() ) {
		         ^
  symbol:   method isCollectionType()
  location: variable type of type Type
/home/aboriero/hibernate/wip60/hibernate-orm/hibernate-core/src/main/java/org/hibernate/tuple/entity/EntityMetamodel.java:868: error: cannot find symbol
		else if ( type.isComponentType() ) {
		              ^
  symbol:   method isComponentType()
  location: variable type of type Type
/home/aboriero/hibernate/wip60/hibernate-orm/hibernate-core/src/main/java/org/hibernate/tuple/entity/EntityMetamodel.java:869: error: cannot find symbol
			Type[] subtypes = ( (EmbeddedType) type ).getSubtypes();
			                     ^
  symbol:   class EmbeddedType
  location: class EntityMetamodel
/home/aboriero/hibernate/wip60/hibernate-orm/hibernate-core/src/main/java/org/hibernate/tuple/entity/EntityMetamodel.java:893: error: cannot find symbol
			entityType = sessionFactory.getMetamodel().getTypeConfiguration().manyToOne( name );
			                                                                 ^
  symbol:   method manyToOne(String)
  location: class TypeConfiguration
/home/aboriero/hibernate/wip60/hibernate-orm/hibernate-core/src/main/java/org/hibernate/tuple/AbstractNonIdentifierAttribute.java:40: error: method does not override or implement a method from a supertype
	@Override
	^
/home/aboriero/hibernate/wip60/hibernate-orm/hibernate-core/src/main/java/org/hibernate/tuple/AbstractNonIdentifierAttribute.java:113: error: cannot find symbol
		return "Attribute(name=" + getName() + ", type=" + getType().getName() + " [" + loggableMetadata() + "])";
		                                                            ^
  symbol:   method getName()
  location: interface Type
/home/aboriero/hibernate/wip60/hibernate-orm/hibernate-core/src/main/java/org/hibernate/metamodel/model/creation/spi/DatabaseObjectResolutionContextImpl.java:24: error: DatabaseObjectResolutionContextImpl is not abstract and does not override abstract method resolveColumnMappings(List<MappedColumn>,List<MappedColumn>) in DatabaseObjectResolver
public class DatabaseObjectResolutionContextImpl
       ^
/home/aboriero/hibernate/wip60/hibernate-orm/hibernate-core/src/main/java/org/hibernate/metamodel/model/creation/spi/DatabaseObjectResolutionContextImpl.java:56: error: method does not override or implement a method from a supertype
	@Override
	^
/home/aboriero/hibernate/wip60/hibernate-orm/hibernate-core/src/main/java/org/hibernate/metamodel/model/domain/internal/EntityIdentifierCompositeNonAggregatedImpl.java:30: error: EntityIdentifierCompositeNonAggregatedImpl is not abstract and does not override abstract method getIdentifierValueGenerator() in EntityIdentifier
public class EntityIdentifierCompositeNonAggregatedImpl<O,J>
       ^
/home/aboriero/hibernate/wip60/hibernate-orm/hibernate-core/src/main/java/org/hibernate/metamodel/model/domain/internal/EntityIdentifierCompositeNonAggregatedImpl.java:47: error: incompatible types: EmbeddedTypeDescriptor<J> cannot be converted to Disposition
				embeddedDescriptor,
				^
  where J is a type-variable:
    J extends Object declared in class EntityIdentifierCompositeNonAggregatedImpl
/home/aboriero/hibernate/wip60/hibernate-orm/hibernate-core/src/main/java/org/hibernate/metamodel/model/domain/internal/MappedSuperclassImpl.java:14: error: MappedSuperclassImpl is not abstract and does not override abstract method completeInitialization(EntityHierarchy,IdentifiableTypeDescriptor<? super J>,IdentifiableTypeMappingImplementor,RuntimeModelCreationContext) in IdentifiableTypeDescriptor
public class MappedSuperclassImpl<J> implements MappedSuperclassDescriptor<J> {
       ^
  where J is a type-variable:
    J extends Object declared in class MappedSuperclassImpl
/home/aboriero/hibernate/wip60/hibernate-orm/hibernate-core/src/main/java/org/hibernate/metamodel/model/domain/internal/RowIdDescriptorImpl.java:33: error: RowIdDescriptorImpl is not abstract and does not override abstract method generateQueryResult(NavigableReference,String,SqlSelectionResolver,QueryResultCreationContext) in Navigable
public class RowIdDescriptorImpl implements RowIdDescriptor {
       ^
/home/aboriero/hibernate/wip60/hibernate-orm/hibernate-core/src/main/java/org/hibernate/metamodel/model/domain/internal/RowIdDescriptorImpl.java:62: error: getJavaTypeDescriptor() in RowIdDescriptorImpl cannot implement getJavaTypeDescriptor() in Navigable
	public JavaTypeDescriptor getJavaTypeDescriptor() {
	                          ^
  return type org.hibernate.type.descriptor.java.JavaTypeDescriptor is not compatible with org.hibernate.type.descriptor.java.spi.JavaTypeDescriptor
  where T is a type-variable:
    T extends Object declared in interface Navigable
/home/aboriero/hibernate/wip60/hibernate-orm/hibernate-core/src/main/java/org/hibernate/metamodel/model/domain/internal/RowIdDescriptorImpl.java:41: error: no suitable constructor found for PhysicalColumn(Table,String,int)
		column = new PhysicalColumn(
		         ^
    constructor PhysicalColumn.PhysicalColumn(Table,Identifier,SqlTypeDescriptor,String,boolean,boolean) is not applicable
      (actual and formal argument lists differ in length)
    constructor PhysicalColumn.PhysicalColumn(Table,Identifier,SqlTypeDescriptor,String,boolean,boolean,String) is not applicable
      (actual and formal argument lists differ in length)
/home/aboriero/hibernate/wip60/hibernate-orm/hibernate-core/src/main/java/org/hibernate/metamodel/model/domain/internal/RowIdDescriptorImpl.java:49: error: method does not override or implement a method from a supertype
	@Override
	^
/home/aboriero/hibernate/wip60/hibernate-orm/hibernate-core/src/main/java/org/hibernate/metamodel/model/domain/internal/RowIdDescriptorImpl.java:61: error: method does not override or implement a method from a supertype
	@Override
	^
/home/aboriero/hibernate/wip60/hibernate-orm/hibernate-core/src/main/java/org/hibernate/metamodel/model/domain/internal/RowIdDescriptorImpl.java:119: error: cannot find symbol
		visitor.visitRowId( this );
		       ^
  symbol:   method visitRowId(RowIdDescriptorImpl)
  location: variable visitor of type NavigableVisitationStrategy
/home/aboriero/hibernate/wip60/hibernate-orm/hibernate-core/src/main/java/org/hibernate/metamodel/model/domain/internal/RowIdDescriptorImpl.java:122: error: method does not override or implement a method from a supertype
	@Override
	^
/home/aboriero/hibernate/wip60/hibernate-orm/hibernate-core/src/main/java/org/hibernate/metamodel/model/domain/internal/RowIdDescriptorImpl.java:128: error: method does not override or implement a method from a supertype
	@Override
	^
/home/aboriero/hibernate/wip60/hibernate-orm/hibernate-core/src/main/java/org/hibernate/metamodel/model/domain/internal/RowIdDescriptorImpl.java:179: error: method does not override or implement a method from a supertype
	@Override
	^
/home/aboriero/hibernate/wip60/hibernate-orm/hibernate-core/src/main/java/org/hibernate/metamodel/model/domain/internal/RowIdDescriptorImpl.java:181: error: cannot find symbol
		return getOrmType().getName();
		                   ^
  symbol:   method getName()
  location: interface Type
/home/aboriero/hibernate/wip60/hibernate-orm/hibernate-core/src/main/java/org/hibernate/metamodel/model/domain/spi/AbstractManagedType.java:214: error: incompatible types: cannot infer type-variable(s) R,A,CAP#1,T#2
		return attributes.stream().collect( Collectors.toSet() );
		                                  ^
    (argument mismatch; Collector<Attribute<T#3,?>,CAP#2,Set<Attribute<T#3,?>>> cannot be converted to Collector<? super Attribute,CAP#2,Set<Attribute<T#3,?>>>)
  where R,A,T#1,T#2,T#3 are type-variables:
    R extends Object declared in method <R,A>collect(Collector<? super T#1,A,R>)
    A extends Object declared in method <R,A>collect(Collector<? super T#1,A,R>)
    T#1 extends Object declared in interface Stream
    T#2 extends Object declared in method <T#2>toSet()
    T#3 extends Object declared in class AbstractManagedType
  where CAP#1,CAP#2 are fresh type-variables:
    CAP#1 extends Object from capture of ?
    CAP#2 extends Object from capture of ?
/home/aboriero/hibernate/wip60/hibernate-orm/hibernate-core/src/main/java/org/hibernate/metamodel/model/domain/internal/SingleTableEntityDescriptor.java:44: error: SingleTableEntityDescriptor is not abstract and does not override abstract method registerAffectingFetchProfile(String) in EntityDescriptor
public class SingleTableEntityDescriptor<T> extends AbstractEntityDescriptor<T> {
       ^
/home/aboriero/hibernate/wip60/hibernate-orm/hibernate-core/src/main/java/org/hibernate/metamodel/model/domain/internal/SingleTableEntityDescriptor.java:74: error: method does not override or implement a method from a supertype
	@Override
	^
/home/aboriero/hibernate/wip60/hibernate-orm/hibernate-core/src/main/java/org/hibernate/metamodel/model/domain/internal/SingleTableEntityDescriptor.java:322: error: method does not override or implement a method from a supertype
	@Override
	^
/home/aboriero/hibernate/wip60/hibernate-orm/hibernate-core/src/main/java/org/hibernate/metamodel/model/domain/internal/SingleTableEntityDescriptor.java:327: error: method does not override or implement a method from a supertype
	@Override
	^
/home/aboriero/hibernate/wip60/hibernate-orm/hibernate-core/src/main/java/org/hibernate/metamodel/model/domain/internal/TenantDiscriminationImpl.java:50: error: method does not override or implement a method from a supertype
	@Override
	^
/home/aboriero/hibernate/wip60/hibernate-orm/hibernate-core/src/main/java/org/hibernate/metamodel/model/domain/internal/TenantDiscriminationImpl.java:52: error: cannot find symbol
		return container.getNumberOfJdbcParametersForRestriction();
		                ^
  symbol:   method getNumberOfJdbcParametersForRestriction()
  location: variable container of type IdentifiableTypeDescriptor
/home/aboriero/hibernate/wip60/hibernate-orm/hibernate-core/src/main/java/org/hibernate/metamodel/model/domain/spi/AbstractCollectionElement.java:44: error: method does not override or implement a method from a supertype
	@Override
	^
/home/aboriero/hibernate/wip60/hibernate-orm/hibernate-core/src/main/java/org/hibernate/metamodel/model/domain/internal/VersionDescriptorImpl.java:36: error: VersionDescriptorImpl is not abstract and does not override abstract method getBasicType() in BasicValuedExpressableType
public class VersionDescriptorImpl<O,J>
       ^
  where J is a type-variable:
    J extends Object declared in class VersionDescriptorImpl
/home/aboriero/hibernate/wip60/hibernate-orm/hibernate-core/src/main/java/org/hibernate/metamodel/model/domain/spi/CalendarVersionSupport.java:19: error: CalendarVersionSupport is not abstract and does not override abstract method toLoggableString(Object) in VersionSupport
public class CalendarVersionSupport implements VersionSupport<Calendar> {
       ^
/home/aboriero/hibernate/wip60/hibernate-orm/hibernate-core/src/main/java/org/hibernate/metamodel/model/domain/spi/CalendarVersionSupport.java:30: error: method does not override or implement a method from a supertype
	@Override
	^
/home/aboriero/hibernate/wip60/hibernate-orm/hibernate-core/src/main/java/org/hibernate/metamodel/model/domain/spi/CalendarVersionSupport.java:32: error: method toLoggableString in interface Type<T> cannot be applied to given types;
		return StandardSpiBasicTypes.CALENDAR.toLoggableString( value, factory );
		                                     ^
  required: Object
  found: Object,SessionFactoryImplementor
  reason: actual and formal argument lists differ in length
  where T is a type-variable:
    T extends Object declared in interface Type
/home/aboriero/hibernate/wip60/hibernate-orm/hibernate-core/src/main/java/org/hibernate/metamodel/model/domain/spi/CalendarVersionSupport.java:37: error: cannot find symbol
		return StandardSpiBasicTypes.CALENDAR.isEqual( x, y );
		                                     ^
  symbol:   method isEqual(Calendar,Calendar)
  location: variable CALENDAR of type BasicType<Calendar>
/home/aboriero/hibernate/wip60/hibernate-orm/hibernate-core/src/main/java/org/hibernate/metamodel/model/relational/spi/UnionSubclassTable.java:18: error: UnionSubclassTable is not abstract and does not override abstract method createForeignKey(String,boolean,Table,ColumnMappings) in InflightTable
public class UnionSubclassTable extends AbstractTable implements Table {
       ^
/home/aboriero/hibernate/wip60/hibernate-orm/hibernate-core/src/main/java/org/hibernate/metamodel/model/relational/spi/UnionSubclassTable.java:51: error: method does not override or implement a method from a supertype
	@Override
	^
/home/aboriero/hibernate/wip60/hibernate-orm/hibernate-core/src/main/java/org/hibernate/metamodel/model/relational/spi/UnionSubclassTable.java:61: error: cannot find symbol
		return getPhysicalTable().makeColumn( columnName, jdbcType );
		                         ^
  symbol:   method makeColumn(String,int)
  location: class PhysicalTable
/home/aboriero/hibernate/wip60/hibernate-orm/hibernate-core/src/main/java/org/hibernate/metamodel/model/relational/spi/UnionSubclassTable.java:64: error: method does not override or implement a method from a supertype
	@Override
	^
/home/aboriero/hibernate/wip60/hibernate-orm/hibernate-core/src/main/java/org/hibernate/metamodel/model/relational/spi/UnionSubclassTable.java:74: error: cannot find symbol
		return getPhysicalTable().makeFormula( formula, jdbcType );
		                         ^
  symbol:   method makeFormula(String,int)
  location: class PhysicalTable
/home/aboriero/hibernate/wip60/hibernate-orm/hibernate-core/src/main/java/org/hibernate/metamodel/model/relational/spi/UnionSubclassTable.java:79: error: cannot find symbol
		final Column column = getPhysicalTable().locateColumn( columnName );
		                                        ^
  symbol:   method locateColumn(String)
  location: class PhysicalTable
/home/aboriero/hibernate/wip60/hibernate-orm/hibernate-core/src/main/java/org/hibernate/metamodel/model/relational/spi/UnionSubclassTable.java:86: error: method does not override or implement a method from a supertype
	@Override
	^
/home/aboriero/hibernate/wip60/hibernate-orm/hibernate-core/src/main/java/org/hibernate/metamodel/model/relational/spi/UnionSubclassTable.java:88: error: cannot find symbol
		Column column = getPhysicalTable().locateColumn( columnName );
		                                  ^
  symbol:   method locateColumn(String)
  location: class PhysicalTable
/home/aboriero/hibernate/wip60/hibernate-orm/hibernate-core/src/main/java/org/hibernate/metamodel/model/relational/spi/DerivedColumn.java:12: error: DerivedColumn is not abstract and does not override abstract method getSqlTypeDescriptor() in Column
public class DerivedColumn implements Column {
       ^
/home/aboriero/hibernate/wip60/hibernate-orm/hibernate-core/src/main/java/org/hibernate/metamodel/model/relational/spi/DerivedTable.java:14: error: DerivedTable is not abstract and does not override abstract method createForeignKey(String,boolean,Table,ColumnMappings) in InflightTable
public class DerivedTable extends AbstractTable {
       ^
/home/aboriero/hibernate/wip60/hibernate-orm/hibernate-core/src/main/java/org/hibernate/param/NamedParameterSpecification.java:53: error: cannot find symbol
		typedValue.getType().nullSafeSet( statement, typedValue.getValue(), position, session );
		                    ^
  symbol:   method nullSafeSet(PreparedStatement,Object,int,SharedSessionContractImplementor)
  location: interface Type
/home/aboriero/hibernate/wip60/hibernate-orm/hibernate-core/src/main/java/org/hibernate/param/NamedParameterSpecification.java:54: error: cannot find symbol
		return typedValue.getType().getColumnSpan();
		                           ^
  symbol:   method getColumnSpan()
  location: interface Type
/home/aboriero/hibernate/wip60/hibernate-orm/hibernate-core/src/main/java/org/hibernate/param/DynamicFilterParameterSpecification.java:52: error: cannot find symbol
		final int columnSpan = definedParameterType.getColumnSpan();
		                                           ^
  symbol:   method getColumnSpan()
  location: variable definedParameterType of type Type
/home/aboriero/hibernate/wip60/hibernate-orm/hibernate-core/src/main/java/org/hibernate/param/DynamicFilterParameterSpecification.java:58: error: cannot find symbol
				definedParameterType.nullSafeSet( statement, itr.next(), start + positions, session );
				                    ^
  symbol:   method nullSafeSet(PreparedStatement,Object,int,SharedSessionContractImplementor)
  location: variable definedParameterType of type Type
/home/aboriero/hibernate/wip60/hibernate-orm/hibernate-core/src/main/java/org/hibernate/param/DynamicFilterParameterSpecification.java:64: error: cannot find symbol
			definedParameterType.nullSafeSet( statement, value, start, session );
			                    ^
  symbol:   method nullSafeSet(PreparedStatement,Object,int,SharedSessionContractImplementor)
  location: variable definedParameterType of type Type
/home/aboriero/hibernate/wip60/hibernate-orm/hibernate-core/src/main/java/org/hibernate/param/VersionTypeSeedParameterSpecification.java:40: error: cannot find symbol
		type.nullSafeSet( statement, ( (BasicType) type ).getVersionSupport().seed( session ), position, session );
		                                                                     ^
  symbol:   method seed(SharedSessionContractImplementor)
  location: class Optional
/home/aboriero/hibernate/wip60/hibernate-orm/hibernate-core/src/main/java/org/hibernate/param/CollectionFilterKeyParameterSpecification.java:48: error: cannot find symbol
		keyType.nullSafeSet( statement, value, position, session );
		       ^
  symbol:   method nullSafeSet(PreparedStatement,Object,int,SharedSessionContractImplementor)
  location: variable keyType of type Type
/home/aboriero/hibernate/wip60/hibernate-orm/hibernate-core/src/main/java/org/hibernate/param/CollectionFilterKeyParameterSpecification.java:49: error: cannot find symbol
		return keyType.getColumnSpan();
		              ^
  symbol:   method getColumnSpan()
  location: variable keyType of type Type
/home/aboriero/hibernate/wip60/hibernate-orm/hibernate-core/src/main/java/org/hibernate/param/PositionalParameterSpecification.java:51: error: cannot find symbol
		type.nullSafeSet( statement, value, position, session );
		    ^
  symbol:   method nullSafeSet(PreparedStatement,Object,int,SharedSessionContractImplementor)
  location: variable type of type Type
/home/aboriero/hibernate/wip60/hibernate-orm/hibernate-core/src/main/java/org/hibernate/param/PositionalParameterSpecification.java:52: error: cannot find symbol
		return type.getColumnSpan();
		           ^
  symbol:   method getColumnSpan()
  location: variable type of type Type
/home/aboriero/hibernate/wip60/hibernate-orm/hibernate-core/src/main/java/org/hibernate/pretty/MessageHelper.java:97: error: method toLoggableString in interface Type<T> cannot be applied to given types;
					s.append( idType.toLoggableString( id, factory ) );
					                ^
  required: Object
  found: Object,SessionFactoryImplementor
  reason: actual and formal argument lists differ in length
  where T is a type-variable:
    T extends Object declared in interface Type
/home/aboriero/hibernate/wip60/hibernate-orm/hibernate-core/src/main/java/org/hibernate/pretty/MessageHelper.java:138: error: method toLoggableString in interface Type<T> cannot be applied to given types;
			s.append( identifierType.toLoggableString( id, factory ) );
			                        ^
  required: Object
  found: Object,SessionFactoryImplementor
  reason: actual and formal argument lists differ in length
  where T is a type-variable:
    T extends Object declared in interface Type
/home/aboriero/hibernate/wip60/hibernate-orm/hibernate-core/src/main/java/org/hibernate/pretty/MessageHelper.java:166: error: method toLoggableString in interface Type<T> cannot be applied to given types;
				s.append( persister.getIdentifierType().toLoggableString( ids[i], factory ) );
				                                       ^
  required: Object
  found: Serializable,SessionFactoryImplementor
  reason: actual and formal argument lists differ in length
  where T is a type-variable:
    T extends Object declared in interface Type
/home/aboriero/hibernate/wip60/hibernate-orm/hibernate-core/src/main/java/org/hibernate/pretty/MessageHelper.java:251: error: cannot find symbol
			s.append( persister.getRole() );
			                   ^
  symbol:   method getRole()
  location: variable persister of type PersistentCollectionDescriptor
/home/aboriero/hibernate/wip60/hibernate-orm/hibernate-core/src/main/java/org/hibernate/pretty/MessageHelper.java:254: error: cannot find symbol
			Type ownerIdentifierType = persister.getOwnerEntityPersister()
			                                    ^
  symbol:   method getOwnerEntityPersister()
  location: variable persister of type PersistentCollectionDescriptor
/home/aboriero/hibernate/wip60/hibernate-orm/hibernate-core/src/main/java/org/hibernate/pretty/MessageHelper.java:267: error: method toLoggableString in interface Type<T> cannot be applied to given types;
			s.append( ownerIdentifierType.toLoggableString( 
			                             ^
  required: Object
  found: Serializable,SessionFactoryImplementor
  reason: actual and formal argument lists differ in length
  where T is a type-variable:
    T extends Object declared in interface Type
/home/aboriero/hibernate/wip60/hibernate-orm/hibernate-core/src/main/java/org/hibernate/pretty/MessageHelper.java:294: error: cannot find symbol
			s.append( persister.getRole() );
			                   ^
  symbol:   method getRole()
  location: variable persister of type PersistentCollectionDescriptor
/home/aboriero/hibernate/wip60/hibernate-orm/hibernate-core/src/main/java/org/hibernate/pretty/MessageHelper.java:327: error: cannot find symbol
			s.append( persister.getRole() );
			                   ^
  symbol:   method getRole()
  location: variable persister of type PersistentCollectionDescriptor
/home/aboriero/hibernate/wip60/hibernate-orm/hibernate-core/src/main/java/org/hibernate/pretty/MessageHelper.java:354: error: cannot find symbol
		Type ownerIdentifierType = persister.getOwnerEntityPersister()
		                                    ^
  symbol:   method getOwnerEntityPersister()
  location: variable persister of type PersistentCollectionDescriptor
/home/aboriero/hibernate/wip60/hibernate-orm/hibernate-core/src/main/java/org/hibernate/pretty/MessageHelper.java:358: error: method toLoggableString in interface Type<T> cannot be applied to given types;
			s.append( ownerIdentifierType.toLoggableString( id, factory ) );
			                             ^
  required: Object
  found: Serializable,SessionFactoryImplementor
  reason: actual and formal argument lists differ in length
  where T is a type-variable:
    T extends Object declared in interface Type
/home/aboriero/hibernate/wip60/hibernate-orm/hibernate-core/src/main/java/org/hibernate/query/internal/AbstractQuery.java:1149: error: incompatible types: ExpressableType cannot be converted to Type
		Type type = locateBinding( namedParam ).getBindType();
		                                                   ^
/home/aboriero/hibernate/wip60/hibernate-orm/hibernate-core/src/main/java/org/hibernate/query/internal/AbstractQuery.java:1154: error: incompatible types: AllowableParameterType cannot be converted to Type
			type = getSession().getFactory().resolveParameterBindType( retType );
			                                                         ^
/home/aboriero/hibernate/wip60/hibernate-orm/hibernate-core/src/main/java/org/hibernate/query/internal/AbstractQuery.java:1202: error: cannot find symbol
		catch (QueryExecutionRequestException he) {
		       ^
  symbol:   class QueryExecutionRequestException
  location: class AbstractQuery<R>
  where R is a type-variable:
    R extends Object declared in class AbstractQuery
/home/aboriero/hibernate/wip60/hibernate-orm/hibernate-core/src/main/java/org/hibernate/query/internal/AbstractQuery.java:1318: error: cannot find symbol
		catch ( QueryExecutionRequestException e) {
		        ^
  symbol:   class QueryExecutionRequestException
  location: class AbstractQuery<R>
  where R is a type-variable:
    R extends Object declared in class AbstractQuery
/home/aboriero/hibernate/wip60/hibernate-orm/hibernate-core/src/main/java/org/hibernate/procedure/internal/ProcedureCallImpl.java:488: error: reference to getBindType is ambiguous
			if ( parameterRegistration.getBind().getBindType() != null ) {
			                                    ^
  both method getBindType() in QueryParameterBinding and method getBindType() in ParameterBind match
/home/aboriero/hibernate/wip60/hibernate-orm/hibernate-core/src/main/java/org/hibernate/procedure/internal/ProcedureCallImpl.java:489: error: reference to getBindType is ambiguous
				return parameterRegistration.getBind().getBindType();
				                                      ^
  both method getBindType() in QueryParameterBinding and method getBindType() in ParameterBind match
/home/aboriero/hibernate/wip60/hibernate-orm/hibernate-core/src/main/java/org/hibernate/procedure/internal/ProcedureCallImpl.java:489: error: incompatible types: ExpressableType cannot be converted to Type
				return parameterRegistration.getBind().getBindType();
				                                                  ^
/home/aboriero/hibernate/wip60/hibernate-orm/hibernate-core/src/main/java/org/hibernate/procedure/internal/ProcedureCallImpl.java:539: error: cannot find symbol
		synchronizedQuerySpaces().addAll( Arrays.asList( (String[]) persister.getQuerySpaces() ) );
		                                                                     ^
  symbol:   method getQuerySpaces()
  location: variable persister of type EntityDescriptor
/home/aboriero/hibernate/wip60/hibernate-orm/hibernate-core/src/main/java/org/hibernate/procedure/internal/ProcedureCallImpl.java:969: error: incompatible types: cannot infer type-variable(s) R,A,CAP#1,T#2
		return parameterManager.collectParameterRegistrations().stream().collect( Collectors.toSet() );
		                                                                        ^
    (argument mismatch; Collector<Parameter<?>,CAP#2,Set<Parameter<?>>> cannot be converted to Collector<? super ParameterRegistration,CAP#2,Set<Parameter<?>>>)
  where R,A,T#1,T#2 are type-variables:
    R extends Object declared in method <R,A>collect(Collector<? super T#1,A,R>)
    A extends Object declared in method <R,A>collect(Collector<? super T#1,A,R>)
    T#1 extends Object declared in interface Stream
    T#2 extends Object declared in method <T#2>toSet()
  where CAP#1,CAP#2 are fresh type-variables:
    CAP#1 extends Object from capture of ?
    CAP#2 extends Object from capture of ?
/home/aboriero/hibernate/wip60/hibernate-orm/hibernate-core/src/main/java/org/hibernate/procedure/internal/ProcedureParameterImpl.java:28: error: constructor AbstractQueryParameter in class AbstractQueryParameter<T> cannot be applied to given types;
		super( false, passNulls, hibernateType );
		^
  required: boolean,Type
  found: boolean,boolean,Type
  reason: actual and formal argument lists differ in length
  where T is a type-variable:
    T extends Object declared in class AbstractQueryParameter
/home/aboriero/hibernate/wip60/hibernate-orm/hibernate-core/src/main/java/org/hibernate/procedure/internal/ProcedureParameterImpl.java:36: error: constructor AbstractQueryParameter in class AbstractQueryParameter<T> cannot be applied to given types;
		super( false, passNulls, hibernateType );
		^
  required: boolean,Type
  found: boolean,boolean,Type
  reason: actual and formal argument lists differ in length
  where T is a type-variable:
    T extends Object declared in class AbstractQueryParameter
/home/aboriero/hibernate/wip60/hibernate-orm/hibernate-core/src/main/java/org/hibernate/query/internal/QueryParameterBindingImpl.java:23: error: QueryParameterBindingImpl is not abstract and does not override abstract method getBindType() in QueryParameterBinding
public class QueryParameterBindingImpl<T> implements QueryParameterBinding<T> {
       ^
/home/aboriero/hibernate/wip60/hibernate-orm/hibernate-core/src/main/java/org/hibernate/query/internal/QueryParameterBindingImpl.java:51: error: getBindType() in QueryParameterBindingImpl cannot implement getBindType() in QueryParameterBinding
	public Type getBindType() {
	            ^
  return type Type is not compatible with ExpressableType
/home/aboriero/hibernate/wip60/hibernate-orm/hibernate-core/src/main/java/org/hibernate/query/internal/QueryParameterBindingImpl.java:50: error: method does not override or implement a method from a supertype
	@Override
	^
/home/aboriero/hibernate/wip60/hibernate-orm/hibernate-core/src/main/java/org/hibernate/query/internal/QueryParameterBindingImpl.java:92: error: incompatible types: AllowableParameterType cannot be converted to Type
			this.bindType = typeResolver.resolveParameterBindType( value );
			                                                     ^
/home/aboriero/hibernate/wip60/hibernate-orm/hibernate-core/src/main/java/org/hibernate/query/internal/QueryParameterBindingImpl.java:132: error: incompatible types: AllowableParameterType cannot be converted to Type
			this.bindType = typeResolver.resolveParameterBindType( values.iterator().next() );
			                                                     ^
/home/aboriero/hibernate/wip60/hibernate-orm/hibernate-core/src/main/java/org/hibernate/procedure/internal/ParameterBindImpl.java:21: error: ParameterBindImpl is not abstract and does not override abstract method getBindType() in QueryParameterBinding
public class ParameterBindImpl<T> extends QueryParameterBindingImpl<T> implements ParameterBindImplementor<T> {
       ^
/home/aboriero/hibernate/wip60/hibernate-orm/hibernate-core/src/main/java/org/hibernate/procedure/internal/ParameterBindImpl.java:41: error: getBindType() in ParameterBindImpl cannot implement getBindType() in QueryParameterBinding
	public Type getBindType() {
	            ^
  return type Type is not compatible with ExpressableType
/home/aboriero/hibernate/wip60/hibernate-orm/hibernate-core/src/main/java/org/hibernate/procedure/internal/FunctionReturnImpl.java:68: error: cannot find symbol
			ormType = typeConfiguration.heuristicType( javaTypeMapping.getTypeName() );
			                           ^
  symbol:   method heuristicType(String)
  location: variable typeConfiguration of type TypeConfiguration
/home/aboriero/hibernate/wip60/hibernate-orm/hibernate-core/src/main/java/org/hibernate/procedure/internal/FunctionReturnImpl.java:88: error: cannot find symbol
		assert ormType.sqlTypes().length == 1;
		              ^
  symbol:   method sqlTypes()
  location: variable ormType of type Type
/home/aboriero/hibernate/wip60/hibernate-orm/hibernate-core/src/main/java/org/hibernate/procedure/internal/FunctionReturnImpl.java:90: error: cannot find symbol
		this.jdbcTypeCode = ormType.sqlTypes()[0];
		                           ^
  symbol:   method sqlTypes()
  location: variable ormType of type Type
/home/aboriero/hibernate/wip60/hibernate-orm/hibernate-core/src/main/java/org/hibernate/procedure/internal/ProcedureOutputsImpl.java:153: error: method bindParameterValue in interface JdbcParameterBinder cannot be applied to given types;
					binder.bindParameterValue( callableStatement, jdbcPosition, bindings, persistenceContext );
					      ^
  required: PreparedStatement,int,ParameterBindingContext
  found: CallableStatement,int,QueryParameterBindings,SharedSessionContractImplementor
  reason: actual and formal argument lists differ in length
/home/aboriero/hibernate/wip60/hibernate-orm/hibernate-core/src/main/java/org/hibernate/procedure/internal/PostgresCallableStatementSupport.java:84: error: cannot find symbol
			for ( int j = 0; j < registration.getJdbcParameterCount(); j++ ) {
			                                 ^
  symbol:   method getJdbcParameterCount()
  location: variable registration of type JdbcCallParameterRegistration
/home/aboriero/hibernate/wip60/hibernate-orm/hibernate-core/src/main/java/org/hibernate/procedure/internal/PostgresCallableStatementSupport.java:106: error: cannot find symbol
				functionReturn.prepare( statement, session );
				              ^
  symbol:   method prepare(CallableStatement,SharedSessionContractImplementor)
  location: variable functionReturn of type JdbcCallFunctionReturn
/home/aboriero/hibernate/wip60/hibernate-orm/hibernate-core/src/main/java/org/hibernate/procedure/internal/PostgresCallableStatementSupport.java:118: error: cannot find symbol
					i += registration.getJdbcParameterCount();
					                 ^
  symbol:   method getJdbcParameterCount()
  location: variable registration of type JdbcCallParameterRegistration
/home/aboriero/hibernate/wip60/hibernate-orm/hibernate-core/src/main/java/org/hibernate/procedure/internal/StandardCallableStatementSupport.java:88: error: cannot find symbol
			for ( int j = 0; j < registration.getJdbcParameterCount(); j++ ) {
			                                 ^
  symbol:   method getJdbcParameterCount()
  location: variable registration of type JdbcCallParameterRegistration
/home/aboriero/hibernate/wip60/hibernate-orm/hibernate-core/src/main/java/org/hibernate/procedure/internal/StandardCallableStatementSupport.java:110: error: cannot find symbol
				functionReturn.prepare( statement, session );
				              ^
  symbol:   method prepare(CallableStatement,SharedSessionContractImplementor)
  location: variable functionReturn of type JdbcCallFunctionReturn
/home/aboriero/hibernate/wip60/hibernate-orm/hibernate-core/src/main/java/org/hibernate/procedure/internal/StandardCallableStatementSupport.java:122: error: cannot find symbol
					i += registration.getJdbcParameterCount();
					                 ^
  symbol:   method getJdbcParameterCount()
  location: variable registration of type JdbcCallParameterRegistration
/home/aboriero/hibernate/wip60/hibernate-orm/hibernate-core/src/main/java/org/hibernate/procedure/internal/ParameterRegistrationStandardImpl.java:52: error: method does not override or implement a method from a supertype
	@Override
	^
/home/aboriero/hibernate/wip60/hibernate-orm/hibernate-core/src/main/java/org/hibernate/proxy/AbstractLazyInitializer.java:113: error: cannot find symbol
					setReadOnly( s.getPersistenceContext().isDefaultReadOnly() || !persister.isMutable() );
					                                                                        ^
  symbol:   method isMutable()
  location: variable persister of type EntityDescriptor
/home/aboriero/hibernate/wip60/hibernate-orm/hibernate-core/src/main/java/org/hibernate/proxy/AbstractLazyInitializer.java:316: error: cannot find symbol
			if ( !persister.isMutable() && !readOnly ) {
			               ^
  symbol:   method isMutable()
  location: variable persister of type EntityDescriptor
/home/aboriero/hibernate/wip60/hibernate-orm/hibernate-core/src/main/java/org/hibernate/query/criteria/internal/expression/function/BasicFunctionExpression.java:21: error: BasicFunctionExpression is not abstract and does not override abstract method visitExpression(CriteriaVisitor) in AbstractSimpleSelection
public class BasicFunctionExpression<X>
       ^
/home/aboriero/hibernate/wip60/hibernate-orm/hibernate-core/src/main/java/org/hibernate/query/criteria/internal/expression/BinaryArithmeticOperation.java:21: error: BinaryArithmeticOperation is not abstract and does not override abstract method visitExpression(CriteriaVisitor) in AbstractSimpleSelection
public class BinaryArithmeticOperation<N extends Number>
       ^
/home/aboriero/hibernate/wip60/hibernate-orm/hibernate-core/src/main/java/org/hibernate/query/criteria/internal/expression/CoalesceExpression.java:27: error: CoalesceExpression is not abstract and does not override abstract method getExpressionType() in JpaExpression
public class CoalesceExpression<T> extends AbstractExpression<T> implements JpaCoalesce<T>, Serializable {
       ^
/home/aboriero/hibernate/wip60/hibernate-orm/hibernate-core/src/main/java/org/hibernate/query/criteria/internal/expression/CompoundSelectionImpl.java:28: error: CompoundSelectionImpl is not abstract and does not override abstract method visitSelections(CriteriaVisitor,SqmAliasedExpressionContainer) in JpaSelection
public class CompoundSelectionImpl<X>
       ^
/home/aboriero/hibernate/wip60/hibernate-orm/hibernate-core/src/main/java/org/hibernate/query/criteria/internal/expression/CompoundSelectionImpl.java:61: error: cannot find symbol
			ValueHandlerFactory.ValueHandler valueHandler = ( (JpaTupleElementImplementor) selection ).getValueHandler();
			                                                                                          ^
  symbol:   method getValueHandler()
  location: interface JpaTupleElementImplementor
/home/aboriero/hibernate/wip60/hibernate-orm/hibernate-core/src/main/java/org/hibernate/query/criteria/internal/expression/ConcatExpression.java:20: error: ConcatExpression is not abstract and does not override abstract method visitExpression(CriteriaVisitor) in AbstractSimpleSelection
public class ConcatExpression extends AbstractExpression<String> implements Serializable {
       ^
/home/aboriero/hibernate/wip60/hibernate-orm/hibernate-core/src/main/java/org/hibernate/query/criteria/internal/expression/EntityTypeExpression.java:19: error: EntityTypeExpression is not abstract and does not override abstract method visitExpression(CriteriaVisitor) in AbstractSimpleSelection
public class EntityTypeExpression<T> extends AbstractExpression<T> implements Serializable {
       ^
/home/aboriero/hibernate/wip60/hibernate-orm/hibernate-core/src/main/java/org/hibernate/query/criteria/internal/expression/ListIndexExpression.java:21: error: ListIndexExpression is not abstract and does not override abstract method visitExpression(CriteriaVisitor) in AbstractSimpleSelection
public class ListIndexExpression extends AbstractExpression<Integer> implements Serializable {
       ^
/home/aboriero/hibernate/wip60/hibernate-orm/hibernate-core/src/main/java/org/hibernate/query/criteria/internal/expression/MapEntryExpression.java:22: error: MapEntryExpression is not abstract and does not override abstract method visitExpression(CriteriaVisitor) in AbstractSimpleSelection
public class MapEntryExpression<K,V>
       ^
/home/aboriero/hibernate/wip60/hibernate-orm/hibernate-core/src/main/java/org/hibernate/query/criteria/internal/expression/NullLiteralExpression.java:19: error: NullLiteralExpression is not abstract and does not override abstract method visitExpression(CriteriaVisitor) in AbstractSimpleSelection
public class NullLiteralExpression<T> extends AbstractExpression<T> implements Serializable {
       ^
/home/aboriero/hibernate/wip60/hibernate-orm/hibernate-core/src/main/java/org/hibernate/query/criteria/internal/expression/NullifExpression.java:20: error: NullifExpression is not abstract and does not override abstract method visitExpression(CriteriaVisitor) in AbstractSimpleSelection
public class NullifExpression<T> extends AbstractExpression<T> implements Serializable {
       ^
/home/aboriero/hibernate/wip60/hibernate-orm/hibernate-core/src/main/java/org/hibernate/query/criteria/internal/expression/ParameterExpressionImpl.java:23: error: ParameterExpressionImpl is not abstract and does not override abstract method getExpressionType() in JpaExpression
public class ParameterExpressionImpl<T>
       ^
/home/aboriero/hibernate/wip60/hibernate-orm/hibernate-core/src/main/java/org/hibernate/query/criteria/internal/expression/ParameterExpressionImpl.java:78: error: method does not override or implement a method from a supertype
	@Override
	^
/home/aboriero/hibernate/wip60/hibernate-orm/hibernate-core/src/main/java/org/hibernate/query/criteria/internal/expression/PathTypeExpression.java:20: error: PathTypeExpression is not abstract and does not override abstract method visitExpression(CriteriaVisitor) in AbstractSimpleSelection
public class PathTypeExpression<T> extends AbstractExpression<T> implements Serializable {
       ^
/home/aboriero/hibernate/wip60/hibernate-orm/hibernate-core/src/main/java/org/hibernate/query/criteria/internal/expression/SearchedCaseExpression.java:36: error: SearchedCaseExpression is not abstract and does not override abstract method getExpressionType() in JpaExpression
public class SearchedCaseExpression<R>
       ^
/home/aboriero/hibernate/wip60/hibernate-orm/hibernate-core/src/main/java/org/hibernate/query/criteria/internal/expression/SimpleCaseExpression.java:34: error: SimpleCaseExpression is not abstract and does not override abstract method getExpressionType() in JpaExpression
public class SimpleCaseExpression<C,R>
       ^
/home/aboriero/hibernate/wip60/hibernate-orm/hibernate-core/src/main/java/org/hibernate/query/criteria/internal/expression/SizeOfPluralAttributeExpression.java:21: error: SizeOfPluralAttributeExpression is not abstract and does not override abstract method visitExpression(CriteriaVisitor) in AbstractSimpleSelection
public class SizeOfPluralAttributeExpression
       ^
/home/aboriero/hibernate/wip60/hibernate-orm/hibernate-core/src/main/java/org/hibernate/query/criteria/internal/path/PluralAttributePath.java:32: error: PluralAttributePath is not abstract and does not override abstract method visitExpression(CriteriaVisitor) in AbstractSimpleSelection
public class PluralAttributePath<X> extends AbstractPathImpl<X> implements JpaPluralAttributePath, Serializable {
       ^
/home/aboriero/hibernate/wip60/hibernate-orm/hibernate-core/src/main/java/org/hibernate/query/criteria/internal/expression/SubqueryComparisonModifierExpression.java:21: error: SubqueryComparisonModifierExpression is not abstract and does not override abstract method visitExpression(CriteriaVisitor) in AbstractSimpleSelection
public class SubqueryComparisonModifierExpression<Y>
       ^
/home/aboriero/hibernate/wip60/hibernate-orm/hibernate-core/src/main/java/org/hibernate/query/criteria/internal/expression/UnaryArithmeticOperation.java:20: error: UnaryArithmeticOperation is not abstract and does not override abstract method visitExpression(CriteriaVisitor) in AbstractSimpleSelection
public class UnaryArithmeticOperation<T> 
       ^
/home/aboriero/hibernate/wip60/hibernate-orm/hibernate-core/src/main/java/org/hibernate/query/criteria/internal/path/AbstractJoinImpl.java:66: error: getParent() in AbstractJoinImpl cannot implement getParent() in JpaAttributeJoinImplementor
	public From<?, Z> getParent() {
	                  ^
  return type From<?,Z#1> is not compatible with JpaFrom<?,Z#1>
  where Z#1,Z#2 are type-variables:
    Z#1 extends Object declared in class AbstractJoinImpl
    Z#2 extends Object declared in interface JpaAttributeJoinImplementor
/home/aboriero/hibernate/wip60/hibernate-orm/hibernate-core/src/main/java/org/hibernate/query/criteria/internal/path/AbstractJoinImpl.java:26: error: <Y#1>get(String) in AbstractPathImpl cannot implement <Y#2>get(String) in JpaAttributeJoin
public abstract class AbstractJoinImpl<Z, X>
                ^
  return type Path<Y#1> is not compatible with JpaPath<Y#1>
  where Y#1,Y#2 are type-variables:
    Y#1 extends Object declared in method <Y#1>get(String)
    Y#2 extends Object declared in method <Y#2>get(String)
/home/aboriero/hibernate/wip60/hibernate-orm/hibernate-core/src/main/java/org/hibernate/query/criteria/internal/path/AbstractJoinImpl.java:95: error: getOn() in AbstractJoinImpl cannot implement getOn() in JpaAttributeJoin
	public Predicate getOn() {
	                 ^
  return type Predicate is not compatible with JpaPredicate
/home/aboriero/hibernate/wip60/hibernate-orm/hibernate-core/src/main/java/org/hibernate/query/criteria/internal/path/PluralAttributeJoinSupport.java:29: error: getParent() in AbstractJoinImpl cannot implement getParent() in JpaAttributeJoinImplementor
public abstract class PluralAttributeJoinSupport<O,C,E>
                ^
  return type From<?,O> is not compatible with JpaFrom<?,O>
  where Z#1,Z#2,O are type-variables:
    Z#1 extends Object declared in class AbstractJoinImpl
    Z#2 extends Object declared in interface JpaAttributeJoinImplementor
    O extends Object declared in class PluralAttributeJoinSupport
/home/aboriero/hibernate/wip60/hibernate-orm/hibernate-core/src/main/java/org/hibernate/query/criteria/internal/path/CollectionAttributeJoin.java:29: error: CollectionAttributeJoin is not abstract and does not override abstract method visitExpression(CriteriaVisitor) in AbstractSimpleSelection
public class CollectionAttributeJoin<O,E>
       ^
/home/aboriero/hibernate/wip60/hibernate-orm/hibernate-core/src/main/java/org/hibernate/query/criteria/internal/path/CollectionAttributeJoin.java:58: error: incompatible types: HibernateCriteriaBuilder cannot be converted to CriteriaBuilderImpl
				criteriaBuilder(),
				               ^
/home/aboriero/hibernate/wip60/hibernate-orm/hibernate-core/src/main/java/org/hibernate/query/criteria/internal/path/CollectionAttributeJoin.java:81: error: getParent() in AbstractJoinImpl cannot implement getParent() in JpaAttributeJoinImplementor
	public static class TreatedCollectionAttributeJoin<O,T> extends CollectionAttributeJoin<O, T> {
	              ^
  return type From<?,O> is not compatible with JpaFrom<?,O>
  where Z#1,Z#2,O are type-variables:
    Z#1 extends Object declared in class AbstractJoinImpl
    Z#2 extends Object declared in interface JpaAttributeJoinImplementor
    O extends Object declared in class TreatedCollectionAttributeJoin
/home/aboriero/hibernate/wip60/hibernate-orm/hibernate-core/src/main/java/org/hibernate/query/criteria/internal/path/CollectionAttributeJoin.java:88: error: incompatible types: HibernateCriteriaBuilder cannot be converted to CriteriaBuilderImpl
					original.criteriaBuilder(),
					                        ^
/home/aboriero/hibernate/wip60/hibernate-orm/hibernate-core/src/main/java/org/hibernate/query/criteria/internal/path/ListAttributeJoin.java:30: error: ListAttributeJoin is not abstract and does not override abstract method visitExpression(CriteriaVisitor) in AbstractSimpleSelection
public class ListAttributeJoin<O,E>
       ^
/home/aboriero/hibernate/wip60/hibernate-orm/hibernate-core/src/main/java/org/hibernate/query/criteria/internal/path/ListAttributeJoin.java:45: error: incompatible types: HibernateCriteriaBuilder cannot be converted to CriteriaBuilderImpl
		return new ListIndexExpression( criteriaBuilder(), this, getAttribute() );
		                                               ^
/home/aboriero/hibernate/wip60/hibernate-orm/hibernate-core/src/main/java/org/hibernate/query/criteria/internal/path/ListAttributeJoin.java:66: error: incompatible types: HibernateCriteriaBuilder cannot be converted to CriteriaBuilderImpl
				criteriaBuilder(),
				               ^
/home/aboriero/hibernate/wip60/hibernate-orm/hibernate-core/src/main/java/org/hibernate/query/criteria/internal/path/ListAttributeJoin.java:89: error: getParent() in AbstractJoinImpl cannot implement getParent() in JpaAttributeJoinImplementor
	public static class TreatedListAttributeJoin<O,T> extends ListAttributeJoin<O, T> {
	              ^
  return type From<?,O> is not compatible with JpaFrom<?,O>
  where Z#1,Z#2,O are type-variables:
    Z#1 extends Object declared in class AbstractJoinImpl
    Z#2 extends Object declared in interface JpaAttributeJoinImplementor
    O extends Object declared in class TreatedListAttributeJoin
/home/aboriero/hibernate/wip60/hibernate-orm/hibernate-core/src/main/java/org/hibernate/query/criteria/internal/path/ListAttributeJoin.java:96: error: incompatible types: HibernateCriteriaBuilder cannot be converted to CriteriaBuilderImpl
					original.criteriaBuilder(),
					                        ^
/home/aboriero/hibernate/wip60/hibernate-orm/hibernate-core/src/main/java/org/hibernate/query/criteria/internal/path/MapAttributeJoin.java:31: error: MapAttributeJoin is not abstract and does not override abstract method visitExpression(CriteriaVisitor) in AbstractSimpleSelection
public class MapAttributeJoin<O,K,V>
       ^
/home/aboriero/hibernate/wip60/hibernate-orm/hibernate-core/src/main/java/org/hibernate/query/criteria/internal/path/MapAttributeJoin.java:62: error: incompatible types: HibernateCriteriaBuilder cannot be converted to CriteriaBuilderImpl
				criteriaBuilder(),
				               ^
/home/aboriero/hibernate/wip60/hibernate-orm/hibernate-core/src/main/java/org/hibernate/query/criteria/internal/path/MapAttributeJoin.java:79: error: incompatible types: HibernateCriteriaBuilder cannot be converted to CriteriaBuilderImpl
		return new MapEntryExpression( criteriaBuilder(), Map.Entry.class, this, getAttribute() );
		                                              ^
/home/aboriero/hibernate/wip60/hibernate-orm/hibernate-core/src/main/java/org/hibernate/query/criteria/internal/path/MapAttributeJoin.java:86: error: incompatible types: HibernateCriteriaBuilder cannot be converted to CriteriaBuilderImpl
				criteriaBuilder(),
				               ^
/home/aboriero/hibernate/wip60/hibernate-orm/hibernate-core/src/main/java/org/hibernate/query/criteria/internal/path/MapAttributeJoin.java:91: error: incompatible types: HibernateCriteriaBuilder cannot be converted to CriteriaBuilderImpl
		final MapKeyHelpers.MapKeyAttribute mapKeyAttribute = new MapKeyHelpers.MapKeyAttribute( criteriaBuilder(), getAttribute() );
		                                                                                                        ^
/home/aboriero/hibernate/wip60/hibernate-orm/hibernate-core/src/main/java/org/hibernate/query/criteria/internal/path/MapAttributeJoin.java:92: error: incompatible types: HibernateCriteriaBuilder cannot be converted to CriteriaBuilderImpl
		return new MapKeyHelpers.MapKeyPath( criteriaBuilder(), mapKeySource, mapKeyAttribute );
		                                                    ^
/home/aboriero/hibernate/wip60/hibernate-orm/hibernate-core/src/main/java/org/hibernate/query/criteria/internal/path/MapAttributeJoin.java:110: error: getParent() in AbstractJoinImpl cannot implement getParent() in JpaAttributeJoinImplementor
	public static class TreatedMapAttributeJoin<O, K, T> extends MapAttributeJoin<O, K, T> {
	              ^
  return type From<?,O> is not compatible with JpaFrom<?,O>
  where Z#1,Z#2,O are type-variables:
    Z#1 extends Object declared in class AbstractJoinImpl
    Z#2 extends Object declared in interface JpaAttributeJoinImplementor
    O extends Object declared in class TreatedMapAttributeJoin
/home/aboriero/hibernate/wip60/hibernate-orm/hibernate-core/src/main/java/org/hibernate/query/criteria/internal/path/MapAttributeJoin.java:117: error: incompatible types: HibernateCriteriaBuilder cannot be converted to CriteriaBuilderImpl
					original.criteriaBuilder(),
					                        ^
/home/aboriero/hibernate/wip60/hibernate-orm/hibernate-core/src/main/java/org/hibernate/query/criteria/internal/path/SetAttributeJoin.java:32: error: SetAttributeJoin is not abstract and does not override abstract method visitExpression(CriteriaVisitor) in AbstractSimpleSelection
public class SetAttributeJoin<O,E>
       ^
/home/aboriero/hibernate/wip60/hibernate-orm/hibernate-core/src/main/java/org/hibernate/query/criteria/internal/path/SetAttributeJoin.java:63: error: incompatible types: HibernateCriteriaBuilder cannot be converted to CriteriaBuilderImpl
				criteriaBuilder(),
				               ^
/home/aboriero/hibernate/wip60/hibernate-orm/hibernate-core/src/main/java/org/hibernate/query/criteria/internal/path/SetAttributeJoin.java:86: error: getParent() in AbstractJoinImpl cannot implement getParent() in JpaAttributeJoinImplementor
	public static class TreatedSetAttributeJoin<O,T> extends SetAttributeJoin<O, T> {
	              ^
  return type From<?,O> is not compatible with JpaFrom<?,O>
  where Z#1,Z#2,O are type-variables:
    Z#1 extends Object declared in class AbstractJoinImpl
    Z#2 extends Object declared in interface JpaAttributeJoinImplementor
    O extends Object declared in class TreatedSetAttributeJoin
/home/aboriero/hibernate/wip60/hibernate-orm/hibernate-core/src/main/java/org/hibernate/query/criteria/internal/path/SetAttributeJoin.java:93: error: incompatible types: HibernateCriteriaBuilder cannot be converted to CriteriaBuilderImpl
					original.criteriaBuilder(),
					                        ^
/home/aboriero/hibernate/wip60/hibernate-orm/hibernate-core/src/main/java/org/hibernate/query/criteria/internal/path/SingularAttributeJoin.java:30: error: SingularAttributeJoin is not abstract and does not override abstract method visitExpression(CriteriaVisitor) in AbstractSimpleSelection
public class SingularAttributeJoin<O,X> extends AbstractJoinImpl<O,X> {
       ^
/home/aboriero/hibernate/wip60/hibernate-orm/hibernate-core/src/main/java/org/hibernate/query/criteria/internal/path/SingularAttributeJoin.java:67: error: incompatible types: HibernateCriteriaBuilder cannot be converted to CriteriaBuilderImpl
				criteriaBuilder(),
				               ^
/home/aboriero/hibernate/wip60/hibernate-orm/hibernate-core/src/main/java/org/hibernate/query/criteria/internal/path/SingularAttributeJoin.java:117: error: getParent() in AbstractJoinImpl cannot implement getParent() in JpaAttributeJoinImplementor
	public static class TreatedSingularAttributeJoin<O,T> extends SingularAttributeJoin<O, T> {
	              ^
  return type From<?,O> is not compatible with JpaFrom<?,O>
  where Z#1,Z#2,O are type-variables:
    Z#1 extends Object declared in class AbstractJoinImpl
    Z#2 extends Object declared in interface JpaAttributeJoinImplementor
    O extends Object declared in class TreatedSingularAttributeJoin
/home/aboriero/hibernate/wip60/hibernate-orm/hibernate-core/src/main/java/org/hibernate/query/criteria/internal/path/SingularAttributeJoin.java:123: error: incompatible types: HibernateCriteriaBuilder cannot be converted to CriteriaBuilderImpl
					original.criteriaBuilder(),
					                        ^
/home/aboriero/hibernate/wip60/hibernate-orm/hibernate-core/src/main/java/org/hibernate/query/criteria/internal/path/SingularAttributePath.java:27: error: SingularAttributePath is not abstract and does not override abstract method visitExpression(CriteriaVisitor) in AbstractSimpleSelection
public class SingularAttributePath<X> extends AbstractPathImpl<X> implements JpaSingularAttributePath<X>, Serializable {
       ^
/home/aboriero/hibernate/wip60/hibernate-orm/hibernate-core/src/main/java/org/hibernate/query/criteria/internal/path/SingularAttributePath.java:85: error: <Y#1>get(String) in AbstractPathImpl cannot implement <Y#2>get(String) in JpaPath
	public static class TreatedSingularAttributePath<T> extends SingularAttributePath<T> {
	              ^
  return type Path<Y#1> is not compatible with JpaPath<Y#1>
  where Y#1,Y#2 are type-variables:
    Y#1 extends Object declared in method <Y#1>get(String)
    Y#2 extends Object declared in method <Y#2>get(String)
/home/aboriero/hibernate/wip60/hibernate-orm/hibernate-core/src/main/java/org/hibernate/query/criteria/internal/path/MapKeyHelpers.java:44: error: MapKeyPath is not abstract and does not override abstract method visitExpression(CriteriaVisitor) in AbstractSimpleSelection
	public static class MapKeyPath<K>
	              ^
/home/aboriero/hibernate/wip60/hibernate-orm/hibernate-core/src/main/java/org/hibernate/query/criteria/internal/path/MapKeyHelpers.java:106: error: MapKeySource is not abstract and does not override abstract method visitExpression(CriteriaVisitor) in AbstractSimpleSelection
	public static class MapKeySource<K,V>
	              ^
/home/aboriero/hibernate/wip60/hibernate-orm/hibernate-core/src/main/java/org/hibernate/query/criteria/internal/path/MapKeyHelpers.java:189: error: cannot find symbol
			mapKeyType = mapPersister.getIndexType();
			                         ^
  symbol:   method getIndexType()
  location: variable mapPersister of type PersistentCollectionDescriptor
/home/aboriero/hibernate/wip60/hibernate-orm/hibernate-core/src/main/java/org/hibernate/query/criteria/internal/predicate/BetweenPredicate.java:20: error: BetweenPredicate is not abstract and does not override abstract method getExpressionType() in JpaExpression
public class BetweenPredicate<Y>
       ^
/home/aboriero/hibernate/wip60/hibernate-orm/hibernate-core/src/main/java/org/hibernate/query/criteria/internal/predicate/BooleanAssertionPredicate.java:25: error: BooleanAssertionPredicate is not abstract and does not override abstract method getExpressionType() in JpaExpression
public class BooleanAssertionPredicate
       ^
/home/aboriero/hibernate/wip60/hibernate-orm/hibernate-core/src/main/java/org/hibernate/query/criteria/internal/predicate/BooleanExpressionPredicate.java:20: error: BooleanExpressionPredicate is not abstract and does not override abstract method getExpressionType() in JpaExpression
public class BooleanExpressionPredicate
       ^
/home/aboriero/hibernate/wip60/hibernate-orm/hibernate-core/src/main/java/org/hibernate/query/criteria/internal/predicate/BooleanStaticAssertionPredicate.java:19: error: BooleanStaticAssertionPredicate is not abstract and does not override abstract method getExpressionType() in JpaExpression
public class BooleanStaticAssertionPredicate
       ^
/home/aboriero/hibernate/wip60/hibernate-orm/hibernate-core/src/main/java/org/hibernate/query/criteria/internal/predicate/ExistsPredicate.java:20: error: ExistsPredicate is not abstract and does not override abstract method getExpressionType() in JpaExpression
public class ExistsPredicate
       ^
/home/aboriero/hibernate/wip60/hibernate-orm/hibernate-core/src/main/java/org/hibernate/query/criteria/internal/predicate/ExplicitTruthValueCheck.java:26: error: ExplicitTruthValueCheck is not abstract and does not override abstract method getExpressionType() in JpaExpression
public class ExplicitTruthValueCheck
       ^
/home/aboriero/hibernate/wip60/hibernate-orm/hibernate-core/src/main/java/org/hibernate/query/criteria/internal/predicate/InPredicate.java:34: error: InPredicate is not abstract and does not override abstract method getExpressionType() in JpaExpression
public class InPredicate<T>
       ^
/home/aboriero/hibernate/wip60/hibernate-orm/hibernate-core/src/main/java/org/hibernate/query/criteria/internal/predicate/IsEmptyPredicate.java:24: error: IsEmptyPredicate is not abstract and does not override abstract method getExpressionType() in JpaExpression
public class IsEmptyPredicate<C extends Collection>
       ^
/home/aboriero/hibernate/wip60/hibernate-orm/hibernate-core/src/main/java/org/hibernate/query/criteria/internal/predicate/IsEmptyPredicate.java:49: error: method visitEmptinessPredicate in interface CriteriaVisitor cannot be applied to given types;
		return visitor.visitEmptinessPredicate( collectionPath );
		              ^
  required: JpaPluralAttributePath,boolean
  found: PluralAttributePath<C>
  reason: actual and formal argument lists differ in length
  where C is a type-variable:
    C extends Collection declared in class IsEmptyPredicate
/home/aboriero/hibernate/wip60/hibernate-orm/hibernate-core/src/main/java/org/hibernate/query/criteria/internal/predicate/LikePredicate.java:21: error: LikePredicate is not abstract and does not override abstract method getExpressionType() in JpaExpression
public class LikePredicate extends AbstractSimplePredicate implements Serializable {
       ^
/home/aboriero/hibernate/wip60/hibernate-orm/hibernate-core/src/main/java/org/hibernate/query/criteria/internal/predicate/MemberOfPredicate.java:23: error: MemberOfPredicate is not abstract and does not override abstract method getExpressionType() in JpaExpression
public class MemberOfPredicate<E, C extends Collection<E>>
       ^
/home/aboriero/hibernate/wip60/hibernate-orm/hibernate-core/src/main/java/org/hibernate/query/criteria/internal/predicate/NegatedPredicateWrapper.java:26: error: NegatedPredicateWrapper is not abstract and does not override abstract method visitExpression(CriteriaVisitor) in AbstractSimpleSelection
public class NegatedPredicateWrapper extends AbstractExpression<Boolean> implements JpaPredicateImplementor, Serializable {
       ^
/home/aboriero/hibernate/wip60/hibernate-orm/hibernate-core/src/main/java/org/hibernate/query/criteria/internal/predicate/NegatedPredicateWrapper.java:81: error: not() in NegatedPredicateWrapper cannot implement not() in JpaPredicateImplementor
	public Predicate not() {
	                 ^
  return type Predicate is not compatible with JpaPredicateImplementor
/home/aboriero/hibernate/wip60/hibernate-orm/hibernate-core/src/main/java/org/hibernate/query/criteria/internal/predicate/NegatedPredicateWrapper.java:38: error: incompatible types: HibernateCriteriaBuilder cannot be converted to CriteriaBuilderImpl
		this.negatedExpressions = negateCompoundExpressions( predicate.getExpressions(), predicate.criteriaBuilder() );
		                                                                                                          ^
/home/aboriero/hibernate/wip60/hibernate-orm/hibernate-core/src/main/java/org/hibernate/query/criteria/internal/predicate/NullnessPredicate.java:25: error: NullnessPredicate is not abstract and does not override abstract method getExpressionType() in JpaExpression
public class NullnessPredicate
       ^
/home/aboriero/hibernate/wip60/hibernate-orm/hibernate-core/src/main/java/org/hibernate/query/criteria/internal/CriteriaQueryImpl.java:98: error: no suitable method found for tuple(List<Selection<?>>)
			selection = ( Selection<? extends T> ) criteriaBuilder().tuple( selections );
			                                                        ^
    method CriteriaBuilder.tuple(Selection<?>...) is not applicable
      (varargs mismatch; List<Selection<?>> cannot be converted to Selection<?>)
    method HibernateCriteriaBuilder.tuple(Selection<?>[]) is not applicable
      (argument mismatch; List<Selection<?>> cannot be converted to Selection<?>[])
/home/aboriero/hibernate/wip60/hibernate-orm/hibernate-core/src/main/java/org/hibernate/query/criteria/internal/CriteriaQueryImpl.java:101: error: method array in interface CriteriaBuilder cannot be applied to given types;
			selection = criteriaBuilder().array( getResultType(), selections );
			                             ^
  required: Selection<?>[]
  found: Class<T>,List<Selection<?>>
  reason: varargs mismatch; Class<T> cannot be converted to Selection<?>
  where T is a type-variable:
    T extends Object declared in class CriteriaQueryImpl
/home/aboriero/hibernate/wip60/hibernate-orm/hibernate-core/src/main/java/org/hibernate/query/criteria/internal/CriteriaQueryImpl.java:115: error: no suitable method found for array(List<Selection<?>>)
					selection = ( Selection<? extends T> ) criteriaBuilder().array( selections );
					                                                        ^
    method CriteriaBuilder.array(Selection<?>...) is not applicable
      (varargs mismatch; List<Selection<?>> cannot be converted to Selection<?>)
    method HibernateCriteriaBuilder.array(Selection<?>[]) is not applicable
      (argument mismatch; List<Selection<?>> cannot be converted to Selection<?>[])
/home/aboriero/hibernate/wip60/hibernate-orm/hibernate-core/src/main/java/org/hibernate/query/criteria/internal/CriteriaQueryImpl.java:120: error: no suitable method found for construct(Class<T>,List<Selection<?>>)
			selection = criteriaBuilder().construct( getResultType(), selections );
			                             ^
    method CriteriaBuilder.<Y#1>construct(Class<Y#1>,Selection<?>...) is not applicable
      (cannot infer type-variable(s) Y#1
        (varargs mismatch; List<Selection<?>> cannot be converted to Selection<?>))
    method HibernateCriteriaBuilder.<Y#2>construct(Class<Y#2>,Selection<?>[]) is not applicable
      (cannot infer type-variable(s) Y#2
        (argument mismatch; List<Selection<?>> cannot be converted to Selection<?>[]))
  where T,Y#1,Y#2 are type-variables:
    T extends Object declared in class CriteriaQueryImpl
    Y#1 extends Object declared in method <Y#1>construct(Class<Y#1>,Selection<?>...)
    Y#2 extends Object declared in method <Y#2>construct(Class<Y#2>,Selection<?>[])
/home/aboriero/hibernate/wip60/hibernate-orm/hibernate-core/src/main/java/org/hibernate/query/criteria/internal/CriteriaQueryImpl.java:207: error: cannot find symbol
		return orderSpecs;
		       ^
  symbol:   variable orderSpecs
  location: class CriteriaQueryImpl<T>
  where T is a type-variable:
    T extends Object declared in class CriteriaQueryImpl
/home/aboriero/hibernate/wip60/hibernate-orm/hibernate-core/src/main/java/org/hibernate/query/criteria/internal/CriteriaQueryImpl.java:213: error: cannot find symbol
			orderSpecs = Arrays.asList( orders );
			^
  symbol:   variable orderSpecs
  location: class CriteriaQueryImpl<T>
  where T is a type-variable:
    T extends Object declared in class CriteriaQueryImpl
/home/aboriero/hibernate/wip60/hibernate-orm/hibernate-core/src/main/java/org/hibernate/query/criteria/internal/CriteriaQueryImpl.java:216: error: cannot find symbol
			orderSpecs = Collections.emptyList();
			^
  symbol:   variable orderSpecs
  location: class CriteriaQueryImpl<T>
  where T is a type-variable:
    T extends Object declared in class CriteriaQueryImpl
/home/aboriero/hibernate/wip60/hibernate-orm/hibernate-core/src/main/java/org/hibernate/query/criteria/internal/CriteriaQueryImpl.java:223: error: cannot find symbol
		orderSpecs = orders;
		^
  symbol:   variable orderSpecs
  location: class CriteriaQueryImpl<T>
  where T is a type-variable:
    T extends Object declared in class CriteriaQueryImpl
/home/aboriero/hibernate/wip60/hibernate-orm/hibernate-core/src/main/java/org/hibernate/query/criteria/JpaCompoundPredicate.java:31: error: JpaCompoundPredicate is not abstract and does not override abstract method getExpressionType() in JpaExpression
public class JpaCompoundPredicate
       ^
/home/aboriero/hibernate/wip60/hibernate-orm/hibernate-core/src/main/java/org/hibernate/query/internal/sql/AbstractParameterBinder.java:24: error: method does not override or implement a method from a supertype
	@Override
	^
/home/aboriero/hibernate/wip60/hibernate-orm/hibernate-core/src/main/java/org/hibernate/query/internal/sql/AbstractParameterBinder.java:55: error: incompatible types: ExpressableType cannot be converted to Type
				bindType = valueBinding.getBindType();
				                                   ^
/home/aboriero/hibernate/wip60/hibernate-orm/hibernate-core/src/main/java/org/hibernate/query/internal/sql/AbstractParameterBinder.java:68: error: cannot find symbol
		bindType.nullSafeSet( statement, bindValue, startPosition, session );
		        ^
  symbol:   method nullSafeSet(PreparedStatement,Object,int,SharedSessionContractImplementor)
  location: variable bindType of type Type
/home/aboriero/hibernate/wip60/hibernate-orm/hibernate-core/src/main/java/org/hibernate/query/internal/sql/AbstractParameterBinder.java:69: error: cannot find symbol
		return bindType.getColumnSpan();
		               ^
  symbol:   method getColumnSpan()
  location: variable bindType of type Type
/home/aboriero/hibernate/wip60/hibernate-orm/hibernate-core/src/main/java/org/hibernate/query/internal/sql/NamedQueryParameterBinder.java:18: error: NamedQueryParameterBinder is not abstract and does not override abstract method bindParameterValue(PreparedStatement,int,ParameterBindingContext) in JdbcParameterBinder
public class NamedQueryParameterBinder extends AbstractParameterBinder {
       ^
/home/aboriero/hibernate/wip60/hibernate-orm/hibernate-core/src/main/java/org/hibernate/query/internal/sql/NativeQueryInterpreterStandardImpl.java:36: error: cannot find symbol
		CustomQuery customQuery = new SQLCustomQuery(
		^
  symbol:   class CustomQuery
  location: class NativeQueryInterpreterStandardImpl
/home/aboriero/hibernate/wip60/hibernate-orm/hibernate-core/src/main/java/org/hibernate/query/internal/sql/NativeQueryInterpreterStandardImpl.java:36: error: cannot find symbol
		CustomQuery customQuery = new SQLCustomQuery(
		                              ^
  symbol:   class SQLCustomQuery
  location: class NativeQueryInterpreterStandardImpl
/home/aboriero/hibernate/wip60/hibernate-orm/hibernate-core/src/main/java/org/hibernate/query/internal/sql/ParameterParser.java:129: error: cannot find symbol
					final int right = StringHelper.firstIndexOfChar( sqlString, ParserHelper.HQL_SEPARATORS_BITSET, indx + 1 );
					                                                            ^
  symbol:   variable ParserHelper
  location: class ParameterParser
/home/aboriero/hibernate/wip60/hibernate-orm/hibernate-core/src/main/java/org/hibernate/query/internal/sql/ParameterParser.java:144: error: cannot find symbol
						final int right = StringHelper.firstIndexOfChar( sqlString, ParserHelper.HQL_SEPARATORS, indx + 1 );
						                                                            ^
  symbol:   variable ParserHelper
  location: class ParameterParser
/home/aboriero/hibernate/wip60/hibernate-orm/hibernate-core/src/main/java/org/hibernate/query/internal/sql/PositionalQueryParameterBinderImpl.java:18: error: PositionalQueryParameterBinderImpl is not abstract and does not override abstract method bindParameterValue(PreparedStatement,int,ParameterBindingContext) in JdbcParameterBinder
public class PositionalQueryParameterBinderImpl extends AbstractParameterBinder {
       ^
/home/aboriero/hibernate/wip60/hibernate-orm/hibernate-core/src/main/java/org/hibernate/query/internal/BindingTypeHelper.java:58: error: cannot find symbol
			javaType = baseType.getReturnedClass();
			                   ^
  symbol:   method getReturnedClass()
  location: variable baseType of type Type
/home/aboriero/hibernate/wip60/hibernate-orm/hibernate-core/src/main/java/org/hibernate/query/internal/BindingTypeHelper.java:117: error: cannot find symbol
			if ( baseType.getReturnedClass().isAssignableFrom( javaType ) ) {
			             ^
  symbol:   method getReturnedClass()
  location: variable baseType of type Type
/home/aboriero/hibernate/wip60/hibernate-orm/hibernate-core/src/main/java/org/hibernate/query/internal/QueryParameterPositionalImpl.java:36: error: cannot find symbol
						( (TypeExporter) parameter.getAnticipatedType() ).getOrmType() :
						   ^
  symbol:   class TypeExporter
  location: class QueryParameterPositionalImpl<T>
  where T is a type-variable:
    T extends Object declared in class QueryParameterPositionalImpl
/home/aboriero/hibernate/wip60/hibernate-orm/hibernate-core/src/main/java/org/hibernate/query/internal/QueryParameterNamedImpl.java:34: error: cannot find symbol
				( (TypeExporter) parameter.getAnticipatedType() ).getOrmType()
				   ^
  symbol:   class TypeExporter
  location: class QueryParameterNamedImpl<T>
  where T is a type-variable:
    T extends Object declared in class QueryParameterNamedImpl
/home/aboriero/hibernate/wip60/hibernate-orm/hibernate-core/src/main/java/org/hibernate/query/sqm/consume/spi/QuerySplitter.java:775: error: incompatible types: AllowableFunctionReturnType cannot be converted to BasicValuedExpressableType
					expression.getExpressionType(),
					                            ^
/home/aboriero/hibernate/wip60/hibernate-orm/hibernate-core/src/main/java/org/hibernate/query/sqm/produce/internal/SemanticQueryProducerImpl.java:44: error: cannot find symbol
		final HqlParser parser = HqlParseTreeBuilder.INSTANCE.parseHql( query );
		      ^
  symbol:   class HqlParser
  location: class SemanticQueryProducerImpl
/home/aboriero/hibernate/wip60/hibernate-orm/hibernate-core/src/main/java/org/hibernate/query/sqm/produce/internal/hql/HqlParseTreeBuilder.java:31: error: cannot find symbol
		HqlLexer hqlLexer = new HqlLexer( new ANTLRInputStream( hql ) );
		^
  symbol:   class HqlLexer
  location: class HqlParseTreeBuilder
/home/aboriero/hibernate/wip60/hibernate-orm/hibernate-core/src/main/java/org/hibernate/query/sqm/produce/internal/hql/HqlParseTreeBuilder.java:31: error: cannot find symbol
		HqlLexer hqlLexer = new HqlLexer( new ANTLRInputStream( hql ) );
		                        ^
  symbol:   class HqlLexer
  location: class HqlParseTreeBuilder
/home/aboriero/hibernate/wip60/hibernate-orm/hibernate-core/src/main/java/org/hibernate/query/sqm/produce/internal/hql/HqlParseTreeBuilder.java:34: error: cannot find symbol
		final HqlParser parser = new HqlParser( new CommonTokenStream( hqlLexer ) ) {
		      ^
  symbol:   class HqlParser
  location: class HqlParseTreeBuilder
/home/aboriero/hibernate/wip60/hibernate-orm/hibernate-core/src/main/java/org/hibernate/query/sqm/produce/internal/hql/HqlParseTreeBuilder.java:34: error: cannot find symbol
		final HqlParser parser = new HqlParser( new CommonTokenStream( hqlLexer ) ) {
		                             ^
  symbol:   class HqlParser
  location: class HqlParseTreeBuilder
/home/aboriero/hibernate/wip60/hibernate-orm/hibernate-core/src/main/java/org/hibernate/query/sqm/produce/internal/hql/HqlParseTreePrinter.java:41: error: method does not override or implement a method from a supertype
	@Override
	^
/home/aboriero/hibernate/wip60/hibernate-orm/hibernate-core/src/main/java/org/hibernate/query/sqm/produce/internal/hql/HqlParseTreePrinter.java:54: error: cannot find symbol
		super.enterEveryRule( ctx );
		^
  symbol:   variable super
  location: class HqlParseTreePrinter
/home/aboriero/hibernate/wip60/hibernate-orm/hibernate-core/src/main/java/org/hibernate/query/sqm/produce/internal/hql/HqlParseTreePrinter.java:69: error: method does not override or implement a method from a supertype
	@Override
	^
/home/aboriero/hibernate/wip60/hibernate-orm/hibernate-core/src/main/java/org/hibernate/query/sqm/produce/internal/hql/HqlParseTreePrinter.java:71: error: cannot find symbol
		super.exitEveryRule( ctx );
		^
  symbol:   variable super
  location: class HqlParseTreePrinter
/home/aboriero/hibernate/wip60/hibernate-orm/hibernate-core/src/main/java/org/hibernate/query/sqm/produce/internal/hql/navigable/PathResolverBasicImpl.java:205: error: incompatible types: EntityValuedExpressableType cannot be converted to EntityDescriptor
		joinBinding.addDowncast( new SqmDowncast( subclassIndicator ) );
		                                          ^
/home/aboriero/hibernate/wip60/hibernate-orm/hibernate-core/src/main/java/org/hibernate/query/sqm/produce/internal/hql/navigable/TreatedNavigableReference.java:36: error: TreatedNavigableReference is not abstract and does not override abstract method getNavigableContainerReferenceInfo() in NavigableReferenceInfo
public class TreatedNavigableReference extends AbstractSqmNavigableReference implements SqmNavigableReference,
       ^
/home/aboriero/hibernate/wip60/hibernate-orm/hibernate-core/src/main/java/org/hibernate/query/sqm/produce/internal/hql/navigable/TreatedNavigableReference.java:53: error: getReferencedNavigable() in TreatedNavigableReference cannot implement getReferencedNavigable() in SqmNavigableContainerReference
	public Navigable getReferencedNavigable() {
	                 ^
  return type Navigable is not compatible with NavigableContainer
/home/aboriero/hibernate/wip60/hibernate-orm/hibernate-core/src/main/java/org/hibernate/query/sqm/produce/internal/hql/navigable/TreatedNavigableReference.java:45: error: incompatible types: EntityValuedExpressableType cannot be converted to EntityDescriptor
		baseBinding.addDowncast( new SqmDowncast( subclassIndicator ) );
		                                          ^
/home/aboriero/hibernate/wip60/hibernate-orm/hibernate-core/src/main/java/org/hibernate/query/sqm/produce/internal/hql/SemanticQueryBuilder.java:697: error: incompatible types: EntityValuedExpressableType cannot be converted to EntityDescriptor
		final SqmRoot root = new SqmRoot( null, parsingContext.makeUniqueIdentifier(), alias, entityReference );
		                                                                                      ^
/home/aboriero/hibernate/wip60/hibernate-orm/hibernate-core/src/main/java/org/hibernate/query/sqm/produce/internal/hql/SemanticQueryBuilder.java:794: error: incompatible types: EntityValuedExpressableType cannot be converted to EntityDescriptor
			SqmRoot root = new SqmRoot( null, parsingContext.makeUniqueIdentifier(), alias, entityReference );
			                                                                                ^
/home/aboriero/hibernate/wip60/hibernate-orm/hibernate-core/src/main/java/org/hibernate/query/sqm/tree/expression/domain/SqmMaxElementReferenceBasic.java:16: error: SqmMaxElementReferenceBasic is not abstract and does not override abstract method getJavaTypeDescriptor() in ExpressableType
public class SqmMaxElementReferenceBasic
       ^
/home/aboriero/hibernate/wip60/hibernate-orm/hibernate-core/src/main/java/org/hibernate/query/sqm/produce/spi/PatternBasedSqmFunctionTemplate.java:76: error: method does not override or implement a method from a supertype
	@Override
	^
/home/aboriero/hibernate/wip60/hibernate-orm/hibernate-core/src/main/java/org/hibernate/query/sqm/produce/spi/PatternBasedSqmFunctionTemplate.java:81: error: method does not override or implement a method from a supertype
	@Override
	^
/home/aboriero/hibernate/wip60/hibernate-orm/hibernate-core/src/main/java/org/hibernate/query/sqm/produce/spi/PatternBasedSqmFunctionTemplate.java:91: error: method does not override or implement a method from a supertype
	@Override
	^
/home/aboriero/hibernate/wip60/hibernate-orm/hibernate-core/src/main/java/org/hibernate/query/sqm/produce/spi/PatternBasedSqmFunctionTemplate.java:98: error: cannot find symbol
		return renderer.getTemplate();
		               ^
  symbol:   method getTemplate()
  location: variable renderer of type PatternRenderer
/home/aboriero/hibernate/wip60/hibernate-orm/hibernate-core/src/main/java/org/hibernate/query/sqm/tree/expression/domain/SqmCollectionElementReferenceBasic.java:15: error: SqmCollectionElementReferenceBasic is not abstract and does not override abstract method getJavaTypeDescriptor() in ExpressableType
public class SqmCollectionElementReferenceBasic extends AbstractSqmCollectionElementReference implements
       ^
/home/aboriero/hibernate/wip60/hibernate-orm/hibernate-core/src/main/java/org/hibernate/query/sqm/tree/expression/domain/SqmCollectionIndexReferenceBasic.java:12: error: SqmCollectionIndexReferenceBasic is not abstract and does not override abstract method getJavaTypeDescriptor() in ExpressableType
public class SqmCollectionIndexReferenceBasic extends AbstractSqmCollectionIndexReference {
       ^
/home/aboriero/hibernate/wip60/hibernate-orm/hibernate-core/src/main/java/org/hibernate/query/sqm/tree/expression/domain/SqmIndexedElementReferenceBasic.java:14: error: SqmIndexedElementReferenceBasic is not abstract and does not override abstract method getJavaTypeDescriptor() in ExpressableType
public class SqmIndexedElementReferenceBasic
       ^
/home/aboriero/hibernate/wip60/hibernate-orm/hibernate-core/src/main/java/org/hibernate/query/sqm/tree/expression/domain/SqmMaxIndexReferenceBasic.java:12: error: SqmMaxIndexReferenceBasic is not abstract and does not override abstract method getJavaTypeDescriptor() in ExpressableType
public class SqmMaxIndexReferenceBasic extends AbstractSpecificSqmCollectionIndexReference
       ^
/home/aboriero/hibernate/wip60/hibernate-orm/hibernate-core/src/main/java/org/hibernate/query/sqm/tree/expression/domain/SqmCollectionElementReferenceEmbedded.java:17: error: SqmCollectionElementReferenceEmbedded is not abstract and does not override abstract method getJavaTypeDescriptor() in ExpressableType
public class SqmCollectionElementReferenceEmbedded
       ^
/home/aboriero/hibernate/wip60/hibernate-orm/hibernate-core/src/main/java/org/hibernate/query/sqm/tree/expression/domain/SqmCollectionIndexReferenceEmbedded.java:16: error: SqmCollectionIndexReferenceEmbedded is not abstract and does not override abstract method getJavaTypeDescriptor() in ExpressableType
public class SqmCollectionIndexReferenceEmbedded
       ^
/home/aboriero/hibernate/wip60/hibernate-orm/hibernate-core/src/main/java/org/hibernate/query/sqm/tree/expression/domain/SqmCollectionIndexReferenceEmbedded.java:39: error: method does not override or implement a method from a supertype
	@Override
	^
/home/aboriero/hibernate/wip60/hibernate-orm/hibernate-core/src/main/java/org/hibernate/query/sqm/tree/expression/domain/SqmEntityIdentifierReferenceComposite.java:17: error: SqmEntityIdentifierReferenceComposite is not abstract and does not override abstract method getNavigableContainerReferenceInfo() in NavigableReferenceInfo
public class SqmEntityIdentifierReferenceComposite
       ^
/home/aboriero/hibernate/wip60/hibernate-orm/hibernate-core/src/main/java/org/hibernate/query/sqm/tree/expression/domain/SqmEntityIdentifierReferenceComposite.java:45: error: getReferencedNavigable() in SqmEntityIdentifierReferenceComposite cannot implement getReferencedNavigable() in SqmEmbeddableTypedReference
	public EntityIdentifierComposite getReferencedNavigable() {
	                                 ^
  return type EntityIdentifierComposite is not compatible with NavigableEmbeddedValued
/home/aboriero/hibernate/wip60/hibernate-orm/hibernate-core/src/main/java/org/hibernate/query/sqm/tree/expression/domain/SqmIndexedElementReferenceEmbedded.java:17: error: SqmIndexedElementReferenceEmbedded is not abstract and does not override abstract method getJavaTypeDescriptor() in ExpressableType
public class SqmIndexedElementReferenceEmbedded
       ^
/home/aboriero/hibernate/wip60/hibernate-orm/hibernate-core/src/main/java/org/hibernate/query/sqm/tree/expression/domain/SqmMaxElementReferenceEmbedded.java:19: error: SqmMaxElementReferenceEmbedded is not abstract and does not override abstract method getJavaTypeDescriptor() in ExpressableType
public class SqmMaxElementReferenceEmbedded
       ^
/home/aboriero/hibernate/wip60/hibernate-orm/hibernate-core/src/main/java/org/hibernate/query/sqm/tree/expression/domain/SqmMaxElementReferenceEmbedded.java:31: error: getReferencedNavigable() in SqmMaxElementReferenceEmbedded cannot implement getReferencedNavigable() in SqmEmbeddableTypedReference
	public Navigable getReferencedNavigable() {
	                 ^
  return type Navigable is not compatible with NavigableEmbeddedValued
/home/aboriero/hibernate/wip60/hibernate-orm/hibernate-core/src/main/java/org/hibernate/query/sqm/tree/expression/domain/SqmMaxElementReferenceEntity.java:19: error: SqmMaxElementReferenceEntity is not abstract and does not override abstract method getPersistenceType() in Type
public class SqmMaxElementReferenceEntity
       ^
/home/aboriero/hibernate/wip60/hibernate-orm/hibernate-core/src/main/java/org/hibernate/query/sqm/tree/expression/domain/SqmMaxIndexReferenceEmbedded.java:17: error: SqmMaxIndexReferenceEmbedded is not abstract and does not override abstract method getJavaTypeDescriptor() in ExpressableType
public class SqmMaxIndexReferenceEmbedded extends AbstractSpecificSqmCollectionIndexReference
       ^
/home/aboriero/hibernate/wip60/hibernate-orm/hibernate-core/src/main/java/org/hibernate/query/sqm/tree/expression/domain/SqmMaxIndexReferenceEmbedded.java:29: error: getReferencedNavigable() in SqmMaxIndexReferenceEmbedded cannot implement getReferencedNavigable() in SqmEmbeddableTypedReference
	public Navigable getReferencedNavigable() {
	                 ^
  return type Navigable is not compatible with NavigableEmbeddedValued
/home/aboriero/hibernate/wip60/hibernate-orm/hibernate-core/src/main/java/org/hibernate/query/sqm/tree/expression/domain/SqmMaxIndexReferenceEntity.java:17: error: SqmMaxIndexReferenceEntity is not abstract and does not override abstract method getPersistenceType() in Type
public class SqmMaxIndexReferenceEntity extends AbstractSpecificSqmCollectionIndexReference
       ^
/home/aboriero/hibernate/wip60/hibernate-orm/hibernate-core/src/main/java/org/hibernate/query/sqm/tree/expression/domain/SqmMinElementReferenceBasic.java:16: error: SqmMinElementReferenceBasic is not abstract and does not override abstract method getJavaTypeDescriptor() in ExpressableType
public class SqmMinElementReferenceBasic extends AbstractSpecificSqmElementReference implements SqmMinElementReference {
       ^
/home/aboriero/hibernate/wip60/hibernate-orm/hibernate-core/src/main/java/org/hibernate/query/sqm/tree/expression/domain/SqmMinElementReferenceEmbedded.java:19: error: SqmMinElementReferenceEmbedded is not abstract and does not override abstract method getJavaTypeDescriptor() in ExpressableType
public class SqmMinElementReferenceEmbedded extends AbstractSpecificSqmElementReference
       ^
/home/aboriero/hibernate/wip60/hibernate-orm/hibernate-core/src/main/java/org/hibernate/query/sqm/tree/expression/domain/SqmMinElementReferenceEntity.java:18: error: SqmMinElementReferenceEntity is not abstract and does not override abstract method getPersistenceType() in Type
public class SqmMinElementReferenceEntity extends AbstractSpecificSqmElementReference implements SqmMinElementReference,
       ^
/home/aboriero/hibernate/wip60/hibernate-orm/hibernate-core/src/main/java/org/hibernate/query/sqm/tree/expression/domain/SqmMinIndexReferenceEmbeddable.java:17: error: SqmMinIndexReferenceEmbeddable is not abstract and does not override abstract method getJavaTypeDescriptor() in ExpressableType
public class SqmMinIndexReferenceEmbeddable extends AbstractSpecificSqmCollectionIndexReference
       ^
/home/aboriero/hibernate/wip60/hibernate-orm/hibernate-core/src/main/java/org/hibernate/query/sqm/tree/expression/domain/SqmMinIndexReferenceEmbeddable.java:29: error: getReferencedNavigable() in SqmMinIndexReferenceEmbeddable cannot implement getReferencedNavigable() in SqmEmbeddableTypedReference
	public Navigable getReferencedNavigable() {
	                 ^
  return type Navigable is not compatible with NavigableEmbeddedValued
/home/aboriero/hibernate/wip60/hibernate-orm/hibernate-core/src/main/java/org/hibernate/query/sqm/tree/expression/domain/SqmSingularAttributeReferenceBasic.java:15: error: SqmSingularAttributeReferenceBasic is not abstract and does not override abstract method getNavigableContainerReferenceInfo() in NavigableReferenceInfo
public class SqmSingularAttributeReferenceBasic extends AbstractSqmSingularAttributeReference {
       ^
/home/aboriero/hibernate/wip60/hibernate-orm/hibernate-core/src/main/java/org/hibernate/query/sqm/tree/expression/domain/SqmSingularAttributeReferenceEmbedded.java:15: error: SqmSingularAttributeReferenceEmbedded is not abstract and does not override abstract method getNavigableContainerReferenceInfo() in NavigableReferenceInfo
public class SqmSingularAttributeReferenceEmbedded extends AbstractSqmSingularAttributeReference implements
       ^
/home/aboriero/hibernate/wip60/hibernate-orm/hibernate-core/src/main/java/org/hibernate/query/sqm/tree/expression/domain/SqmEntityIdentifierReferenceSimple.java:17: error: SqmEntityIdentifierReferenceSimple is not abstract and does not override abstract method getNavigableContainerReferenceInfo() in NavigableReferenceInfo
public class SqmEntityIdentifierReferenceSimple
       ^
/home/aboriero/hibernate/wip60/hibernate-orm/hibernate-core/src/main/java/org/hibernate/query/sqm/tree/expression/domain/SqmMinIndexReferenceEntity.java:17: error: SqmMinIndexReferenceEntity is not abstract and does not override abstract method getPersistenceType() in Type
public class SqmMinIndexReferenceEntity extends AbstractSpecificSqmCollectionIndexReference
       ^
/home/aboriero/hibernate/wip60/hibernate-orm/hibernate-core/src/main/java/org/hibernate/query/sqm/tree/expression/domain/SqmSingularAttributeReferenceEntity.java:16: error: SqmSingularAttributeReferenceEntity is not abstract and does not override abstract method getNavigableContainerReferenceInfo() in NavigableReferenceInfo
public class SqmSingularAttributeReferenceEntity extends AbstractSqmSingularAttributeReference implements
       ^
/home/aboriero/hibernate/wip60/hibernate-orm/hibernate-core/src/main/java/org/hibernate/query/sqm/tree/expression/domain/SqmCollectionElementReferenceEntity.java:20: error: SqmCollectionElementReferenceEntity is not abstract and does not override abstract method getPersistenceType() in Type
public class SqmCollectionElementReferenceEntity extends AbstractSqmCollectionElementReference implements
       ^
/home/aboriero/hibernate/wip60/hibernate-orm/hibernate-core/src/main/java/org/hibernate/query/sqm/tree/expression/domain/SqmCollectionIndexReferenceEntity.java:20: error: SqmCollectionIndexReferenceEntity is not abstract and does not override abstract method getPersistenceType() in Type
public class SqmCollectionIndexReferenceEntity
       ^
/home/aboriero/hibernate/wip60/hibernate-orm/hibernate-core/src/main/java/org/hibernate/query/sqm/tree/expression/domain/SqmIndexedElementReferenceEntity.java:19: error: SqmIndexedElementReferenceEntity is not abstract and does not override abstract method getPersistenceType() in Type
public class SqmIndexedElementReferenceEntity
       ^
/home/aboriero/hibernate/wip60/hibernate-orm/hibernate-core/src/main/java/org/hibernate/service/StandardServiceInitiators.java:75: error: cannot find symbol
		serviceInitiators.add( QueryTranslatorFactoryInitiator.INSTANCE );
		                       ^
  symbol:   variable QueryTranslatorFactoryInitiator
  location: class StandardServiceInitiators
/home/aboriero/hibernate/wip60/hibernate-orm/hibernate-core/src/main/java/org/hibernate/sql/ordering/antlr/NodeSupport.java:16: error: NodeSupport is not abstract and does not override abstract method getText() in Node
public class NodeSupport extends CommonAST implements Node {
       ^
/home/aboriero/hibernate/wip60/hibernate-orm/hibernate-core/src/main/java/org/hibernate/sql/ordering/antlr/NodeSupport.java:19: error: cannot find symbol
		return getText();
		       ^
  symbol:   method getText()
  location: class NodeSupport
/home/aboriero/hibernate/wip60/hibernate-orm/hibernate-core/src/main/java/org/hibernate/sql/ordering/antlr/NodeSupport.java:24: error: cannot find symbol
		return getText();
		       ^
  symbol:   method getText()
  location: class NodeSupport
/home/aboriero/hibernate/wip60/hibernate-orm/hibernate-core/src/main/java/org/hibernate/sql/ordering/antlr/Factory.java:17: error: method does not override or implement a method from a supertype
	@Override
	^
/home/aboriero/hibernate/wip60/hibernate-orm/hibernate-core/src/main/java/org/hibernate/sql/ordering/antlr/Factory.java:20: error: cannot find symbol
			case ORDER_BY:
			     ^
  symbol:   variable ORDER_BY
  location: class Factory
/home/aboriero/hibernate/wip60/hibernate-orm/hibernate-core/src/main/java/org/hibernate/sql/ordering/antlr/Factory.java:22: error: cannot find symbol
			case SORT_SPEC:
			     ^
  symbol:   variable SORT_SPEC
  location: class Factory
/home/aboriero/hibernate/wip60/hibernate-orm/hibernate-core/src/main/java/org/hibernate/sql/ordering/antlr/Factory.java:24: error: cannot find symbol
			case ORDER_SPEC:
			     ^
  symbol:   variable ORDER_SPEC
  location: class Factory
/home/aboriero/hibernate/wip60/hibernate-orm/hibernate-core/src/main/java/org/hibernate/sql/ordering/antlr/Factory.java:26: error: cannot find symbol
			case COLLATE:
			     ^
  symbol:   variable COLLATE
  location: class Factory
/home/aboriero/hibernate/wip60/hibernate-orm/hibernate-core/src/main/java/org/hibernate/sql/ordering/antlr/Factory.java:28: error: cannot find symbol
			case SORT_KEY:
			     ^
  symbol:   variable SORT_KEY
  location: class Factory
/home/aboriero/hibernate/wip60/hibernate-orm/hibernate-core/src/main/java/org/hibernate/sql/ordering/antlr/OrderByFragmentRenderer.java:28: error: cannot find symbol
	private static final ASTPrinter printer = new ASTPrinter( GeneratedOrderByFragmentRendererTokenTypes.class );
	                                              ^
  symbol:   class ASTPrinter
  location: class OrderByFragmentRenderer
/home/aboriero/hibernate/wip60/hibernate-orm/hibernate-core/src/main/java/org/hibernate/sql/ordering/antlr/OrderByFragmentRenderer.java:28: error: cannot find symbol
	private static final ASTPrinter printer = new ASTPrinter( GeneratedOrderByFragmentRendererTokenTypes.class );
	                                                          ^
  symbol:   class GeneratedOrderByFragmentRendererTokenTypes
  location: class OrderByFragmentRenderer
/home/aboriero/hibernate/wip60/hibernate-orm/hibernate-core/src/main/java/org/hibernate/sql/ordering/antlr/OrderByFragmentRenderer.java:36: error: method does not override or implement a method from a supertype
	@Override
	^
/home/aboriero/hibernate/wip60/hibernate-orm/hibernate-core/src/main/java/org/hibernate/sql/ordering/antlr/OrderByFragmentRenderer.java:46: error: method does not override or implement a method from a supertype
	@Override
	^
/home/aboriero/hibernate/wip60/hibernate-orm/hibernate-core/src/main/java/org/hibernate/sql/ordering/antlr/OrderByFragmentRenderer.java:48: error: cannot find symbol
		if ( inputState.guessing > 0 ) {
		     ^
  symbol:   variable inputState
  location: class OrderByFragmentRenderer
/home/aboriero/hibernate/wip60/hibernate-orm/hibernate-core/src/main/java/org/hibernate/sql/ordering/antlr/OrderByFragmentRenderer.java:62: error: method does not override or implement a method from a supertype
	@Override
	^
/home/aboriero/hibernate/wip60/hibernate-orm/hibernate-core/src/main/java/org/hibernate/sql/ordering/antlr/OrderByFragmentRenderer.java:64: error: cannot find symbol
		if ( inputState.guessing > 0 ) {
		     ^
  symbol:   variable inputState
  location: class OrderByFragmentRenderer
/home/aboriero/hibernate/wip60/hibernate-orm/hibernate-core/src/main/java/org/hibernate/sql/ordering/antlr/OrderByFragmentRenderer.java:71: error: method does not override or implement a method from a supertype
	@Override
	^
/home/aboriero/hibernate/wip60/hibernate-orm/hibernate-core/src/main/java/org/hibernate/sql/ordering/antlr/OrderByFragmentTranslator.java:39: error: cannot find symbol
		GeneratedOrderByLexer lexer = new GeneratedOrderByLexer( new StringReader( fragment ) );
		^
  symbol:   class GeneratedOrderByLexer
  location: class OrderByFragmentTranslator
/home/aboriero/hibernate/wip60/hibernate-orm/hibernate-core/src/main/java/org/hibernate/sql/ordering/antlr/OrderByFragmentTranslator.java:39: error: cannot find symbol
		GeneratedOrderByLexer lexer = new GeneratedOrderByLexer( new StringReader( fragment ) );
		                                  ^
  symbol:   class GeneratedOrderByLexer
  location: class OrderByFragmentTranslator
/home/aboriero/hibernate/wip60/hibernate-orm/hibernate-core/src/main/java/org/hibernate/sql/ordering/antlr/OrderByFragmentTranslator.java:46: error: cannot find symbol
			parser.orderByFragment();
			      ^
  symbol:   method orderByFragment()
  location: variable parser of type OrderByFragmentParser
/home/aboriero/hibernate/wip60/hibernate-orm/hibernate-core/src/main/java/org/hibernate/sql/ordering/antlr/OrderByFragmentTranslator.java:56: error: cannot find symbol
			ASTPrinter printer = new ASTPrinter( OrderByTemplateTokenTypes.class );
			^
  symbol:   class ASTPrinter
  location: class OrderByFragmentTranslator
/home/aboriero/hibernate/wip60/hibernate-orm/hibernate-core/src/main/java/org/hibernate/sql/ordering/antlr/OrderByFragmentTranslator.java:56: error: cannot find symbol
			ASTPrinter printer = new ASTPrinter( OrderByTemplateTokenTypes.class );
			                         ^
  symbol:   class ASTPrinter
  location: class OrderByFragmentTranslator
/home/aboriero/hibernate/wip60/hibernate-orm/hibernate-core/src/main/java/org/hibernate/sql/ordering/antlr/OrderByFragmentTranslator.java:56: error: cannot find symbol
			ASTPrinter printer = new ASTPrinter( OrderByTemplateTokenTypes.class );
			                                     ^
  symbol:   class OrderByTemplateTokenTypes
  location: class OrderByFragmentTranslator
/home/aboriero/hibernate/wip60/hibernate-orm/hibernate-core/src/main/java/org/hibernate/sql/ordering/antlr/OrderByFragmentTranslator.java:57: error: cannot find symbol
			LOG.trace( printer.showAsString( parser.getAST(), "--- {order-by fragment} ---" ) );
			                                       ^
  symbol:   method getAST()
  location: variable parser of type OrderByFragmentParser
/home/aboriero/hibernate/wip60/hibernate-orm/hibernate-core/src/main/java/org/hibernate/sql/ordering/antlr/OrderByFragmentTranslator.java:63: error: cannot find symbol
			renderer.orderByFragment( parser.getAST() );
			                                ^
  symbol:   method getAST()
  location: variable parser of type OrderByFragmentParser
/home/aboriero/hibernate/wip60/hibernate-orm/hibernate-core/src/main/java/org/hibernate/sql/ordering/antlr/OrderByFragmentTranslator.java:72: error: cannot find symbol
		return new StandardOrderByTranslationImpl( renderer.getRenderedFragment(), parser.getColumnReferences() );
		                                                   ^
  symbol:   method getRenderedFragment()
  location: variable renderer of type OrderByFragmentRenderer
/home/aboriero/hibernate/wip60/hibernate-orm/hibernate-core/src/main/java/org/hibernate/sql/ordering/antlr/OrderingSpecification.java:31: error: cannot find symbol
			ordering = resolve( getText() );
			                    ^
  symbol:   method getText()
  location: class OrderingSpecification
/home/aboriero/hibernate/wip60/hibernate-orm/hibernate-core/src/main/java/org/hibernate/sql/ordering/antlr/SortSpecification.java:23: error: cannot find symbol
		return ( SortKey ) getFirstChild();
		                   ^
  symbol:   method getFirstChild()
  location: class SortSpecification
/home/aboriero/hibernate/wip60/hibernate-orm/hibernate-core/src/main/java/org/hibernate/sql/ordering/antlr/SortSpecification.java:32: error: cannot find symbol
		AST possible = getSortKey().getNextSibling();
		^
  symbol:   class AST
  location: class SortSpecification
/home/aboriero/hibernate/wip60/hibernate-orm/hibernate-core/src/main/java/org/hibernate/sql/ordering/antlr/SortSpecification.java:32: error: cannot find symbol
		AST possible = getSortKey().getNextSibling();
		                           ^
  symbol:   method getNextSibling()
  location: class SortKey
/home/aboriero/hibernate/wip60/hibernate-orm/hibernate-core/src/main/java/org/hibernate/sql/ordering/antlr/SortSpecification.java:33: error: cannot find symbol
		return  possible != null && OrderByTemplateTokenTypes.COLLATE == possible.getType()
		                            ^
  symbol:   variable OrderByTemplateTokenTypes
  location: class SortSpecification
/home/aboriero/hibernate/wip60/hibernate-orm/hibernate-core/src/main/java/org/hibernate/sql/ordering/antlr/SortSpecification.java:47: error: cannot find symbol
		AST possible = getSortKey().getNextSibling();
		^
  symbol:   class AST
  location: class SortSpecification
/home/aboriero/hibernate/wip60/hibernate-orm/hibernate-core/src/main/java/org/hibernate/sql/ordering/antlr/SortSpecification.java:47: error: cannot find symbol
		AST possible = getSortKey().getNextSibling();
		                           ^
  symbol:   method getNextSibling()
  location: class SortKey
/home/aboriero/hibernate/wip60/hibernate-orm/hibernate-core/src/main/java/org/hibernate/sql/ordering/antlr/SortSpecification.java:53: error: cannot find symbol
		if ( OrderByTemplateTokenTypes.COLLATE == possible.getType() ) {
		     ^
  symbol:   variable OrderByTemplateTokenTypes
  location: class SortSpecification
/home/aboriero/hibernate/wip60/hibernate-orm/hibernate-core/src/main/java/org/hibernate/sql/ordering/antlr/SortSpecification.java:58: error: cannot find symbol
		return possible != null && OrderByTemplateTokenTypes.ORDER_SPEC == possible.getType()
		                           ^
  symbol:   variable OrderByTemplateTokenTypes
  location: class SortSpecification
/home/aboriero/hibernate/wip60/hibernate-orm/hibernate-core/src/main/java/org/hibernate/sql/ordering/antlr/OrderByFragmentParser.java:40: error: cannot find symbol
		super.setASTFactory( new Factory() );
		^
  symbol:   variable super
  location: class OrderByFragmentParser
/home/aboriero/hibernate/wip60/hibernate-orm/hibernate-core/src/main/java/org/hibernate/sql/ordering/antlr/OrderByFragmentParser.java:48: error: method does not override or implement a method from a supertype
	@Override
	^
/home/aboriero/hibernate/wip60/hibernate-orm/hibernate-core/src/main/java/org/hibernate/sql/ordering/antlr/OrderByFragmentParser.java:56: error: cannot find symbol
		return getASTFactory().create( OrderByTemplateTokenTypes.IDENT, marker );
		                               ^
  symbol:   variable OrderByTemplateTokenTypes
  location: class OrderByFragmentParser
/home/aboriero/hibernate/wip60/hibernate-orm/hibernate-core/src/main/java/org/hibernate/sql/ordering/antlr/OrderByFragmentParser.java:56: error: cannot find symbol
		return getASTFactory().create( OrderByTemplateTokenTypes.IDENT, marker );
		       ^
  symbol:   method getASTFactory()
  location: class OrderByFragmentParser
/home/aboriero/hibernate/wip60/hibernate-orm/hibernate-core/src/main/java/org/hibernate/sql/ordering/antlr/OrderByFragmentParser.java:59: error: method does not override or implement a method from a supertype
	@Override
	^
/home/aboriero/hibernate/wip60/hibernate-orm/hibernate-core/src/main/java/org/hibernate/sql/ordering/antlr/OrderByFragmentParser.java:64: error: cannot find symbol
		return getASTFactory().create( OrderByTemplateTokenTypes.IDENT, context.getDialect().quote( ident.getText() ) );
		                               ^
  symbol:   variable OrderByTemplateTokenTypes
  location: class OrderByFragmentParser
/home/aboriero/hibernate/wip60/hibernate-orm/hibernate-core/src/main/java/org/hibernate/sql/ordering/antlr/OrderByFragmentParser.java:64: error: cannot find symbol
		return getASTFactory().create( OrderByTemplateTokenTypes.IDENT, context.getDialect().quote( ident.getText() ) );
		       ^
  symbol:   method getASTFactory()
  location: class OrderByFragmentParser
/home/aboriero/hibernate/wip60/hibernate-orm/hibernate-core/src/main/java/org/hibernate/sql/ordering/antlr/OrderByFragmentParser.java:67: error: method does not override or implement a method from a supertype
	@Override
	^
/home/aboriero/hibernate/wip60/hibernate-orm/hibernate-core/src/main/java/org/hibernate/sql/ordering/antlr/OrderByFragmentParser.java:74: error: cannot find symbol
		AST child = ast.getFirstChild();
		^
  symbol:   class AST
  location: class OrderByFragmentParser
/home/aboriero/hibernate/wip60/hibernate-orm/hibernate-core/src/main/java/org/hibernate/sql/ordering/antlr/OrderByFragmentParser.java:89: error: cannot find symbol
			return !function.hasParenthesesIfNoArguments();
			                ^
  symbol:   method hasParenthesesIfNoArguments()
  location: variable function of type SqmFunctionTemplate
/home/aboriero/hibernate/wip60/hibernate-orm/hibernate-core/src/main/java/org/hibernate/sql/ordering/antlr/OrderByFragmentParser.java:94: error: method does not override or implement a method from a supertype
	@Override
	^
/home/aboriero/hibernate/wip60/hibernate-orm/hibernate-core/src/main/java/org/hibernate/sql/ordering/antlr/OrderByFragmentParser.java:99: error: cannot find symbol
		AST child = ast.getFirstChild();
		^
  symbol:   class AST
  location: class OrderByFragmentParser
/home/aboriero/hibernate/wip60/hibernate-orm/hibernate-core/src/main/java/org/hibernate/sql/ordering/antlr/OrderByFragmentParser.java:120: error: cannot find symbol
			return getASTFactory().create( OrderByTemplateTokenTypes.IDENT, text );
			                               ^
  symbol:   variable OrderByTemplateTokenTypes
  location: class OrderByFragmentParser
/home/aboriero/hibernate/wip60/hibernate-orm/hibernate-core/src/main/java/org/hibernate/sql/ordering/antlr/OrderByFragmentParser.java:120: error: cannot find symbol
			return getASTFactory().create( OrderByTemplateTokenTypes.IDENT, text );
			       ^
  symbol:   method getASTFactory()
  location: class OrderByFragmentParser
/home/aboriero/hibernate/wip60/hibernate-orm/hibernate-core/src/main/java/org/hibernate/sql/ordering/antlr/OrderByFragmentParser.java:128: error: cannot find symbol
			final String text = function.render( null, expressions, context.getSessionFactory() );
			                            ^
  symbol:   method render(<null>,ArrayList,SessionFactoryImplementor)
  location: variable function of type SqmFunctionTemplate
/home/aboriero/hibernate/wip60/hibernate-orm/hibernate-core/src/main/java/org/hibernate/sql/ordering/antlr/OrderByFragmentParser.java:129: error: cannot find symbol
			return getASTFactory().create( OrderByTemplateTokenTypes.IDENT, text );
			                               ^
  symbol:   variable OrderByTemplateTokenTypes
  location: class OrderByFragmentParser
/home/aboriero/hibernate/wip60/hibernate-orm/hibernate-core/src/main/java/org/hibernate/sql/ordering/antlr/OrderByFragmentParser.java:129: error: cannot find symbol
			return getASTFactory().create( OrderByTemplateTokenTypes.IDENT, text );
			       ^
  symbol:   method getASTFactory()
  location: class OrderByFragmentParser
/home/aboriero/hibernate/wip60/hibernate-orm/hibernate-core/src/main/java/org/hibernate/sql/ordering/antlr/OrderByFragmentParser.java:158: error: method does not override or implement a method from a supertype
	@Override
	^
/home/aboriero/hibernate/wip60/hibernate-orm/hibernate-core/src/main/java/org/hibernate/sql/ordering/antlr/OrderByFragmentParser.java:174: error: cannot find symbol
			return getASTFactory().create( OrderByTemplateTokenTypes.IDENT, makeColumnReference( text ) );
			                               ^
  symbol:   variable OrderByTemplateTokenTypes
  location: class OrderByFragmentParser
/home/aboriero/hibernate/wip60/hibernate-orm/hibernate-core/src/main/java/org/hibernate/sql/ordering/antlr/OrderByFragmentParser.java:174: error: cannot find symbol
			return getASTFactory().create( OrderByTemplateTokenTypes.IDENT, makeColumnReference( text ) );
			       ^
  symbol:   method getASTFactory()
  location: class OrderByFragmentParser
/home/aboriero/hibernate/wip60/hibernate-orm/hibernate-core/src/main/java/org/hibernate/sql/ordering/antlr/OrderByFragmentParser.java:180: error: cannot find symbol
			final AST root = getASTFactory().create( OrderByTemplateTokenTypes.IDENT_LIST, "{ident list}" );
			      ^
  symbol:   class AST
  location: class OrderByFragmentParser
/home/aboriero/hibernate/wip60/hibernate-orm/hibernate-core/src/main/java/org/hibernate/sql/ordering/antlr/OrderByFragmentParser.java:180: error: cannot find symbol
			final AST root = getASTFactory().create( OrderByTemplateTokenTypes.IDENT_LIST, "{ident list}" );
			                                         ^
  symbol:   variable OrderByTemplateTokenTypes
  location: class OrderByFragmentParser
/home/aboriero/hibernate/wip60/hibernate-orm/hibernate-core/src/main/java/org/hibernate/sql/ordering/antlr/OrderByFragmentParser.java:180: error: cannot find symbol
			final AST root = getASTFactory().create( OrderByTemplateTokenTypes.IDENT_LIST, "{ident list}" );
			                 ^
  symbol:   method getASTFactory()
  location: class OrderByFragmentParser
/home/aboriero/hibernate/wip60/hibernate-orm/hibernate-core/src/main/java/org/hibernate/sql/ordering/antlr/OrderByFragmentParser.java:191: error: cannot find symbol
			return getASTFactory().create( OrderByTemplateTokenTypes.IDENT, makeColumnReference( columnName ) );
			                               ^
  symbol:   variable OrderByTemplateTokenTypes
  location: class OrderByFragmentParser
/home/aboriero/hibernate/wip60/hibernate-orm/hibernate-core/src/main/java/org/hibernate/sql/ordering/antlr/OrderByFragmentParser.java:191: error: cannot find symbol
			return getASTFactory().create( OrderByTemplateTokenTypes.IDENT, makeColumnReference( columnName ) );
			       ^
  symbol:   method getASTFactory()
  location: class OrderByFragmentParser
/home/aboriero/hibernate/wip60/hibernate-orm/hibernate-core/src/main/java/org/hibernate/sql/ordering/antlr/OrderByFragmentParser.java:200: error: cannot find symbol
			return getASTFactory().create( OrderByTemplateTokenTypes.IDENT, adjustedText );
			                               ^
  symbol:   variable OrderByTemplateTokenTypes
  location: class OrderByFragmentParser
/home/aboriero/hibernate/wip60/hibernate-orm/hibernate-core/src/main/java/org/hibernate/sql/ordering/antlr/OrderByFragmentParser.java:200: error: cannot find symbol
			return getASTFactory().create( OrderByTemplateTokenTypes.IDENT, adjustedText );
			       ^
  symbol:   method getASTFactory()
  location: class OrderByFragmentParser
/home/aboriero/hibernate/wip60/hibernate-orm/hibernate-core/src/main/java/org/hibernate/sql/ordering/antlr/OrderByFragmentParser.java:246: error: method does not override or implement a method from a supertype
	@Override
	^
/home/aboriero/hibernate/wip60/hibernate-orm/hibernate-core/src/main/java/org/hibernate/sql/ordering/antlr/OrderByFragmentParser.java:248: error: cannot find symbol
		assert SORT_SPEC == sortSpec.getType();
		       ^
  symbol:   variable SORT_SPEC
  location: class OrderByFragmentParser
/home/aboriero/hibernate/wip60/hibernate-orm/hibernate-core/src/main/java/org/hibernate/sql/ordering/antlr/OrderByFragmentParser.java:250: error: cannot find symbol
		AST sortKey = sortSpecification.getSortKey();
		^
  symbol:   class AST
  location: class OrderByFragmentParser
/home/aboriero/hibernate/wip60/hibernate-orm/hibernate-core/src/main/java/org/hibernate/sql/ordering/antlr/OrderByFragmentParser.java:251: error: cannot find symbol
		if ( IDENT_LIST == sortKey.getFirstChild().getType() ) {
		     ^
  symbol:   variable IDENT_LIST
  location: class OrderByFragmentParser
/home/aboriero/hibernate/wip60/hibernate-orm/hibernate-core/src/main/java/org/hibernate/sql/ordering/antlr/OrderByFragmentParser.java:252: error: cannot find symbol
			AST identList = sortKey.getFirstChild();
			^
  symbol:   class AST
  location: class OrderByFragmentParser
/home/aboriero/hibernate/wip60/hibernate-orm/hibernate-core/src/main/java/org/hibernate/sql/ordering/antlr/OrderByFragmentParser.java:253: error: cannot find symbol
			AST ident = identList.getFirstChild();
			^
  symbol:   class AST
  location: class OrderByFragmentParser
/home/aboriero/hibernate/wip60/hibernate-orm/hibernate-core/src/main/java/org/hibernate/sql/ordering/antlr/OrderByFragmentParser.java:254: error: cannot find symbol
			AST holder = new CommonAST();
			^
  symbol:   class AST
  location: class OrderByFragmentParser
/home/aboriero/hibernate/wip60/hibernate-orm/hibernate-core/src/main/java/org/hibernate/sql/ordering/antlr/OrderByFragmentParser.java:254: error: cannot find symbol
			AST holder = new CommonAST();
			                 ^
  symbol:   class CommonAST
  location: class OrderByFragmentParser
/home/aboriero/hibernate/wip60/hibernate-orm/hibernate-core/src/main/java/org/hibernate/sql/ordering/antlr/OrderByFragmentParser.java:274: error: cannot find symbol
		AST sortSpecification = getASTFactory().create( SORT_SPEC, "{{sort specification}}" );
		^
  symbol:   class AST
  location: class OrderByFragmentParser
/home/aboriero/hibernate/wip60/hibernate-orm/hibernate-core/src/main/java/org/hibernate/sql/ordering/antlr/OrderByFragmentParser.java:274: error: cannot find symbol
		AST sortSpecification = getASTFactory().create( SORT_SPEC, "{{sort specification}}" );
		                                                ^
  symbol:   variable SORT_SPEC
  location: class OrderByFragmentParser
/home/aboriero/hibernate/wip60/hibernate-orm/hibernate-core/src/main/java/org/hibernate/sql/ordering/antlr/OrderByFragmentParser.java:274: error: cannot find symbol
		AST sortSpecification = getASTFactory().create( SORT_SPEC, "{{sort specification}}" );
		                        ^
  symbol:   method getASTFactory()
  location: class OrderByFragmentParser
/home/aboriero/hibernate/wip60/hibernate-orm/hibernate-core/src/main/java/org/hibernate/sql/ordering/antlr/OrderByFragmentParser.java:275: error: cannot find symbol
		AST sortKey = getASTFactory().create( SORT_KEY, "{{sort key}}" );
		^
  symbol:   class AST
  location: class OrderByFragmentParser
/home/aboriero/hibernate/wip60/hibernate-orm/hibernate-core/src/main/java/org/hibernate/sql/ordering/antlr/OrderByFragmentParser.java:275: error: cannot find symbol
		AST sortKey = getASTFactory().create( SORT_KEY, "{{sort key}}" );
		                                      ^
  symbol:   variable SORT_KEY
  location: class OrderByFragmentParser
/home/aboriero/hibernate/wip60/hibernate-orm/hibernate-core/src/main/java/org/hibernate/sql/ordering/antlr/OrderByFragmentParser.java:275: error: cannot find symbol
		AST sortKey = getASTFactory().create( SORT_KEY, "{{sort key}}" );
		              ^
  symbol:   method getASTFactory()
  location: class OrderByFragmentParser
/home/aboriero/hibernate/wip60/hibernate-orm/hibernate-core/src/main/java/org/hibernate/sql/ordering/antlr/OrderByFragmentParser.java:276: error: cannot find symbol
		AST newIdent = getASTFactory().create( ident.getType(), ident.getText() );
		^
  symbol:   class AST
  location: class OrderByFragmentParser
/home/aboriero/hibernate/wip60/hibernate-orm/hibernate-core/src/main/java/org/hibernate/sql/ordering/antlr/OrderByFragmentParser.java:276: error: cannot find symbol
		AST newIdent = getASTFactory().create( ident.getType(), ident.getText() );
		               ^
  symbol:   method getASTFactory()
  location: class OrderByFragmentParser
/home/aboriero/hibernate/wip60/hibernate-orm/hibernate-core/src/main/java/org/hibernate/sql/ordering/antlr/OrderByFragmentParser.java:294: error: method does not override or implement a method from a supertype
	@Override
	^
/home/aboriero/hibernate/wip60/hibernate-orm/hibernate-core/src/main/java/org/hibernate/sql/ordering/antlr/OrderByFragmentParser.java:296: error: cannot find symbol
		if ( inputState.guessing > 0 ) {
		     ^
  symbol:   variable inputState
  location: class OrderByFragmentParser
/home/aboriero/hibernate/wip60/hibernate-orm/hibernate-core/src/main/java/org/hibernate/sql/ordering/antlr/OrderByFragmentParser.java:303: error: method does not override or implement a method from a supertype
	@Override
	^
/home/aboriero/hibernate/wip60/hibernate-orm/hibernate-core/src/main/java/org/hibernate/sql/ordering/antlr/OrderByFragmentParser.java:305: error: cannot find symbol
		if ( inputState.guessing > 0 ) {
		     ^
  symbol:   variable inputState
  location: class OrderByFragmentParser
/home/aboriero/hibernate/wip60/hibernate-orm/hibernate-core/src/main/java/org/hibernate/sql/ordering/antlr/OrderByFragmentParser.java:312: error: method does not override or implement a method from a supertype
	@Override
	^
/home/aboriero/hibernate/wip60/hibernate-orm/hibernate-core/src/main/java/org/hibernate/sql/ast/consume/results/internal/JdbcValuesSourceProcessingStateStandardImpl.java:245: error: cannot find symbol
				hydratedState[i] = types[i].resolve( value, session, entity );
				                           ^
  symbol:   method resolve(Object,SharedSessionContractImplementor,Object)
  location: interface Type
/home/aboriero/hibernate/wip60/hibernate-orm/hibernate-core/src/main/java/org/hibernate/sql/ast/consume/results/internal/JdbcValuesSourceProcessingStateStandardImpl.java:319: error: cannot find symbol
		if ( persister.hasNaturalIdentifier() ) {
		              ^
  symbol:   method hasNaturalIdentifier()
  location: variable persister of type EntityDescriptor
/home/aboriero/hibernate/wip60/hibernate-orm/hibernate-core/src/main/java/org/hibernate/sql/ast/consume/results/internal/JdbcValuesSourceProcessingStateStandardImpl.java:328: error: cannot find symbol
		if ( !persister.isMutable() ) {
		               ^
  symbol:   method isMutable()
  location: variable persister of type EntityDescriptor
/home/aboriero/hibernate/wip60/hibernate-orm/hibernate-core/src/main/java/org/hibernate/sql/ast/consume/results/internal/JdbcValuesSourceProcessingStateStandardImpl.java:348: error: cannot find symbol
			TypeHelper.deepCopy(
			^
  symbol:   variable TypeHelper
  location: class JdbcValuesSourceProcessingStateStandardImpl
/home/aboriero/hibernate/wip60/hibernate-orm/hibernate-core/src/main/java/org/hibernate/sql/ast/consume/internal/JdbcCallParameterRegistrationImpl.java:112: error: cannot find symbol
		if ( ormType.getColumnSpan() > 1 ) {
		            ^
  symbol:   method getColumnSpan()
  location: variable ormType of type Type
/home/aboriero/hibernate/wip60/hibernate-orm/hibernate-core/src/main/java/org/hibernate/sql/ast/consume/internal/JdbcCallParameterRegistrationImpl.java:117: error: cannot find symbol
			if ( ProcedureParameterExtractionAware.class.isInstance( ormType ) ) {
			     ^
  symbol:   class ProcedureParameterExtractionAware
  location: class JdbcCallParameterRegistrationImpl
/home/aboriero/hibernate/wip60/hibernate-orm/hibernate-core/src/main/java/org/hibernate/sql/ast/consume/internal/JdbcCallParameterRegistrationImpl.java:118: error: cannot find symbol
				final ProcedureParameterExtractionAware extractionAware = (ProcedureParameterExtractionAware) ormType;
				      ^
  symbol:   class ProcedureParameterExtractionAware
  location: class JdbcCallParameterRegistrationImpl
/home/aboriero/hibernate/wip60/hibernate-orm/hibernate-core/src/main/java/org/hibernate/sql/ast/consume/internal/JdbcCallParameterRegistrationImpl.java:118: error: cannot find symbol
				final ProcedureParameterExtractionAware extractionAware = (ProcedureParameterExtractionAware) ormType;
				                                                           ^
  symbol:   class ProcedureParameterExtractionAware
  location: class JdbcCallParameterRegistrationImpl
/home/aboriero/hibernate/wip60/hibernate-orm/hibernate-core/src/main/java/org/hibernate/sql/ast/consume/internal/JdbcCallParameterRegistrationImpl.java:130: error: cannot find symbol
				for ( int i = 0; i < ormType.getColumnSpan(); i++ ) {
				                            ^
  symbol:   method getColumnSpan()
  location: variable ormType of type Type
/home/aboriero/hibernate/wip60/hibernate-orm/hibernate-core/src/main/java/org/hibernate/sql/ast/consume/internal/JdbcCallParameterRegistrationImpl.java:131: error: cannot find symbol
					callableStatement.registerOutParameter( jdbcParameterPositionStart + i, ormType.sqlTypes()[i] );
					                                                                               ^
  symbol:   method sqlTypes()
  location: variable ormType of type Type
/home/aboriero/hibernate/wip60/hibernate-orm/hibernate-core/src/main/java/org/hibernate/sql/ast/consume/internal/JdbcCallParameterRegistrationImpl.java:142: error: cannot find symbol
					callableStatement.registerOutParameter( name, ormType.sqlTypes()[0] );
					                                                     ^
  symbol:   method sqlTypes()
  location: variable ormType of type Type
/home/aboriero/hibernate/wip60/hibernate-orm/hibernate-core/src/main/java/org/hibernate/sql/ast/consume/internal/JdbcCallParameterRegistrationImpl.java:145: error: cannot find symbol
					callableStatement.registerOutParameter( jdbcParameterPositionStart, ormType.sqlTypes()[0] );
					                                                                           ^
  symbol:   method sqlTypes()
  location: variable ormType of type Type
/home/aboriero/hibernate/wip60/hibernate-orm/hibernate-core/src/main/java/org/hibernate/sql/ast/consume/internal/JdbcCallParameterExtractorImpl.java:56: error: cannot find symbol
				&& ProcedureParameterExtractionAware.class.isInstance( ormType )
				   ^
  symbol:   class ProcedureParameterExtractionAware
  location: class JdbcCallParameterExtractorImpl<T>
  where T is a type-variable:
    T extends Object declared in class JdbcCallParameterExtractorImpl
/home/aboriero/hibernate/wip60/hibernate-orm/hibernate-core/src/main/java/org/hibernate/sql/ast/consume/internal/JdbcCallParameterExtractorImpl.java:61: error: cannot find symbol
				return (T) ( (ProcedureParameterExtractionAware) ormType ).extract(
				              ^
  symbol:   class ProcedureParameterExtractionAware
  location: class JdbcCallParameterExtractorImpl<T>
  where T is a type-variable:
    T extends Object declared in class JdbcCallParameterExtractorImpl
/home/aboriero/hibernate/wip60/hibernate-orm/hibernate-core/src/main/java/org/hibernate/sql/ast/consume/internal/JdbcCallParameterBinderImpl.java:28: error: JdbcCallParameterBinderImpl is not abstract and does not override abstract method bindParameterValue(PreparedStatement,int,ParameterBindingContext) in JdbcParameterBinder
public class JdbcCallParameterBinderImpl implements JdbcParameterBinder {
       ^
/home/aboriero/hibernate/wip60/hibernate-orm/hibernate-core/src/main/java/org/hibernate/sql/ast/consume/internal/JdbcCallParameterBinderImpl.java:47: error: method does not override or implement a method from a supertype
	@Override
	^
/home/aboriero/hibernate/wip60/hibernate-orm/hibernate-core/src/main/java/org/hibernate/sql/ast/consume/internal/JdbcCallParameterBinderImpl.java:89: error: cannot find symbol
				( (ProcedureParameterNamedBinder) ormType ).nullSafeSet(
				   ^
  symbol:   class ProcedureParameterNamedBinder
  location: class JdbcCallParameterBinderImpl
/home/aboriero/hibernate/wip60/hibernate-orm/hibernate-core/src/main/java/org/hibernate/sql/ast/consume/internal/JdbcCallParameterBinderImpl.java:98: error: cannot find symbol
		return ormType.sqlTypes().length;
		              ^
  symbol:   method sqlTypes()
  location: variable ormType of type Type
/home/aboriero/hibernate/wip60/hibernate-orm/hibernate-core/src/main/java/org/hibernate/sql/ast/consume/results/internal/AbstractEntityReferenceInitializer.java:115: error: cannot find symbol
		final Object id = concretePersister.getEntityDescriptor().getIdentifierType().assemble(
		                                                                             ^
  symbol:   method assemble(Serializable,SharedSessionContractImplementor,<null>)
  location: interface Type
/home/aboriero/hibernate/wip60/hibernate-orm/hibernate-core/src/main/java/org/hibernate/sql/ast/consume/results/internal/AbstractEntityReferenceInitializer.java:194: error: cannot find symbol
				assert persistentAttribute.getOrmType() instanceof CollectionType;
				                          ^
  symbol:   method getOrmType()
  location: variable persistentAttribute of type PersistentAttribute<?,?>
/home/aboriero/hibernate/wip60/hibernate-orm/hibernate-core/src/main/java/org/hibernate/sql/ast/consume/results/internal/AbstractEntityReferenceInitializer.java:194: error: cannot find symbol
				assert persistentAttribute.getOrmType() instanceof CollectionType;
				                                                   ^
  symbol:   class CollectionType
  location: class AbstractEntityReferenceInitializer
/home/aboriero/hibernate/wip60/hibernate-orm/hibernate-core/src/main/java/org/hibernate/sql/ast/consume/results/internal/AbstractEntityReferenceInitializer.java:273: error: cannot find symbol
		final Loadable legacyLoadable = (Loadable) persister.getEntityDescriptor();
		      ^
  symbol:   class Loadable
  location: class AbstractEntityReferenceInitializer
/home/aboriero/hibernate/wip60/hibernate-orm/hibernate-core/src/main/java/org/hibernate/sql/ast/consume/results/internal/AbstractEntityReferenceInitializer.java:273: error: cannot find symbol
		final Loadable legacyLoadable = (Loadable) persister.getEntityDescriptor();
		                                 ^
  symbol:   class Loadable
  location: class AbstractEntityReferenceInitializer
/home/aboriero/hibernate/wip60/hibernate-orm/hibernate-core/src/main/java/org/hibernate/sql/ast/consume/results/internal/values/DeferredResultSetAccess.java:90: error: method bindParameterValue in interface JdbcParameterBinder cannot be applied to given types;
				paramBindingPosition += parameterBinder.bindParameterValue(
				                                       ^
  required: PreparedStatement,int,ParameterBindingContext
  found: PreparedStatement,int,QueryParameterBindings,SharedSessionContractImplementor
  reason: actual and formal argument lists differ in length
/home/aboriero/hibernate/wip60/hibernate-orm/hibernate-core/src/main/java/org/hibernate/sql/ast/consume/results/internal/SqlSelectionReaderImpl.java:245: error: cannot find symbol
					expressableType.getSqlTypeDescriptor(),
					               ^
  symbol:   method getSqlTypeDescriptor()
  location: variable expressableType of type BasicValuedExpressableType
/home/aboriero/hibernate/wip60/hibernate-orm/hibernate-core/src/main/java/org/hibernate/sql/ast/consume/results/internal/SqlSelectionReaderImpl.java:260: error: cannot find symbol
					expressableType.getSqlTypeDescriptor(),
					               ^
  symbol:   method getSqlTypeDescriptor()
  location: variable expressableType of type BasicValuedExpressableType
/home/aboriero/hibernate/wip60/hibernate-orm/hibernate-core/src/main/java/org/hibernate/sql/ast/consume/results/internal/SqlSelectionReaderImpl.java:275: error: cannot find symbol
					expressableType.getSqlTypeDescriptor(),
					               ^
  symbol:   method getSqlTypeDescriptor()
  location: variable expressableType of type BasicValuedExpressableType
/home/aboriero/hibernate/wip60/hibernate-orm/hibernate-core/src/main/java/org/hibernate/sql/ast/produce/result/spi/FetchCompositeAttribute.java:14: error: interface FetchCompositeAttribute inherits abstract and default for getNavigablePath() from types FetchAttribute and FetchParent
public interface FetchCompositeAttribute extends FetchComposite, FetchAttribute {
       ^
/home/aboriero/hibernate/wip60/hibernate-orm/hibernate-core/src/main/java/org/hibernate/sql/ast/produce/sqm/spi/ConversionHelper.java:51: error: cannot find symbol
		throw new QueryException( "Unable to determine Type for named parameter [:" + parameter.getName() + "]" );
		                                                                                       ^
  symbol:   method getName()
  location: variable parameter of type GenericParameter
/home/aboriero/hibernate/wip60/hibernate-orm/hibernate-core/src/main/java/org/hibernate/sql/ast/produce/sqm/spi/ConversionHelper.java:61: error: incompatible types: ExpressableType cannot be converted to Type
				return binding.getBindType();
				                          ^
/home/aboriero/hibernate/wip60/hibernate-orm/hibernate-core/src/main/java/org/hibernate/sql/ast/produce/sqm/spi/ConversionHelper.java:66: error: incompatible types: ExpressableType cannot be converted to Type
			return parameter.getType();
			                        ^
/home/aboriero/hibernate/wip60/hibernate-orm/hibernate-core/src/main/java/org/hibernate/sql/ast/produce/sqm/spi/ConversionHelper.java:73: error: incompatible types: AllowableParameterType cannot be converted to Type
			return persistenceContext.resolveParameterBindType( binding.getBindValue() );
			                                                  ^
/home/aboriero/hibernate/wip60/hibernate-orm/hibernate-core/src/main/java/org/hibernate/sql/ast/produce/sqm/spi/ConversionHelper.java:90: error: cannot find symbol
		final EntityType entityType = (EntityType) ( ( SingularPersistentAttribute) joinedFromElement.getAttributeReference().getReferencedNavigable() ).getOrmType();
		      ^
  symbol:   class EntityType
  location: class ConversionHelper
/home/aboriero/hibernate/wip60/hibernate-orm/hibernate-core/src/main/java/org/hibernate/sql/ast/produce/sqm/spi/ConversionHelper.java:90: error: cannot find symbol
		final EntityType entityType = (EntityType) ( ( SingularPersistentAttribute) joinedFromElement.getAttributeReference().getReferencedNavigable() ).getOrmType();
		                               ^
  symbol:   class EntityType
  location: class ConversionHelper
/home/aboriero/hibernate/wip60/hibernate-orm/hibernate-core/src/main/java/org/hibernate/sql/ast/produce/sqm/spi/ConversionHelper.java:90: error: cannot find symbol
		final EntityType entityType = (EntityType) ( ( SingularPersistentAttribute) joinedFromElement.getAttributeReference().getReferencedNavigable() ).getOrmType();
		                                                                                                                                                ^
  symbol:   method getOrmType()
  location: interface SingularPersistentAttribute
/home/aboriero/hibernate/wip60/hibernate-orm/hibernate-core/src/main/java/org/hibernate/sql/ast/produce/metamodel/spi/NamedQueryCollectionInitializer.java:40: error: cannot find symbol
		LOG.debugf( "Initializing collection: %s using named query: %s", persister.getRole(), queryName );
		                                                                          ^
  symbol:   method getRole()
  location: variable persister of type PersistentCollectionDescriptor
/home/aboriero/hibernate/wip60/hibernate-orm/hibernate-core/src/main/java/org/hibernate/sql/ast/produce/metamodel/spi/NamedQueryCollectionInitializer.java:48: error: cannot find symbol
					persister.getKeyType()
					         ^
  symbol:   method getKeyType()
  location: variable persister of type PersistentCollectionDescriptor
/home/aboriero/hibernate/wip60/hibernate-orm/hibernate-core/src/main/java/org/hibernate/sql/ast/produce/metamodel/spi/NamedQueryCollectionInitializer.java:52: error: cannot find symbol
			nativeQuery.setParameter( 0, key, persister.getKeyType() );
			                                           ^
  symbol:   method getKeyType()
  location: variable persister of type PersistentCollectionDescriptor
/home/aboriero/hibernate/wip60/hibernate-orm/hibernate-core/src/main/java/org/hibernate/sql/ast/produce/metamodel/spi/NamedQueryLoader.java:45: error: method does not override or implement a method from a supertype
	@Override
	^
/home/aboriero/hibernate/wip60/hibernate-orm/hibernate-core/src/main/java/org/hibernate/sql/ast/produce/metamodel/spi/NamedQueryLoader.java:53: error: method does not override or implement a method from a supertype
	@Override
	^
/home/aboriero/hibernate/wip60/hibernate-orm/hibernate-core/src/main/java/org/hibernate/sql/ast/produce/metamodel/spi/NamedQueryLoader.java:60: error: cannot find symbol
		final AbstractProducedQuery query = (AbstractProducedQuery) session.getNamedQuery( queryName );
		      ^
  symbol:   class AbstractProducedQuery
  location: class NamedQueryLoader
/home/aboriero/hibernate/wip60/hibernate-orm/hibernate-core/src/main/java/org/hibernate/sql/ast/produce/metamodel/spi/NamedQueryLoader.java:60: error: cannot find symbol
		final AbstractProducedQuery query = (AbstractProducedQuery) session.getNamedQuery( queryName );
		                                     ^
  symbol:   class AbstractProducedQuery
  location: class NamedQueryLoader
/home/aboriero/hibernate/wip60/hibernate-orm/hibernate-core/src/main/java/org/hibernate/sql/ast/produce/metamodel/internal/AbstractMetamodelDrivenSqlSelectPlanBuilder.java:239: error: method createRootTableGroup in interface RootTableGroupProducer cannot be applied to given types;
			rootTableGroup = rootTableGroupProducer.createRootTableGroup( this );
			                                       ^
  required: TableGroupInfoSource,RootTableGroupContext
  found: AbstractMetamodelDrivenSqlSelectPlanBuilder
  reason: actual and formal argument lists differ in length
/home/aboriero/hibernate/wip60/hibernate-orm/hibernate-core/src/main/java/org/hibernate/sql/ast/produce/metamodel/internal/AbstractMetamodelDrivenSqlSelectPlanBuilder.java:437: error: method does not override or implement a method from a supertype
	@Override
	^
/home/aboriero/hibernate/wip60/hibernate-orm/hibernate-core/src/main/java/org/hibernate/sql/Update.java:136: error: cannot find symbol
		return addColumn( columnName, type.getJdbcLiteralFormatter().toJdbcLiteral( value, dialect, session ) );
		                                  ^
  symbol:   method getJdbcLiteralFormatter()
  location: variable type of type Type
/home/aboriero/hibernate/wip60/hibernate-orm/hibernate-core/src/main/java/org/hibernate/sql/Template.java:751: error: cannot find symbol
		return ! function.hasParenthesesIfNoArguments();
		                 ^
  symbol:   method hasParenthesesIfNoArguments()
  location: variable function of type SqmFunctionTemplate
/home/aboriero/hibernate/wip60/hibernate-orm/hibernate-core/src/main/java/org/hibernate/tool/hbm2ddl/MultipleLinesSqlCommandExtractor.java:24: error: cannot find symbol
		final SqlStatementLexer lexer = new SqlStatementLexer( reader );
		      ^
  symbol:   class SqlStatementLexer
  location: class MultipleLinesSqlCommandExtractor
/home/aboriero/hibernate/wip60/hibernate-orm/hibernate-core/src/main/java/org/hibernate/tool/hbm2ddl/MultipleLinesSqlCommandExtractor.java:24: error: cannot find symbol
		final SqlStatementLexer lexer = new SqlStatementLexer( reader );
		                                    ^
  symbol:   class SqlStatementLexer
  location: class MultipleLinesSqlCommandExtractor
/home/aboriero/hibernate/wip60/hibernate-orm/hibernate-core/src/main/java/org/hibernate/tool/hbm2ddl/MultipleLinesSqlCommandExtractor.java:25: error: cannot find symbol
		final SqlStatementParser parser = new SqlStatementParser( lexer );
		      ^
  symbol:   class SqlStatementParser
  location: class MultipleLinesSqlCommandExtractor
/home/aboriero/hibernate/wip60/hibernate-orm/hibernate-core/src/main/java/org/hibernate/tool/hbm2ddl/MultipleLinesSqlCommandExtractor.java:25: error: cannot find symbol
		final SqlStatementParser parser = new SqlStatementParser( lexer );
		                                      ^
  symbol:   class SqlStatementParser
  location: class MultipleLinesSqlCommandExtractor
/home/aboriero/hibernate/wip60/hibernate-orm/hibernate-core/src/main/java/org/hibernate/tool/hbm2ddl/SchemaExport.java:290: error: incompatible types: Metadata cannot be converted to RuntimeModelCreationContext
						metadata,
						^
/home/aboriero/hibernate/wip60/hibernate-orm/hibernate-core/src/main/java/org/hibernate/tool/hbm2ddl/ForeignKeyMetadata.java:50: error: cannot find symbol
		String refName = (String) references.get(column.getName().toLowerCase(Locale.ROOT));
		                                               ^
  symbol:   method getName()
  location: variable column of type Column
/home/aboriero/hibernate/wip60/hibernate-orm/hibernate-core/src/main/java/org/hibernate/tool/hbm2ddl/ForeignKeyMetadata.java:51: error: cannot find symbol
		return ref.getName().equalsIgnoreCase(refName);
		          ^
  symbol:   method getName()
  location: variable ref of type Column
/home/aboriero/hibernate/wip60/hibernate-orm/hibernate-core/src/main/java/org/hibernate/tool/hbm2ddl/ForeignKeyMetadata.java:65: error: incompatible types: org.hibernate.mapping.Column cannot be converted to org.hibernate.metamodel.model.relational.spi.Column
					Column column = fk.getColumn( i );
					                            ^
/home/aboriero/hibernate/wip60/hibernate-orm/hibernate-core/src/main/java/org/hibernate/tool/schema/internal/AbstractSchemaMigrator.java:170: error: incompatible types: Metadata cannot be converted to RuntimeModelCreationContext
								.getSqlDropStrings( auxiliaryDatabaseObject, metadata ),
								                                             ^
/home/aboriero/hibernate/wip60/hibernate-orm/hibernate-core/src/main/java/org/hibernate/tool/schema/internal/AbstractSchemaMigrator.java:218: error: incompatible types: MappedNamespace cannot be converted to Namespace
			if ( schemaFilter.includeNamespace( namespace ) ) {
			                                    ^
/home/aboriero/hibernate/wip60/hibernate-orm/hibernate-core/src/main/java/org/hibernate/tool/schema/internal/AbstractSchemaMigrator.java:227: error: incompatible types: Metadata cannot be converted to RuntimeModelCreationContext
										metadata
										^
/home/aboriero/hibernate/wip60/hibernate-orm/hibernate-core/src/main/java/org/hibernate/tool/schema/internal/AbstractSchemaMigrator.java:240: error: incompatible types: MappedNamespace cannot be converted to Namespace
			if ( schemaFilter.includeNamespace( namespace ) ) {
			                                    ^
/home/aboriero/hibernate/wip60/hibernate-orm/hibernate-core/src/main/java/org/hibernate/tool/schema/internal/AbstractSchemaMigrator.java:243: error: incompatible types: MappedTable cannot be converted to Table
					if ( schemaFilter.includeTable( table ) ) {
					                                ^
/home/aboriero/hibernate/wip60/hibernate-orm/hibernate-core/src/main/java/org/hibernate/tool/schema/internal/AbstractSchemaMigrator.java:276: error: incompatible types: Metadata cannot be converted to RuntimeModelCreationContext
				dialect.getTableExporter().getSqlCreateStrings( table, metadata ),
				                                                       ^
/home/aboriero/hibernate/wip60/hibernate-orm/hibernate-core/src/main/java/org/hibernate/tool/schema/internal/AbstractSchemaMigrator.java:330: error: incompatible types: Metadata cannot be converted to RuntimeModelCreationContext
							exporter.getSqlCreateStrings( index, metadata ),
							                                     ^
/home/aboriero/hibernate/wip60/hibernate-orm/hibernate-core/src/main/java/org/hibernate/tool/schema/internal/AbstractSchemaMigrator.java:373: error: incompatible types: Metadata cannot be converted to RuntimeModelCreationContext
								exporter.getSqlDropStrings( uniqueKey, metadata ),
								                                       ^
/home/aboriero/hibernate/wip60/hibernate-orm/hibernate-core/src/main/java/org/hibernate/tool/schema/internal/AbstractSchemaMigrator.java:382: error: incompatible types: Metadata cannot be converted to RuntimeModelCreationContext
							exporter.getSqlCreateStrings( uniqueKey, metadata ),
							                                         ^
/home/aboriero/hibernate/wip60/hibernate-orm/hibernate-core/src/main/java/org/hibernate/tool/schema/internal/AbstractSchemaMigrator.java:429: error: incompatible types: Metadata cannot be converted to RuntimeModelCreationContext
								exporter.getSqlCreateStrings( foreignKey, metadata ),
								                                          ^
/home/aboriero/hibernate/wip60/hibernate-orm/hibernate-core/src/main/java/org/hibernate/tool/schema/internal/GroupedSchemaMigratorImpl.java:53: error: incompatible types: MappedNamespace cannot be converted to Namespace
		if ( schemaFilter.includeNamespace( namespace ) ) {
		                                    ^
/home/aboriero/hibernate/wip60/hibernate-orm/hibernate-core/src/main/java/org/hibernate/tool/schema/internal/GroupedSchemaMigratorImpl.java:67: error: incompatible types: MappedTable cannot be converted to Table
				if ( schemaFilter.includeTable( table ) && table.isPhysicalTable() ) {
				                                ^
/home/aboriero/hibernate/wip60/hibernate-orm/hibernate-core/src/main/java/org/hibernate/tool/schema/internal/GroupedSchemaMigratorImpl.java:81: error: incompatible types: MappedTable cannot be converted to Table
				if ( schemaFilter.includeTable( table ) && table.isPhysicalTable() ) {
				                                ^
/home/aboriero/hibernate/wip60/hibernate-orm/hibernate-core/src/main/java/org/hibernate/tool/schema/internal/AbstractSchemaValidator.java:88: error: incompatible types: MappedNamespace cannot be converted to Namespace
			if ( schemaFilter.includeNamespace( namespace ) ) {
			                                    ^
/home/aboriero/hibernate/wip60/hibernate-orm/hibernate-core/src/main/java/org/hibernate/tool/schema/internal/AbstractSchemaValidator.java:94: error: incompatible types: MappedNamespace cannot be converted to Namespace
			if ( schemaFilter.includeNamespace( namespace ) ) {
			                                    ^
/home/aboriero/hibernate/wip60/hibernate-orm/hibernate-core/src/main/java/org/hibernate/tool/schema/internal/AbstractSchemaValidator.java:96: error: incompatible types: MappedSequence cannot be converted to Sequence
					if ( schemaFilter.includeSequence( sequence ) ) {
					                                   ^
/home/aboriero/hibernate/wip60/hibernate-orm/hibernate-core/src/main/java/org/hibernate/tool/schema/internal/GroupedSchemaValidatorImpl.java:41: error: incompatible types: MappedTable cannot be converted to Table
			if ( schemaFilter.includeTable( table ) && table.isPhysicalTable() ) {
			                                ^
/home/aboriero/hibernate/wip60/hibernate-orm/hibernate-core/src/main/java/org/hibernate/tool/schema/internal/IndividuallySchemaMigratorImpl.java:54: error: incompatible types: MappedNamespace cannot be converted to Namespace
		if ( schemaFilter.includeNamespace( namespace ) ) {
		                                    ^
/home/aboriero/hibernate/wip60/hibernate-orm/hibernate-core/src/main/java/org/hibernate/tool/schema/internal/IndividuallySchemaMigratorImpl.java:67: error: incompatible types: MappedTable cannot be converted to Table
				if ( schemaFilter.includeTable( table ) && table.isPhysicalTable() ) {
				                                ^
/home/aboriero/hibernate/wip60/hibernate-orm/hibernate-core/src/main/java/org/hibernate/tool/schema/internal/IndividuallySchemaMigratorImpl.java:81: error: incompatible types: MappedTable cannot be converted to Table
				if ( schemaFilter.includeTable( table ) && table.isPhysicalTable() ) {
				                                ^
/home/aboriero/hibernate/wip60/hibernate-orm/hibernate-core/src/main/java/org/hibernate/tool/schema/internal/IndividuallySchemaValidatorImpl.java:40: error: incompatible types: MappedTable cannot be converted to Table
			if ( schemaFilter.includeTable( table ) && table.isPhysicalTable() ) {
			                                ^
/home/aboriero/hibernate/wip60/hibernate-orm/hibernate-core/src/main/java/org/hibernate/tool/schema/internal/SchemaCreatorImpl.java:227: error: incompatible types: MappedNamespace cannot be converted to Namespace
				if ( !schemaFilter.includeNamespace( namespace ) ) {
				                                     ^
/home/aboriero/hibernate/wip60/hibernate-orm/hibernate-core/src/main/java/org/hibernate/tool/schema/internal/SchemaCreatorImpl.java:233: error: cannot find symbol
					final Identifier catalogPhysicalName = namespace.getPhysicalName().getCatalog();
					                                                ^
  symbol:   method getPhysicalName()
  location: variable namespace of type MappedNamespace
/home/aboriero/hibernate/wip60/hibernate-orm/hibernate-core/src/main/java/org/hibernate/tool/schema/internal/SchemaCreatorImpl.java:246: error: cannot find symbol
				if ( tryToCreateSchemas && namespace.getPhysicalName().getSchema() != null ) {
				                                    ^
  symbol:   method getPhysicalName()
  location: variable namespace of type MappedNamespace
/home/aboriero/hibernate/wip60/hibernate-orm/hibernate-core/src/main/java/org/hibernate/tool/schema/internal/SchemaCreatorImpl.java:248: error: cannot find symbol
							dialect.getCreateSchemaCommand( namespace.getPhysicalName().getSchema().render( dialect ) ),
							                                         ^
  symbol:   method getPhysicalName()
  location: variable namespace of type MappedNamespace
/home/aboriero/hibernate/wip60/hibernate-orm/hibernate-core/src/main/java/org/hibernate/tool/schema/internal/SchemaCreatorImpl.java:268: error: incompatible types: Metadata cannot be converted to RuntimeModelCreationContext
								metadata
								^
/home/aboriero/hibernate/wip60/hibernate-orm/hibernate-core/src/main/java/org/hibernate/tool/schema/internal/SchemaCreatorImpl.java:280: error: incompatible types: MappedNamespace cannot be converted to Namespace
			if ( !schemaFilter.includeNamespace( namespace ) ) {
			                                     ^
/home/aboriero/hibernate/wip60/hibernate-orm/hibernate-core/src/main/java/org/hibernate/tool/schema/internal/SchemaCreatorImpl.java:286: error: incompatible types: MappedSequence cannot be converted to Sequence
				if ( !schemaFilter.includeSequence( sequence ) ) {
				                                    ^
/home/aboriero/hibernate/wip60/hibernate-orm/hibernate-core/src/main/java/org/hibernate/tool/schema/internal/SchemaCreatorImpl.java:293: error: incompatible types: Metadata cannot be converted to RuntimeModelCreationContext
								metadata
								^
/home/aboriero/hibernate/wip60/hibernate-orm/hibernate-core/src/main/java/org/hibernate/tool/schema/internal/SchemaCreatorImpl.java:311: error: incompatible types: MappedTable cannot be converted to Table
				if ( !schemaFilter.includeTable( table ) ) {
				                                 ^
/home/aboriero/hibernate/wip60/hibernate-orm/hibernate-core/src/main/java/org/hibernate/tool/schema/internal/SchemaCreatorImpl.java:316: error: incompatible types: Metadata cannot be converted to RuntimeModelCreationContext
						dialect.getTableExporter().getSqlCreateStrings( table, metadata ),
						                                                       ^
/home/aboriero/hibernate/wip60/hibernate-orm/hibernate-core/src/main/java/org/hibernate/tool/schema/internal/SchemaCreatorImpl.java:328: error: incompatible types: MappedTable cannot be converted to Table
				if ( !schemaFilter.includeTable( table ) ) {
				                                 ^
/home/aboriero/hibernate/wip60/hibernate-orm/hibernate-core/src/main/java/org/hibernate/tool/schema/internal/SchemaCreatorImpl.java:337: error: incompatible types: Metadata cannot be converted to RuntimeModelCreationContext
							dialect.getIndexExporter().getSqlCreateStrings( index, metadata ),
							                                                       ^
/home/aboriero/hibernate/wip60/hibernate-orm/hibernate-core/src/main/java/org/hibernate/tool/schema/internal/SchemaCreatorImpl.java:350: error: incompatible types: Metadata cannot be converted to RuntimeModelCreationContext
							dialect.getUniqueKeyExporter().getSqlCreateStrings( uniqueKey, metadata ),
							                                                               ^
/home/aboriero/hibernate/wip60/hibernate-orm/hibernate-core/src/main/java/org/hibernate/tool/schema/internal/SchemaCreatorImpl.java:363: error: incompatible types: MappedNamespace cannot be converted to Namespace
			if ( !schemaFilter.includeNamespace( namespace ) ) {
			                                     ^
/home/aboriero/hibernate/wip60/hibernate-orm/hibernate-core/src/main/java/org/hibernate/tool/schema/internal/SchemaCreatorImpl.java:368: error: incompatible types: MappedTable cannot be converted to Table
				if ( !schemaFilter.includeTable( table ) ) {
				                                 ^
/home/aboriero/hibernate/wip60/hibernate-orm/hibernate-core/src/main/java/org/hibernate/tool/schema/internal/SchemaCreatorImpl.java:372: error: cannot find symbol
				final Iterator fkItr = table.getForeignKeyIterator();
				                            ^
  symbol:   method getForeignKeyIterator()
  location: variable table of type MappedTable
/home/aboriero/hibernate/wip60/hibernate-orm/hibernate-core/src/main/java/org/hibernate/tool/schema/internal/SchemaCreatorImpl.java:376: error: incompatible types: Metadata cannot be converted to RuntimeModelCreationContext
							dialect.getForeignKeyExporter().getSqlCreateStrings( foreignKey, metadata ),
							                                                                 ^
/home/aboriero/hibernate/wip60/hibernate-orm/hibernate-core/src/main/java/org/hibernate/tool/schema/internal/SchemaCreatorImpl.java:391: error: incompatible types: Metadata cannot be converted to RuntimeModelCreationContext
						dialect.getAuxiliaryDatabaseObjectExporter().getSqlCreateStrings( auxiliaryDatabaseObject, metadata ),
						                                                                                           ^
/home/aboriero/hibernate/wip60/hibernate-orm/hibernate-core/src/main/java/org/hibernate/tool/schema/internal/SchemaDropperImpl.java:66: error: SchemaDropperImpl is not abstract and does not override abstract method buildDelayedAction(RuntimeModelCreationContext,ExecutionOptions,SourceDescriptor) in SchemaDropper
public class SchemaDropperImpl implements SchemaDropper {
       ^
/home/aboriero/hibernate/wip60/hibernate-orm/hibernate-core/src/main/java/org/hibernate/tool/schema/internal/SchemaDropperImpl.java:205: error: cannot find symbol
		for ( AuxiliaryDatabaseObject auxiliaryDatabaseObject : database.getAuxiliaryDatabaseObjects() ) {
		                                                                ^
  symbol:   method getAuxiliaryDatabaseObjects()
  location: variable database of type DatabaseModel
/home/aboriero/hibernate/wip60/hibernate-orm/hibernate-core/src/main/java/org/hibernate/tool/schema/internal/SchemaDropperImpl.java:228: error: cannot find symbol
			applyConstraintDropping( namespace, metadata, formatter, options, targets );
			                                    ^
  symbol:   variable metadata
  location: class SchemaDropperImpl
/home/aboriero/hibernate/wip60/hibernate-orm/hibernate-core/src/main/java/org/hibernate/tool/schema/internal/SchemaDropperImpl.java:239: error: cannot find symbol
				applySqlStrings( dialect.getTableExporter().getSqlDropStrings( table, metadata ), formatter, options,targets );
				                                                                      ^
  symbol:   variable metadata
  location: class SchemaDropperImpl
/home/aboriero/hibernate/wip60/hibernate-orm/hibernate-core/src/main/java/org/hibernate/tool/schema/internal/SchemaDropperImpl.java:242: error: cannot find symbol
			for ( MappedSequence sequence : namespace.getSequences() ) {
			      ^
  symbol:   class MappedSequence
  location: class SchemaDropperImpl
/home/aboriero/hibernate/wip60/hibernate-orm/hibernate-core/src/main/java/org/hibernate/tool/schema/internal/SchemaDropperImpl.java:247: error: cannot find symbol
				applySqlStrings( dialect.getSequenceExporter().getSqlDropStrings( sequence, metadata ), formatter, options, targets );
				                                                                            ^
  symbol:   variable metadata
  location: class SchemaDropperImpl
/home/aboriero/hibernate/wip60/hibernate-orm/hibernate-core/src/main/java/org/hibernate/tool/schema/internal/SchemaDropperImpl.java:251: error: cannot find symbol
		for ( AuxiliaryDatabaseObject auxiliaryDatabaseObject : database.getAuxiliaryDatabaseObjects() ) {
		                                                                ^
  symbol:   method getAuxiliaryDatabaseObjects()
  location: variable database of type DatabaseModel
/home/aboriero/hibernate/wip60/hibernate-orm/hibernate-core/src/main/java/org/hibernate/tool/schema/internal/SchemaDropperImpl.java:270: error: cannot find symbol
			for ( MappedNamespace namespace : database.getNamespaces() ) {
			      ^
  symbol:   class MappedNamespace
  location: class SchemaDropperImpl
/home/aboriero/hibernate/wip60/hibernate-orm/hibernate-core/src/main/java/org/hibernate/tool/schema/internal/SchemaDropperImpl.java:318: error: cannot find symbol
		for ( MappedTable table : namespace.getTables() ) {
		      ^
  symbol:   class MappedTable
  location: class SchemaDropperImpl
/home/aboriero/hibernate/wip60/hibernate-orm/hibernate-core/src/main/java/org/hibernate/tool/schema/internal/SchemaDropperImpl.java:330: error: incompatible types: Metadata cannot be converted to RuntimeModelCreationContext
						dialect.getForeignKeyExporter().getSqlDropStrings( foreignKey, metadata ),
						                                                               ^
/home/aboriero/hibernate/wip60/hibernate-orm/hibernate-core/src/main/java/org/hibernate/tool/schema/internal/SchemaDropperImpl.java:390: error: cannot find symbol
		final ServiceRegistry serviceRegistry = ( (MetadataImplementor) metadata ).getMetadataBuildingOptions()
		                                           ^
  symbol:   class MetadataImplementor
  location: class SchemaDropperImpl
/home/aboriero/hibernate/wip60/hibernate-orm/hibernate-core/src/main/java/org/hibernate/tool/schema/internal/SchemaDropperImpl.java:411: error: incompatible types: Metadata cannot be converted to RuntimeModelCreationContext
		dropFromCreationContext( metadata, options, dialect, FormatStyle.NONE.getFormatter(), target );
		                         ^
/home/aboriero/hibernate/wip60/hibernate-orm/hibernate-core/src/main/java/org/hibernate/tool/schema/internal/SchemaDropperImpl.java:416: error: method does not override or implement a method from a supertype
	@Override
	^
/home/aboriero/hibernate/wip60/hibernate-orm/hibernate-core/src/main/java/org/hibernate/tool/schema/internal/SchemaDropperImpl.java:422: error: no suitable method found for doDrop(Metadata,ExecutionOptions,Dialect,SourceDescriptor,JournalingGenerationTarget)
		doDrop( metadata, options, tool.getServiceRegistry().getService( JdbcEnvironment.class ).getDialect(), sourceDescriptor, target );
		^
    method SchemaDropperImpl.doDrop(RuntimeModelCreationContext,ExecutionOptions,Dialect,SourceDescriptor,GenerationTarget...) is not applicable
      (argument mismatch; Metadata cannot be converted to RuntimeModelCreationContext)
    method SchemaDropperImpl.doDrop(Metadata,boolean,GenerationTarget...) is not applicable
      (argument mismatch; ExecutionOptions cannot be converted to boolean)
    method SchemaDropperImpl.doDrop(Metadata,ServiceRegistry,Map,boolean,GenerationTarget...) is not applicable
      (argument mismatch; ExecutionOptions cannot be converted to ServiceRegistry)
/home/aboriero/hibernate/wip60/hibernate-orm/hibernate-core/src/main/java/org/hibernate/tool/schema/internal/SchemaDropperImpl.java:430: error: cannot find symbol
		final ServiceRegistry serviceRegistry = ( (MetadataImplementor) metadata ).getMetadataBuildingOptions().getServiceRegistry();
		                                           ^
  symbol:   class MetadataImplementor
  location: class SchemaDropperImpl
/home/aboriero/hibernate/wip60/hibernate-orm/hibernate-core/src/main/java/org/hibernate/tool/schema/internal/SchemaDropperImpl.java:459: error: no suitable method found for doDrop(Metadata,<anonymous ExecutionOptions>,Dialect,<anonymous SourceDescriptor>,GenerationTarget[])
		doDrop(
		^
    method SchemaDropperImpl.doDrop(RuntimeModelCreationContext,ExecutionOptions,Dialect,SourceDescriptor,GenerationTarget...) is not applicable
      (argument mismatch; Metadata cannot be converted to RuntimeModelCreationContext)
    method SchemaDropperImpl.doDrop(Metadata,boolean,GenerationTarget...) is not applicable
      (argument mismatch; <anonymous ExecutionOptions> cannot be converted to boolean)
    method SchemaDropperImpl.doDrop(Metadata,ServiceRegistry,Map,boolean,GenerationTarget...) is not applicable
      (argument mismatch; <anonymous ExecutionOptions> cannot be converted to ServiceRegistry)
/home/aboriero/hibernate/wip60/hibernate-orm/hibernate-core/src/main/java/org/hibernate/tool/schema/spi/SchemaManagementToolCoordinator.java:78: error: incompatible types: Metadata cannot be converted to RuntimeModelCreationContext
							metadata,
							^
/home/aboriero/hibernate/wip60/hibernate-orm/hibernate-core/src/main/java/org/hibernate/tool/schema/spi/SchemaManagementToolCoordinator.java:145: error: incompatible types: Metadata cannot be converted to RuntimeModelCreationContext
						metadata,
						^
/home/aboriero/hibernate/wip60/hibernate-orm/hibernate-core/src/main/java/org/hibernate/tool/schema/spi/SchemaManagementToolCoordinator.java:170: error: incompatible types: Metadata cannot be converted to RuntimeModelCreationContext
						metadata,
						^
/home/aboriero/hibernate/wip60/hibernate-orm/hibernate-core/src/main/java/org/hibernate/tool/schema/spi/SchemaManagementToolCoordinator.java:278: error: incompatible types: Metadata cannot be converted to RuntimeModelCreationContext
						metadata,
						^
/home/aboriero/hibernate/wip60/hibernate-orm/hibernate-core/src/main/java/org/hibernate/tool/schema/spi/SchemaManagementToolCoordinator.java:303: error: incompatible types: Metadata cannot be converted to RuntimeModelCreationContext
						metadata,
						^
/home/aboriero/hibernate/wip60/hibernate-orm/hibernate-core/src/main/java/org/hibernate/tuple/component/ComponentMetamodel.java:66: error: incompatible types: MetadataBuildingOptions cannot be converted to BootstrapContextImpl
		final ComponentTuplizerFactory componentTuplizerFactory = new ComponentTuplizerFactory( metadataBuildingOptions );
		                                                                                        ^
/home/aboriero/hibernate/wip60/hibernate-orm/hibernate-core/src/main/java/org/hibernate/tuple/component/AbstractCompositionAttribute.java:57: error: cannot find symbol
		return (EmbeddedType) super.getType();
		        ^
  symbol:   class EmbeddedType
  location: class AbstractCompositionAttribute
/home/aboriero/hibernate/wip60/hibernate-orm/hibernate-core/src/main/java/org/hibernate/tuple/component/AbstractCompositionAttribute.java:60: error: method does not override or implement a method from a supertype
	@Override
	^
/home/aboriero/hibernate/wip60/hibernate-orm/hibernate-core/src/main/java/org/hibernate/tuple/component/AbstractCompositionAttribute.java:62: error: cannot find symbol
		return new Iterable<AttributeDefinition>() {
		                    ^
  symbol:   class AttributeDefinition
  location: class AbstractCompositionAttribute
/home/aboriero/hibernate/wip60/hibernate-orm/hibernate-core/src/main/java/org/hibernate/tuple/component/AbstractCompositionAttribute.java:64: error: cannot find symbol
			public Iterator<AttributeDefinition> iterator() {
			                ^
  symbol: class AttributeDefinition
/home/aboriero/hibernate/wip60/hibernate-orm/hibernate-core/src/main/java/org/hibernate/tuple/component/AbstractCompositionAttribute.java:65: error: cannot find symbol
				return new Iterator<AttributeDefinition>() {
				                    ^
  symbol: class AttributeDefinition
/home/aboriero/hibernate/wip60/hibernate-orm/hibernate-core/src/main/java/org/hibernate/tuple/component/AbstractCompositionAttribute.java:76: error: cannot find symbol
					public AttributeDefinition next() {
					       ^
  symbol: class AttributeDefinition
/home/aboriero/hibernate/wip60/hibernate-orm/hibernate-core/src/main/java/org/hibernate/tuple/component/AbstractCompositionAttribute.java:84: error: cannot find symbol
						currentColumnPosition += type.getColumnSpan();
						                             ^
  symbol:   method getColumnSpan()
  location: variable type of type Type
/home/aboriero/hibernate/wip60/hibernate-orm/hibernate-core/src/main/java/org/hibernate/tuple/component/AbstractCompositionAttribute.java:86: error: cannot find symbol
						if ( type.isAssociationType() ) {
						         ^
  symbol:   method isAssociationType()
  location: variable type of type Type
/home/aboriero/hibernate/wip60/hibernate-orm/hibernate-core/src/main/java/org/hibernate/tuple/component/AbstractCompositionAttribute.java:88: error: cannot find symbol
							final AssociationKey associationKey;
							      ^
  symbol: class AssociationKey
/home/aboriero/hibernate/wip60/hibernate-orm/hibernate-core/src/main/java/org/hibernate/tuple/component/AbstractCompositionAttribute.java:89: error: cannot find symbol
							final AssociationType aType = (AssociationType) type;
							      ^
  symbol: class AssociationType
/home/aboriero/hibernate/wip60/hibernate-orm/hibernate-core/src/main/java/org/hibernate/tuple/component/AbstractCompositionAttribute.java:89: error: cannot find symbol
							final AssociationType aType = (AssociationType) type;
							                               ^
  symbol: class AssociationType
/home/aboriero/hibernate/wip60/hibernate-orm/hibernate-core/src/main/java/org/hibernate/tuple/component/AbstractCompositionAttribute.java:90: error: cannot find symbol
							final Joinable joinable = aType.getAssociatedJoinable( sessionFactory() );
							      ^
  symbol: class Joinable
/home/aboriero/hibernate/wip60/hibernate-orm/hibernate-core/src/main/java/org/hibernate/tuple/component/AbstractCompositionAttribute.java:93: error: cannot find symbol
								associationKey = new AssociationKey(
								                     ^
  symbol: class AssociationKey
/home/aboriero/hibernate/wip60/hibernate-orm/hibernate-core/src/main/java/org/hibernate/tuple/component/AbstractCompositionAttribute.java:97: error: cannot find symbol
												(OuterJoinLoadable) locateOwningPersister()
												 ^
  symbol: class OuterJoinLoadable
/home/aboriero/hibernate/wip60/hibernate-orm/hibernate-core/src/main/java/org/hibernate/tuple/component/AbstractCompositionAttribute.java:103: error: cannot find symbol
												(OuterJoinLoadable) locateOwningPersister(),
												 ^
  symbol: class OuterJoinLoadable
/home/aboriero/hibernate/wip60/hibernate-orm/hibernate-core/src/main/java/org/hibernate/tuple/component/AbstractCompositionAttribute.java:113: error: cannot find symbol
									final QueryableCollection collectionPersister = (QueryableCollection) joinable;
									      ^
  symbol: class QueryableCollection
/home/aboriero/hibernate/wip60/hibernate-orm/hibernate-core/src/main/java/org/hibernate/tuple/component/AbstractCompositionAttribute.java:113: error: cannot find symbol
									final QueryableCollection collectionPersister = (QueryableCollection) joinable;
									                                                 ^
  symbol: class QueryableCollection
/home/aboriero/hibernate/wip60/hibernate-orm/hibernate-core/src/main/java/org/hibernate/tuple/component/AbstractCompositionAttribute.java:118: error: cannot find symbol
									final OuterJoinLoadable entityPersister = (OuterJoinLoadable) locateOwningPersister();
									      ^
  symbol: class OuterJoinLoadable
/home/aboriero/hibernate/wip60/hibernate-orm/hibernate-core/src/main/java/org/hibernate/tuple/component/AbstractCompositionAttribute.java:118: error: cannot find symbol
									final OuterJoinLoadable entityPersister = (OuterJoinLoadable) locateOwningPersister();
									                                           ^
  symbol: class OuterJoinLoadable
/home/aboriero/hibernate/wip60/hibernate-orm/hibernate-core/src/main/java/org/hibernate/tuple/component/AbstractCompositionAttribute.java:128: error: cannot find symbol
								associationKey = new AssociationKey( lhsTableName, lhsColumnNames );
								                     ^
  symbol: class AssociationKey
/home/aboriero/hibernate/wip60/hibernate-orm/hibernate-core/src/main/java/org/hibernate/tuple/component/AbstractCompositionAttribute.java:131: error: cannot find symbol
								associationKey = new AssociationKey(
								                     ^
  symbol: class AssociationKey
/home/aboriero/hibernate/wip60/hibernate-orm/hibernate-core/src/main/java/org/hibernate/tuple/component/AbstractCompositionAttribute.java:137: error: cannot find symbol
							final EmbeddedType cType = getType();
							      ^
  symbol: class EmbeddedType
/home/aboriero/hibernate/wip60/hibernate-orm/hibernate-core/src/main/java/org/hibernate/tuple/component/AbstractCompositionAttribute.java:147: error: cannot find symbol
									(AssociationType) type,
									 ^
  symbol: class AssociationType
/home/aboriero/hibernate/wip60/hibernate-orm/hibernate-core/src/main/java/org/hibernate/tuple/component/AbstractCompositionAttribute.java:163: error: cannot find symbol
						else if ( type.isComponentType() ) {
						              ^
  symbol:   method isComponentType()
  location: variable type of type Type
/home/aboriero/hibernate/wip60/hibernate-orm/hibernate-core/src/main/java/org/hibernate/tuple/component/AbstractCompositionAttribute.java:169: error: cannot find symbol
									(EmbeddedType) type,
									 ^
  symbol: class EmbeddedType
/home/aboriero/hibernate/wip60/hibernate-orm/hibernate-core/src/main/java/org/hibernate/tuple/component/AbstractCompositionAttribute.java:185: error: cannot find symbol
							final EmbeddedType cType = getType();
							      ^
  symbol: class EmbeddedType
/home/aboriero/hibernate/wip60/hibernate-orm/hibernate-core/src/main/java/org/hibernate/tuple/component/CompositionBasedCompositionAttribute.java:42: error: cannot find symbol
		if ( EntityDefinition.class.isInstance( source.getSource() ) ) {
		     ^
  symbol:   class EntityDefinition
  location: class CompositionBasedCompositionAttribute
/home/aboriero/hibernate/wip60/hibernate-orm/hibernate-core/src/main/java/org/hibernate/tuple/component/CompositionBasedCompositionAttribute.java:43: error: cannot find symbol
			return EntityDefinition.class.cast( source.getSource() ).getEntityPersister();
			       ^
  symbol:   class EntityDefinition
  location: class CompositionBasedCompositionAttribute
/home/aboriero/hibernate/wip60/hibernate-orm/hibernate-core/src/main/java/org/hibernate/tuple/component/CompositeBasedAssociationAttribute.java:50: error: cannot find symbol
		return (AssociationType) super.getType();
		        ^
  symbol:   class AssociationType
  location: class CompositeBasedAssociationAttribute
/home/aboriero/hibernate/wip60/hibernate-orm/hibernate-core/src/main/java/org/hibernate/tuple/component/CompositeBasedAssociationAttribute.java:65: error: method does not override or implement a method from a supertype
	@Override
	^
/home/aboriero/hibernate/wip60/hibernate-orm/hibernate-core/src/main/java/org/hibernate/tuple/component/CompositeBasedAssociationAttribute.java:70: error: method does not override or implement a method from a supertype
	@Override
	^
/home/aboriero/hibernate/wip60/hibernate-orm/hibernate-core/src/main/java/org/hibernate/tuple/component/CompositeBasedAssociationAttribute.java:73: error: cannot find symbol
			return AssociationNature.ANY;
			       ^
  symbol:   variable AssociationNature
  location: class CompositeBasedAssociationAttribute
/home/aboriero/hibernate/wip60/hibernate-orm/hibernate-core/src/main/java/org/hibernate/tuple/component/CompositeBasedAssociationAttribute.java:77: error: cannot find symbol
				return AssociationNature.COLLECTION;
				       ^
  symbol:   variable AssociationNature
  location: class CompositeBasedAssociationAttribute
/home/aboriero/hibernate/wip60/hibernate-orm/hibernate-core/src/main/java/org/hibernate/tuple/component/CompositeBasedAssociationAttribute.java:80: error: cannot find symbol
				return AssociationNature.ENTITY;
				       ^
  symbol:   variable AssociationNature
  location: class CompositeBasedAssociationAttribute
/home/aboriero/hibernate/wip60/hibernate-orm/hibernate-core/src/main/java/org/hibernate/tuple/component/CompositeBasedAssociationAttribute.java:86: error: cannot find symbol
		return getAssociationNature() == AssociationNature.ANY;
		                                 ^
  symbol:   variable AssociationNature
  location: class CompositeBasedAssociationAttribute
/home/aboriero/hibernate/wip60/hibernate-orm/hibernate-core/src/main/java/org/hibernate/tuple/component/CompositeBasedAssociationAttribute.java:90: error: cannot find symbol
		return getAssociationNature() == AssociationNature.ENTITY;
		                                 ^
  symbol:   variable AssociationNature
  location: class CompositeBasedAssociationAttribute
/home/aboriero/hibernate/wip60/hibernate-orm/hibernate-core/src/main/java/org/hibernate/tuple/component/CompositeBasedAssociationAttribute.java:94: error: cannot find symbol
		return getAssociationNature() == AssociationNature.COLLECTION;
		                                 ^
  symbol:   variable AssociationNature
  location: class CompositeBasedAssociationAttribute
/home/aboriero/hibernate/wip60/hibernate-orm/hibernate-core/src/main/java/org/hibernate/tuple/component/CompositeBasedAssociationAttribute.java:97: error: method does not override or implement a method from a supertype
	@Override
	^
/home/aboriero/hibernate/wip60/hibernate-orm/hibernate-core/src/main/java/org/hibernate/tuple/component/CompositeBasedAssociationAttribute.java:100: error: cannot find symbol
			throw new WalkingException( "Cannot build AnyMappingDefinition from non-any-typed attribute" );
			          ^
  symbol:   class WalkingException
  location: class CompositeBasedAssociationAttribute
/home/aboriero/hibernate/wip60/hibernate-orm/hibernate-core/src/main/java/org/hibernate/tuple/component/CompositeBasedAssociationAttribute.java:103: error: cannot find symbol
		return new StandardAnyTypeDefinition( (AnyType) getType(), false );
		           ^
  symbol:   class StandardAnyTypeDefinition
  location: class CompositeBasedAssociationAttribute
/home/aboriero/hibernate/wip60/hibernate-orm/hibernate-core/src/main/java/org/hibernate/tuple/component/CompositeBasedAssociationAttribute.java:103: error: cannot find symbol
		return new StandardAnyTypeDefinition( (AnyType) getType(), false );
		                                       ^
  symbol:   class AnyType
  location: class CompositeBasedAssociationAttribute
/home/aboriero/hibernate/wip60/hibernate-orm/hibernate-core/src/main/java/org/hibernate/tuple/component/CompositeBasedAssociationAttribute.java:106: error: method does not override or implement a method from a supertype
	@Override
	^
/home/aboriero/hibernate/wip60/hibernate-orm/hibernate-core/src/main/java/org/hibernate/tuple/component/CompositeBasedAssociationAttribute.java:117: error: method does not override or implement a method from a supertype
	@Override
	^
/home/aboriero/hibernate/wip60/hibernate-orm/hibernate-core/src/main/java/org/hibernate/tuple/component/CompositeBasedAssociationAttribute.java:128: error: method does not override or implement a method from a supertype
	@Override
	^
/home/aboriero/hibernate/wip60/hibernate-orm/hibernate-core/src/main/java/org/hibernate/tuple/component/CompositeBasedAssociationAttribute.java:132: error: cannot find symbol
		FetchStyle style = FetchStrategyHelper.determineFetchStyleByProfile(
		                   ^
  symbol:   variable FetchStrategyHelper
  location: class CompositeBasedAssociationAttribute
/home/aboriero/hibernate/wip60/hibernate-orm/hibernate-core/src/main/java/org/hibernate/tuple/component/CompositeBasedAssociationAttribute.java:146: error: cannot find symbol
		return FetchStrategyHelper.determineFetchStyleByMetadata( fetchMode, type, sessionFactory() );
		       ^
  symbol:   variable FetchStrategyHelper
  location: class CompositeBasedAssociationAttribute
/home/aboriero/hibernate/wip60/hibernate-orm/hibernate-core/src/main/java/org/hibernate/tuple/component/CompositeBasedAssociationAttribute.java:150: error: cannot find symbol
		return FetchStrategyHelper.determineFetchTiming( style, getType(), sessionFactory() );
		       ^
  symbol:   variable FetchStrategyHelper
  location: class CompositeBasedAssociationAttribute
/home/aboriero/hibernate/wip60/hibernate-orm/hibernate-core/src/main/java/org/hibernate/tuple/component/CompositeBasedAssociationAttribute.java:153: error: method does not override or implement a method from a supertype
	@Override
	^
/home/aboriero/hibernate/wip60/hibernate-orm/hibernate-core/src/main/java/org/hibernate/tuple/component/CompositeBasedAssociationAttribute.java:160: error: method does not override or implement a method from a supertype
	@Override
	^
/home/aboriero/hibernate/wip60/hibernate-orm/hibernate-core/src/main/java/org/hibernate/tuple/entity/AbstractEntityTuplizer.java:173: error: cannot find symbol
			identifierMapperType = (EmbeddedType) mapper.getType();
			                        ^
  symbol:   class EmbeddedType
  location: class AbstractEntityTuplizer
/home/aboriero/hibernate/wip60/hibernate-orm/hibernate-core/src/main/java/org/hibernate/tuple/entity/AbstractEntityTuplizer.java:173: error: cannot find symbol
			identifierMapperType = (EmbeddedType) mapper.getType();
			                                            ^
  symbol:   method getType()
  location: variable mapper of type Component
/home/aboriero/hibernate/wip60/hibernate-orm/hibernate-core/src/main/java/org/hibernate/tuple/entity/AbstractEntityTuplizer.java:175: error: cannot find symbol
					(ComponentType) entityMetamodel.getIdentifierProperty().getType(),
					 ^
  symbol:   class ComponentType
  location: class AbstractEntityTuplizer
/home/aboriero/hibernate/wip60/hibernate-orm/hibernate-core/src/main/java/org/hibernate/tuple/entity/AbstractEntityTuplizer.java:176: error: cannot find symbol
					(ComponentType) identifierMapperType
					 ^
  symbol:   class ComponentType
  location: class AbstractEntityTuplizer
/home/aboriero/hibernate/wip60/hibernate-orm/hibernate-core/src/main/java/org/hibernate/tuple/entity/AbstractEntityTuplizer.java:254: error: cannot find symbol
				EmbeddedType copier = (EmbeddedType) entityMetamodel.getIdentifierProperty().getType();
				^
  symbol:   class EmbeddedType
  location: class AbstractEntityTuplizer
/home/aboriero/hibernate/wip60/hibernate-orm/hibernate-core/src/main/java/org/hibernate/tuple/entity/AbstractEntityTuplizer.java:254: error: cannot find symbol
				EmbeddedType copier = (EmbeddedType) entityMetamodel.getIdentifierProperty().getType();
				                       ^
  symbol:   class EmbeddedType
  location: class AbstractEntityTuplizer
/home/aboriero/hibernate/wip60/hibernate-orm/hibernate-core/src/main/java/org/hibernate/tuple/entity/AbstractEntityTuplizer.java:361: error: cannot find symbol
				if ( subTypes[i].isAssociationType() && !copierSubTypes[i].isAssociationType() ) {
				                ^
  symbol:   method isAssociationType()
  location: interface Type
/home/aboriero/hibernate/wip60/hibernate-orm/hibernate-core/src/main/java/org/hibernate/tuple/entity/AbstractEntityTuplizer.java:361: error: cannot find symbol
				if ( subTypes[i].isAssociationType() && !copierSubTypes[i].isAssociationType() ) {
				                                                          ^
  symbol:   method isAssociationType()
  location: interface Type
/home/aboriero/hibernate/wip60/hibernate-orm/hibernate-core/src/main/java/org/hibernate/tuple/entity/AbstractEntityTuplizer.java:411: error: cannot find symbol
				if ( virtualPropertyType.isEntityType() && !idClassPropertyType.isEntityType() ) {
				                        ^
  symbol:   method isEntityType()
  location: variable virtualPropertyType of type Type
/home/aboriero/hibernate/wip60/hibernate-orm/hibernate-core/src/main/java/org/hibernate/tuple/entity/AbstractEntityTuplizer.java:411: error: cannot find symbol
				if ( virtualPropertyType.isEntityType() && !idClassPropertyType.isEntityType() ) {
				                                                               ^
  symbol:   method isEntityType()
  location: variable idClassPropertyType of type Type
/home/aboriero/hibernate/wip60/hibernate-orm/hibernate-core/src/main/java/org/hibernate/tuple/entity/AbstractEntityTuplizer.java:417: error: cannot find symbol
					final String associatedEntityName = ( (EntityType) virtualPropertyType ).getAssociatedEntityName();
					                                       ^
  symbol:   class EntityType
  location: class IncrediblySillyJpaMapsIdMappedIdentifierValueMarshaller
/home/aboriero/hibernate/wip60/hibernate-orm/hibernate-core/src/main/java/org/hibernate/tuple/entity/AbstractEntityTuplizer.java:540: error: cannot find symbol
			propertyPath = PropertyPath.IDENTIFIER_MAPPER_PROPERTY + "." + propertyPath;
			               ^
  symbol:   variable PropertyPath
  location: class AbstractEntityTuplizer
/home/aboriero/hibernate/wip60/hibernate-orm/hibernate-core/src/main/java/org/hibernate/tuple/entity/AbstractEntityTuplizer.java:553: error: cannot find symbol
					(ComponentType) entityMetamodel.getPropertyTypes()[index],
					 ^
  symbol:   class ComponentType
  location: class AbstractEntityTuplizer
/home/aboriero/hibernate/wip60/hibernate-orm/hibernate-core/src/main/java/org/hibernate/tuple/entity/AbstractEntityTuplizer.java:584: error: cannot find symbol
					(ComponentType) type.getSubtypes()[index],
					 ^
  symbol:   class ComponentType
  location: class AbstractEntityTuplizer
/home/aboriero/hibernate/wip60/hibernate-orm/hibernate-core/src/main/java/org/hibernate/tuple/entity/BytecodeEnhancementMetadataPojoImpl.java:24: error: cannot find symbol
		final Class mappedClass = entityMapping.getMappedClass();
		                                       ^
  symbol:   method getMappedClass()
  location: variable entityMapping of type EntityMapping
/home/aboriero/hibernate/wip60/hibernate-orm/hibernate-core/src/main/java/org/hibernate/tuple/entity/PojoEntityTuplizer.java:169: error: cannot find symbol
							(EmbeddedType) persistentClass.getIdentifier().getType() :
							 ^
  symbol:   class EmbeddedType
  location: class PojoEntityTuplizer
/home/aboriero/hibernate/wip60/hibernate-orm/hibernate-core/src/main/java/org/hibernate/tuple/entity/PojoEntityTuplizer.java:169: error: cannot find symbol
							(EmbeddedType) persistentClass.getIdentifier().getType() :
							                                              ^
  symbol:   method getType()
  location: interface KeyValue
/home/aboriero/hibernate/wip60/hibernate-orm/hibernate-core/src/main/java/org/hibernate/tuple/entity/EntityBasedAssociationAttribute.java:58: error: cannot find symbol
		return (AssociationType) super.getType();
		        ^
  symbol:   class AssociationType
  location: class EntityBasedAssociationAttribute
/home/aboriero/hibernate/wip60/hibernate-orm/hibernate-core/src/main/java/org/hibernate/tuple/entity/EntityBasedAssociationAttribute.java:60: error: method does not override or implement a method from a supertype
	@Override
	^
/home/aboriero/hibernate/wip60/hibernate-orm/hibernate-core/src/main/java/org/hibernate/tuple/entity/EntityBasedAssociationAttribute.java:62: error: cannot find symbol
		final AssociationType type = getType();
		      ^
  symbol:   class AssociationType
  location: class EntityBasedAssociationAttribute
/home/aboriero/hibernate/wip60/hibernate-orm/hibernate-core/src/main/java/org/hibernate/tuple/entity/EntityBasedAssociationAttribute.java:65: error: cannot find symbol
			return new AssociationKey(
			           ^
  symbol:   class AssociationKey
  location: class EntityBasedAssociationAttribute
/home/aboriero/hibernate/wip60/hibernate-orm/hibernate-core/src/main/java/org/hibernate/tuple/entity/EntityBasedAssociationAttribute.java:66: error: cannot find symbol
					JoinHelper.getLHSTableName( type, attributeNumber(), (OuterJoinLoadable) getSource() ),
					                                                      ^
  symbol:   class OuterJoinLoadable
  location: class EntityBasedAssociationAttribute
/home/aboriero/hibernate/wip60/hibernate-orm/hibernate-core/src/main/java/org/hibernate/tuple/entity/EntityBasedAssociationAttribute.java:71: error: cannot find symbol
							(OuterJoinLoadable) getSource(),
							 ^
  symbol:   class OuterJoinLoadable
  location: class EntityBasedAssociationAttribute
/home/aboriero/hibernate/wip60/hibernate-orm/hibernate-core/src/main/java/org/hibernate/tuple/entity/EntityBasedAssociationAttribute.java:77: error: cannot find symbol
		final Joinable joinable = type.getAssociatedJoinable( sessionFactory() );
		      ^
  symbol:   class Joinable
  location: class EntityBasedAssociationAttribute
/home/aboriero/hibernate/wip60/hibernate-orm/hibernate-core/src/main/java/org/hibernate/tuple/entity/EntityBasedAssociationAttribute.java:84: error: cannot find symbol
				final QueryableCollection collectionPersister = (QueryableCollection) joinable;
				      ^
  symbol:   class QueryableCollection
  location: class EntityBasedAssociationAttribute
/home/aboriero/hibernate/wip60/hibernate-orm/hibernate-core/src/main/java/org/hibernate/tuple/entity/EntityBasedAssociationAttribute.java:84: error: cannot find symbol
				final QueryableCollection collectionPersister = (QueryableCollection) joinable;
				                                                 ^
  symbol:   class QueryableCollection
  location: class EntityBasedAssociationAttribute
/home/aboriero/hibernate/wip60/hibernate-orm/hibernate-core/src/main/java/org/hibernate/tuple/entity/EntityBasedAssociationAttribute.java:89: error: cannot find symbol
				final OuterJoinLoadable entityPersister = (OuterJoinLoadable) source();
				      ^
  symbol:   class OuterJoinLoadable
  location: class EntityBasedAssociationAttribute
/home/aboriero/hibernate/wip60/hibernate-orm/hibernate-core/src/main/java/org/hibernate/tuple/entity/EntityBasedAssociationAttribute.java:89: error: cannot find symbol
				final OuterJoinLoadable entityPersister = (OuterJoinLoadable) source();
				                                           ^
  symbol:   class OuterJoinLoadable
  location: class EntityBasedAssociationAttribute
/home/aboriero/hibernate/wip60/hibernate-orm/hibernate-core/src/main/java/org/hibernate/tuple/entity/EntityBasedAssociationAttribute.java:93: error: cannot find symbol
			return new AssociationKey( lhsTableName, lhsColumnNames );
			           ^
  symbol:   class AssociationKey
  location: class EntityBasedAssociationAttribute
/home/aboriero/hibernate/wip60/hibernate-orm/hibernate-core/src/main/java/org/hibernate/tuple/entity/EntityBasedAssociationAttribute.java:96: error: cannot find symbol
			return new AssociationKey( joinable.getTableName(), getRHSColumnNames( type, sessionFactory() ) );
			           ^
  symbol:   class AssociationKey
  location: class EntityBasedAssociationAttribute
/home/aboriero/hibernate/wip60/hibernate-orm/hibernate-core/src/main/java/org/hibernate/tuple/entity/EntityBasedAssociationAttribute.java:100: error: method does not override or implement a method from a supertype
	@Override
	^
/home/aboriero/hibernate/wip60/hibernate-orm/hibernate-core/src/main/java/org/hibernate/tuple/entity/EntityBasedAssociationAttribute.java:103: error: cannot find symbol
			return AssociationNature.ANY;
			       ^
  symbol:   variable AssociationNature
  location: class EntityBasedAssociationAttribute
/home/aboriero/hibernate/wip60/hibernate-orm/hibernate-core/src/main/java/org/hibernate/tuple/entity/EntityBasedAssociationAttribute.java:107: error: cannot find symbol
				return AssociationNature.COLLECTION;
				       ^
  symbol:   variable AssociationNature
  location: class EntityBasedAssociationAttribute
/home/aboriero/hibernate/wip60/hibernate-orm/hibernate-core/src/main/java/org/hibernate/tuple/entity/EntityBasedAssociationAttribute.java:110: error: cannot find symbol
				return AssociationNature.ENTITY;
				       ^
  symbol:   variable AssociationNature
  location: class EntityBasedAssociationAttribute
/home/aboriero/hibernate/wip60/hibernate-orm/hibernate-core/src/main/java/org/hibernate/tuple/entity/EntityBasedAssociationAttribute.java:115: error: method does not override or implement a method from a supertype
	@Override
	^
/home/aboriero/hibernate/wip60/hibernate-orm/hibernate-core/src/main/java/org/hibernate/tuple/entity/EntityBasedAssociationAttribute.java:117: error: cannot find symbol
		return new StandardAnyTypeDefinition(
		           ^
  symbol:   class StandardAnyTypeDefinition
  location: class EntityBasedAssociationAttribute
/home/aboriero/hibernate/wip60/hibernate-orm/hibernate-core/src/main/java/org/hibernate/tuple/entity/EntityBasedAssociationAttribute.java:118: error: cannot find symbol
				(AnyType) getType(),
				 ^
  symbol:   class AnyType
  location: class EntityBasedAssociationAttribute
/home/aboriero/hibernate/wip60/hibernate-orm/hibernate-core/src/main/java/org/hibernate/tuple/entity/EntityBasedAssociationAttribute.java:126: error: cannot find symbol
		if ( getAssociationNature() == AssociationNature.ANY ) {
		                               ^
  symbol:   variable AssociationNature
  location: class EntityBasedAssociationAttribute
/home/aboriero/hibernate/wip60/hibernate-orm/hibernate-core/src/main/java/org/hibernate/tuple/entity/EntityBasedAssociationAttribute.java:127: error: cannot find symbol
			throw new WalkingException( "Cannot resolve AnyType to a Joinable" );
			          ^
  symbol:   class WalkingException
  location: class EntityBasedAssociationAttribute
/home/aboriero/hibernate/wip60/hibernate-orm/hibernate-core/src/main/java/org/hibernate/tuple/entity/EntityBasedAssociationAttribute.java:136: error: method does not override or implement a method from a supertype
	@Override
	^
/home/aboriero/hibernate/wip60/hibernate-orm/hibernate-core/src/main/java/org/hibernate/tuple/entity/EntityBasedAssociationAttribute.java:138: error: cannot find symbol
		if ( getAssociationNature() == AssociationNature.ANY ) {
		                               ^
  symbol:   variable AssociationNature
  location: class EntityBasedAssociationAttribute
/home/aboriero/hibernate/wip60/hibernate-orm/hibernate-core/src/main/java/org/hibernate/tuple/entity/EntityBasedAssociationAttribute.java:139: error: cannot find symbol
			throw new WalkingException( "Cannot treat any-type attribute as an entity type" );
			          ^
  symbol:   class WalkingException
  location: class EntityBasedAssociationAttribute
/home/aboriero/hibernate/wip60/hibernate-orm/hibernate-core/src/main/java/org/hibernate/tuple/entity/EntityBasedAssociationAttribute.java:141: error: cannot find symbol
		if ( getAssociationNature() == AssociationNature.COLLECTION ) {
		                               ^
  symbol:   variable AssociationNature
  location: class EntityBasedAssociationAttribute
/home/aboriero/hibernate/wip60/hibernate-orm/hibernate-core/src/main/java/org/hibernate/tuple/entity/EntityBasedAssociationAttribute.java:147: error: method does not override or implement a method from a supertype
	@Override
	^
/home/aboriero/hibernate/wip60/hibernate-orm/hibernate-core/src/main/java/org/hibernate/tuple/entity/EntityBasedAssociationAttribute.java:149: error: cannot find symbol
		if ( getAssociationNature() == AssociationNature.ANY ) {
		                               ^
  symbol:   variable AssociationNature
  location: class EntityBasedAssociationAttribute
/home/aboriero/hibernate/wip60/hibernate-orm/hibernate-core/src/main/java/org/hibernate/tuple/entity/EntityBasedAssociationAttribute.java:150: error: cannot find symbol
			throw new WalkingException( "Cannot treat any-type attribute as a collection type" );
			          ^
  symbol:   class WalkingException
  location: class EntityBasedAssociationAttribute
/home/aboriero/hibernate/wip60/hibernate-orm/hibernate-core/src/main/java/org/hibernate/tuple/entity/EntityBasedAssociationAttribute.java:152: error: cannot find symbol
		if ( getAssociationNature() == AssociationNature.ENTITY ) {
		                               ^
  symbol:   variable AssociationNature
  location: class EntityBasedAssociationAttribute
/home/aboriero/hibernate/wip60/hibernate-orm/hibernate-core/src/main/java/org/hibernate/tuple/entity/EntityBasedAssociationAttribute.java:155: error: cannot find symbol
		return (QueryableCollection) getJoinable();
		        ^
  symbol:   class QueryableCollection
  location: class EntityBasedAssociationAttribute
/home/aboriero/hibernate/wip60/hibernate-orm/hibernate-core/src/main/java/org/hibernate/tuple/entity/EntityBasedAssociationAttribute.java:158: error: method does not override or implement a method from a supertype
	@Override
	^
/home/aboriero/hibernate/wip60/hibernate-orm/hibernate-core/src/main/java/org/hibernate/tuple/entity/EntityBasedAssociationAttribute.java:162: error: cannot find symbol
		FetchStyle style = FetchStrategyHelper.determineFetchStyleByProfile(
		                   ^
  symbol:   variable FetchStrategyHelper
  location: class EntityBasedAssociationAttribute
/home/aboriero/hibernate/wip60/hibernate-orm/hibernate-core/src/main/java/org/hibernate/tuple/entity/EntityBasedAssociationAttribute.java:169: error: cannot find symbol
			style = FetchStrategyHelper.determineFetchStyleByMetadata(
			        ^
  symbol:   variable FetchStrategyHelper
  location: class EntityBasedAssociationAttribute
/home/aboriero/hibernate/wip60/hibernate-orm/hibernate-core/src/main/java/org/hibernate/tuple/entity/EntityBasedAssociationAttribute.java:170: error: cannot find symbol
					( (OuterJoinLoadable) getSource().getEntityDescriptor() ).getFetchMode( attributeNumber() ),
					   ^
  symbol:   class OuterJoinLoadable
  location: class EntityBasedAssociationAttribute
/home/aboriero/hibernate/wip60/hibernate-orm/hibernate-core/src/main/java/org/hibernate/tuple/entity/EntityBasedAssociationAttribute.java:177: error: cannot find symbol
				FetchStrategyHelper.determineFetchTiming( style, getType(), sessionFactory() ),
				^
  symbol:   variable FetchStrategyHelper
  location: class EntityBasedAssociationAttribute
/home/aboriero/hibernate/wip60/hibernate-orm/hibernate-core/src/main/java/org/hibernate/tuple/entity/EntityBasedAssociationAttribute.java:182: error: method does not override or implement a method from a supertype
	@Override
	^
/home/aboriero/hibernate/wip60/hibernate-orm/hibernate-core/src/main/java/org/hibernate/tuple/entity/EntityBasedAssociationAttribute.java:189: error: method does not override or implement a method from a supertype
	@Override
	^
/home/aboriero/hibernate/wip60/hibernate-orm/hibernate-core/src/main/java/org/hibernate/tuple/PropertyFactory.java:60: error: cannot find symbol
		Type type = mappedEntity.getIdentifier().getType();
		                                        ^
  symbol:   method getType()
  location: interface KeyValue
/home/aboriero/hibernate/wip60/hibernate-orm/hibernate-core/src/main/java/org/hibernate/tuple/PropertyFactory.java:110: error: cannot find symbol
				((Optional<VersionSupport>) ( (BasicType) property.getType() ).getVersionSupport()).get(),
				                                                  ^
  symbol:   method getType()
  location: variable property of type Property
/home/aboriero/hibernate/wip60/hibernate-orm/hibernate-core/src/main/java/org/hibernate/tuple/PropertyFactory.java:121: error: cannot find symbol
				property.getValue().getType(),
				                   ^
  symbol:   method getType()
  location: interface Value
/home/aboriero/hibernate/wip60/hibernate-orm/hibernate-core/src/main/java/org/hibernate/tuple/PropertyFactory.java:130: error: method getCascadeStyle in class Property cannot be applied to given types;
						.setCascadeStyle( property.getCascadeStyle() )
						                          ^
  required: String
  found: no arguments
  reason: actual and formal argument lists differ in length
/home/aboriero/hibernate/wip60/hibernate-orm/hibernate-core/src/main/java/org/hibernate/tuple/PropertyFactory.java:158: error: cannot find symbol
		final Type type = property.getValue().getType();
		                                     ^
  symbol:   method getType()
  location: interface Value
/home/aboriero/hibernate/wip60/hibernate-orm/hibernate-core/src/main/java/org/hibernate/tuple/PropertyFactory.java:169: error: cannot find symbol
		boolean alwaysDirtyCheck = type.isAssociationType() &&
		                               ^
  symbol:   method isAssociationType()
  location: variable type of type Type
/home/aboriero/hibernate/wip60/hibernate-orm/hibernate-core/src/main/java/org/hibernate/tuple/PropertyFactory.java:170: error: cannot find symbol
				( (AssociationType) type ).isAlwaysDirtyChecked();
				   ^
  symbol:   class AssociationType
  location: class PropertyFactory
/home/aboriero/hibernate/wip60/hibernate-orm/hibernate-core/src/main/java/org/hibernate/tuple/PropertyFactory.java:188: error: method getCascadeStyle in class Property cannot be applied to given types;
								.setCascadeStyle( property.getCascadeStyle() )
								                          ^
  required: String
  found: no arguments
  reason: actual and formal argument lists differ in length
/home/aboriero/hibernate/wip60/hibernate-orm/hibernate-core/src/main/java/org/hibernate/tuple/PropertyFactory.java:199: error: cannot find symbol
						(EmbeddedType) type,
						 ^
  symbol:   class EmbeddedType
  location: class PropertyFactory
/home/aboriero/hibernate/wip60/hibernate-orm/hibernate-core/src/main/java/org/hibernate/tuple/PropertyFactory.java:208: error: method getCascadeStyle in class Property cannot be applied to given types;
								.setCascadeStyle( property.getCascadeStyle() )
								                          ^
  required: String
  found: no arguments
  reason: actual and formal argument lists differ in length
/home/aboriero/hibernate/wip60/hibernate-orm/hibernate-core/src/main/java/org/hibernate/tuple/PropertyFactory.java:221: error: cannot find symbol
						(AssociationType) type,
						 ^
  symbol:   class AssociationType
  location: class PropertyFactory
/home/aboriero/hibernate/wip60/hibernate-orm/hibernate-core/src/main/java/org/hibernate/tuple/PropertyFactory.java:230: error: method getCascadeStyle in class Property cannot be applied to given types;
								.setCascadeStyle( property.getCascadeStyle() )
								                          ^
  required: String
  found: no arguments
  reason: actual and formal argument lists differ in length
/home/aboriero/hibernate/wip60/hibernate-orm/hibernate-core/src/main/java/org/hibernate/tuple/PropertyFactory.java:242: error: cannot find symbol
		if ( type.isAssociationType() ) {
		         ^
  symbol:   method isAssociationType()
  location: variable type of type Type
/home/aboriero/hibernate/wip60/hibernate-orm/hibernate-core/src/main/java/org/hibernate/tuple/PropertyFactory.java:243: error: cannot find symbol
			AssociationType associationType = (AssociationType) type;
			^
  symbol:   class AssociationType
  location: class PropertyFactory
/home/aboriero/hibernate/wip60/hibernate-orm/hibernate-core/src/main/java/org/hibernate/tuple/PropertyFactory.java:243: error: cannot find symbol
			AssociationType associationType = (AssociationType) type;
			                                   ^
  symbol:   class AssociationType
  location: class PropertyFactory
/home/aboriero/hibernate/wip60/hibernate-orm/hibernate-core/src/main/java/org/hibernate/tuple/PropertyFactory.java:245: error: cannot find symbol
			if ( type.isComponentType() ) {
			         ^
  symbol:   method isComponentType()
  location: variable type of type Type
/home/aboriero/hibernate/wip60/hibernate-orm/hibernate-core/src/main/java/org/hibernate/tuple/PropertyFactory.java:250: error: cannot find symbol
			return type.isCollectionType()
			           ^
  symbol:   method isCollectionType()
  location: variable type of type Type
/home/aboriero/hibernate/wip60/hibernate-orm/hibernate-core/src/main/java/org/hibernate/tuple/PropertyFactory.java:255: error: cannot find symbol
			if ( type.isComponentType() ) {
			         ^
  symbol:   method isComponentType()
  location: variable type of type Type
/home/aboriero/hibernate/wip60/hibernate-orm/hibernate-core/src/main/java/org/hibernate/tuple/PropertyFactory.java:268: error: cannot find symbol
		final Type type = property.getValue().getType();
		                                     ^
  symbol:   method getType()
  location: interface Value
/home/aboriero/hibernate/wip60/hibernate-orm/hibernate-core/src/main/java/org/hibernate/tuple/PropertyFactory.java:277: error: cannot find symbol
		boolean alwaysDirtyCheck = type.isAssociationType() &&
		                               ^
  symbol:   method isAssociationType()
  location: variable type of type Type
/home/aboriero/hibernate/wip60/hibernate-orm/hibernate-core/src/main/java/org/hibernate/tuple/PropertyFactory.java:278: error: cannot find symbol
				( (AssociationType) type ).isAlwaysDirtyChecked();
				   ^
  symbol:   class AssociationType
  location: class PropertyFactory
/home/aboriero/hibernate/wip60/hibernate-orm/hibernate-core/src/main/java/org/hibernate/tuple/PropertyFactory.java:290: error: method getCascadeStyle in class Property cannot be applied to given types;
				property.getCascadeStyle(),
				        ^
  required: String
  found: no arguments
  reason: actual and formal argument lists differ in length
/home/aboriero/hibernate/wip60/hibernate-orm/hibernate-core/src/main/java/org/hibernate/type/internal/BasicTypeImpl.java:28: error: BasicTypeImpl is not abstract and does not override abstract method getBasicType() in BasicValuedExpressableType
public class BasicTypeImpl<T> implements BasicType<T>, SqlSelectionReader<T> {
       ^
  where T is a type-variable:
    T extends Object declared in class BasicTypeImpl
/home/aboriero/hibernate/wip60/hibernate-orm/hibernate-core/src/main/java/org/hibernate/type/internal/BooleanBasicTypeImpl.java:17: error: BooleanBasicTypeImpl is not abstract and does not override abstract method getBasicType() in BasicValuedExpressableType
public class BooleanBasicTypeImpl<U> extends BasicTypeImpl<Boolean> implements BooleanBasicType<U> {
       ^
/home/aboriero/hibernate/wip60/hibernate-orm/hibernate-core/src/main/java/org/hibernate/envers/boot/internal/TypeContributorImpl.java:27: error: cannot find symbol
		typeContributions.contributeType( RevisionTypeType.INSTANCE, RevisionTypeType.INSTANCE.getRegistryKey() );
		                                                                                      ^
  symbol:   method getRegistryKey()
  location: variable INSTANCE of type RevisionTypeType
/home/aboriero/hibernate/wip60/hibernate-orm/hibernate-core/src/main/java/org/hibernate/envers/configuration/internal/metadata/AuditMetadataGenerator.java:217: error: cannot find symbol
						timestampType.getName(),
						             ^
  symbol:   method getName()
  location: variable timestampType of type Type
/home/aboriero/hibernate/wip60/hibernate-orm/hibernate-core/src/main/java/org/hibernate/envers/configuration/internal/metadata/AuditMetadataGenerator.java:245: error: cannot find symbol
		final Type type = value.getType();
		                       ^
  symbol:   method getType()
  location: variable value of type Value
/home/aboriero/hibernate/wip60/hibernate-orm/hibernate-core/src/main/java/org/hibernate/envers/configuration/internal/metadata/AuditMetadataGenerator.java:258: error: cannot find symbol
		else if ( type instanceof ComponentType ) {
		                          ^
  symbol:   class ComponentType
  location: class AuditMetadataGenerator
/home/aboriero/hibernate/wip60/hibernate-orm/hibernate-core/src/main/java/org/hibernate/envers/configuration/internal/metadata/AuditMetadataGenerator.java:276: error: cannot find symbol
		return type instanceof ComponentType || type instanceof ManyToOneType ||
		                       ^
  symbol:   class ComponentType
  location: class AuditMetadataGenerator
/home/aboriero/hibernate/wip60/hibernate-orm/hibernate-core/src/main/java/org/hibernate/envers/configuration/internal/metadata/AuditMetadataGenerator.java:276: error: cannot find symbol
		return type instanceof ComponentType || type instanceof ManyToOneType ||
		                                                        ^
  symbol:   class ManyToOneType
  location: class AuditMetadataGenerator
/home/aboriero/hibernate/wip60/hibernate-orm/hibernate-core/src/main/java/org/hibernate/envers/configuration/internal/metadata/AuditMetadataGenerator.java:277: error: cannot find symbol
				type instanceof OneToOneType || type instanceof CollectionType;
				                ^
  symbol:   class OneToOneType
  location: class AuditMetadataGenerator
/home/aboriero/hibernate/wip60/hibernate-orm/hibernate-core/src/main/java/org/hibernate/envers/configuration/internal/metadata/AuditMetadataGenerator.java:277: error: cannot find symbol
				type instanceof OneToOneType || type instanceof CollectionType;
				                                                ^
  symbol:   class CollectionType
  location: class AuditMetadataGenerator
/home/aboriero/hibernate/wip60/hibernate-orm/hibernate-core/src/main/java/org/hibernate/envers/configuration/internal/metadata/AuditMetadataGenerator.java:289: error: cannot find symbol
		final Type type = value.getType();
		                       ^
  symbol:   method getType()
  location: variable value of type Value
/home/aboriero/hibernate/wip60/hibernate-orm/hibernate-core/src/main/java/org/hibernate/envers/configuration/internal/metadata/AuditMetadataGenerator.java:291: error: cannot find symbol
		if ( type instanceof ComponentType ) {
		                     ^
  symbol:   class ComponentType
  location: class AuditMetadataGenerator
/home/aboriero/hibernate/wip60/hibernate-orm/hibernate-core/src/main/java/org/hibernate/envers/configuration/internal/metadata/AuditMetadataGenerator.java:304: error: cannot find symbol
		else if ( type instanceof ManyToOneType ) {
		                          ^
  symbol:   class ManyToOneType
  location: class AuditMetadataGenerator
/home/aboriero/hibernate/wip60/hibernate-orm/hibernate-core/src/main/java/org/hibernate/envers/configuration/internal/metadata/AuditMetadataGenerator.java:314: error: cannot find symbol
		else if ( type instanceof OneToOneType ) {
		                          ^
  symbol:   class OneToOneType
  location: class AuditMetadataGenerator
/home/aboriero/hibernate/wip60/hibernate-orm/hibernate-core/src/main/java/org/hibernate/envers/configuration/internal/metadata/AuditMetadataGenerator.java:335: error: cannot find symbol
		else if ( type instanceof CollectionType ) {
		                          ^
  symbol:   class CollectionType
  location: class AuditMetadataGenerator
/home/aboriero/hibernate/wip60/hibernate-orm/hibernate-core/src/main/java/org/hibernate/envers/configuration/internal/metadata/AuditMetadataGenerator.java:568: error: cannot find symbol
			discriminatorElement.addAttribute( "type", pc.getDiscriminator().getType().getName() );
			                                                                ^
  symbol:   method getType()
  location: interface Value
/home/aboriero/hibernate/wip60/hibernate-orm/hibernate-core/src/main/java/org/hibernate/envers/configuration/internal/metadata/AuditMetadataGenerator.java:783: error: cannot find symbol
		final String message = "Type not supported for auditing: " + type.getReturnedClass().getClass().getName() +
		                                                                 ^
  symbol:   method getReturnedClass()
  location: variable type of type Type
/home/aboriero/hibernate/wip60/hibernate-orm/hibernate-core/src/main/java/org/hibernate/envers/configuration/internal/metadata/BasicMetadataGenerator.java:34: error: cannot find symbol
		final Type type = value.getType();
		                       ^
  symbol:   method getType()
  location: variable value of type Value
/home/aboriero/hibernate/wip60/hibernate-orm/hibernate-core/src/main/java/org/hibernate/envers/configuration/internal/metadata/BasicMetadataGenerator.java:37: error: cannot find symbol
				|| type instanceof SerializableToBlobType
				                   ^
  symbol:   class SerializableToBlobType
  location: class BasicMetadataGenerator
/home/aboriero/hibernate/wip60/hibernate-orm/hibernate-core/src/main/java/org/hibernate/envers/configuration/internal/metadata/BasicMetadataGenerator.java:43: error: cannot find symbol
				String typeName = type.getName();
				                      ^
  symbol:   method getName()
  location: variable type of type Type
/home/aboriero/hibernate/wip60/hibernate-orm/hibernate-core/src/main/java/org/hibernate/envers/configuration/internal/metadata/BasicMetadataGenerator.java:93: error: cannot find symbol
		if ( parameters.getProperty( EnumType.ENUM ) != null ) {
		                             ^
  symbol:   variable EnumType
  location: class BasicMetadataGenerator
/home/aboriero/hibernate/wip60/hibernate-orm/hibernate-core/src/main/java/org/hibernate/envers/configuration/internal/metadata/BasicMetadataGenerator.java:96: error: cannot find symbol
					.setText( parameters.getProperty( EnumType.ENUM ) );
					                                  ^
  symbol:   variable EnumType
  location: class BasicMetadataGenerator
/home/aboriero/hibernate/wip60/hibernate-orm/hibernate-core/src/main/java/org/hibernate/envers/configuration/internal/metadata/BasicMetadataGenerator.java:95: error: cannot find symbol
					.addAttribute( "name", EnumType.ENUM )
					                       ^
  symbol:   variable EnumType
  location: class BasicMetadataGenerator
/home/aboriero/hibernate/wip60/hibernate-orm/hibernate-core/src/main/java/org/hibernate/envers/configuration/internal/metadata/BasicMetadataGenerator.java:100: error: cannot find symbol
					type.getReturnedClass()
					    ^
  symbol:   method getReturnedClass()
  location: variable type of type Type
/home/aboriero/hibernate/wip60/hibernate-orm/hibernate-core/src/main/java/org/hibernate/envers/configuration/internal/metadata/BasicMetadataGenerator.java:99: error: cannot find symbol
			parent.addElement( "param" ).addAttribute( "name", EnumType.ENUM ).setText(
			                                                   ^
  symbol:   variable EnumType
  location: class BasicMetadataGenerator
/home/aboriero/hibernate/wip60/hibernate-orm/hibernate-core/src/main/java/org/hibernate/envers/configuration/internal/metadata/BasicMetadataGenerator.java:104: error: cannot find symbol
		if ( parameters.getProperty( EnumType.NAMED ) != null ) {
		                             ^
  symbol:   variable EnumType
  location: class BasicMetadataGenerator
/home/aboriero/hibernate/wip60/hibernate-orm/hibernate-core/src/main/java/org/hibernate/envers/configuration/internal/metadata/BasicMetadataGenerator.java:107: error: cannot find symbol
							EnumType.NAMED
							^
  symbol:   variable EnumType
  location: class BasicMetadataGenerator
/home/aboriero/hibernate/wip60/hibernate-orm/hibernate-core/src/main/java/org/hibernate/envers/configuration/internal/metadata/BasicMetadataGenerator.java:105: error: cannot find symbol
			parent.addElement( "param" ).addAttribute( "name", EnumType.NAMED ).setText(
			                                                   ^
  symbol:   variable EnumType
  location: class BasicMetadataGenerator
/home/aboriero/hibernate/wip60/hibernate-orm/hibernate-core/src/main/java/org/hibernate/envers/configuration/internal/metadata/BasicMetadataGenerator.java:113: error: cannot find symbol
					.setText( "" + !( (EnumType) ( (CustomType) type ).getUserType() ).isOrdinal() );
					                   ^
  symbol:   class EnumType
  location: class BasicMetadataGenerator
/home/aboriero/hibernate/wip60/hibernate-orm/hibernate-core/src/main/java/org/hibernate/envers/configuration/internal/metadata/BasicMetadataGenerator.java:113: error: cannot find symbol
					.setText( "" + !( (EnumType) ( (CustomType) type ).getUserType() ).isOrdinal() );
					                                ^
  symbol:   class CustomType
  location: class BasicMetadataGenerator
/home/aboriero/hibernate/wip60/hibernate-orm/hibernate-core/src/main/java/org/hibernate/envers/configuration/internal/metadata/BasicMetadataGenerator.java:112: error: cannot find symbol
			parent.addElement( "param" ).addAttribute( "name", EnumType.NAMED )
			                                                   ^
  symbol:   variable EnumType
  location: class BasicMetadataGenerator
/home/aboriero/hibernate/wip60/hibernate-orm/hibernate-core/src/main/java/org/hibernate/envers/configuration/internal/metadata/BasicMetadataGenerator.java:123: error: cannot find symbol
		final Type type = value.getType();
		                       ^
  symbol:   method getType()
  location: variable value of type Value
/home/aboriero/hibernate/wip60/hibernate-orm/hibernate-core/src/main/java/org/hibernate/envers/configuration/internal/metadata/BasicMetadataGenerator.java:128: error: cannot find symbol
		manyToOneElement.addAttribute( "class", type.getName() );
		                                            ^
  symbol:   method getName()
  location: variable type of type Type
/home/aboriero/hibernate/wip60/hibernate-orm/hibernate-core/src/main/java/org/hibernate/envers/configuration/internal/metadata/IdMetadataGenerator.java:53: error: cannot find symbol
			final Type propertyType = property.getType();
			                                  ^
  symbol:   method getType()
  location: variable property of type Property
/home/aboriero/hibernate/wip60/hibernate-orm/hibernate-core/src/main/java/org/hibernate/envers/configuration/internal/metadata/IdMetadataGenerator.java:56: error: cannot find symbol
				if ( propertyType instanceof ManyToOneType ) {
				                             ^
  symbol:   class ManyToOneType
  location: class IdMetadataGenerator
/home/aboriero/hibernate/wip60/hibernate-orm/hibernate-core/src/main/java/org/hibernate/envers/configuration/internal/metadata/reader/AuditedPropertiesReader.java:236: error: package PropertyPath does not exist
			if ( "embedded".equals( property.getPropertyAccessorName() ) && !PropertyPath.IDENTIFIER_MAPPER_PROPERTY.equals( property.getName() ) ) {
			                                                                             ^
/home/aboriero/hibernate/wip60/hibernate-orm/hibernate-core/src/main/java/org/hibernate/envers/configuration/internal/metadata/MetadataTools.java:305: error: incompatible types: Identifier cannot be converted to String
				column.getName(),
				              ^
/home/aboriero/hibernate/wip60/hibernate-orm/hibernate-core/src/main/java/org/hibernate/envers/configuration/internal/metadata/MetadataTools.java:408: error: incompatible types: Identifier cannot be converted to String
				return ( (Column) next ).getName();
				                                ^
/home/aboriero/hibernate/wip60/hibernate-orm/hibernate-core/src/main/java/org/hibernate/envers/configuration/internal/metadata/CollectionMetadataGenerator.java:150: error: cannot find symbol
		final Type type = propertyValue.getType();
		                               ^
  symbol:   method getType()
  location: variable propertyValue of type Collection
/home/aboriero/hibernate/wip60/hibernate-orm/hibernate-core/src/main/java/org/hibernate/envers/configuration/internal/metadata/CollectionMetadataGenerator.java:153: error: cannot find symbol
		final boolean oneToManyAttachedType = type instanceof BagType || type instanceof SetType || type instanceof MapType || type instanceof ListType;
		                                                      ^
  symbol:   class BagType
  location: class CollectionMetadataGenerator
/home/aboriero/hibernate/wip60/hibernate-orm/hibernate-core/src/main/java/org/hibernate/envers/configuration/internal/metadata/CollectionMetadataGenerator.java:153: error: cannot find symbol
		final boolean oneToManyAttachedType = type instanceof BagType || type instanceof SetType || type instanceof MapType || type instanceof ListType;
		                                                                                 ^
  symbol:   class SetType
  location: class CollectionMetadataGenerator
/home/aboriero/hibernate/wip60/hibernate-orm/hibernate-core/src/main/java/org/hibernate/envers/configuration/internal/metadata/CollectionMetadataGenerator.java:153: error: cannot find symbol
		final boolean oneToManyAttachedType = type instanceof BagType || type instanceof SetType || type instanceof MapType || type instanceof ListType;
		                                                                                                            ^
  symbol:   class MapType
  location: class CollectionMetadataGenerator
/home/aboriero/hibernate/wip60/hibernate-orm/hibernate-core/src/main/java/org/hibernate/envers/configuration/internal/metadata/CollectionMetadataGenerator.java:153: error: cannot find symbol
		final boolean oneToManyAttachedType = type instanceof BagType || type instanceof SetType || type instanceof MapType || type instanceof ListType;
		                                                                                                                                       ^
  symbol:   class ListType
  location: class CollectionMetadataGenerator
/home/aboriero/hibernate/wip60/hibernate-orm/hibernate-core/src/main/java/org/hibernate/envers/configuration/internal/metadata/CollectionMetadataGenerator.java:539: error: cannot find symbol
		final Type type = value.getType();
		                       ^
  symbol:   method getType()
  location: variable value of type Value
/home/aboriero/hibernate/wip60/hibernate-orm/hibernate-core/src/main/java/org/hibernate/envers/configuration/internal/metadata/CollectionMetadataGenerator.java:540: error: cannot find symbol
		if ( type instanceof ManyToOneType ) {
		                     ^
  symbol:   class ManyToOneType
  location: class CollectionMetadataGenerator
/home/aboriero/hibernate/wip60/hibernate-orm/hibernate-core/src/main/java/org/hibernate/envers/configuration/internal/metadata/CollectionMetadataGenerator.java:578: error: cannot find symbol
		else if ( type instanceof ComponentType ) {
		                          ^
  symbol:   class ComponentType
  location: class CollectionMetadataGenerator
/home/aboriero/hibernate/wip60/hibernate-orm/hibernate-core/src/main/java/org/hibernate/envers/configuration/internal/metadata/CollectionMetadataGenerator.java:685: error: cannot find symbol
		final Type type = propertyValue.getType();
		                               ^
  symbol:   method getType()
  location: variable propertyValue of type Collection
/home/aboriero/hibernate/wip60/hibernate-orm/hibernate-core/src/main/java/org/hibernate/envers/configuration/internal/metadata/CollectionMetadataGenerator.java:687: error: cannot find symbol
		if ( type instanceof SortedSetType ) {
		                     ^
  symbol:   class SortedSetType
  location: class CollectionMetadataGenerator
/home/aboriero/hibernate/wip60/hibernate-orm/hibernate-core/src/main/java/org/hibernate/envers/configuration/internal/metadata/CollectionMetadataGenerator.java:701: error: cannot find symbol
		else if ( type instanceof SetType ) {
		                          ^
  symbol:   class SetType
  location: class CollectionMetadataGenerator
/home/aboriero/hibernate/wip60/hibernate-orm/hibernate-core/src/main/java/org/hibernate/envers/configuration/internal/metadata/CollectionMetadataGenerator.java:714: error: cannot find symbol
		else if ( type instanceof SortedMapType ) {
		                          ^
  symbol:   class SortedMapType
  location: class CollectionMetadataGenerator
/home/aboriero/hibernate/wip60/hibernate-orm/hibernate-core/src/main/java/org/hibernate/envers/configuration/internal/metadata/CollectionMetadataGenerator.java:729: error: cannot find symbol
		else if ( type instanceof MapType ) {
		                          ^
  symbol:   class MapType
  location: class CollectionMetadataGenerator
/home/aboriero/hibernate/wip60/hibernate-orm/hibernate-core/src/main/java/org/hibernate/envers/configuration/internal/metadata/CollectionMetadataGenerator.java:743: error: cannot find symbol
		else if ( type instanceof BagType ) {
		                          ^
  symbol:   class BagType
  location: class CollectionMetadataGenerator
/home/aboriero/hibernate/wip60/hibernate-orm/hibernate-core/src/main/java/org/hibernate/envers/configuration/internal/metadata/CollectionMetadataGenerator.java:756: error: cannot find symbol
		else if ( type instanceof ListType ) {
		                          ^
  symbol:   class ListType
  location: class CollectionMetadataGenerator
/home/aboriero/hibernate/wip60/hibernate-orm/hibernate-core/src/main/java/org/hibernate/envers/configuration/internal/metadata/CollectionMetadataGenerator.java:831: error: cannot find symbol
		return propertyValue.getElement().getType() instanceof ComponentType;
		                                 ^
  symbol:   method getType()
  location: interface Value
/home/aboriero/hibernate/wip60/hibernate-orm/hibernate-core/src/main/java/org/hibernate/envers/configuration/internal/metadata/CollectionMetadataGenerator.java:831: error: cannot find symbol
		return propertyValue.getElement().getType() instanceof ComponentType;
		                                                       ^
  symbol:   class ComponentType
  location: class CollectionMetadataGenerator
/home/aboriero/hibernate/wip60/hibernate-orm/hibernate-core/src/main/java/org/hibernate/envers/configuration/internal/RevisionInfoConfigurationBuilder.java:337: error: cannot find symbol
							persistentClass.getProperty( property.getName() ).getType()
							                                                 ^
  symbol:   method getType()
  location: class Property
/home/aboriero/hibernate/wip60/hibernate-orm/hibernate-core/src/main/java/org/hibernate/envers/configuration/internal/RevisionInfoConfigurationBuilder.java:456: error: cannot find symbol
				revisionInfoTimestampData.getType().getName(),
				                                   ^
  symbol:   method getName()
  location: interface Type
/home/aboriero/hibernate/wip60/hibernate-orm/hibernate-core/src/main/java/org/hibernate/envers/enhanced/OrderedSequenceGenerator.java:35: error: cannot find symbol
		return new OrderedSequenceStructure( jdbcEnvironment, sequenceName, initialValue, incrementSize, type.getReturnedClass() );
		                                                                                                     ^
  symbol:   method getReturnedClass()
  location: variable type of type Type
/home/aboriero/hibernate/wip60/hibernate-orm/hibernate-core/src/main/java/org/hibernate/envers/event/spi/BaseEnversCollectionEventListener.java:59: error: cannot find symbol
			final String ownerEntityName = ( (AbstractCollectionPersister) collectionEntry.getLoadedPersister() ).getOwnerEntityName();
			                                  ^
  symbol:   class AbstractCollectionPersister
  location: class BaseEnversCollectionEventListener
/home/aboriero/hibernate/wip60/hibernate-orm/hibernate-core/src/main/java/org/hibernate/envers/internal/entities/RevisionTypeType.java:34: error: method does not override or implement a method from a supertype
	@Override
	^
/home/aboriero/hibernate/wip60/hibernate-orm/hibernate-core/src/main/java/org/hibernate/envers/internal/entities/RevisionTypeType.java:36: error: cannot find symbol
		return getTypeName();
		       ^
  symbol:   method getTypeName()
  location: class RevisionTypeType
/home/aboriero/hibernate/wip60/hibernate-orm/hibernate-core/src/main/java/org/hibernate/envers/internal/entities/RevisionTypeType.java:39: error: method does not override or implement a method from a supertype
	@Override
	^
/home/aboriero/hibernate/wip60/hibernate-orm/hibernate-core/src/main/java/org/hibernate/envers/internal/entities/RevisionTypeType.java:46: error: cannot find symbol
		final Integer value = integerType.nullSafeGet( rs, names[0], session );
		                                 ^
  symbol:   method nullSafeGet(ResultSet,String,SharedSessionContractImplementor)
  location: variable integerType of type BasicType<Integer>
/home/aboriero/hibernate/wip60/hibernate-orm/hibernate-core/src/main/java/org/hibernate/envers/internal/entities/RevisionTypeType.java:50: error: method does not override or implement a method from a supertype
	@Override
	^
/home/aboriero/hibernate/wip60/hibernate-orm/hibernate-core/src/main/java/org/hibernate/envers/internal/entities/RevisionTypeType.java:57: error: cannot find symbol
		integerType.nullSafeSet(
		           ^
  symbol:   method nullSafeSet(PreparedStatement,Integer,int,SharedSessionContractImplementor)
  location: variable integerType of type BasicType<Integer>
/home/aboriero/hibernate/wip60/hibernate-orm/hibernate-core/src/main/java/org/hibernate/envers/internal/entities/RevisionTypeType.java:69: error: method does not override or implement a method from a supertype
	@Override
	^
/home/aboriero/hibernate/wip60/hibernate-orm/hibernate-core/src/main/java/org/hibernate/envers/internal/entities/mapper/relation/AbstractCollectionMapper.java:163: error: cannot find symbol
				if ( collectionPersister != null && !collectionPersister.hasIndex() ) {
				                                                        ^
  symbol:   method hasIndex()
  location: variable collectionPersister of type PersistentCollectionDescriptor
/home/aboriero/hibernate/wip60/hibernate-orm/hibernate-core/src/main/java/org/hibernate/envers/internal/entities/mapper/relation/AbstractCollectionMapper.java:357: error: cannot find symbol
					if ( collectionPersister.getElementDescriptor().getOrmType().isSame( object, object ) ) {
					                                               ^
  symbol:   method getOrmType()
  location: interface CollectionElement
/home/aboriero/hibernate/wip60/hibernate-orm/hibernate-core/src/main/java/org/hibernate/envers/internal/entities/mapper/relation/AbstractCollectionMapper.java:376: error: cannot find symbol
					if ( collectionPersister.getElementDescriptor().getOrmType().isSame( object, object2 ) ) {
					                                               ^
  symbol:   method getOrmType()
  location: interface CollectionElement
/home/aboriero/hibernate/wip60/hibernate-orm/hibernate-core/src/main/java/org/hibernate/envers/internal/entities/mapper/relation/lazy/AbstractDelegateSessionImplementor.java:18: error: resolveParameterBindType(Class) in SessionDelegatorBaseImpl cannot implement resolveParameterBindType(Class) in QueryParameterBindingTypeResolver
public abstract class AbstractDelegateSessionImplementor extends SessionDelegatorBaseImpl implements SessionImplementor {
                ^
  return type Type is not compatible with AllowableParameterType
/home/aboriero/hibernate/wip60/hibernate-orm/hibernate-core/src/main/java/org/hibernate/envers/internal/entities/mapper/relation/lazy/ToOneDelegateSessionImplementor.java:19: error: ToOneDelegateSessionImplementor is not abstract and does not override abstract method resolveParameterBindType(Class) in QueryParameterBindingTypeResolver
public class ToOneDelegateSessionImplementor extends AbstractDelegateSessionImplementor {
       ^
/home/aboriero/hibernate/wip60/hibernate-orm/hibernate-core/src/main/java/org/hibernate/envers/query/criteria/internal/CriteriaTools.java:113: error: cannot find symbol
		if ( identifierType instanceof EmbeddedComponentType ) {
		                               ^
  symbol:   class EmbeddedComponentType
  location: class CriteriaTools
/home/aboriero/hibernate/wip60/hibernate-orm/hibernate-core/src/main/java/org/hibernate/envers/query/criteria/internal/CriteriaTools.java:115: error: cannot find symbol
			final EmbeddedComponentType embeddedComponentType = (EmbeddedComponentType) identifierType;
			      ^
  symbol:   class EmbeddedComponentType
  location: class CriteriaTools
/home/aboriero/hibernate/wip60/hibernate-orm/hibernate-core/src/main/java/org/hibernate/envers/query/criteria/internal/CriteriaTools.java:115: error: cannot find symbol
			final EmbeddedComponentType embeddedComponentType = (EmbeddedComponentType) identifierType;
			                                                     ^
  symbol:   class EmbeddedComponentType
  location: class CriteriaTools
/home/aboriero/hibernate/wip60/hibernate-orm/hibernate-core/src/main/java/org/hibernate/envers/query/criteria/internal/SimpleAuditExpression.java:62: error: cannot find symbol
			if ( type != null && type.isComponentType() ) {
			                         ^
  symbol:   method isComponentType()
  location: variable type of type Type
/home/aboriero/hibernate/wip60/hibernate-orm/hibernate-core/src/main/java/org/hibernate/envers/query/criteria/internal/SimpleAuditExpression.java:66: error: cannot find symbol
				final ComponentType componentType = (ComponentType) type;
				      ^
  symbol:   class ComponentType
  location: class SimpleAuditExpression
/home/aboriero/hibernate/wip60/hibernate-orm/hibernate-core/src/main/java/org/hibernate/envers/query/criteria/internal/SimpleAuditExpression.java:66: error: cannot find symbol
				final ComponentType componentType = (ComponentType) type;
				                                     ^
  symbol:   class ComponentType
  location: class SimpleAuditExpression
/home/aboriero/hibernate/wip60/hibernate-orm/hibernate-core/src/main/java/org/hibernate/envers/strategy/ValidityAuditStrategy.java:194: error: cannot find symbol
		if ( propertyType.isCollectionType() ) {
		                 ^
  symbol:   method isCollectionType()
  location: variable propertyType of type Type
/home/aboriero/hibernate/wip60/hibernate-orm/hibernate-core/src/main/java/org/hibernate/envers/strategy/ValidityAuditStrategy.java:195: error: cannot find symbol
			CollectionType collectionPropertyType = (CollectionType) propertyType;
			^
  symbol:   class CollectionType
  location: class ValidityAuditStrategy
/home/aboriero/hibernate/wip60/hibernate-orm/hibernate-core/src/main/java/org/hibernate/envers/strategy/ValidityAuditStrategy.java:195: error: cannot find symbol
			CollectionType collectionPropertyType = (CollectionType) propertyType;
			                                         ^
  symbol:   class CollectionType
  location: class ValidityAuditStrategy
/home/aboriero/hibernate/wip60/hibernate-orm/hibernate-core/src/main/java/org/hibernate/envers/strategy/ValidityAuditStrategy.java:197: error: cannot find symbol
			if ( collectionPropertyType.getElementType( sessionFactory ) instanceof ComponentType ) {
			                                                                        ^
  symbol:   class ComponentType
  location: class ValidityAuditStrategy
/home/aboriero/hibernate/wip60/hibernate-orm/hibernate-core/src/main/java/org/hibernate/envers/strategy/ValidityAuditStrategy.java:395: error: cannot find symbol
		Queryable entityQueryable = getQueryable( entityName, session );
		^
  symbol:   class Queryable
  location: class ValidityAuditStrategy
/home/aboriero/hibernate/wip60/hibernate-orm/hibernate-core/src/main/java/org/hibernate/envers/strategy/ValidityAuditStrategy.java:399: error: cannot find symbol
			if ( entityQueryable instanceof JoinedSubclassEntityPersister ) {
			                                ^
  symbol:   class JoinedSubclassEntityPersister
  location: class ValidityAuditStrategy
/home/aboriero/hibernate/wip60/hibernate-orm/hibernate-core/src/main/java/org/hibernate/envers/strategy/ValidityAuditStrategy.java:464: error: cannot find symbol
		final Queryable entityQueryable = getQueryable( entityName, session );
		      ^
  symbol:   class Queryable
  location: class ValidityAuditStrategy
/home/aboriero/hibernate/wip60/hibernate-orm/hibernate-core/src/main/java/org/hibernate/envers/strategy/ValidityAuditStrategy.java:465: error: cannot find symbol
		final Queryable rootEntityQueryable = getQueryable( entityQueryable.getRootEntityName(), session );
		      ^
  symbol:   class Queryable
  location: class ValidityAuditStrategy
/home/aboriero/hibernate/wip60/hibernate-orm/hibernate-core/src/main/java/org/hibernate/envers/strategy/ValidityAuditStrategy.java:466: error: cannot find symbol
		final Queryable auditedEntityQueryable = getQueryable( auditedEntityName, session );
		      ^
  symbol:   class Queryable
  location: class ValidityAuditStrategy
/home/aboriero/hibernate/wip60/hibernate-orm/hibernate-core/src/main/java/org/hibernate/envers/strategy/ValidityAuditStrategy.java:467: error: cannot find symbol
		final Queryable rootAuditedEntityQueryable = getQueryable( auditedEntityQueryable.getRootEntityName(), session );
		      ^
  symbol:   class Queryable
  location: class ValidityAuditStrategy
/home/aboriero/hibernate/wip60/hibernate-orm/hibernate-core/src/main/java/org/hibernate/envers/strategy/ValidityAuditStrategy.java:539: error: cannot find symbol
		final Queryable entityQueryable = getQueryable( entityName, session );
		      ^
  symbol:   class Queryable
  location: class ValidityAuditStrategy
/home/aboriero/hibernate/wip60/hibernate-orm/hibernate-core/src/main/java/org/hibernate/envers/strategy/ValidityAuditStrategy.java:540: error: cannot find symbol
		final Queryable auditedEntityQueryable = getQueryable( auditedEntityName, session );
		      ^
  symbol:   class Queryable
  location: class ValidityAuditStrategy
/home/aboriero/hibernate/wip60/hibernate-orm/hibernate-core/src/main/java/org/hibernate/envers/strategy/ValidityAuditStrategy.java:588: error: cannot find symbol
		return (Queryable) sessionImplementor.getFactory().getTypeConfiguration().findEntityPersister( entityName );
		        ^
  symbol:   class Queryable
  location: class ValidityAuditStrategy
/home/aboriero/hibernate/wip60/hibernate-orm/hibernate-core/src/main/java/org/hibernate/envers/strategy/ValidityAuditStrategy.java:602: error: cannot find symbol
		if ( UnionSubclassEntityPersister.class.isInstance( rootProductionEntityQueryable ) ) {
		     ^
  symbol:   class UnionSubclassEntityPersister
  location: class ValidityAuditStrategy
/home/aboriero/hibernate/wip60/hibernate-orm/hibernate-core/src/main/java/org/hibernate/envers/strategy/ValidityAuditStrategy.java:670: error: cannot find symbol
			type.nullSafeSet( ps, value, index, session );
			    ^
  symbol:   method nullSafeSet(PreparedStatement,Object,int,SessionImplementor)
  location: variable type of type Type
/home/aboriero/hibernate/wip60/hibernate-orm/hibernate-core/src/main/java/org/hibernate/envers/strategy/ValidityAuditStrategy.java:671: error: cannot find symbol
			return type.getColumnSpan();
			           ^
  symbol:   method getColumnSpan()
  location: variable type of type Type
Note: Some input files use or override a deprecated API.
Note: Recompile with -Xlint:deprecation for details.
Note: Some input files use unchecked or unsafe operations.
Note: Recompile with -Xlint:unchecked for details.
Note: Some messages have been simplified; recompile with -Xdiags:verbose to get full output
2166 errors
 FAILED

FAILURE: Build failed with an exception.

* What went wrong:
Execution failed for task ':hibernate-core:compileJava'.
> Compilation failed; see the compiler error output for details.

* Try:
Run with --stacktrace option to get the stack trace. Run with --info or --debug option to get more log output.

BUILD FAILED

Total time: 12.163 secs
